Component: ARM Compiler 5.05 update 1 (build 106) Tool: armlink [4d0efa]

==============================================================================

Section Cross References

    main.o(i.SoftWareInit) refers to app_debug.o(i.AppDebugInit) for AppDebugInit
    main.o(i.SoftWareInit) refers to app_debug.o(i.DebugMsg) for DebugMsg
    main.o(i.SoftWareInit) refers to bsp.o(i.FeedDog) for FeedDog
    main.o(i.SoftWareInit) refers to app_para.o(i.SysVarInit) for SysVarInit
    main.o(i.SoftWareInit) refers to app_para.o(i.SysParaRead) for SysParaRead
    main.o(i.main) refers to simulation.o(i.Simulation) for Simulation
    main.o(i.main) refers to bsp.o(i.HardWareInit) for HardWareInit
    main.o(i.main) refers to main.o(i.SoftWareInit) for SoftWareInit
    main.o(i.main) refers to app_alarmevent.o(i.AlarmEventInit) for AlarmEventInit
    main.o(i.main) refers to gc65.o(i.GprsAppInit) for GprsAppInit
    main.o(i.main) refers to app_protocol.o(i.ProSendInit) for ProSendInit
    main.o(i.main) refers to app_multfun.o(i.MultFunInit) for MultFunInit
    main.o(i.main) refers to app_vfd.o(i.RS485ComInit) for RS485ComInit
    main.o(i.main) refers to app_vfd.o(i.Task_MeterInit) for Task_MeterInit
    main.o(i.main) refers to app_vfd.o(i.Task_Meter2Init) for Task_Meter2Init
    main.o(i.main) refers to app_protocol.o(i.Task_ProDeal) for Task_ProDeal
    main.o(i.main) refers to app_vfd.o(i.Task_VfdDeal) for Task_VfdDeal
    main.o(i.main) refers to app_vfd.o(i.Task_MeterDeal) for Task_MeterDeal
    main.o(i.main) refers to app_vfd.o(i.Task_Meter2Deal) for Task_Meter2Deal
    main.o(i.main) refers to app_alarmevent.o(i.AlarmEventDeal) for AlarmEventDeal
    main.o(i.main) refers to app_dtucfg.o(i.dtuFactoryConfig) for dtuFactoryConfig
    main.o(i.main) refers to app_debug.o(i.RS485SndDly) for RS485SndDly
    main.o(i.main) refers to app_vfd.o(i.Task_VfdInit) for Task_VfdInit
    main.o(i.main) refers to app_usrcmd.o(i.UsrCmdParse) for UsrCmdParse
    main.o(i.main) refers to app_debug.o(i.DebugMsg) for DebugMsg
    main.o(i.main) refers to app_vfd.o(i.Task_MeterComm) for Task_MeterComm
    main.o(i.main) refers to app_vfd.o(i.Task_VfdComm) for Task_VfdComm
    main.o(i.main) refers to app_vfd.o(i.Task_Meter2Comm) for Task_Meter2Comm
    main.o(i.main) refers to app_protocol.o(i.DevStatToSystem) for DevStatToSystem
    main.o(i.main) refers to app_para.o(i.SysParaStorage) for SysParaStorage
    main.o(i.main) refers to bsp.o(i.FeedDog) for FeedDog
    main.o(i.main) refers to app_multfun.o(i.Task_MultFun_1s) for Task_MultFun_1s
    main.o(i.main) refers to gc65.o(i.TaskGC65) for TaskGC65
    main.o(i.main) refers to app_alarmevent.o(i.AlarmFilterTimer) for AlarmFilterTimer
    main.o(i.main) refers to app_led.o(i.SysComLed) for SysComLed
    main.o(i.main) refers to app_led.o(i.Rs485ComLed) for Rs485ComLed
    main.o(i.main) refers to app_upgrade.o(i.UpgradeTask) for UpgradeTask
    main.o(i.main) refers to app_protocol.o(i.Task_ProSend) for Task_ProSend
    main.o(i.main) refers to app_multfun.o(.data) for AlmDealDelay
    main.o(i.main) refers to app_rtc.o(.data) for TimeFlag
    main.o(i.main) refers to app_dtucfg.o(.data) for GbDtuEnterCfg
    main.o(i.main) refers to app_debug.o(.data) for AppDebug
    main.o(i.main) refers to uart.o(.bss) for UartTest
    main.o(i.main) refers to app_vfd.o(.data) for pMeter
    main.o(i.main) refers to app_para.o(.data) for GpSysPara
    main.o(i.main) refers to app_protocol.o(.data) for RebootTime
    bsp.o(i.Can_Config) refers to stm32f10x_can.o(i.CAN_DeInit) for CAN_DeInit
    bsp.o(i.Can_Config) refers to stm32f10x_can.o(i.CAN_StructInit) for CAN_StructInit
    bsp.o(i.Can_Config) refers to stm32f10x_rcc.o(i.RCC_GetClocksFreq) for RCC_GetClocksFreq
    bsp.o(i.Can_Config) refers to stm32f10x_can.o(i.CAN_Init) for CAN_Init
    bsp.o(i.Can_Config) refers to stm32f10x_can.o(i.CAN_FilterInit) for CAN_FilterInit
    bsp.o(i.Can_Config) refers to stm32f10x_can.o(i.CAN_ITConfig) for CAN_ITConfig
    bsp.o(i.GPIO_Configuration) refers to stm32f10x_gpio.o(i.GPIO_Init) for GPIO_Init
    bsp.o(i.GPIO_Configuration) refers to stm32f10x_gpio.o(i.GPIO_SetBits) for GPIO_SetBits
    bsp.o(i.GPIO_Configuration) refers to stm32f10x_gpio.o(i.GPIO_ResetBits) for GPIO_ResetBits
    bsp.o(i.GPIO_Configuration) refers to stm32f10x_gpio.o(i.GPIO_PinRemapConfig) for GPIO_PinRemapConfig
    bsp.o(i.HardWareInit) refers to stm32f10x_rcc.o(i.RCC_APB2PeriphClockCmd) for RCC_APB2PeriphClockCmd
    bsp.o(i.HardWareInit) refers to stm32f10x_rcc.o(i.RCC_APB1PeriphClockCmd) for RCC_APB1PeriphClockCmd
    bsp.o(i.HardWareInit) refers to stm32f10x_rcc.o(i.RCC_AHBPeriphClockCmd) for RCC_AHBPeriphClockCmd
    bsp.o(i.HardWareInit) refers to bsp.o(i.systick_init) for systick_init
    bsp.o(i.HardWareInit) refers to bsp.o(i.GPIO_Configuration) for GPIO_Configuration
    bsp.o(i.HardWareInit) refers to bsp.o(i.InitIWDG) for InitIWDG
[...]
    USART_ClearITPendingBit                  0x080121bf   Thumb Code    30  stm32f10x_usart.o(i.USART_ClearITPendingBit)
    USART_Cmd                                0x080121dd   Thumb Code    24  stm32f10x_usart.o(i.USART_Cmd)
    USART_DMACmd                             0x080121f5   Thumb Code    18  stm32f10x_usart.o(i.USART_DMACmd)
    USART_GetFlagStatus                      0x08012207   Thumb Code    26  stm32f10x_usart.o(i.USART_GetFlagStatus)
    USART_GetITStatus                        0x08012221   Thumb Code    84  stm32f10x_usart.o(i.USART_GetITStatus)
    USART_ITConfig                           0x08012275   Thumb Code    74  stm32f10x_usart.o(i.USART_ITConfig)
    USART_Init                               0x080122c1   Thumb Code   210  stm32f10x_usart.o(i.USART_Init)
    USART_ReceiveData                        0x08012399   Thumb Code    10  stm32f10x_usart.o(i.USART_ReceiveData)
    USART_SendData                           0x080123a3   Thumb Code     8  stm32f10x_usart.o(i.USART_SendData)
    USB_LP_CAN1_RX0_IRQHandler               0x080123ad   Thumb Code    50  stm32f10x_it.o(i.USB_LP_CAN1_RX0_IRQHandler)
    UartFirstChar                            0x080123e5   Thumb Code    34  uart.o(i.UartFirstChar)
    UartIntSendData                          0x08012409   Thumb Code    84  uart.o(i.UartIntSendData)
    UartRcvTimeOut                           0x08012465   Thumb Code    48  stm32f10x_it.o(i.UartRcvTimeOut)
    UartSendData                             0x0801249d   Thumb Code   242  uart.o(i.UartSendData)
    UartTimerOver                            0x080125a9   Thumb Code    58  uart.o(i.UartTimerOver)
    UpdateFileCrcCheck                       0x080125e5   Thumb Code   168  app_upgrade.o(i.UpdateFileCrcCheck)
    UpdateFileGet                            0x080126c5   Thumb Code    78  app_upgrade.o(i.UpdateFileGet)
    UpdateFileWrite                          0x0801272d   Thumb Code   140  app_upgrade.o(i.UpdateFileWrite)
    UpgradeFlagSet                           0x080127ed   Thumb Code    30  app_upgrade.o(i.UpgradeFlagSet)
    UpgradeSectorErase                       0x08012815   Thumb Code    56  app_upgrade.o(i.UpgradeSectorErase)
    UpgradeServerInit                        0x08012861   Thumb Code    52  app_upgrade.o(i.UpgradeServerInit)
    UpgradeSizeInit                          0x0801289d   Thumb Code    18  app_upgrade.o(i.UpgradeSizeInit)
    UpgradeTask                              0x080128b5   Thumb Code   282  app_upgrade.o(i.UpgradeTask)
    UpgradeUsrInit                           0x080129ed   Thumb Code    52  app_upgrade.o(i.UpgradeUsrInit)
    UpgradeVersionInit                       0x08012a29   Thumb Code   186  app_upgrade.o(i.UpgradeVersionInit)
    UsageFault_Handler                       0x08012b25   Thumb Code     4  stm32f10x_it.o(i.UsageFault_Handler)
    UsrCmdCtrl                               0x08012b29   Thumb Code    64  app_usrcmd.o(i.UsrCmdCtrl)
    UsrCmdDebug                              0x08012b69   Thumb Code   140  app_usrcmd.o(i.UsrCmdDebug)
    UsrCmdParse                              0x08012bfd   Thumb Code   424  app_usrcmd.o(i.UsrCmdParse)
    UsrCmdQuery                              0x08012e25   Thumb Code   210  app_usrcmd.o(i.UsrCmdQuery)
    UsrCmdSet                                0x0801302d   Thumb Code   116  app_usrcmd.o(i.UsrCmdSet)
    UsrCmdTest                               0x080130ad   Thumb Code    52  app_usrcmd.o(i.UsrCmdTest)
    VfdClrTimeOut                            0x080130e1   Thumb Code    34  app_vfd.o(i.VfdClrTimeOut)
    VfdCtrlInit                              0x08013109   Thumb Code    28  app_vfd.o(i.VfdCtrlInit)
    VfdReadRegPacket                         0x0801312d   Thumb Code    80  app_vfd.o(i.VfdReadRegPacket)
    VfdSetWhoUse                             0x0801317d   Thumb Code    88  app_vfd.o(i.VfdSetWhoUse)
    VfdWaitResp                              0x080131dd   Thumb Code     8  app_vfd.o(i.VfdWaitResp)
    VfdWriteMoreRegPacket                    0x080131e9   Thumb Code   116  app_vfd.o(i.VfdWriteMoreRegPacket)
    VfdWriteRegPacket                        0x0801325d   Thumb Code    80  app_vfd.o(i.VfdWriteRegPacket)
    Vfd_Meter_Write_Data                     0x080132ad   Thumb Code    30  app_vfd.o(i.Vfd_Meter_Write_Data)
    WaitRsp                                  0x080132d5   Thumb Code    68  app_protocol.o(i.WaitRsp)
    WordToBuf                                0x0801331d   Thumb Code    14  comm.o(i.WordToBuf)
    XYDevDataDeal                            0x0801332d   Thumb Code   454  app_plt.o(i.XYDevDataDeal)
    XYMeterVarRead                           0x080134fd   Thumb Code   484  app_plt.o(i.XYMeterVarRead)
    YearDay                                  0x080136e9   Thumb Code    72  app_rtc.o(i.YearDay)
    __ARM_fpclassify                         0x08013741   Thumb Code    40  fpclassify.o(i.__ARM_fpclassify)
    _flashRead                               0x0801378d   Thumb Code    60  app_para.o(i._flashRead)
    _flashWrite                              0x080137c9   Thumb Code    94  app_para.o(i._flashWrite)
    _is_digit                                0x0801384d   Thumb Code    14  __printf_wp.o(i._is_digit)
    dtuCfgDataCheck                          0x0801385b   Thumb Code    52  app_dtucfg.o(i.dtuCfgDataCheck)
    dtuCfgDataCrc                            0x0801388f   Thumb Code    28  app_dtucfg.o(i.dtuCfgDataCrc)
    dtuConfigResp                            0x080138ab   Thumb Code   116  app_dtucfg.o(i.dtuConfigResp)
    dtuFactoryConfig                         0x08013921   Thumb Code  1380  app_dtucfg.o(i.dtuFactoryConfig)
    gprsIsConnect                            0x08013e99   Thumb Code    10  gc65.o(i.gprsIsConnect)
    isGprsCon                                0x08013ea9   Thumb Code    10  app_protocol.o(i.isGprsCon)
    main                                     0x08013eb9   Thumb Code   532  main.o(i.main)
    my_atof                                  0x08014101   Thumb Code   176  comm.o(i.my_atof)
    my_atoi                                  0x080141bd   Thumb Code    74  comm.o(i.my_atoi)
    my_itoa                                  0x08014209   Thumb Code    62  comm.o(i.my_itoa)
    pipeCreate                               0x0801424d   Thumb Code   146  pipe.o(i.pipeCreate)
    pipeDataRead                             0x080142df   Thumb Code   114  pipe.o(i.pipeDataRead)
    pipeDataWrite                            0x08014351   Thumb Code   132  pipe.o(i.pipeDataWrite)
    pipeFlush                                0x080143d5   Thumb Code    32  pipe.o(i.pipeFlush)
    rst_data_process                         0x080143f5   Thumb Code    96  app_multfun.o(i.rst_data_process)
    stricmp                                  0x08014471   Thumb Code    60  comm.o(i.stricmp)
    _get_lc_numeric                          0x080144f1   Thumb Code    44  lc_numeric_c.o(locale$$code)
    _get_lc_ctype                            0x0801451d   Thumb Code    44  lc_ctype_c.o(locale$$code)
    __aeabi_dadd                             0x08014549   Thumb Code     0  daddsub_clz.o(x$fpl$dadd)
    _dadd                                    0x08014549   Thumb Code   332  daddsub_clz.o(x$fpl$dadd)
    __aeabi_ddiv                             0x08014699   Thumb Code     0  ddiv.o(x$fpl$ddiv)
    _ddiv                                    0x08014699   Thumb Code   552  ddiv.o(x$fpl$ddiv)
    __aeabi_d2uiz                            0x08014949   Thumb Code     0  dfixu.o(x$fpl$dfixu)
    _dfixu                                   0x08014949   Thumb Code    90  dfixu.o(x$fpl$dfixu)
    __aeabi_i2d                              0x080149a3   Thumb Code     0  dflt_clz.o(x$fpl$dflt)
    _dflt                                    0x080149a3   Thumb Code    46  dflt_clz.o(x$fpl$dflt)
    __aeabi_ui2d                             0x080149d1   Thumb Code     0  dflt_clz.o(x$fpl$dfltu)
    _dfltu                                   0x080149d1   Thumb Code    38  dflt_clz.o(x$fpl$dfltu)
    __aeabi_dmul                             0x080149f9   Thumb Code     0  dmul.o(x$fpl$dmul)
    _dmul                                    0x080149f9   Thumb Code   332  dmul.o(x$fpl$dmul)
    __fpl_dnaninf                            0x08014b4d   Thumb Code   156  dnaninf.o(x$fpl$dnaninf)
    __fpl_dretinf                            0x08014be9   Thumb Code    12  dretinf.o(x$fpl$dretinf)
    __aeabi_dsub                             0x08014bf5   Thumb Code     0  daddsub_clz.o(x$fpl$dsub)
    _dsub                                    0x08014bf5   Thumb Code   464  daddsub_clz.o(x$fpl$dsub)
    __aeabi_f2d                              0x08014dc9   Thumb Code     0  f2d.o(x$fpl$f2d)
    _f2d                                     0x08014dc9   Thumb Code    86  f2d.o(x$fpl$f2d)
    __aeabi_fdiv                             0x08014e21   Thumb Code     0  fdiv.o(x$fpl$fdiv)
    _fdiv                                    0x08014e21   Thumb Code   384  fdiv.o(x$fpl$fdiv)
    __aeabi_i2f                              0x08014fa5   Thumb Code     0  fflt_clz.o(x$fpl$fflt)
    _fflt                                    0x08014fa5   Thumb Code    48  fflt_clz.o(x$fpl$fflt)
    __aeabi_ui2f                             0x08014fd5   Thumb Code     0  fflt_clz.o(x$fpl$ffltu)
    _ffltu                                   0x08014fd5   Thumb Code    38  fflt_clz.o(x$fpl$ffltu)
    __aeabi_fmul                             0x08014ffd   Thumb Code     0  fmul.o(x$fpl$fmul)
    _fmul                                    0x08014ffd   Thumb Code   258  fmul.o(x$fpl$fmul)
    __fpl_fnaninf                            0x080150ff   Thumb Code   140  fnaninf.o(x$fpl$fnaninf)
    __fpl_fretinf                            0x0801518b   Thumb Code    10  fretinf.o(x$fpl$fretinf)
    _printf_fp_dec                           0x08015195   Thumb Code     4  printf1.o(x$fpl$printf1)
    Plt_Mam860_DataList                      0x08015198   Data         216  app_plt.o(.constdata)
    __I$use$fp                               0x08015198   Number         0  usenofp.o(x$fpl$usenofp)
    Plt_Mam6080_DataList                     0x08015270   Data        1456  app_plt.o(.constdata)
    Xy_DataList                              0x08015820   Data         192  app_plt.o(.constdata)
    chCRCHTalbe                              0x080158e0   Data         256  comm.o(.constdata)
    chCRCLTalbe                              0x080159e0   Data         256  comm.o(.constdata)
    Table                                    0x08015ae0   Data          13  app_rtc.o(.constdata)
    CutLineHead                              0x08015aed   Data          40  app_protocol.o(.constdata)
    CutLineEnd                               0x08015b15   Data          41  app_protocol.o(.constdata)
    CRC32Tab                                 0x08015b40   Data        1024  crc32.o(.constdata)
    Region$$Table$$Base                      0x0801625c   Number         0  anon$$obj.o(Region$$Table)
    Region$$Table$$Limit                     0x0801627c   Number         0  anon$$obj.o(Region$$Table)
    __ctype                                  0x080162a5   Data           0  lc_ctype_c.o(locale$$data)
    PreAlmFilterTimer                        0x20000000   Data           4  app_alarmevent.o(.data)
    StartFilterTimer                         0x20000004   Data           2  app_alarmevent.o(.data)
    StopFilterTimer                          0x20000006   Data           2  app_alarmevent.o(.data)
    AppDebug                                 0x20000018   Data           4  app_debug.o(.data)
    Led_indicate                             0x20000020   Data           4  app_led.o(.data)
    Led                                      0x2000002c   Data           4  app_led.o(.data)
    GpSysPara                                0x2000003c   Data           4  app_para.o(.data)
    GpUsrPara                                0x20000040   Data           4  app_para.o(.data)
    GpOthInfo                                0x20000044   Data           4  app_para.o(.data)
    GpAlmInfo                                0x20000048   Data           4  app_para.o(.data)
    GpSysStat                                0x2000004c   Data           4  app_para.o(.data)
    EnterPltParaWrite                        0x20000052   Data           1  app_plt.o(.data)
    PltTestData                              0x20000054   Data           2  app_plt.o(.data)
    PltAlowWrite                             0x20000056   Data           1  app_plt.o(.data)
    RemoteWritePara                          0x20000057   Data           1  app_plt.o(.data)
    GbEventFlag                              0x20000064   Data           1  app_vfd.o(.data)
    VfdInitFlag                              0x20000065   Data           1  app_vfd.o(.data)
    GbMeterEventFlag                         0x20000066   Data           1  app_vfd.o(.data)
    GbMeter2EventFlag                        0x20000067   Data           1  app_vfd.o(.data)
    bRemoteBoot                              0x20000068   Data           1  app_vfd.o(.data)
    bRemoteStop                              0x20000069   Data           1  app_vfd.o(.data)
    VfdWhoUse                                0x2000006a   Data           1  app_vfd.o(.data)
    MeterWhoUse                              0x2000006b   Data           1  app_vfd.o(.data)
    Meter2WhoUse                             0x2000006c   Data           1  app_vfd.o(.data)
    VfdOptRlt                                0x2000006d   Data           1  app_vfd.o(.data)
    MeterOptRlt                              0x2000006e   Data           1  app_vfd.o(.data)
    Meter2OptRlt                             0x2000006f   Data           1  app_vfd.o(.data)
    VfdOptAddr                               0x20000070   Data           2  app_vfd.o(.data)
    SvrVfdOpt                                0x20000072   Data           6  app_vfd.o(.data)
    MainVfd_Addr                             0x2000008c   Data           1  app_vfd.o(.data)
    Flow_Addr                                0x2000008d   Data           1  app_vfd.o(.data)
    Meter_Addr                               0x2000008e   Data           1  app_vfd.o(.data)
    pVfd                                     0x20000090   Data           4  app_vfd.o(.data)
    pMeter                                   0x20000094   Data           4  app_vfd.o(.data)
    pMeter2                                  0x20000098   Data           4  app_vfd.o(.data)
    VfdChgToSnd                              0x200000a0   Data           4  app_vfd.o(.data)
    VfdChgToRcv                              0x200000a4   Data           4  app_vfd.o(.data)
    MeterChgToSnd                            0x200000a8   Data           4  app_vfd.o(.data)
    MeterChgToRcv                            0x200000ac   Data           4  app_vfd.o(.data)
    Meter2ChgToSnd                           0x200000b0   Data           4  app_vfd.o(.data)
    Meter2ChgToRcv                           0x200000b4   Data           4  app_vfd.o(.data)
    GbCfgCmd                                 0x200000ca   Data           1  app_dtucfg.o(.data)
    GbDtuEnterCfg                            0x200000cb   Data           1  app_dtucfg.o(.data)
    SysTime                                  0x200000cc   Data           6  app_rtc.o(.data)
    TimeFlag                                 0x200000d2   Data           1  app_rtc.o(.data)
    BeforeReg                                0x200000e0   Data           8  app_multfun.o(.data)
    RS485ErrTime                             0x200000e8   Data           8  app_multfun.o(.data)
    MoneyCheckTimer                          0x200000f0   Data           4  app_multfun.o(.data)
    RmtBootTimer                             0x200000f4   Data           4  app_multfun.o(.data)
    RmtStopTimer                             0x200000f8   Data           4  app_multfun.o(.data)
    CfgDelay                                 0x200000fc   Data           4  app_multfun.o(.data)
    AlmDealDelay                             0x20000100   Data           4  app_multfun.o(.data)
    Upgrade                                  0x20000110   Data           8  app_upgrade.o(.data)
    pGprsSnd                                 0x2000011c   Data           4  gc65.o(.data)
    pSMSRcv                                  0x20000120   Data           4  gc65.o(.data)
    pSMSSnd                                  0x20000124   Data           4  gc65.o(.data)
    dtuDataRcvFlag                           0x20000128   Data           1  gc65.o(.data)
    pATResp                                  0x2000012c   Data           4  gc65.o(.data)
    pATSend                                  0x20000130   Data           4  gc65.o(.data)
    QEventGprsSnd                            0x20000134   Data           4  gc65.o(.data)
    pGprsRcv                                 0x20000138   Data           4  gc65.o(.data)
    QEventATResp                             0x2000013c   Data           4  gc65.o(.data)
    dtuStatus                                0x20000140   Data           4  gc65.o(.data)
    pToGprs                                  0x20000148   Data           4  gc65.o(.data)
    DebugUartRcvStat                         0x20000152   Data           1  uart.o(.data)
    SMSStatistics                            0x20000168   Data           2  app_protocol.o(.data)
    ParaUpload                               0x2000016c   Data           4  app_protocol.o(.data)
    ParaUpdate                               0x20000170   Data           4  app_protocol.o(.data)
    GbUpLoadAllPara                          0x20000174   Data           1  app_protocol.o(.data)
    RebootTime                               0x20000178   Data           4  app_protocol.o(.data)
    InitParaUp                               0x2000017c   Data           4  app_protocol.o(.data)
    GbeInitParaSend                          0x20000180   Data           1  app_protocol.o(.data)
    RegDelay                                 0x20000184   Data           4  app_protocol.o(.data)
    Rsp                                      0x20000188   Data           1  app_protocol.o(.data)
    Ack                                      0x20000189   Data           1  app_protocol.o(.data)
    ParaUploadDelay                          0x2000018c   Data           4  app_protocol.o(.data)
    Heart_CycleMoment                        0x20000190   Data           4  app_protocol.o(.data)
    FlashModle                               0x200001a8   Data           1  spiflashdev.o(.data)
    AlmFilterTimer                           0x200001b0   Data          48  app_alarmevent.o(.bss)
    DebugCheck                               0x200001e0   Data          16  app_debug.o(.bss)
    JsonNode                                 0x20000380   Data          12  app_json.o(.bss)
    JsonObjNode                              0x2000038c   Data          32  app_json.o(.bss)
    HeartAddrList                            0x200003ac   Data         162  app_json.o(.bss)
    JsonArrayBuf                             0x20000450   Data         324  app_json.o(.bss)
    SysParaBuf                               0x20000594   Data         228  app_para.o(.bss)
    UsrParaBuf                               0x20000678   Data          20  app_para.o(.bss)
    OthInfoBuf                               0x2000068c   Data          16  app_para.o(.bss)
    AlmInfoBuf                               0x2000069c   Data          16  app_para.o(.bss)
    SysStatBuf                               0x200006ac   Data         496  app_para.o(.bss)
    ParaFat                                  0x2000089c   Data          20  app_para.o(.bss)
    Server_Data_Buf                          0x20000994   Data          84  app_plt.o(.bss)
    VarBuf                                   0x200009e8   Data          31  app_plt.o(.bss)
    VfdCtrl                                  0x20000a08   Data          24  app_vfd.o(.bss)
    MeterCtrl                                0x20000a20   Data          24  app_vfd.o(.bss)
    Meter2Ctrl                               0x20000a38   Data          24  app_vfd.o(.bss)
    RS4850Modbus                             0x20000a50   Data         220  app_vfd.o(.bss)
    RS4851Modbus                             0x20000b2c   Data         220  app_vfd.o(.bss)
    RS4852Modbus                             0x20000c08   Data         220  app_vfd.o(.bss)
    dtuTmpBuf                                0x20000d18   Data        1024  app_dtucfg.o(.bss)
    UpgradeBuf                               0x20001118   Data         512  app_upgrade.o(.bss)
    GprsRcvBuf                               0x20001318   Data         802  gc65.o(.bss)
    GprsSndBuf                               0x2000163a   Data        1282  gc65.o(.bss)
    ATRespBuf                                0x20001b3c   Data         906  gc65.o(.bss)
    ATSendBuf                                0x20001ec6   Data          52  gc65.o(.bss)
    FtpInf                                   0x20001efc   Data         128  gc65.o(.bss)
    GprsCtrlInfo                             0x20001f7c   Data         272  gc65.o(.bss)
    DMAUart2Buf                              0x20002890   Data         522  gc65_bsp.o(.bss)
    UartTest                                 0x20002a9a   Data         108  uart.o(.bss)
    AlmStat                                  0x20002f24   Data          20  app_protocol.o(.bss)
    SysEvent                                 0x20002f38   Data          20  app_protocol.o(.bss)
    AlmMask                                  0x20002f4c   Data          16  app_protocol.o(.bss)
    ProSndInf                                0x20002f5c   Data          16  app_protocol.o(.bss)
    SendBuf                                  0x20002f6c   Data        1024  app_protocol.o(.bss)
    ProAckBuf                                0x2000336c   Data        1024  app_protocol.o(.bss)
    __libspace_start                         0x200037a4   Data          96  libspace.o(.bss)
    __temporary_stack_top$libspace           0x20003804   Data           0  libspace.o(.bss)



==============================================================================

Memory Map of the image

  Image Entry point : 0x08000131

  Load Region LR_IROM1 (Base: 0x08000000, Size: 0x00016558, Max: 0x00040000, ABSOLUTE, COMPRESSED[0x000163ec])

    Execution Region ER_IROM1 (Base: 0x08000000, Size: 0x000163a8, Max: 0x00040000, ABSOLUTE)

    Base Addr    Size         Type   Attr      Idx    E Section Name        Object

    0x08000000   0x00000130   Data   RO         3711    RESET               startup_stm32f10x_hd.o
    0x08000130   0x00000008   Code   RO         3947  * !!!main             c_w.l(__main.o)
    0x08000138   0x00000034   Code   RO         4319    !!!scatter          c_w.l(__scatter.o)
    0x0800016c   0x0000005a   Code   RO         4317    !!dczerorl2         c_w.l(__dczerorl2.o)
    0x080001c6   0x00000002   PAD
    0x080001c8   0x0000001c   Code   RO         4321    !!handler_zi        c_w.l(__scatter_zi.o)
    0x080001e4   0x00000000   Code   RO         3919    .ARM.Collect$$_printf_percent$$00000000  c_w.l(_printf_percent.o)
    0x080001e4   0x00000006   Code   RO         4054    .ARM.Collect$$_printf_percent$$00000001  c_w.l(_printf_n.o)
    0x080001ea   0x00000006   Code   RO         4055    .ARM.Collect$$_printf_percent$$00000002  c_w.l(_printf_p.o)
    0x080001f0   0x00000006   Code   RO         3918    .ARM.Collect$$_printf_percent$$00000003  c_w.l(_printf_f.o)
    0x080001f6   0x00000006   Code   RO         4059    .ARM.Collect$$_printf_percent$$00000004  c_w.l(_printf_e.o)
    0x080001fc   0x00000006   Code   RO         4060    .ARM.Collect$$_printf_percent$$00000005  c_w.l(_printf_g.o)
    0x08000202   0x00000006   Code   RO         4061    .ARM.Collect$$_printf_percent$$00000006  c_w.l(_printf_a.o)
    0x08000208   0x0000000a   Code   RO         4066    .ARM.Collect$$_printf_percent$$00000007  c_w.l(_printf_ll.o)
    0x08000212   0x00000006   Code   RO         4057    .ARM.Collect$$_printf_percent$$00000008  c_w.l(_printf_i.o)
    0x08000218   0x00000006   Code   RO         3917    .ARM.Collect$$_printf_percent$$00000009  c_w.l(_printf_d.o)
    0x0800021e   0x00000006   Code   RO         4058    .ARM.Collect$$_printf_percent$$0000000A  c_w.l(_printf_u.o)
    0x08000224   0x00000006   Code   RO         4056    .ARM.Collect$$_printf_percent$$0000000B  c_w.l(_printf_o.o)
    0x0800022a   0x00000006   Code   RO         3916    .ARM.Collect$$_printf_percent$$0000000C  c_w.l(_printf_x.o)
    0x08000230   0x00000006   Code   RO         4063    .ARM.Collect$$_printf_percent$$0000000D  c_w.l(_printf_lli.o)
    0x08000236   0x00000006   Code   RO         4064    .ARM.Collect$$_printf_percent$$0000000E  c_w.l(_printf_lld.o)
    0x0800023c   0x00000006   Code   RO         4065    .ARM.Collect$$_printf_percent$$0000000F  c_w.l(_printf_llu.o)
    0x08000242   0x00000006   Code   RO         4070    .ARM.Collect$$_printf_percent$$00000010  c_w.l(_printf_llo.o)
    0x08000248   0x00000006   Code   RO         4071    .ARM.Collect$$_printf_percent$$00000011  c_w.l(_printf_llx.o)
    0x0800024e   0x0000000a   Code   RO         4067    .ARM.Collect$$_printf_percent$$00000012  c_w.l(_printf_l.o)
    0x08000258   0x00000006   Code   RO         4053    .ARM.Collect$$_printf_percent$$00000013  c_w.l(_printf_c.o)
    0x0800025e   0x00000006   Code   RO         3915    .ARM.Collect$$_printf_percent$$00000014  c_w.l(_printf_s.o)
    0x08000264   0x00000006   Code   RO         4068    .ARM.Collect$$_printf_percent$$00000015  c_w.l(_printf_lc.o)
    0x0800026a   0x00000006   Code   RO         4069    .ARM.Collect$$_printf_percent$$00000016  c_w.l(_printf_ls.o)
    0x08000270   0x00000004   Code   RO         4062    .ARM.Collect$$_printf_percent$$00000017  c_w.l(_printf_percent_end.o)
    0x08000274   0x00000002   Code   RO         4257    .ARM.Collect$$libinit$$00000000  c_w.l(libinit.o)
    0x08000276   0x00000000   Code   RO         4081    .ARM.Collect$$libinit$$00000002  c_w.l(libinit2.o)
    0x08000276   0x00000000   Code   RO         4083    .ARM.Collect$$libinit$$00000004  c_w.l(libinit2.o)
    0x08000276   0x00000008   Code   RO         4084    .ARM.Collect$$libinit$$00000005  c_w.l(libinit2.o)
    0x0800027e   0x00000000   Code   RO         4086    .ARM.Collect$$libinit$$0000000A  c_w.l(libinit2.o)
    0x0800027e   0x00000000   Code   RO         4088    .ARM.Collect$$libinit$$0000000C  c_w.l(libinit2.o)
    0x0800027e   0x00000000   Code   RO         4090    .ARM.Collect$$libinit$$0000000E  c_w.l(libinit2.o)
    0x0800027e   0x00000006   Code   RO         4091    .ARM.Collect$$libinit$$0000000F  c_w.l(libinit2.o)
    0x08000284   0x00000000   Code   RO         4093    .ARM.Collect$$libinit$$00000011  c_w.l(libinit2.o)
    0x08000284   0x0000000c   Code   RO         4094    .ARM.Collect$$libinit$$00000012  c_w.l(libinit2.o)
    0x08000290   0x00000000   Code   RO         4095    .ARM.Collect$$libinit$$00000013  c_w.l(libinit2.o)
    0x08000290   0x00000000   Code   RO         4097    .ARM.Collect$$libinit$$00000015  c_w.l(libinit2.o)
    0x08000290   0x0000000a   Code   RO         4098    .ARM.Collect$$libinit$$00000016  c_w.l(libinit2.o)
    0x0800029a   0x00000000   Code   RO         4099    .ARM.Collect$$libinit$$00000017  c_w.l(libinit2.o)
    0x0800029a   0x00000000   Code   RO         4101    .ARM.Collect$$libinit$$00000019  c_w.l(libinit2.o)
    0x0800029a   0x00000000   Code   RO         4103    .ARM.Collect$$libinit$$0000001B  c_w.l(libinit2.o)
    0x0800029a   0x00000000   Code   RO         4105    .ARM.Collect$$libinit$$0000001D  c_w.l(libinit2.o)
    0x0800029a   0x00000000   Code   RO         4107    .ARM.Collect$$libinit$$0000001F  c_w.l(libinit2.o)
    0x0800029a   0x00000000   Code   RO         4109    .ARM.Collect$$libinit$$00000021  c_w.l(libinit2.o)
    0x0800029a   0x00000000   Code   RO         4111    .ARM.Collect$$libinit$$00000023  c_w.l(libinit2.o)
    0x0800029a   0x00000000   Code   RO         4113    .ARM.Collect$$libinit$$00000025  c_w.l(libinit2.o)
    0x0800029a   0x00000000   Code   RO         4117    .ARM.Collect$$libinit$$0000002C  c_w.l(libinit2.o)
    0x0800029a   0x00000000   Code   RO         4119    .ARM.Collect$$libinit$$0000002E  c_w.l(libinit2.o)
    0x0800029a   0x00000000   Code   RO         4121    .ARM.Collect$$libinit$$00000030  c_w.l(libinit2.o)
    0x0800029a   0x00000000   Code   RO         4123    .ARM.Collect$$libinit$$00000032  c_w.l(libinit2.o)
    0x0800029a   0x00000002   Code   RO         4124    .ARM.Collect$$libinit$$00000033  c_w.l(libinit2.o)
    0x0800029c   0x00000002   Code   RO         4314    .ARM.Collect$$libshutdown$$00000000  c_w.l(libshutdown.o)
    0x0800029e   0x00000000   Code   RO         4272    .ARM.Collect$$libshutdown$$00000003  c_w.l(libshutdown2.o)
    0x0800029e   0x00000000   Code   RO         4275    .ARM.Collect$$libshutdown$$00000006  c_w.l(libshutdown2.o)
    0x0800029e   0x00000000   Code   RO         4278    .ARM.Collect$$libshutdown$$00000009  c_w.l(libshutdown2.o)
    0x0800029e   0x00000000   Code   RO         4280    .ARM.Collect$$libshutdown$$0000000B  c_w.l(libshutdown2.o)
    0x0800029e   0x00000000   Code   RO         4283    .ARM.Collect$$libshutdown$$0000000E  c_w.l(libshutdown2.o)
    0x0800029e   0x00000002   Code   RO         4284    .ARM.Collect$$libshutdown$$0000000F  c_w.l(libshutdown2.o)
    0x080002a0   0x00000000   Code   RO         3989    .ARM.Collect$$rtentry$$00000000  c_w.l(__rtentry.o)
    0x080002a0   0x00000000   Code   RO         4140    .ARM.Collect$$rtentry$$00000002  c_w.l(__rtentry2.o)
    0x080002a0   0x00000006   Code   RO         4152    .ARM.Collect$$rtentry$$00000004  c_w.l(__rtentry4.o)
    0x080002a6   0x00000000   Code   RO         4142    .ARM.Collect$$rtentry$$00000009  c_w.l(__rtentry2.o)
    0x080002a6   0x00000004   Code   RO         4143    .ARM.Collect$$rtentry$$0000000A  c_w.l(__rtentry2.o)
    0x080002aa   0x00000000   Code   RO         4145    .ARM.Collect$$rtentry$$0000000C  c_w.l(__rtentry2.o)
    0x080002aa   0x00000008   Code   RO         4146    .ARM.Collect$$rtentry$$0000000D  c_w.l(__rtentry2.o)
    0x080002b2   0x00000002   Code   RO         4260    .ARM.Collect$$rtexit$$00000000  c_w.l(rtexit.o)
    0x080002b4   0x00000000   Code   RO         4288    .ARM.Collect$$rtexit$$00000002  c_w.l(rtexit2.o)
    0x080002b4   0x00000004   Code   RO         4289    .ARM.Collect$$rtexit$$00000003  c_w.l(rtexit2.o)
    0x080002b8   0x00000006   Code   RO         4290    .ARM.Collect$$rtexit$$00000004  c_w.l(rtexit2.o)
    0x080002be   0x00000002   PAD
    0x080002c0   0x00000000   Code   RO         4163    .emb_text           c_w.l(maybetermalloc1.o)
    0x080002c0   0x00000040   Code   RO         3712    .text               startup_stm32f10x_hd.o
    0x08000300   0x0000005e   Code   RO         3806    .text               c_w.l(h1_alloc.o)
    0x0800035e   0x00000002   PAD
    0x08000360   0x00000034   Code   RO         3860    .text               c_w.l(c89vsnprintf.o)
    0x08000394   0x0000002c   Code   RO         3862    .text               c_w.l(__2sprintf.o)
    0x080003c0   0x0000004e   Code   RO         3868    .text               c_w.l(_printf_pad.o)
    0x0800040e   0x00000052   Code   RO         3870    .text               c_w.l(_printf_str.o)
    0x08000460   0x00000078   Code   RO         3872    .text               c_w.l(_printf_dec.o)
    0x080004d8   0x00000094   Code   RO         3892    .text               c_w.l(_printf_hex_int_ll_ptr.o)
    0x0800056c   0x00000188   Code   RO         3912    .text               c_w.l(__printf_flags_ss_wp.o)
    0x080006f4   0x0000001a   Code   RO         3920    .text               c_w.l(atoi.o)
    0x0800070e   0x00000002   PAD
    0x08000710   0x0000000c   Code   RO         3922    .text               c_w.l(strtok.o)
    0x0800071c   0x00000058   Code   RO         3925    .text               c_w.l(memcmp.o)
    0x08000774   0x00000048   Code   RO         3927    .text               c_w.l(strcpy.o)
    0x080007bc   0x0000003e   Code   RO         3929    .text               c_w.l(strlen.o)
    0x080007fa   0x00000096   Code   RO         3931    .text               c_w.l(strncmp.o)
    0x08000890   0x0000008a   Code   RO         3933    .text               c_w.l(rt_memcpy_v6.o)
    0x0800091a   0x00000010   Code   RO         3935    .text               c_w.l(aeabi_memset.o)
    0x0800092a   0x00000044   Code   RO         3937    .text               c_w.l(rt_memclr.o)
    0x0800096e   0x0000004e   Code   RO         3939    .text               c_w.l(rt_memclr_w.o)
    0x080009bc   0x00000056   Code   RO         3941    .text               c_w.l(strncpy.o)
    0x08000a12   0x00000002   PAD
    0x08000a14   0x00000080   Code   RO         3943    .text               c_w.l(strcmpv7m.o)
    0x08000a94   0x00000006   Code   RO         3945    .text               c_w.l(heapauxi.o)
    0x08000a9a   0x00000002   PAD
    0x08000a9c   0x00000008   Code   RO         3993    .text               c_w.l(rt_heap_descriptor_intlibspace.o)
    0x08000aa4   0x00000008   Code   RO         3998    .text               c_w.l(rt_errno_addr_intlibspace.o)
    0x08000aac   0x00000004   Code   RO         4000    .text               c_w.l(hguard.o)
    0x08000ab0   0x0000008a   Code   RO         4002    .text               c_w.l(init_alloc.o)
    0x08000b3a   0x0000000e   Code   RO         4008    .text               c_w.l(h1_init.o)
    0x08000b48   0x0000004e   Code   RO         4010    .text               c_w.l(h1_free.o)
    0x08000b96   0x00000024   Code   RO         4026    .text               c_w.l(_printf_truncate.o)
    0x08000bba   0x000000b2   Code   RO         4028    .text               c_w.l(_printf_intcommon.o)
    0x08000c6c   0x00000028   Code   RO         4030    .text               c_w.l(_printf_charcount.o)
    0x08000c94   0x0000041a   Code   RO         4032    .text               c_w.l(_printf_fp_dec.o)
    0x080010ae   0x00000002   PAD
    0x080010b0   0x00000030   Code   RO         4034    .text               c_w.l(_printf_char_common.o)
    0x080010e0   0x0000000a   Code   RO         4036    .text               c_w.l(_sputc.o)
    0x080010ea   0x00000010   Code   RO         4038    .text               c_w.l(_snputc.o)
    0x080010fa   0x0000002c   Code   RO         4040    .text               c_w.l(_printf_char.o)
    0x08001126   0x00000002   PAD
    0x08001128   0x000000bc   Code   RO         4042    .text               c_w.l(_printf_wctomb.o)
    0x080011e4   0x0000007c   Code   RO         4045    .text               c_w.l(_printf_longlong_dec.o)
    0x08001260   0x00000070   Code   RO         4051    .text               c_w.l(_printf_oct_int_ll.o)
    0x080012d0   0x00000070   Code   RO         4072    .text               c_w.l(strtol.o)
    0x08001340   0x00000044   Code   RO         4074    .text               c_w.l(strtok_int.o)
    0x08001384   0x00000064   Code   RO         4076    .text               c_w.l(rt_memcpy_w.o)
    0x080013e8   0x00000008   Code   RO         4136    .text               c_w.l(libspace.o)
    0x080013f0   0x00000010   Code   RO         4154    .text               c_w.l(rt_ctype_table.o)
    0x08001400   0x00000008   Code   RO         4159    .text               c_w.l(rt_locale_intlibspace.o)
    0x08001408   0x00000034   Code   RO         4165    .text               c_w.l(h1_extend.o)
    0x0800143c   0x0000008a   Code   RO         4169    .text               c_w.l(lludiv10.o)
    0x080014c6   0x00000002   PAD
    0x080014c8   0x00000080   Code   RO         4171    .text               c_w.l(_printf_fp_infnan.o)
    0x08001548   0x0000002c   Code   RO         4175    .text               c_w.l(_printf_wchar.o)
    0x08001574   0x0000009e   Code   RO         4177    .text               c_w.l(_strtoul.o)
    0x08001612   0x00000002   PAD
    0x08001614   0x000000dc   Code   RO         4179    .text               c_w.l(bigflt0.o)
    0x080016f0   0x00000040   Code   RO         4204    .text               c_w.l(_wcrtomb.o)
    0x08001730   0x0000000e   Code   RO         4209    .text               c_w.l(defsig_rtmem_outer.o)
    0x0800173e   0x00000020   Code   RO         4213    .text               c_w.l(strcspn.o)
    0x0800175e   0x0000001c   Code   RO         4215    .text               c_w.l(strspn.o)
    0x0800177a   0x00000002   Code   RO         4228    .text               c_w.l(use_no_semi.o)
    0x0800177c   0x00000000   Code   RO         4230    .text               c_w.l(indicate_semi.o)
    0x0800177c   0x0000004a   Code   RO         4231    .text               c_w.l(sys_stackheap_outer.o)
    0x080017c6   0x0000001c   Code   RO         4237    .text               c_w.l(_chval.o)
    0x080017e2   0x0000000c   Code   RO         4242    .text               c_w.l(exit.o)
    0x080017ee   0x0000000a   Code   RO         4244    .text               c_w.l(defsig_exit.o)
    0x080017f8   0x00000050   Code   RO         4246    .text               c_w.l(defsig_rtmem_inner.o)
    0x08001848   0x0000000c   Code   RO         4258    .text               c_w.l(sys_exit.o)
    0x08001854   0x00000032   Code   RO         4268    .text               c_w.l(defsig_general.o)
    0x08001886   0x0000000e   Code   RO         4285    .text               c_w.l(sys_wrch.o)
    0x08001894   0x0000003e   Code   RO         4182    CL$$btod_d2e        c_w.l(btod.o)
    0x080018d2   0x00000046   Code   RO         4184    CL$$btod_d2e_denorm_low  c_w.l(btod.o)
    0x08001918   0x00000060   Code   RO         4183    CL$$btod_d2e_norm_op1  c_w.l(btod.o)
    0x08001978   0x00000338   Code   RO         4192    CL$$btod_div_common  c_w.l(btod.o)
    0x08001cb0   0x000000c6   Code   RO         4189    CL$$btod_e2e        c_w.l(btod.o)
    0x08001d76   0x00000028   Code   RO         4186    CL$$btod_ediv       c_w.l(btod.o)
    0x08001d9e   0x00000028   Code   RO         4185    CL$$btod_emul       c_w.l(btod.o)
    0x08001dc6   0x00000244   Code   RO         4191    CL$$btod_mult_common  c_w.l(btod.o)
    0x0800200a   0x00000034   Code   RO         1304    i.ASCIIToHex        comm.o
    0x0800203e   0x00000002   PAD
    0x08002040   0x00000064   Code   RO         1918    i.ATCmdCnntSvr      gc65.o
    0x080020a4   0x00000c4c   Code   RO         1919    i.ATCmdParse        gc65.o
    0x08002cf0   0x00000040   Code   RO         1920    i.ATCmdSend         gc65.o
    0x08002d30   0x00000044   Code   RO         1921    i.ATCmdSetAPN       gc65.o
    0x08002d74   0x0000003e   Code   RO         1923    i.ATstrToInt32U     gc65.o
    0x08002db2   0x0000005a   Code   RO         3499    i.AckPacket         app_protocol.o
    0x08002e0c   0x00000280   Code   RO          276    i.AlarmEventDeal    app_alarmevent.o
    0x0800308c   0x00000174   Code   RO          277    i.AlarmEventInit    app_alarmevent.o
    0x08003200   0x00000082   Code   RO          278    i.AlarmFilterTimeOver  app_alarmevent.o
    0x08003282   0x00000002   PAD
    0x08003284   0x00000028   Code   RO          279    i.AlarmFilterTimer  app_alarmevent.o
    0x080032ac   0x00000050   Code   RO          280    i.Alarm_Filter_Deal  app_alarmevent.o
    0x080032fc   0x00000038   Code   RO          400    i.AppDebugInit      app_debug.o
    0x08003334   0x00000036   Code   RO         1608    i.BigEndConvert     app_dtucfg.o
    0x0800336a   0x0000001c   Code   RO         1305    i.BufExchange       comm.o
    0x08003386   0x00000004   Code   RO         1496    i.BusFault_Handler  stm32f10x_it.o
    0x0800338a   0x00000002   PAD
    0x0800338c   0x00000038   Code   RO         3291    i.CAN_DeInit        stm32f10x_can.o
    0x080033c4   0x00000108   Code   RO         3293    i.CAN_FilterInit    stm32f10x_can.o
    0x080034cc   0x00000012   Code   RO         3299    i.CAN_ITConfig      stm32f10x_can.o
    0x080034de   0x00000114   Code   RO         3300    i.CAN_Init          stm32f10x_can.o
    0x080035f2   0x0000001e   Code   RO         3301    i.CAN_MessagePending  stm32f10x_can.o
    0x08003610   0x000000f0   Code   RO         3303    i.CAN_Receive       stm32f10x_can.o
    0x08003700   0x00000020   Code   RO         3306    i.CAN_StructInit    stm32f10x_can.o
    0x08003720   0x00000126   Code   RO         3308    i.CAN_Transmit      stm32f10x_can.o
    0x08003846   0x00000002   PAD
    0x08003848   0x00000038   Code   RO         1306    i.CRC16_1           comm.o
    0x08003880   0x00000034   Code   RO         3767    i.CRC32Calc         crc32.lib(crc32.o)
    0x080038b4   0x00000010   Code   RO         3768    i.CRC32CalcReset    crc32.lib(crc32.o)
    0x080038c4   0x00000028   Code   RO          999    i.CanBus_ISR_Rx     app_vfd.o
    0x080038ec   0x0000009c   Code   RO          182    i.Can_Config        bsp.o
    0x08003988   0x00000010   Code   RO         1307    i.CharConvert       comm.o
    0x08003998   0x00000004   Code   RO         1000    i.ChgVfdAddr        app_vfd.o
    0x0800399c   0x00000010   Code   RO         3500    i.ClearHeartTimer   app_protocol.o
    0x080039ac   0x00000080   Code   RO         1651    i.ConverseTimeNum   app_rtc.o
    0x08003a2c   0x00000044   Code   RO         2126    i.DMA1_Channel6_IRQHandler  gc65_bsp.o
    0x08003a70   0x00000034   Code   RO         1498    i.DMA1_Channel7_IRQHandler  stm32f10x_it.o
    0x08003aa4   0x0000001c   Code   RO         2340    i.DMA_ClearFlag     stm32f10x_dma.o
    0x08003ac0   0x00000018   Code   RO         2342    i.DMA_Cmd           stm32f10x_dma.o
    0x08003ad8   0x0000014c   Code   RO         2343    i.DMA_DeInit        stm32f10x_dma.o
    0x08003c24   0x0000002c   Code   RO         2345    i.DMA_GetFlagStatus  stm32f10x_dma.o
    0x08003c50   0x00000012   Code   RO         2347    i.DMA_ITConfig      stm32f10x_dma.o
    0x08003c62   0x0000003c   Code   RO         2348    i.DMA_Init          stm32f10x_dma.o
    0x08003c9e   0x0000001c   Code   RO         1308    i.DWordToBuf        comm.o
    0x08003cba   0x00000002   PAD
    0x08003cbc   0x0000004c   Code   RO          401    i.Debug             app_debug.o
    0x08003d08   0x00000012   Code   RO          919    i.DebugFtpTest      app_usrcmd.o
    0x08003d1a   0x00000002   Code   RO         1499    i.DebugMon_Handler  stm32f10x_it.o
    0x08003d1c   0x00000100   Code   RO          403    i.DebugMsg          app_debug.o
    0x08003e1c   0x0000002c   Code   RO          404    i.DebugStrMsg       app_debug.o
    0x08003e48   0x00000044   Code   RO          405    i.DebugWithLen      app_debug.o
    0x08003e8c   0x00000030   Code   RO         1924    i.DelayReConnect    gc65.o
    0x08003ebc   0x0000001c   Code   RO         1310    i.DevFourByteToDWord  comm.o
    0x08003ed8   0x00000050   Code   RO         1311    i.DevFourByteToU16  comm.o
    0x08003f28   0x00000274   Code   RO          677    i.DevParaDefault    app_para.o
    0x0800419c   0x00000164   Code   RO          678    i.DevParaRead       app_para.o
    0x08004300   0x00000138   Code   RO          679    i.DevParaWrite      app_para.o
    0x08004438   0x00000130   Code   RO         3501    i.DevStatToSystem   app_protocol.o
    0x08004568   0x0000000e   Code   RO         1312    i.DevTwoByteToWord  comm.o
    0x08004576   0x00000002   PAD
    0x08004578   0x00000050   Code   RO         1001    i.DriveCan_sendData  app_vfd.o
    0x080045c8   0x0000000c   Code   RO         2418    i.FLASH_ClearFlag   stm32f10x_flash.o
    0x080045d4   0x0000004c   Code   RO         2423    i.FLASH_ErasePage   stm32f10x_flash.o
    0x08004620   0x00000034   Code   RO         2424    i.FLASH_GetBank1Status  stm32f10x_flash.o
    0x08004654   0x00000014   Code   RO         2433    i.FLASH_Lock        stm32f10x_flash.o
    0x08004668   0x0000006c   Code   RO         2438    i.FLASH_ProgramWord  stm32f10x_flash.o
    0x080046d4   0x00000018   Code   RO         2441    i.FLASH_Unlock      stm32f10x_flash.o
    0x080046ec   0x00000026   Code   RO         2445    i.FLASH_WaitForLastOperation  stm32f10x_flash.o
    0x08004712   0x00000002   PAD
    0x08004714   0x00000018   Code   RO         1784    i.FTPConnectRequestSet  app_upgrade.o
    0x0800472c   0x00000002   Code   RO          183    i.FeedDog           bsp.o
    0x0800472e   0x0000001a   Code   RO          680    i.FieldValOffset    app_para.o
    0x08004748   0x00000046   Code   RO         3774    i.FlashBufferRead   SPIFlash.lib(spiflashdev.o)
    0x0800478e   0x00000002   PAD
    0x08004790   0x00000108   Code   RO         3775    i.FlashBufferWrite  SPIFlash.lib(spiflashdev.o)
    0x08004898   0x000000d0   Code   RO         3445    i.FlashHalInit      spiflashhal.o
    0x08004968   0x00000002   Code   RO         3475    i.FlashLockCreate   spiflashusr.o
    0x0800496a   0x00000002   Code   RO         3476    i.FlashLockPend     spiflashusr.o
    0x0800496c   0x00000002   Code   RO         3477    i.FlashLockPost     spiflashusr.o
    0x0800496e   0x00000002   PAD
    0x08004970   0x00000058   Code   RO         3751    i.FlashModelRead    SPIFlash.lib(spiflash.o)
    0x080049c8   0x0000003c   Code   RO         3776    i.FlashReadID       SPIFlash.lib(spiflashdev.o)
    0x08004a04   0x00000020   Code   RO         3777    i.FlashReadStatusRegister  SPIFlash.lib(spiflashdev.o)
    0x08004a24   0x00000038   Code   RO         3446    i.FlashSPISend      spiflashhal.o
    0x08004a5c   0x00000040   Code   RO         3778    i.FlashSectorErase_4KByte  SPIFlash.lib(spiflashdev.o)
    0x08004a9c   0x00000020   Code   RO         3447    i.FlashSelect       spiflashhal.o
    0x08004abc   0x00000020   Code   RO         3779    i.FlashWaitForWriteEnd  SPIFlash.lib(spiflashdev.o)
    0x08004adc   0x00000012   Code   RO         3780    i.FlashWait_Busy_AAI  SPIFlash.lib(spiflashdev.o)
    0x08004aee   0x00000018   Code   RO         3781    i.FlashWriteDisable  SPIFlash.lib(spiflashdev.o)
    0x08004b06   0x00000018   Code   RO         3782    i.FlashWriteEnable  SPIFlash.lib(spiflashdev.o)
    0x08004b1e   0x00000002   PAD
    0x08004b20   0x00000028   Code   RO         1785    i.FtpDataGetFlag    app_upgrade.o
    0x08004b48   0x000000b4   Code   RO         1786    i.FtpInfoInit       app_upgrade.o
    0x08004bfc   0x00000018   Code   RO         1787    i.FtpTimeDelay      app_upgrade.o
    0x08004c14   0x000000b4   Code   RO         3502    i.GB_GeneralAck     app_protocol.o
    0x08004cc8   0x0000005c   Code   RO         3503    i.GB_GetAckMsgHead  app_protocol.o
    0x08004d24   0x00000070   Code   RO         3504    i.GB_GetMsgHead     app_protocol.o
    0x08004d94   0x0000005c   Code   RO         1926    i.GC65Timer         gc65.o
    0x08004df0   0x00000150   Code   RO          184    i.GPIO_Configuration  bsp.o
    0x08004f40   0x00000116   Code   RO         2601    i.GPIO_Init         stm32f10x_gpio.o
    0x08005056   0x00000002   PAD
    0x08005058   0x00000090   Code   RO         2603    i.GPIO_PinRemapConfig  stm32f10x_gpio.o
    0x080050e8   0x00000004   Code   RO         2608    i.GPIO_ResetBits    stm32f10x_gpio.o
    0x080050ec   0x00000004   Code   RO         2609    i.GPIO_SetBits      stm32f10x_gpio.o
    0x080050f0   0x00000264   Code   RO         3505    i.GPRSDataDeal      app_protocol.o
    0x08005354   0x00000088   Code   RO         2127    i.GPRSUartDMAInit   gc65_bsp.o
    0x080053dc   0x0000000c   Code   RO         3506    i.GetAckVaule       app_protocol.o
    0x080053e8   0x00000038   Code   RO         1002    i.GetComIndex       app_vfd.o
    0x08005420   0x000011ec   Code   RO         3507    i.GetEventInfo      app_protocol.o
    0x0800660c   0x0000000c   Code   RO         2128    i.GetGprsUartDMABuf  gc65_bsp.o
    0x08006618   0x00000118   Code   RO         3508    i.GetHeartData      app_protocol.o
    0x08006730   0x00000024   Code   RO          778    i.GetMeter2ReadAddr  app_plt.o
    0x08006754   0x00000024   Code   RO          779    i.GetMeterReadAddr  app_plt.o
    0x08006778   0x00000088   Code   RO         1927    i.GetMultLoc        gc65.o
    0x08006800   0x0000014c   Code   RO          780    i.GetPlt1SpecPara   app_plt.o
    0x0800694c   0x00000110   Code   RO          781    i.GetPlt2SpecPara   app_plt.o
    0x08006a5c   0x000000a8   Code   RO          782    i.GetPlt3SpecPara   app_plt.o
    0x08006b04   0x000002c4   Code   RO          783    i.GetPltAllPara     app_plt.o
    0x08006dc8   0x000000b8   Code   RO          784    i.GetPltReadAddr    app_plt.o
    0x08006e80   0x00000064   Code   RO         3509    i.GetRegister       app_protocol.o
    0x08006ee4   0x0000002e   Code   RO         3510    i.GetRsp            app_protocol.o
    0x08006f12   0x00000002   PAD
    0x08006f14   0x00000134   Code   RO         1652    i.GetRtctime        app_rtc.o
    0x08007048   0x000001d4   Code   RO         3511    i.GetStatusUpData   app_protocol.o
    0x0800721c   0x0000004c   Code   RO         3512    i.GetUpdateData     app_protocol.o
    0x08007268   0x00000098   Code   RO         3513    i.GetVfdOptInfo     app_protocol.o
    0x08007300   0x00000050   Code   RO         1928    i.GprsAppInit       gc65.o
    0x08007350   0x00000038   Code   RO         2129    i.GprsDMAReceiveDisable  gc65_bsp.o
    0x08007388   0x00000048   Code   RO         1929    i.GprsParaInit      gc65.o
    0x080073d0   0x00000038   Code   RO         1931    i.GprsReAPN         gc65.o
    0x08007408   0x0000002c   Code   RO         1932    i.GprsReConnect     gc65.o
    0x08007434   0x000000dc   Code   RO         1653    i.GprsReadNetTime   app_rtc.o
    0x08007510   0x000001c4   Code   RO         1933    i.GprsReadQeng      gc65.o
    0x080076d4   0x00000020   Code   RO         1934    i.GprsSndDataAccept  gc65.o
    0x080076f4   0x00000010   Code   RO         1935    i.GprsSndDataFlush  gc65.o
    0x08007704   0x0000001c   Code   RO         1936    i.GprsSndDataPost   gc65.o
    0x08007720   0x0000004c   Code   RO         2130    i.GprsUART_SetDMAReceive  gc65_bsp.o
    0x0800776c   0x00000012   Code   RO         2131    i.GprsUartCmd       gc65_bsp.o
    0x0800777e   0x00000002   PAD
    0x08007780   0x00000020   Code   RO         2132    i.GprsUartDMAReceive  gc65_bsp.o
    0x080077a0   0x00000394   Code   RO         1937    i.GprsUartIsr       gc65.o
    0x08007b34   0x00000004   Code   RO         1500    i.HardFault_Handler  stm32f10x_it.o
    0x08007b38   0x000000d4   Code   RO          185    i.HardWareInit      bsp.o
    0x08007c0c   0x000000c8   Code   RO         1938    i.HaveDataSend      gc65.o
    0x08007cd4   0x00000006   Code   RO         1313    i.Hex2Float         comm.o
    0x08007cda   0x00000002   PAD
    0x08007cdc   0x00000098   Code   RO          186    i.Init485Uart       bsp.o
    0x08007d74   0x00000078   Code   RO          187    i.InitCan           bsp.o
    0x08007dec   0x00000002   Code   RO          188    i.InitIWDG          bsp.o
    0x08007dee   0x00000002   PAD
    0x08007df0   0x00000240   Code   RO          189    i.InitUart          bsp.o
    0x08008030   0x00000038   Code   RO         1939    i.InsertTo          gc65.o
    0x08008068   0x000000a8   Code   RO          190    i.InterruptConfig   bsp.o
    0x08008110   0x0000006c   Code   RO         1316    i.IsIp              comm.o
    0x0800817c   0x0000000a   Code   RO         1003    i.IsModbusMaster    app_vfd.o
    0x08008186   0x00000028   Code   RO         1317    i.IsNumber          comm.o
    0x080081ae   0x00000002   PAD
    0x080081b0   0x00000010   Code   RO         3514    i.IsReg             app_protocol.o
    0x080081c0   0x00000240   Code   RO          511    i.JSON_AddrAndDataToObject  app_json.o
    0x08008400   0x00000058   Code   RO          512    i.JSON_AddrListExtract  app_json.o
    0x08008458   0x00000090   Code   RO          513    i.JSON_AddrNumberDataToObject  app_json.o
    0x080084e8   0x00000030   Code   RO          514    i.JSON_AddrStringDataToObject  app_json.o
    0x08008518   0x0000010a   Code   RO          515    i.JSON_ArrayExtract  app_json.o
    0x08008622   0x00000002   PAD
    0x08008624   0x00000028   Code   RO          516    i.JSON_EventNoInfToObject  app_json.o
    0x0800864c   0x00000098   Code   RO          517    i.JSON_EventWithInfToObject  app_json.o
    0x080086e4   0x000000a4   Code   RO          518    i.JSON_Extract      app_json.o
    0x08008788   0x000001ac   Code   RO          520    i.JSON_ExtractObjNode  app_json.o
    0x08008934   0x000001f8   Code   RO          521    i.JSON_FlowDataToObject  app_json.o
    0x08008b2c   0x00000026   Code   RO          522    i.JSON_IsObjectBegin  app_json.o
    0x08008b52   0x00000002   PAD
    0x08008b54   0x0000023c   Code   RO          523    i.JSON_MeterDataToObject  app_json.o
    0x08008d90   0x00000030   Code   RO          524    i.JSON_NumberValToObject  app_json.o
    0x08008dc0   0x0000000c   Code   RO          525    i.JSON_ObjectBegin  app_json.o
    0x08008dcc   0x00000028   Code   RO          526    i.JSON_ObjectEnd    app_json.o
    0x08008df4   0x0000012c   Code   RO         3515    i.JSON_RtcTimeGet   app_protocol.o
    0x08008f20   0x00000030   Code   RO          527    i.JSON_StringValToObject  app_json.o
    0x08008f50   0x0000003a   Code   RO         1654    i.LeapYear          app_rtc.o
    0x08008f8a   0x00000002   PAD
    0x08008f8c   0x0000005c   Code   RO          631    i.LedOnSet          app_led.o
    0x08008fe8   0x000000b4   Code   RO          632    i.Led_Indicate      app_led.o
    0x0800909c   0x00000040   Code   RO          633    i.Led_Indicate_Init  app_led.o
    0x080090dc   0x00000004   Code   RO         1501    i.MemManage_Handler  stm32f10x_it.o
    0x080090e0   0x00000028   Code   RO         1004    i.Meter2ClrTimeOut  app_vfd.o
    0x08009108   0x00000028   Code   RO         1005    i.MeterClrTimeOut   app_vfd.o
    0x08009130   0x00000064   Code   RO         1006    i.MeterReadIndexChg  app_vfd.o
    0x08009194   0x0000000c   Code   RO         1007    i.MeterWaitResp     app_vfd.o
    0x080091a0   0x00000024   Code   RO         1008    i.ModbusAddrInit    app_vfd.o
    0x080091c4   0x0000000e   Code   RO         1009    i.ModbusDelay       app_vfd.o
    0x080091d2   0x00000016   Code   RO         1010    i.ModbusFunInit     app_vfd.o
    0x080091e8   0x0000000a   Code   RO         1011    i.ModbusOvTmInit    app_vfd.o
    0x080091f2   0x0000003c   Code   RO         1012    i.ModbusRcvCrcChk   app_vfd.o
    0x0800922e   0x00000038   Code   RO         1013    i.ModbusRcvFinish   app_vfd.o
    0x08009266   0x00000030   Code   RO         1014    i.ModbusRcvTimeOut  app_vfd.o
    0x08009296   0x00000052   Code   RO         1015    i.ModbusSendNextChar  app_vfd.o
    0x080092e8   0x00000042   Code   RO         1016    i.ModbusStartSend   app_vfd.o
    0x0800932a   0x00000050   Code   RO         1017    i.ModbusUartIsr     app_vfd.o
    0x0800937a   0x00000002   PAD
    0x0800937c   0x00000010   Code   RO         1789    i.ModelIsFtping     app_upgrade.o
    0x0800938c   0x000000d0   Code   RO         1730    i.MultFunInit       app_multfun.o
    0x0800945c   0x00000002   Code   RO         1502    i.NMI_Handler       stm32f10x_it.o
    0x0800945e   0x00000002   PAD
    0x08009460   0x00000070   Code   RO         2271    i.NVIC_Init         misc.o
    0x080094d0   0x00000014   Code   RO         2272    i.NVIC_PriorityGroupConfig  misc.o
    0x080094e4   0x00000028   Code   RO          191    i.NVIC_SetPriority  bsp.o
    0x0800950c   0x0000001c   Code   RO         1318    i.NetFourByteToDWord  comm.o
    0x08009528   0x0000000e   Code   RO         1319    i.NetTwoByteToWord  comm.o
    0x08009536   0x00000002   PAD
    0x08009538   0x000000dc   Code   RO         3516    i.ObjRespondToServer  app_protocol.o
    0x08009614   0x00000030   Code   RO         3517    i.OnlykeyVarRead    app_protocol.o
    0x08009644   0x0000005a   Code   RO         3518    i.Packet            app_protocol.o
    0x0800969e   0x00000010   Code   RO         2235    i.PipeDataValid     pipe.o
    0x080096ae   0x00000002   PAD
    0x080096b0   0x00000644   Code   RO          786    i.Plt3SysVarRead    app_plt.o
    0x08009cf4   0x00000cec   Code   RO          787    i.PltDevDataPrase   app_plt.o
    0x0800a9e0   0x0000058c   Code   RO          788    i.PltDevMan860DataPrase  app_plt.o
    0x0800af6c   0x0000056c   Code   RO          789    i.PltMam6080OtherDataPrase  app_plt.o
    0x0800b4d8   0x00000698   Code   RO          790    i.PltMam6080OtherVarRead  app_plt.o
    0x0800bb70   0x000002e8   Code   RO         1018    i.PltParaWrite      app_vfd.o
    0x0800be58   0x00000210   Code   RO          791    i.PltSysVarWriter   app_plt.o
    0x0800c068   0x0000010c   Code   RO          792    i.Plt_Fault_Deal    app_plt.o
    0x0800c174   0x0000001a   Code   RO          793    i.Plt_PreAlarm_Deal  app_plt.o
    0x0800c18e   0x00000002   PAD
    0x0800c190   0x000000a0   Code   RO          794    i.Plt_RunStata_Deal  app_plt.o
    0x0800c230   0x000001bc   Code   RO         3519    i.ProDataSend       app_protocol.o
    0x0800c3ec   0x00000030   Code   RO         3520    i.ProSendInit       app_protocol.o
    0x0800c41c   0x00000020   Code   RO         2755    i.RCC_AHBPeriphClockCmd  stm32f10x_rcc.o
    0x0800c43c   0x00000020   Code   RO         2756    i.RCC_APB1PeriphClockCmd  stm32f10x_rcc.o
    0x0800c45c   0x00000020   Code   RO         2757    i.RCC_APB1PeriphResetCmd  stm32f10x_rcc.o
    0x0800c47c   0x00000020   Code   RO         2758    i.RCC_APB2PeriphClockCmd  stm32f10x_rcc.o
    0x0800c49c   0x00000014   Code   RO         2762    i.RCC_ClearFlag     stm32f10x_rcc.o
    0x0800c4b0   0x000000d4   Code   RO         2766    i.RCC_GetClocksFreq  stm32f10x_rcc.o
    0x0800c584   0x0000002c   Code   RO         1019    i.RS4850_ChgToRcv   app_vfd.o
    0x0800c5b0   0x00000048   Code   RO         1020    i.RS4850_ChgToSnd   app_vfd.o
    0x0800c5f8   0x0000002c   Code   RO         1021    i.RS4851_ChgToRcv   app_vfd.o
    0x0800c624   0x00000044   Code   RO         1022    i.RS4851_ChgToSnd   app_vfd.o
    0x0800c668   0x0000002c   Code   RO         1023    i.RS4852_ChgToRcv   app_vfd.o
    0x0800c694   0x00000048   Code   RO         1024    i.RS4852_ChgToSnd   app_vfd.o
    0x0800c6dc   0x00000028   Code   RO          407    i.RS485CfgResp      app_debug.o
    0x0800c704   0x0000003c   Code   RO         1025    i.RS485ComInit      app_vfd.o
    0x0800c740   0x00000012   Code   RO          408    i.RS485SndDly       app_debug.o
    0x0800c752   0x00000002   PAD
    0x0800c754   0x000000c0   Code   RO         1655    i.RTC_GmtToBjTime   app_rtc.o
    0x0800c814   0x00000098   Code   RO         1026    i.ReadIndexChg      app_vfd.o
    0x0800c8ac   0x00000020   Code   RO         3521    i.RebootDelay       app_protocol.o
    0x0800c8cc   0x0000000c   Code   RO         1790    i.RebootRequest     app_upgrade.o
    0x0800c8d8   0x00000078   Code   RO         1731    i.RegTimerErrCode   app_multfun.o
    0x0800c950   0x0000001c   Code   RO         1732    i.RegTimerInit      app_multfun.o
    0x0800c96c   0x0000007c   Code   RO         1733    i.RegTimerRun       app_multfun.o
    0x0800c9e8   0x00000014   Code   RO         1734    i.RegTimerStop      app_multfun.o
    0x0800c9fc   0x0000001a   Code   RO         1942    i.RemoveBlackatoi   gc65.o
    0x0800ca16   0x00000002   PAD
    0x0800ca18   0x00000024   Code   RO         1943    i.ReturnToInserStage  gc65.o
    0x0800ca3c   0x00000040   Code   RO          634    i.Rs485ComLed       app_led.o
    0x0800ca7c   0x00000104   Code   RO         1027    i.Rs485ComOptResultAlarm  app_vfd.o
    0x0800cb80   0x00000016   Code   RO         3753    i.SPIFlashErase4K   SPIFlash.lib(spiflash.o)
    0x0800cb96   0x00000020   Code   RO         3755    i.SPIFlashInit      SPIFlash.lib(spiflash.o)
    0x0800cbb6   0x0000001e   Code   RO         3757    i.SPIFlashRead      SPIFlash.lib(spiflash.o)
    0x0800cbd4   0x0000001e   Code   RO         3758    i.SPIFlashWrite     SPIFlash.lib(spiflash.o)
    0x0800cbf2   0x00000018   Code   RO         3145    i.SPI_Cmd           stm32f10x_spi.o
    0x0800cc0a   0x00000012   Code   RO         3153    i.SPI_I2S_GetFlagStatus  stm32f10x_spi.o
    0x0800cc1c   0x00000006   Code   RO         3156    i.SPI_I2S_ReceiveData  stm32f10x_spi.o
    0x0800cc22   0x00000004   Code   RO         3157    i.SPI_I2S_SendData  stm32f10x_spi.o
    0x0800cc26   0x0000003c   Code   RO         3158    i.SPI_Init          stm32f10x_spi.o
    0x0800cc62   0x00000018   Code   RO         3784    i.SST25V_DBSY       SPIFlash.lib(spiflashdev.o)
    0x0800cc7a   0x00000018   Code   RO         3785    i.SST25V_EnableWriteStatusRegister  SPIFlash.lib(spiflashdev.o)
    0x0800cc92   0x00000024   Code   RO         3786    i.SST25V_WriteStatusRegister  SPIFlash.lib(spiflashdev.o)
    0x0800ccb6   0x00000002   Code   RO         1503    i.SVC_Handler       stm32f10x_it.o
    0x0800ccb8   0x000000f8   Code   RO         1944    i.SendATCondition   gc65.o
    0x0800cdb0   0x00000030   Code   RO         1946    i.SendIPDATA        gc65.o
    0x0800cde0   0x000005b8   Code   RO         3522    i.ServerCmdDeal     app_protocol.o
    0x0800d398   0x000000a8   Code   RO         3523    i.ServerCmd_Head_Deal  app_protocol.o
    0x0800d440   0x000001e8   Code   RO         3524    i.ServerDataGetRespond  app_protocol.o
    0x0800d628   0x0000026c   Code   RO         3525    i.ServerParaSet     app_protocol.o
    0x0800d894   0x0000011c   Code   RO         1656    i.ServerTimeSet     app_rtc.o
    0x0800d9b0   0x0000006c   Code   RO          795    i.Server_Writer_Data_Buf  app_plt.o
    0x0800da1c   0x0000005c   Code   RO          796    i.Server_Writer_Data_SendBuf  app_plt.o
    0x0800da78   0x00000058   Code   RO         3526    i.SetBindStatus     app_protocol.o
    0x0800dad0   0x0000007c   Code   RO         1028    i.SetMeterReadIndex  app_vfd.o
    0x0800db4c   0x00000064   Code   RO         3527    i.SetParaSaveFlag   app_protocol.o
    0x0800dbb0   0x0000002c   Code   RO         1029    i.SetRemoteOptResult  app_vfd.o
    0x0800dbdc   0x00000008   Code   RO         3717    i.SetSysClock       system_stm32f10x.o
    0x0800dbe4   0x000000e0   Code   RO         3718    i.SetSysClockTo72   system_stm32f10x.o
    0x0800dcc4   0x00000072   Code   RO         1481    i.Simulation        simulation.o
    0x0800dd36   0x00000002   PAD
    0x0800dd38   0x00000130   Code   RO            1    i.SoftWareInit      main.o
    0x0800de68   0x00000150   Code   RO          683    i.SpecAddrRead      app_para.o
    0x0800dfb8   0x0000002c   Code   RO          281    i.Start_Stop_Filter  app_alarmevent.o
    0x0800dfe4   0x000000aa   Code   RO         1320    i.StringToHex       comm.o
    0x0800e08e   0x00000002   PAD
    0x0800e090   0x00000040   Code   RO         1791    i.SysAppInfUpdate   app_upgrade.o
    0x0800e0d0   0x000000e8   Code   RO          635    i.SysComLed         app_led.o
    0x0800e1b8   0x000000fc   Code   RO          684    i.SysParaRead       app_para.o
    0x0800e2b4   0x00000148   Code   RO          685    i.SysParaStorage    app_para.o
    0x0800e3fc   0x00000120   Code   RO         1504    i.SysTick_Handler   stm32f10x_it.o
    0x0800e51c   0x00000016   Code   RO         1657    i.SysTime_Delay     app_rtc.o
    0x0800e532   0x00000012   Code   RO         1658    i.SysTime_Fresh     app_rtc.o
    0x0800e544   0x0000000c   Code   RO         1659    i.SysTime_Get       app_rtc.o
    0x0800e550   0x0000003c   Code   RO         1660    i.SysTime_Updata    app_rtc.o
    0x0800e58c   0x00000048   Code   RO          686    i.SysVarInit        app_para.o
    0x0800e5d4   0x000001e8   Code   RO          687    i.SysVarRead        app_para.o
    0x0800e7bc   0x00000060   Code   RO         3720    i.SystemInit        system_stm32f10x.o
    0x0800e81c   0x00001f2c   Code   RO         1948    i.TaskGC65          gc65.o
    0x08010748   0x00000224   Code   RO         1030    i.Task_Meter2Comm   app_vfd.o
    0x0801096c   0x000001c4   Code   RO         1031    i.Task_Meter2Deal   app_vfd.o
    0x08010b30   0x00000048   Code   RO         1032    i.Task_Meter2Init   app_vfd.o
    0x08010b78   0x00000288   Code   RO         1033    i.Task_MeterComm    app_vfd.o
    0x08010e00   0x000001a8   Code   RO         1034    i.Task_MeterDeal    app_vfd.o
    0x08010fa8   0x0000004c   Code   RO         1035    i.Task_MeterInit    app_vfd.o
    0x08010ff4   0x000001c0   Code   RO         1735    i.Task_MultFun_1s   app_multfun.o
    0x080111b4   0x00000050   Code   RO         3528    i.Task_ProDeal      app_protocol.o
    0x08011204   0x000005cc   Code   RO         3529    i.Task_ProSend      app_protocol.o
    0x080117d0   0x000003a4   Code   RO         1036    i.Task_VfdComm      app_vfd.o
    0x08011b74   0x0000031c   Code   RO         1037    i.Task_VfdDeal      app_vfd.o
    0x08011e90   0x0000005c   Code   RO         1038    i.Task_VfdInit      app_vfd.o
    0x08011eec   0x00000084   Code   RO         1505    i.UART4_IRQHandler  stm32f10x_it.o
    0x08011f70   0x00000134   Code   RO         1506    i.USART1_IRQHandler  stm32f10x_it.o
    0x080120a4   0x00000084   Code   RO         1507    i.USART2_IRQHandler  stm32f10x_it.o
    0x08012128   0x00000084   Code   RO         1508    i.USART3_IRQHandler  stm32f10x_it.o
    0x080121ac   0x00000012   Code   RO         2957    i.USART_ClearFlag   stm32f10x_usart.o
    0x080121be   0x0000001e   Code   RO         2958    i.USART_ClearITPendingBit  stm32f10x_usart.o
    0x080121dc   0x00000018   Code   RO         2961    i.USART_Cmd         stm32f10x_usart.o
    0x080121f4   0x00000012   Code   RO         2962    i.USART_DMACmd      stm32f10x_usart.o
    0x08012206   0x0000001a   Code   RO         2964    i.USART_GetFlagStatus  stm32f10x_usart.o
    0x08012220   0x00000054   Code   RO         2965    i.USART_GetITStatus  stm32f10x_usart.o
    0x08012274   0x0000004a   Code   RO         2967    i.USART_ITConfig    stm32f10x_usart.o
    0x080122be   0x00000002   PAD
    0x080122c0   0x000000d8   Code   RO         2968    i.USART_Init        stm32f10x_usart.o
    0x08012398   0x0000000a   Code   RO         2975    i.USART_ReceiveData  stm32f10x_usart.o
    0x080123a2   0x00000008   Code   RO         2978    i.USART_SendData    stm32f10x_usart.o
    0x080123aa   0x00000002   PAD
    0x080123ac   0x00000038   Code   RO         1510    i.USB_LP_CAN1_RX0_IRQHandler  stm32f10x_it.o
    0x080123e4   0x00000022   Code   RO         2198    i.UartFirstChar     uart.o
    0x08012406   0x00000002   PAD
    0x08012408   0x0000005c   Code   RO         2199    i.UartIntSendData   uart.o
    0x08012464   0x00000038   Code   RO         1511    i.UartRcvTimeOut    stm32f10x_it.o
    0x0801249c   0x0000010c   Code   RO         2200    i.UartSendData      uart.o
    0x080125a8   0x0000003a   Code   RO         2201    i.UartTimerOver     uart.o
    0x080125e2   0x00000002   PAD
    0x080125e4   0x000000e0   Code   RO         1792    i.UpdateFileCrcCheck  app_upgrade.o
    0x080126c4   0x00000068   Code   RO         1793    i.UpdateFileGet     app_upgrade.o
    0x0801272c   0x000000c0   Code   RO         1794    i.UpdateFileWrite   app_upgrade.o
    0x080127ec   0x00000028   Code   RO         1795    i.UpgradeFlagSet    app_upgrade.o
    0x08012814   0x0000004c   Code   RO         1796    i.UpgradeSectorErase  app_upgrade.o
    0x08012860   0x0000003c   Code   RO         1797    i.UpgradeServerInit  app_upgrade.o
    0x0801289c   0x00000018   Code   RO         1798    i.UpgradeSizeInit   app_upgrade.o
    0x080128b4   0x00000138   Code   RO         1799    i.UpgradeTask       app_upgrade.o
    0x080129ec   0x0000003c   Code   RO         1800    i.UpgradeUsrInit    app_upgrade.o
    0x08012a28   0x000000fc   Code   RO         1801    i.UpgradeVersionInit  app_upgrade.o
    0x08012b24   0x00000004   Code   RO         1512    i.UsageFault_Handler  stm32f10x_it.o
    0x08012b28   0x00000040   Code   RO          920    i.UsrCmdCtrl        app_usrcmd.o
    0x08012b68   0x00000094   Code   RO          921    i.UsrCmdDebug       app_usrcmd.o
    0x08012bfc   0x00000228   Code   RO          922    i.UsrCmdParse       app_usrcmd.o
    0x08012e24   0x00000208   Code   RO          923    i.UsrCmdQuery       app_usrcmd.o
    0x0801302c   0x00000080   Code   RO          924    i.UsrCmdSet         app_usrcmd.o
    0x080130ac   0x00000034   Code   RO          925    i.UsrCmdTest        app_usrcmd.o
    0x080130e0   0x00000028   Code   RO         1039    i.VfdClrTimeOut     app_vfd.o
    0x08013108   0x00000024   Code   RO         1040    i.VfdCtrlInit       app_vfd.o
    0x0801312c   0x00000050   Code   RO         1041    i.VfdReadRegPacket  app_vfd.o
    0x0801317c   0x00000060   Code   RO         1042    i.VfdSetWhoUse      app_vfd.o
    0x080131dc   0x0000000c   Code   RO         1043    i.VfdWaitResp       app_vfd.o
    0x080131e8   0x00000074   Code   RO         1045    i.VfdWriteMoreRegPacket  app_vfd.o
    0x0801325c   0x00000050   Code   RO         1046    i.VfdWriteRegPacket  app_vfd.o
    0x080132ac   0x00000028   Code   RO         1047    i.Vfd_Meter_Write_Data  app_vfd.o
    0x080132d4   0x00000048   Code   RO         3530    i.WaitRsp           app_protocol.o
    0x0801331c   0x0000000e   Code   RO         1324    i.WordToBuf         comm.o
    0x0801332a   0x00000002   PAD
    0x0801332c   0x000001d0   Code   RO          797    i.XYDevDataDeal     app_plt.o
    0x080134fc   0x000001ec   Code   RO          798    i.XYMeterVarRead    app_plt.o
    0x080136e8   0x00000058   Code   RO         1661    i.YearDay           app_rtc.o
    0x08013740   0x00000028   Code   RO         4226    i.__ARM_fpclassify  m_ws.l(fpclassify.o)
    0x08013768   0x00000024   Code   RO          688    i._flashErase       app_para.o
    0x0801378c   0x0000003c   Code   RO          689    i._flashRead        app_para.o
    0x080137c8   0x00000084   Code   RO          690    i._flashWrite       app_para.o
    0x0801384c   0x0000000e   Code   RO         3905    i._is_digit         c_w.l(__printf_wp.o)
    0x0801385a   0x00000034   Code   RO         1609    i.dtuCfgDataCheck   app_dtucfg.o
    0x0801388e   0x0000001c   Code   RO         1610    i.dtuCfgDataCrc     app_dtucfg.o
    0x080138aa   0x00000074   Code   RO         1611    i.dtuConfigResp     app_dtucfg.o
    0x0801391e   0x00000002   PAD
    0x08013920   0x00000578   Code   RO         1612    i.dtuFactoryConfig  app_dtucfg.o
    0x08013e98   0x00000010   Code   RO         1949    i.gprsIsConnect     gc65.o
    0x08013ea8   0x00000010   Code   RO         3531    i.isGprsCon         app_protocol.o
    0x08013eb8   0x00000248   Code   RO            2    i.main              main.o
    0x08014100   0x000000bc   Code   RO         1327    i.my_atof           comm.o
    0x080141bc   0x0000004a   Code   RO         1328    i.my_atoi           comm.o
    0x08014206   0x00000002   PAD
    0x08014208   0x00000044   Code   RO         1329    i.my_itoa           comm.o
    0x0801424c   0x00000092   Code   RO         2236    i.pipeCreate        pipe.o
    0x080142de   0x00000072   Code   RO         2237    i.pipeDataRead      pipe.o
    0x08014350   0x00000084   Code   RO         2238    i.pipeDataWrite     pipe.o
    0x080143d4   0x00000020   Code   RO         2239    i.pipeFlush         pipe.o
    0x080143f4   0x0000007c   Code   RO         1736    i.rst_data_process  app_multfun.o
    0x08014470   0x0000003c   Code   RO         1330    i.stricmp           comm.o
    0x080144ac   0x00000044   Code   RO          192    i.systick_init      bsp.o
    0x080144f0   0x0000002c   Code   RO         4207    locale$$code        c_w.l(lc_numeric_c.o)
    0x0801451c   0x0000002c   Code   RO         4240    locale$$code        c_w.l(lc_ctype_c.o)
    0x08014548   0x00000150   Code   RO         3949    x$fpl$dadd          fz_ws.l(daddsub_clz.o)
    0x08014698   0x000002b0   Code   RO         3956    x$fpl$ddiv          fz_ws.l(ddiv.o)
    0x08014948   0x0000005a   Code   RO         3959    x$fpl$dfixu         fz_ws.l(dfixu.o)
    0x080149a2   0x0000002e   Code   RO         3964    x$fpl$dflt          fz_ws.l(dflt_clz.o)
    0x080149d0   0x00000026   Code   RO         3963    x$fpl$dfltu         fz_ws.l(dflt_clz.o)
    0x080149f6   0x00000002   PAD
    0x080149f8   0x00000154   Code   RO         3969    x$fpl$dmul          fz_ws.l(dmul.o)
    0x08014b4c   0x0000009c   Code   RO         4125    x$fpl$dnaninf       fz_ws.l(dnaninf.o)
    0x08014be8   0x0000000c   Code   RO         4127    x$fpl$dretinf       fz_ws.l(dretinf.o)
    0x08014bf4   0x000001d4   Code   RO         3951    x$fpl$dsub          fz_ws.l(daddsub_clz.o)
    0x08014dc8   0x00000056   Code   RO         3971    x$fpl$f2d           fz_ws.l(f2d.o)
    0x08014e1e   0x00000002   PAD
    0x08014e20   0x00000184   Code   RO         3974    x$fpl$fdiv          fz_ws.l(fdiv.o)
    0x08014fa4   0x00000030   Code   RO         3978    x$fpl$fflt          fz_ws.l(fflt_clz.o)
    0x08014fd4   0x00000026   Code   RO         3977    x$fpl$ffltu         fz_ws.l(fflt_clz.o)
    0x08014ffa   0x00000002   PAD
    0x08014ffc   0x00000102   Code   RO         3983    x$fpl$fmul          fz_ws.l(fmul.o)
    0x080150fe   0x0000008c   Code   RO         4129    x$fpl$fnaninf       fz_ws.l(fnaninf.o)
    0x0801518a   0x0000000a   Code   RO         4131    x$fpl$fretinf       fz_ws.l(fretinf.o)
    0x08015194   0x00000004   Code   RO         3985    x$fpl$printf1       fz_ws.l(printf1.o)
    0x08015198   0x00000000   Code   RO         4133    x$fpl$usenofp       fz_ws.l(usenofp.o)
    0x08015198   0x00000748   Data   RO          800    .constdata          app_plt.o
    0x080158e0   0x00000200   Data   RO         1331    .constdata          comm.o
    0x08015ae0   0x0000000d   Data   RO         1662    .constdata          app_rtc.o
    0x08015aed   0x00000051   Data   RO         3533    .constdata          app_protocol.o
    0x08015b3e   0x00000002   PAD
    0x08015b40   0x00000400   Data   RO         3769    .constdata          crc32.lib(crc32.o)
    0x08015f40   0x00000028   Data   RO         3893    .constdata          c_w.l(_printf_hex_int_ll_ptr.o)
    0x08015f68   0x00000011   Data   RO         3913    .constdata          c_w.l(__printf_flags_ss_wp.o)
    0x08015f79   0x00000003   PAD
    0x08015f7c   0x00000008   Data   RO         4043    .constdata          c_w.l(_printf_wctomb.o)
    0x08015f84   0x00000094   Data   RO         4180    .constdata          c_w.l(bigflt0.o)
    0x08016018   0x00000243   Data   RO         3534    .conststring        app_protocol.o
    0x0801625b   0x00000001   PAD
    0x0801625c   0x00000020   Data   RO         4315    Region$$Table       anon$$obj.o
    0x0801627c   0x0000001c   Data   RO         4206    locale$$data        c_w.l(lc_numeric_c.o)
    0x08016298   0x00000110   Data   RO         4239    locale$$data        c_w.l(lc_ctype_c.o)


    Execution Region RW_IRAM1 (Base: 0x20000000, Size: 0x00003e08, Max: 0x0000c000, ABSOLUTE, COMPRESSED[0x00000044])

    Base Addr    Size         Type   Attr      Idx    E Section Name        Object

    0x20000000   0x00000018   Data   RW          283    .data               app_alarmevent.o
    0x20000018   0x00000008   Data   RW          410    .data               app_debug.o
    0x20000020   0x00000019   Data   RW          636    .data               app_led.o
    0x20000039   0x00000003   PAD
    0x2000003c   0x00000016   Data   RW          693    .data               app_para.o
    0x20000052   0x00000010   Data   RW          801    .data               app_plt.o
    0x20000062   0x00000002   PAD
    0x20000064   0x00000063   Data   RW         1049    .data               app_vfd.o
    0x200000c7   0x00000001   PAD
    0x200000c8   0x00000002   Data   RW         1513    .data               stm32f10x_it.o
    0x200000ca   0x00000002   Data   RW         1614    .data               app_dtucfg.o
    0x200000cc   0x00000012   Data   RW         1663    .data               app_rtc.o
    0x200000de   0x00000002   PAD
    0x200000e0   0x00000030   Data   RW         1737    .data               app_multfun.o
    0x20000110   0x00000009   Data   RW         1803    .data               app_upgrade.o
    0x20000119   0x00000003   PAD
    0x2000011c   0x00000036   Data   RW         1951    .data               gc65.o
    0x20000152   0x00000001   Data   RW         2203    .data               uart.o
    0x20000153   0x00000014   Data   RW         2786    .data               stm32f10x_rcc.o
    0x20000167   0x00000001   PAD
    0x20000168   0x00000039   Data   RW         3535    .data               app_protocol.o
    0x200001a1   0x00000003   PAD
    0x200001a4   0x00000004   Data   RW         3770    .data               crc32.lib(crc32.o)
    0x200001a8   0x00000001   Data   RW         3787    .data               SPIFlash.lib(spiflashdev.o)
    0x200001a9   0x00000003   PAD
    0x200001ac   0x00000004   Data   RW         3923    .data               c_w.l(strtok.o)
    0x200001b0   0x00000030   Zero   RW          282    .bss                app_alarmevent.o
    0x200001e0   0x000001a0   Zero   RW          409    .bss                app_debug.o
    0x20000380   0x00000214   Zero   RW          528    .bss                app_json.o
    0x20000594   0x00000400   Zero   RW          692    .bss                app_para.o
    0x20000994   0x00000073   Zero   RW          799    .bss                app_plt.o
    0x20000a07   0x00000001   PAD
    0x20000a08   0x00000310   Zero   RW         1048    .bss                app_vfd.o
    0x20000d18   0x00000400   Zero   RW         1613    .bss                app_dtucfg.o
    0x20001118   0x00000200   Zero   RW         1802    .bss                app_upgrade.o
    0x20001318   0x00001578   Zero   RW         1950    .bss                gc65.o
    0x20002890   0x0000020a   Zero   RW         2133    .bss                gc65_bsp.o
    0x20002a9a   0x0000048a   Zero   RW         2202    .bss                uart.o
    0x20002f24   0x00000880   Zero   RW         3532    .bss                app_protocol.o
    0x200037a4   0x00000060   Zero   RW         4137    .bss                c_w.l(libspace.o)
    0x20003804   0x00000004   PAD
    0x20003808   0x00000200   Zero   RW         3710    HEAP                startup_stm32f10x_hd.o
    0x20003a08   0x00000400   Zero   RW         3709    STACK               startup_stm32f10x_hd.o


==============================================================================

Image component sizes


      Code (inc. data)   RO Data    RW Data    ZI Data      Debug   Object Name

      1306        110          0         24         48     235606   app_alarmevent.o
       558        106          0          8        416       6327   app_debug.o
      1650         48          0          2       1024       5992   app_dtucfg.o
      3168        458          0          0        532      14350   app_json.o
       632         58          0         25          0       4520   app_led.o
      1072        180          0         48          0       4898   app_multfun.o
      3026        530          0         22       1024      14919   app_para.o
     13282        806       1864         16        115      23974   app_plt.o
     12906       1976        660         57       2176      30458   app_protocol.o
      1390         96         13         18          0       8744   app_rtc.o
      1704        378          0          9        512      11511   app_upgrade.o
      1482        458          0          0          0       5319   app_usrcmd.o
      7124        540          0         99        784      33983   app_vfd.o
      1832         96          0          0          0      25502   bsp.o
      1072         26        512          0          0      13421   comm.o
     14024       1978          0         54       5496      28299   gc65.o
       398         60          0          0        522       4947   gc65_bsp.o
       888        282          0          0          0     279738   main.o
       132         22          0          0          0      12203   misc.o
       440          0          0          0          0       4088   pipe.o
       114          0          0          0          0        593   simulation.o
       296         26          0          0          0       1784   spiflashhal.o
         6          0          0          0          0       1386   spiflashusr.o
        64         26        304          0       1536        872   startup_stm32f10x_hd.o
      1210         12          0          0          0      14715   stm32f10x_can.o
       506         26          0          0          0      15321   stm32f10x_dma.o
       330         38          0          0          0      12076   stm32f10x_flash.o
       430          6          0          0          0      12498   stm32f10x_gpio.o
      1178        110          0          2          0       8337   stm32f10x_it.o
       360         50          0         20          0      15171   stm32f10x_rcc.o
       112          0          0          0          0      11050   stm32f10x_spi.o
       508          6          0          0          0      14452   stm32f10x_usart.o
       328         28          0          0          0       2069   system_stm32f10x.o
       452         46          0          1       1162       3941   uart.o

    ----------------------------------------------------------------------
     74046       8582       3388        420      15348     883064   Object Totals
         0          0         32          0          0          0   (incl. Generated)
        66          0          3         15          1          0   (incl. Padding)

    ----------------------------------------------------------------------

      Code (inc. data)   RO Data    RW Data    ZI Data      Debug   Library Member Name

       202          6          0          0          0        412   spiflash.o
       672          6          0          1          0        988   spiflashdev.o
        44          6          0          0          0         84   __2sprintf.o
        90          0          0          0          0          0   __dczerorl2.o
         8          0          0          0          0         68   __main.o
       392          4         17          0          0         92   __printf_flags_ss_wp.o
        14          0          0          0          0         68   __printf_wp.o
         0          0          0          0          0          0   __rtentry.o
        12          0          0          0          0          0   __rtentry2.o
         6          0          0          0          0          0   __rtentry4.o
        52          8          0          0          0          0   __scatter.o
        28          0          0          0          0          0   __scatter_zi.o
        28          0          0          0          0         68   _chval.o
         6          0          0          0          0          0   _printf_a.o
         6          0          0          0          0          0   _printf_c.o
        44          0          0          0          0        108   _printf_char.o
        48          6          0          0          0         96   _printf_char_common.o
        40          0          0          0          0         68   _printf_charcount.o
         6          0          0          0          0          0   _printf_d.o
       120         16          0          0          0         92   _printf_dec.o
         6          0          0          0          0          0   _printf_e.o
         6          0          0          0          0          0   _printf_f.o
      1050          0          0          0          0        216   _printf_fp_dec.o
       128         16          0          0          0         84   _printf_fp_infnan.o
         6          0          0          0          0          0   _printf_g.o
       148          4         40          0          0        160   _printf_hex_int_ll_ptr.o
         6          0          0          0          0          0   _printf_i.o
       178          0          0          0          0         88   _printf_intcommon.o
        10          0          0          0          0          0   _printf_l.o
         6          0          0          0          0          0   _printf_lc.o
        10          0          0          0          0          0   _printf_ll.o
         6          0          0          0          0          0   _printf_lld.o
         6          0          0          0          0          0   _printf_lli.o
         6          0          0          0          0          0   _printf_llo.o
         6          0          0          0          0          0   _printf_llu.o
         6          0          0          0          0          0   _printf_llx.o
       124         16          0          0          0         92   _printf_longlong_dec.o
         6          0          0          0          0          0   _printf_ls.o
         6          0          0          0          0          0   _printf_n.o
         6          0          0          0          0          0   _printf_o.o
       112          8          0          0          0        124   _printf_oct_int_ll.o
         6          0          0          0          0          0   _printf_p.o
        78          0          0          0          0        108   _printf_pad.o
         0          0          0          0          0          0   _printf_percent.o
         4          0          0          0          0          0   _printf_percent_end.o
         6          0          0          0          0          0   _printf_s.o
        82          0          0          0          0         80   _printf_str.o
        36          0          0          0          0         84   _printf_truncate.o
         6          0          0          0          0          0   _printf_u.o
        44          0          0          0          0        108   _printf_wchar.o
       188          6          8          0          0         92   _printf_wctomb.o
         6          0          0          0          0          0   _printf_x.o
        16          0          0          0          0         68   _snputc.o
        10          0          0          0          0         68   _sputc.o
       158          0          0          0          0         92   _strtoul.o
        64          0          0          0          0         92   _wcrtomb.o
        16          0          0          0          0         68   aeabi_memset.o
        26          0          0          0          0         80   atoi.o
       220          4        148          0          0         96   bigflt0.o
      1910        128          0          0          0        672   btod.o
        52          4          0          0          0         80   c89vsnprintf.o
        10          0          0          0          0         68   defsig_exit.o
        50          0          0          0          0         88   defsig_general.o
        80         58          0          0          0         76   defsig_rtmem_inner.o
        14          0          0          0          0         80   defsig_rtmem_outer.o
        12          0          0          0          0         72   exit.o
        94          0          0          0          0         80   h1_alloc.o
        52          0          0          0          0         68   h1_extend.o
        78          0          0          0          0         80   h1_free.o
        14          0          0          0          0         84   h1_init.o
         6          0          0          0          0        152   heapauxi.o
         4          0          0          0          0        136   hguard.o
         0          0          0          0          0          0   indicate_semi.o
       138          0          0          0          0        168   init_alloc.o
        44         10        272          0          0         76   lc_ctype_c.o
        44         10         28          0          0         76   lc_numeric_c.o
         2          0          0          0          0          0   libinit.o
        38          0          0          0          0          0   libinit2.o
         2          0          0          0          0          0   libshutdown.o
         2          0          0          0          0          0   libshutdown2.o
         8          4          0          0         96         68   libspace.o
       138          0          0          0          0         80   lludiv10.o
         0          0          0          0          0          0   maybetermalloc1.o
        88          0          0          0          0         76   memcmp.o
        16          4          0          0          0         76   rt_ctype_table.o
         8          4          0          0          0         68   rt_errno_addr_intlibspace.o
         8          4          0          0          0         68   rt_heap_descriptor_intlibspace.o
         8          4          0          0          0         68   rt_locale_intlibspace.o
        68          0          0          0          0         68   rt_memclr.o
        78          0          0          0          0         80   rt_memclr_w.o
       138          0          0          0          0         68   rt_memcpy_v6.o
       100          0          0          0          0         80   rt_memcpy_w.o
         2          0          0          0          0          0   rtexit.o
        10          0          0          0          0          0   rtexit2.o
       128          0          0          0          0         68   strcmpv7m.o
        72          0          0          0          0         80   strcpy.o
        32          0          0          0          0         80   strcspn.o
        62          0          0          0          0         76   strlen.o
       150          0          0          0          0         80   strncmp.o
        86          0          0          0          0         76   strncpy.o
        28          0          0          0          0         80   strspn.o
        12          6          0          4          0         68   strtok.o
        68          4          0          0          0         84   strtok_int.o
       112          0          0          0          0         88   strtol.o
        12          4          0          0          0         68   sys_exit.o
        74          0          0          0          0         80   sys_stackheap_outer.o
        14          0          0          0          0         76   sys_wrch.o
         2          0          0          0          0         68   use_no_semi.o
        68         16       1024          4          0        148   crc32.o
       804         16          0          0          0        272   daddsub_clz.o
       688        140          0          0          0        208   ddiv.o
        90          4          0          0          0         92   dfixu.o
        84          0          0          0          0        136   dflt_clz.o
       340         12          0          0          0        104   dmul.o
       156          4          0          0          0         92   dnaninf.o
        12          0          0          0          0         68   dretinf.o
        86          4          0          0          0         84   f2d.o
       388         76          0          0          0         96   fdiv.o
        86          0          0          0          0        136   fflt_clz.o
       258          4          0          0          0         84   fmul.o
       140          4          0          0          0         84   fnaninf.o
        10          0          0          0          0         68   fretinf.o
         4          0          0          0          0         68   printf1.o
         0          0          0          0          0          0   usenofp.o
        40          0          0          0          0         68   fpclassify.o

    ----------------------------------------------------------------------
     12074        630       1540         12        100       9680   Library Totals
        30          0          3          3          4          0   (incl. Padding)

    ----------------------------------------------------------------------

      Code (inc. data)   RO Data    RW Data    ZI Data      Debug   Library Name

       874         12          0          1          0       1400   SPIFlash.lib
      7916        338        513          4         96       6472   c_w.l
        68         16       1024          4          0        148   crc32.lib
      3146        264          0          0          0       1592   fz_ws.l
        40          0          0          0          0         68   m_ws.l

    ----------------------------------------------------------------------
     12074        630       1540         12        100       9680   Library Totals

    ----------------------------------------------------------------------

==============================================================================


      Code (inc. data)   RO Data    RW Data    ZI Data      Debug   

     86120       9212       4928        432      15448     869704   Grand Totals
     86120       9212       4928         68      15448     869704   ELF Image Totals (compressed)
     86120       9212       4928         68          0          0   ROM Totals

==============================================================================

    Total RO  Size (Code + RO Data)                91048 (  88.91kB)
    Total RW  Size (RW Data + ZI Data)             15880 (  15.51kB)
    Total ROM Size (Code + RO Data + RW Data)      91116 (  88.98kB)

==============================================================================

