Component: ARM Compiler 5.05 update 1 (build 106) Tool: armlink [4d0efa]

==============================================================================

Section Cross References

    main.o(i.SoftWareInit) refers to app_debug.o(i.AppDebugInit) for AppDebugInit
    main.o(i.SoftWareInit) refers to app_debug.o(i.DebugMsg) for DebugMsg
    main.o(i.SoftWareInit) refers to bsp.o(i.FeedDog) for FeedDog
    main.o(i.SoftWareInit) refers to app_para.o(i.SysVarInit) for SysVarInit
    main.o(i.SoftWareInit) refers to app_para.o(i.SysParaRead) for SysParaRead
    main.o(i.main) refers to simulation.o(i.Simulation) for Simulation
    main.o(i.main) refers to bsp.o(i.HardWareInit) for HardWareInit
    main.o(i.main) refers to app_debug.o(i.Debug) for Debug
    main.o(i.main) refers to main.o(i.SoftWareInit) for SoftWareInit
    main.o(i.main) refers to app_alarmevent.o(i.AlarmEventInit) for AlarmEventInit
    main.o(i.main) refers to gc65.o(i.GprsAppInit) for GprsAppInit
    main.o(i.main) refers to app_protocol.o(i.ProSendInit) for ProSendInit
    main.o(i.main) refers to app_multfun.o(i.MultFunInit) for MultFunInit
    main.o(i.main) refers to app_vfd.o(i.RS485ComInit) for RS485ComInit
    main.o(i.main) refers to app_vfd.o(i.Task_MeterInit) for Task_MeterInit
    main.o(i.main) refers to app_vfd.o(i.Task_Meter2Init) for Task_Meter2Init
    main.o(i.main) refers to app_protocol.o(i.Task_ProDeal) for Task_ProDeal
    main.o(i.main) refers to app_vfd.o(i.Task_VfdDeal) for Task_VfdDeal
    main.o(i.main) refers to app_vfd.o(i.Task_MeterDeal) for Task_MeterDeal
    main.o(i.main) refers to app_vfd.o(i.Task_Meter2Deal) for Task_Meter2Deal
    main.o(i.main) refers to app_alarmevent.o(i.AlarmEventDeal) for AlarmEventDeal
    main.o(i.main) refers to app_dtucfg.o(i.dtuFactoryConfig) for dtuFactoryConfig
    main.o(i.main) refers to app_debug.o(i.RS485SndDly) for RS485SndDly
    main.o(i.main) refers to app_vfd.o(i.Task_VfdInit) for Task_VfdInit
    main.o(i.main) refers to app_usrcmd.o(i.UsrCmdParse) for UsrCmdParse
    main.o(i.main) refers to app_debug.o(i.DebugMsg) for DebugMsg
    main.o(i.main) refers to app_vfd.o(i.Task_VfdComm) for Task_VfdComm
    main.o(i.main) refers to app_vfd.o(i.Task_MeterComm) for Task_MeterComm
    main.o(i.main) refers to app_vfd.o(i.Task_Meter2Comm) for Task_Meter2Comm
    main.o(i.main) refers to app_protocol.o(i.DevStatToSystem) for DevStatToSystem
    main.o(i.main) refers to app_para.o(i.SysParaStorage) for SysParaStorage
    main.o(i.main) refers to bsp.o(i.FeedDog) for FeedDog
    main.o(i.main) refers to app_multfun.o(i.Task_MultFun_1s) for Task_MultFun_1s
    main.o(i.main) refers to gc65.o(i.TaskGC65) for TaskGC65
    main.o(i.main) refers to app_alarmevent.o(i.AlarmFilterTimer) for AlarmFilterTimer
    main.o(i.main) refers to app_led.o(i.SysComLed) for SysComLed
    main.o(i.main) refers to app_led.o(i.Rs485ComLed) for Rs485ComLed
    main.o(i.main) refers to app_upgrade.o(i.UpgradeTask) for UpgradeTask
    main.o(i.main) refers to app_protocol.o(i.Task_ProSend) for Task_ProSend
    main.o(i.main) refers to app_debug.o(.data) for AppDebug
    main.o(i.main) refers to app_multfun.o(.data) for CfgDelay
    main.o(i.main) refers to app_dtucfg.o(.data) for GbCfgCmd
    main.o(i.main) refers to app_rtc.o(.data) for TimeFlag
    main.o(i.main) refers to app_dtucfg.o(.data) for GbDtuEnterCfg
    main.o(i.main) refers to uart.o(.bss) for UartTest
    main.o(i.main) refers to app_vfd.o(.data) for pVfd
    main.o(i.main) refers to app_protocol.o(.data) for RebootTime
    bsp.o(i.Can_Config) refers to stm32f10x_can.o(i.CAN_DeInit) for CAN_DeInit
    bsp.o(i.Can_Config) refers to stm32f10x_can.o(i.CAN_StructInit) for CAN_StructInit
    bsp.o(i.Can_Config) refers to stm32f10x_rcc.o(i.RCC_GetClocksFreq) for RCC_GetClocksFreq
    bsp.o(i.Can_Config) refers to stm32f10x_can.o(i.CAN_Init) for CAN_Init
    bsp.o(i.Can_Config) refers to stm32f10x_can.o(i.CAN_FilterInit) for CAN_FilterInit
    bsp.o(i.Can_Config) refers to stm32f10x_can.o(i.CAN_ITConfig) for CAN_ITConfig
    bsp.o(i.GPIO_Configuration) refers to stm32f10x_gpio.o(i.GPIO_Init) for GPIO_Init
    bsp.o(i.GPIO_Configuration) refers to stm32f10x_gpio.o(i.GPIO_SetBits) for GPIO_SetBits
    bsp.o(i.GPIO_Configuration) refers to stm32f10x_gpio.o(i.GPIO_ResetBits) for GPIO_ResetBits
    bsp.o(i.GPIO_Configuration) refers to stm32f10x_gpio.o(i.GPIO_PinRemapConfig) for GPIO_PinRemapConfig
    bsp.o(i.HardWareInit) refers to stm32f10x_rcc.o(i.RCC_APB2PeriphClockCmd) for RCC_APB2PeriphClockCmd
    bsp.o(i.HardWareInit) refers to stm32f10x_rcc.o(i.RCC_APB1PeriphClockCmd) for RCC_APB1PeriphClockCmd
    bsp.o(i.HardWareInit) refers to stm32f10x_rcc.o(i.RCC_AHBPeriphClockCmd) for RCC_AHBPeriphClockCmd
    bsp.o(i.HardWareInit) refers to stm32f10x_rcc.o(i.RCC_GetClocksFreq) for RCC_GetClocksFreq
    bsp.o(i.HardWareInit) refers to bsp.o(i.NVIC_SetPriority) for NVIC_SetPriority
[...]
    UpgradeCancel                            0x0800e549   Thumb Code    26  app_upgrade.o(i.UpgradeCancel)
    UpgradeFlagSet                           0x0800e56d   Thumb Code    26  app_upgrade.o(i.UpgradeFlagSet)
    UpgradeSectorErase                       0x0800e591   Thumb Code    36  app_upgrade.o(i.UpgradeSectorErase)
    UpgradeServerInit                        0x0800e5c9   Thumb Code    46  app_upgrade.o(i.UpgradeServerInit)
    UpgradeSizeInit                          0x0800e601   Thumb Code    14  app_upgrade.o(i.UpgradeSizeInit)
    UpgradeTask                              0x0800e615   Thumb Code   178  app_upgrade.o(i.UpgradeTask)
    UpgradeUsrInit                           0x0800e6e5   Thumb Code    48  app_upgrade.o(i.UpgradeUsrInit)
    UpgradeVersionInit                       0x0800e71d   Thumb Code   158  app_upgrade.o(i.UpgradeVersionInit)
    UsageFault_Handler                       0x0800e7fd   Thumb Code     2  stm32f10x_it.o(i.UsageFault_Handler)
    UsrCmdCtrl                               0x0800e7ff   Thumb Code    48  app_usrcmd.o(i.UsrCmdCtrl)
    UsrCmdDebug                              0x0800e831   Thumb Code   114  app_usrcmd.o(i.UsrCmdDebug)
    UsrCmdParse                              0x0800e8ad   Thumb Code   286  app_usrcmd.o(i.UsrCmdParse)
    UsrCmdQuery                              0x0800ea4d   Thumb Code   186  app_usrcmd.o(i.UsrCmdQuery)
    UsrCmdSet                                0x0800ec41   Thumb Code    82  app_usrcmd.o(i.UsrCmdSet)
    UsrCmdTest                               0x0800eca1   Thumb Code    26  app_usrcmd.o(i.UsrCmdTest)
    VfdClrTimeOut                            0x0800ecbd   Thumb Code    12  app_vfd.o(i.VfdClrTimeOut)
    VfdCtrlInit                              0x0800eccd   Thumb Code    26  app_vfd.o(i.VfdCtrlInit)
    VfdReadRegPacket                         0x0800ecf1   Thumb Code    46  app_vfd.o(i.VfdReadRegPacket)
    VfdSetWhoUse                             0x0800ed21   Thumb Code    48  app_vfd.o(i.VfdSetWhoUse)
    VfdWaitResp                              0x0800ed55   Thumb Code     8  app_vfd.o(i.VfdWaitResp)
    VfdWriteMoreRegPacket                    0x0800ed61   Thumb Code    94  app_vfd.o(i.VfdWriteMoreRegPacket)
    VfdWriteRegPacket                        0x0800edbf   Thumb Code    46  app_vfd.o(i.VfdWriteRegPacket)
    Vfd_Meter_Write_Data                     0x0800eded   Thumb Code    30  app_vfd.o(i.Vfd_Meter_Write_Data)
    WaitRsp                                  0x0800ee11   Thumb Code    44  app_protocol.o(i.WaitRsp)
    WordToBuf                                0x0800ee41   Thumb Code    10  comm.o(i.WordToBuf)
    XYDevDataDeal                            0x0800ee4d   Thumb Code   264  app_plt.o(i.XYDevDataDeal)
    XYMeterVarRead                           0x0800ef5d   Thumb Code   228  app_plt.o(i.XYMeterVarRead)
    YearDay                                  0x0800f049   Thumb Code    62  app_rtc.o(i.YearDay)
    __ARM_fpclassify                         0x0800f099   Thumb Code    40  fpclassify.o(i.__ARM_fpclassify)
    _flashRead                               0x0800f0e5   Thumb Code    52  app_para.o(i._flashRead)
    _flashWrite                              0x0800f119   Thumb Code    80  app_para.o(i._flashWrite)
    _is_digit                                0x0800f18d   Thumb Code    14  __printf_wp.o(i._is_digit)
    dtuCfgDataCheck                          0x0800f389   Thumb Code    46  app_dtucfg.o(i.dtuCfgDataCheck)
    dtuCfgDataCrc                            0x0800f3b7   Thumb Code    28  app_dtucfg.o(i.dtuCfgDataCrc)
    dtuConfigResp                            0x0800f3d3   Thumb Code   104  app_dtucfg.o(i.dtuConfigResp)
    dtuFactoryConfig                         0x0800f43d   Thumb Code   872  app_dtucfg.o(i.dtuFactoryConfig)
    gprsIsConnect                            0x0800f7c9   Thumb Code    10  gc65.o(i.gprsIsConnect)
    isGprsCon                                0x0800fab1   Thumb Code    10  app_protocol.o(i.isGprsCon)
    main                                     0x0800fac1   Thumb Code   432  main.o(i.main)
    my_atof                                  0x0800fd69   Thumb Code   146  comm.o(i.my_atof)
    my_atoi                                  0x0800fe09   Thumb Code    62  comm.o(i.my_atoi)
    my_itoa                                  0x0800fe49   Thumb Code    58  comm.o(i.my_itoa)
    pipeCreate                               0x08010099   Thumb Code   122  pipe.o(i.pipeCreate)
    pipeDataRead                             0x08010113   Thumb Code    96  pipe.o(i.pipeDataRead)
    pipeDataWrite                            0x08010173   Thumb Code   112  pipe.o(i.pipeDataWrite)
    pipeFlush                                0x080101e3   Thumb Code    24  pipe.o(i.pipeFlush)
    rst_data_process                         0x08010c69   Thumb Code    78  app_multfun.o(i.rst_data_process)
    sfud_chip_erase                          0x08010eb5   Thumb Code   174  sfud.o(i.sfud_chip_erase)
    sfud_device_init                         0x08010fe9   Thumb Code    64  sfud.o(i.sfud_device_init)
    sfud_erase                               0x080110c1   Thumb Code   316  sfud.o(i.sfud_erase)
    sfud_get_device_table                    0x080112a5   Thumb Code     4  sfud.o(i.sfud_get_device_table)
    sfud_init                                0x080112ad   Thumb Code    52  sfud.o(i.sfud_init)
    sfud_log_debug                           0x08011345   Thumb Code    48  sfud_port.o(i.sfud_log_debug)
    sfud_log_info                            0x0801138d   Thumb Code    34  sfud_port.o(i.sfud_log_info)
    sfud_read                                0x080113bd   Thumb Code   210  sfud.o(i.sfud_read)
    sfud_read_sfdp                           0x08011515   Thumb Code    62  sfud_sfdp.o(i.sfud_read_sfdp)
    sfud_read_status                         0x080115a1   Thumb Code    66  sfud.o(i.sfud_read_status)
    sfud_sfdp_get_suitable_eraser            0x08011631   Thumb Code    84  sfud_sfdp.o(i.sfud_sfdp_get_suitable_eraser)
    sfud_spi_port_init                       0x080116dd   Thumb Code   212  sfud_port.o(i.sfud_spi_port_init)
    sfud_write                               0x080117d5   Thumb Code    42  sfud.o(i.sfud_write)
    sfud_write_status                        0x08011801   Thumb Code   108  sfud.o(i.sfud_write_status)
    stricmp                                  0x08011a09   Thumb Code    52  comm.o(i.stricmp)
    _get_lc_numeric                          0x08011b01   Thumb Code    44  lc_numeric_c.o(locale$$code)
    _get_lc_ctype                            0x08011b2d   Thumb Code    44  lc_ctype_c.o(locale$$code)
    __aeabi_dadd                             0x08011b59   Thumb Code     0  daddsub_clz.o(x$fpl$dadd)
    _dadd                                    0x08011b59   Thumb Code   332  daddsub_clz.o(x$fpl$dadd)
    __aeabi_ddiv                             0x08011ca9   Thumb Code     0  ddiv.o(x$fpl$ddiv)
    _ddiv                                    0x08011ca9   Thumb Code   552  ddiv.o(x$fpl$ddiv)
    __aeabi_d2uiz                            0x08011f59   Thumb Code     0  dfixu.o(x$fpl$dfixu)
    _dfixu                                   0x08011f59   Thumb Code    90  dfixu.o(x$fpl$dfixu)
    __aeabi_i2d                              0x08011fb3   Thumb Code     0  dflt_clz.o(x$fpl$dflt)
    _dflt                                    0x08011fb3   Thumb Code    46  dflt_clz.o(x$fpl$dflt)
    __aeabi_ui2d                             0x08011fe1   Thumb Code     0  dflt_clz.o(x$fpl$dfltu)
    _dfltu                                   0x08011fe1   Thumb Code    38  dflt_clz.o(x$fpl$dfltu)
    __aeabi_dmul                             0x08012009   Thumb Code     0  dmul.o(x$fpl$dmul)
    _dmul                                    0x08012009   Thumb Code   332  dmul.o(x$fpl$dmul)
    __fpl_dnaninf                            0x0801215d   Thumb Code   156  dnaninf.o(x$fpl$dnaninf)
    __fpl_dretinf                            0x080121f9   Thumb Code    12  dretinf.o(x$fpl$dretinf)
    __aeabi_dsub                             0x08012205   Thumb Code     0  daddsub_clz.o(x$fpl$dsub)
    _dsub                                    0x08012205   Thumb Code   464  daddsub_clz.o(x$fpl$dsub)
    __aeabi_f2d                              0x080123d9   Thumb Code     0  f2d.o(x$fpl$f2d)
    _f2d                                     0x080123d9   Thumb Code    86  f2d.o(x$fpl$f2d)
    __aeabi_fdiv                             0x08012431   Thumb Code     0  fdiv.o(x$fpl$fdiv)
    _fdiv                                    0x08012431   Thumb Code   384  fdiv.o(x$fpl$fdiv)
    __aeabi_i2f                              0x080125b5   Thumb Code     0  fflt_clz.o(x$fpl$fflt)
    _fflt                                    0x080125b5   Thumb Code    48  fflt_clz.o(x$fpl$fflt)
    __aeabi_ui2f                             0x080125e5   Thumb Code     0  fflt_clz.o(x$fpl$ffltu)
    _ffltu                                   0x080125e5   Thumb Code    38  fflt_clz.o(x$fpl$ffltu)
    __aeabi_fmul                             0x0801260d   Thumb Code     0  fmul.o(x$fpl$fmul)
    _fmul                                    0x0801260d   Thumb Code   258  fmul.o(x$fpl$fmul)
    __fpl_fnaninf                            0x0801270f   Thumb Code   140  fnaninf.o(x$fpl$fnaninf)
    __fpl_fretinf                            0x0801279b   Thumb Code    10  fretinf.o(x$fpl$fretinf)
    _printf_fp_dec                           0x080127a5   Thumb Code     4  printf1.o(x$fpl$printf1)
    _printf_fp_hex                           0x080127a9   Thumb Code     4  printf2.o(x$fpl$printf2)
    Plt_Mam860_DataList                      0x080127ac   Data         296  app_plt.o(.constdata)
    __I$use$fp                               0x080127ac   Number         0  usenofp.o(x$fpl$usenofp)
    Plt_Mam6080_DataList                     0x080128d4   Data        1456  app_plt.o(.constdata)
    H2U_PLC_DataList                         0x08012e84   Data         424  app_plt.o(.constdata)
    Xy_DataList                              0x0801302c   Data         184  app_plt.o(.constdata)
    chCRCHTalbe                              0x080130e4   Data         256  comm.o(.constdata)
    chCRCLTalbe                              0x080131e4   Data         256  comm.o(.constdata)
    Table                                    0x080132e4   Data          13  app_rtc.o(.constdata)
    CutLineHead                              0x080132f1   Data          40  app_protocol.o(.constdata)
    CutLineEnd                               0x08013319   Data          41  app_protocol.o(.constdata)
    Region$$Table$$Base                      0x080143d8   Number         0  anon$$obj.o(Region$$Table)
    Region$$Table$$Limit                     0x080143f8   Number         0  anon$$obj.o(Region$$Table)
    __ctype                                  0x08014421   Data           0  lc_ctype_c.o(locale$$data)
    StartFilterTimer                         0x20000000   Data           2  app_alarmevent.o(.data)
    StopFilterTimer                          0x20000002   Data           2  app_alarmevent.o(.data)
    AppDebug                                 0x20000014   Data           4  app_debug.o(.data)
    Led_indicate                             0x20000024   Data           4  app_led.o(.data)
    GpSysPara                                0x20000034   Data           4  app_para.o(.data)
    GpUsrPara                                0x20000038   Data           4  app_para.o(.data)
    GpOthInfo                                0x2000003c   Data           4  app_para.o(.data)
    GpAlmInfo                                0x20000040   Data           4  app_para.o(.data)
    GpSysStat                                0x20000044   Data           4  app_para.o(.data)
    PltAlowWrite                             0x20000048   Data           1  app_plt.o(.data)
    RemoteWritePara                          0x20000049   Data           1  app_plt.o(.data)
    EnterPltParaWrite                        0x2000005c   Data           1  app_plt.o(.data)
    MainVfd_Addr                             0x20000061   Data           1  app_vfd.o(.data)
    GbEventFlag                              0x20000064   Data           1  app_vfd.o(.data)
    VfdInitFlag                              0x20000065   Data           1  app_vfd.o(.data)
    GbMeterEventFlag                         0x20000066   Data           1  app_vfd.o(.data)
    GbMeter2EventFlag                        0x20000067   Data           1  app_vfd.o(.data)
    bRemoteBoot                              0x20000068   Data           1  app_vfd.o(.data)
    bRemoteStop                              0x20000069   Data           1  app_vfd.o(.data)
    VfdWhoUse                                0x2000006a   Data           1  app_vfd.o(.data)
    MeterWhoUse                              0x2000006b   Data           1  app_vfd.o(.data)
    Meter2WhoUse                             0x2000006c   Data           1  app_vfd.o(.data)
    VfdOptRlt                                0x2000006d   Data           1  app_vfd.o(.data)
    MeterOptRlt                              0x2000006e   Data           1  app_vfd.o(.data)
    Meter2OptRlt                             0x2000006f   Data           1  app_vfd.o(.data)
    Flow_Addr                                0x20000070   Data           1  app_vfd.o(.data)
    Meter_Addr                               0x20000071   Data           1  app_vfd.o(.data)
    VfdOptAddr                               0x20000074   Data           2  app_vfd.o(.data)
    pVfd                                     0x20000078   Data           4  app_vfd.o(.data)
    pMeter                                   0x2000007c   Data           4  app_vfd.o(.data)
    pMeter2                                  0x20000080   Data           4  app_vfd.o(.data)
    VfdChgToSnd                              0x20000084   Data           4  app_vfd.o(.data)
    VfdChgToRcv                              0x20000088   Data           4  app_vfd.o(.data)
    MeterChgToSnd                            0x2000008c   Data           4  app_vfd.o(.data)
    MeterChgToRcv                            0x20000090   Data           4  app_vfd.o(.data)
    Meter2ChgToSnd                           0x20000094   Data           4  app_vfd.o(.data)
    Meter2ChgToRcv                           0x20000098   Data           4  app_vfd.o(.data)
    SvrVfdOpt                                0x200000ba   Data           6  app_vfd.o(.data)
    TotalParaLen                             0x200000c0   Data           2  simulation.o(.data)
    GbCfgCmd                                 0x200000c4   Data           1  app_dtucfg.o(.data)
    GbDtuEnterCfg                            0x200000c5   Data           1  app_dtucfg.o(.data)
    TimeFlag                                 0x200000c8   Data           1  app_rtc.o(.data)
    SysTime                                  0x200000d4   Data           6  app_rtc.o(.data)
    MoneyCheckTimer                          0x200000e0   Data           4  app_multfun.o(.data)
    RmtBootTimer                             0x200000e4   Data           4  app_multfun.o(.data)
    RmtStopTimer                             0x200000e8   Data           4  app_multfun.o(.data)
    CfgDelay                                 0x200000ec   Data           4  app_multfun.o(.data)
    AlmDealDelay                             0x200000f0   Data           4  app_multfun.o(.data)
    BeforeReg                                0x200000fc   Data           8  app_multfun.o(.data)
    Upgrade                                  0x20000108   Data           8  app_upgrade.o(.data)
    pToGprs                                  0x20000118   Data           4  gc65.o(.data)
    pGprsSnd                                 0x2000011c   Data           4  gc65.o(.data)
    pATResp                                  0x20000120   Data           4  gc65.o(.data)
    pGprsRcv                                 0x20000124   Data           4  gc65.o(.data)
    dtuStatus                                0x20000128   Data           4  gc65.o(.data)
    DebugUartRcvStat                         0x2000012c   Data           1  uart.o(.data)
    Rsp                                      0x20000144   Data           1  app_protocol.o(.data)
    Ack                                      0x20000145   Data           1  app_protocol.o(.data)
    GbUpLoadAllPara                          0x20000149   Data           1  app_protocol.o(.data)
    ParaUpload                               0x20000154   Data           4  app_protocol.o(.data)
    ParaUpdate                               0x20000158   Data           4  app_protocol.o(.data)
    RebootTime                               0x2000015c   Data           4  app_protocol.o(.data)
    InitParaUp                               0x20000160   Data           4  app_protocol.o(.data)
    RegDelay                                 0x20000164   Data           4  app_protocol.o(.data)
    ParaUploadDelay                          0x20000168   Data           4  app_protocol.o(.data)
    Heart_CycleMoment                        0x2000016c   Data           4  app_protocol.o(.data)
    GbeInitParaSend                          0x20000170   Data           1  app_protocol.o(.data)
    AlmFilterTimer                           0x20000204   Data          48  app_alarmevent.o(.bss)
    PreAlmFilterTimer                        0x20000234   Data          14  app_alarmevent.o(.bss)
    DebugCheck                               0x200003d4   Data          32  app_debug.o(.bss)
    JsonNode                                 0x200003f4   Data          12  app_json.o(.bss)
    JsonObjNode                              0x20000400   Data          32  app_json.o(.bss)
    HeartAddrList                            0x20000420   Data         162  app_json.o(.bss)
    JsonArrayBuf                             0x200004c4   Data         324  app_json.o(.bss)
    SysParaBuf                               0x20000608   Data         228  app_para.o(.bss)
    UsrParaBuf                               0x200006ec   Data          24  app_para.o(.bss)
    OthInfoBuf                               0x20000704   Data          16  app_para.o(.bss)
    AlmInfoBuf                               0x20000714   Data          16  app_para.o(.bss)
    SysStatBuf                               0x20000724   Data         536  app_para.o(.bss)
    ParaFat                                  0x2000093c   Data          20  app_para.o(.bss)
    Server_Data_Buf                          0x20000a34   Data          84  app_plt.o(.bss)
    VarBuf                                   0x20000a88   Data          31  app_plt.o(.bss)
    VfdCtrl                                  0x20000aa8   Data          24  app_vfd.o(.bss)
    MeterCtrl                                0x20000ac0   Data          24  app_vfd.o(.bss)
    Meter2Ctrl                               0x20000ad8   Data          24  app_vfd.o(.bss)
    RS4850Modbus                             0x20000b24   Data         220  app_vfd.o(.bss)
    RS4851Modbus                             0x20000c00   Data         220  app_vfd.o(.bss)
    RS4852Modbus                             0x20000cdc   Data         220  app_vfd.o(.bss)
    dtuTmpBuf                                0x20000db8   Data        1024  app_dtucfg.o(.bss)
    UpgradeBuf                               0x200011b8   Data         512  app_upgrade.o(.bss)
    GprsRcvBuf                               0x200013b8   Data         802  gc65.o(.bss)
    GprsSndBuf                               0x200016da   Data        1282  gc65.o(.bss)
    ATRespBuf                                0x20001bdc   Data         906  gc65.o(.bss)
    FtpInf                                   0x20001f68   Data         128  gc65.o(.bss)
    GprsCtrlInfo                             0x20001fe8   Data         272  gc65.o(.bss)
    DMAUart2Buf                              0x200028fc   Data         522  gc65_bsp.o(.bss)
    UartTest                                 0x20002b06   Data         108  uart.o(.bss)
    AlmStat                                  0x20002f90   Data          20  app_protocol.o(.bss)
    SysEvent                                 0x20002fa4   Data          20  app_protocol.o(.bss)
    ProSndInf                                0x20002fb8   Data          16  app_protocol.o(.bss)
    SendBuf                                  0x20002fc8   Data        1024  app_protocol.o(.bss)
    ProAckBuf                                0x200033c8   Data        1024  app_protocol.o(.bss)
    AlmMask                                  0x20003800   Data          16  app_protocol.o(.bss)
    __libspace_start                         0x20003a18   Data          96  libspace.o(.bss)
    __temporary_stack_top$libspace           0x20003a78   Data           0  libspace.o(.bss)



==============================================================================

Memory Map of the image

  Image Entry point : 0x08000131

  Load Region LR_IROM1 (Base: 0x08000000, Size: 0x00014728, Max: 0x00040000, ABSOLUTE, COMPRESSED[0x0001457c])

    Execution Region ER_IROM1 (Base: 0x08000000, Size: 0x00014524, Max: 0x00040000, ABSOLUTE)

    Base Addr    Size         Type   Attr      Idx    E Section Name        Object

    0x08000000   0x00000130   Data   RO         3916    RESET               startup_stm32f10x_hd.o
    0x08000130   0x00000008   Code   RO         4097  * !!!main             c_w.l(__main.o)
    0x08000138   0x00000034   Code   RO         4477    !!!scatter          c_w.l(__scatter.o)
    0x0800016c   0x0000005a   Code   RO         4475    !!dczerorl2         c_w.l(__dczerorl2.o)
    0x080001c6   0x00000002   PAD
    0x080001c8   0x0000001c   Code   RO         4479    !!handler_zi        c_w.l(__scatter_zi.o)
    0x080001e4   0x00000000   Code   RO         4069    .ARM.Collect$$_printf_percent$$00000000  c_w.l(_printf_percent.o)
    0x080001e4   0x00000006   Code   RO         4203    .ARM.Collect$$_printf_percent$$00000001  c_w.l(_printf_n.o)
    0x080001ea   0x00000006   Code   RO         4204    .ARM.Collect$$_printf_percent$$00000002  c_w.l(_printf_p.o)
    0x080001f0   0x00000006   Code   RO         4068    .ARM.Collect$$_printf_percent$$00000003  c_w.l(_printf_f.o)
    0x080001f6   0x00000006   Code   RO         4208    .ARM.Collect$$_printf_percent$$00000004  c_w.l(_printf_e.o)
    0x080001fc   0x00000006   Code   RO         4209    .ARM.Collect$$_printf_percent$$00000005  c_w.l(_printf_g.o)
    0x08000202   0x00000006   Code   RO         4210    .ARM.Collect$$_printf_percent$$00000006  c_w.l(_printf_a.o)
    0x08000208   0x0000000a   Code   RO         4215    .ARM.Collect$$_printf_percent$$00000007  c_w.l(_printf_ll.o)
    0x08000212   0x00000006   Code   RO         4206    .ARM.Collect$$_printf_percent$$00000008  c_w.l(_printf_i.o)
    0x08000218   0x00000006   Code   RO         4067    .ARM.Collect$$_printf_percent$$00000009  c_w.l(_printf_d.o)
    0x0800021e   0x00000006   Code   RO         4207    .ARM.Collect$$_printf_percent$$0000000A  c_w.l(_printf_u.o)
    0x08000224   0x00000006   Code   RO         4205    .ARM.Collect$$_printf_percent$$0000000B  c_w.l(_printf_o.o)
    0x0800022a   0x00000006   Code   RO         4066    .ARM.Collect$$_printf_percent$$0000000C  c_w.l(_printf_x.o)
    0x08000230   0x00000006   Code   RO         4212    .ARM.Collect$$_printf_percent$$0000000D  c_w.l(_printf_lli.o)
    0x08000236   0x00000006   Code   RO         4213    .ARM.Collect$$_printf_percent$$0000000E  c_w.l(_printf_lld.o)
    0x0800023c   0x00000006   Code   RO         4214    .ARM.Collect$$_printf_percent$$0000000F  c_w.l(_printf_llu.o)
    0x08000242   0x00000006   Code   RO         4219    .ARM.Collect$$_printf_percent$$00000010  c_w.l(_printf_llo.o)
    0x08000248   0x00000006   Code   RO         4220    .ARM.Collect$$_printf_percent$$00000011  c_w.l(_printf_llx.o)
    0x0800024e   0x0000000a   Code   RO         4216    .ARM.Collect$$_printf_percent$$00000012  c_w.l(_printf_l.o)
    0x08000258   0x00000006   Code   RO         4064    .ARM.Collect$$_printf_percent$$00000013  c_w.l(_printf_c.o)
    0x0800025e   0x00000006   Code   RO         4065    .ARM.Collect$$_printf_percent$$00000014  c_w.l(_printf_s.o)
    0x08000264   0x00000006   Code   RO         4217    .ARM.Collect$$_printf_percent$$00000015  c_w.l(_printf_lc.o)
    0x0800026a   0x00000006   Code   RO         4218    .ARM.Collect$$_printf_percent$$00000016  c_w.l(_printf_ls.o)
    0x08000270   0x00000004   Code   RO         4211    .ARM.Collect$$_printf_percent$$00000017  c_w.l(_printf_percent_end.o)
    0x08000274   0x00000002   Code   RO         4415    .ARM.Collect$$libinit$$00000000  c_w.l(libinit.o)
    0x08000276   0x00000000   Code   RO         4230    .ARM.Collect$$libinit$$00000002  c_w.l(libinit2.o)
    0x08000276   0x00000000   Code   RO         4232    .ARM.Collect$$libinit$$00000004  c_w.l(libinit2.o)
    0x08000276   0x00000008   Code   RO         4233    .ARM.Collect$$libinit$$00000005  c_w.l(libinit2.o)
    0x0800027e   0x00000000   Code   RO         4235    .ARM.Collect$$libinit$$0000000A  c_w.l(libinit2.o)
    0x0800027e   0x00000000   Code   RO         4237    .ARM.Collect$$libinit$$0000000C  c_w.l(libinit2.o)
    0x0800027e   0x00000000   Code   RO         4239    .ARM.Collect$$libinit$$0000000E  c_w.l(libinit2.o)
    0x0800027e   0x00000006   Code   RO         4240    .ARM.Collect$$libinit$$0000000F  c_w.l(libinit2.o)
    0x08000284   0x00000000   Code   RO         4242    .ARM.Collect$$libinit$$00000011  c_w.l(libinit2.o)
    0x08000284   0x0000000c   Code   RO         4243    .ARM.Collect$$libinit$$00000012  c_w.l(libinit2.o)
    0x08000290   0x00000000   Code   RO         4244    .ARM.Collect$$libinit$$00000013  c_w.l(libinit2.o)
    0x08000290   0x00000000   Code   RO         4246    .ARM.Collect$$libinit$$00000015  c_w.l(libinit2.o)
    0x08000290   0x0000000a   Code   RO         4247    .ARM.Collect$$libinit$$00000016  c_w.l(libinit2.o)
    0x0800029a   0x00000000   Code   RO         4248    .ARM.Collect$$libinit$$00000017  c_w.l(libinit2.o)
    0x0800029a   0x00000000   Code   RO         4250    .ARM.Collect$$libinit$$00000019  c_w.l(libinit2.o)
    0x0800029a   0x00000000   Code   RO         4252    .ARM.Collect$$libinit$$0000001B  c_w.l(libinit2.o)
    0x0800029a   0x00000000   Code   RO         4254    .ARM.Collect$$libinit$$0000001D  c_w.l(libinit2.o)
    0x0800029a   0x00000000   Code   RO         4256    .ARM.Collect$$libinit$$0000001F  c_w.l(libinit2.o)
    0x0800029a   0x00000000   Code   RO         4258    .ARM.Collect$$libinit$$00000021  c_w.l(libinit2.o)
    0x0800029a   0x00000000   Code   RO         4260    .ARM.Collect$$libinit$$00000023  c_w.l(libinit2.o)
    0x0800029a   0x00000000   Code   RO         4262    .ARM.Collect$$libinit$$00000025  c_w.l(libinit2.o)
    0x0800029a   0x00000000   Code   RO         4266    .ARM.Collect$$libinit$$0000002C  c_w.l(libinit2.o)
    0x0800029a   0x00000000   Code   RO         4268    .ARM.Collect$$libinit$$0000002E  c_w.l(libinit2.o)
    0x0800029a   0x00000000   Code   RO         4270    .ARM.Collect$$libinit$$00000030  c_w.l(libinit2.o)
    0x0800029a   0x00000000   Code   RO         4272    .ARM.Collect$$libinit$$00000032  c_w.l(libinit2.o)
    0x0800029a   0x00000002   Code   RO         4273    .ARM.Collect$$libinit$$00000033  c_w.l(libinit2.o)
    0x0800029c   0x00000002   Code   RO         4472    .ARM.Collect$$libshutdown$$00000000  c_w.l(libshutdown.o)
    0x0800029e   0x00000000   Code   RO         4430    .ARM.Collect$$libshutdown$$00000003  c_w.l(libshutdown2.o)
    0x0800029e   0x00000000   Code   RO         4433    .ARM.Collect$$libshutdown$$00000006  c_w.l(libshutdown2.o)
    0x0800029e   0x00000000   Code   RO         4436    .ARM.Collect$$libshutdown$$00000009  c_w.l(libshutdown2.o)
    0x0800029e   0x00000000   Code   RO         4438    .ARM.Collect$$libshutdown$$0000000B  c_w.l(libshutdown2.o)
    0x0800029e   0x00000000   Code   RO         4441    .ARM.Collect$$libshutdown$$0000000E  c_w.l(libshutdown2.o)
    0x0800029e   0x00000002   Code   RO         4442    .ARM.Collect$$libshutdown$$0000000F  c_w.l(libshutdown2.o)
    0x080002a0   0x00000000   Code   RO         4139    .ARM.Collect$$rtentry$$00000000  c_w.l(__rtentry.o)
    0x080002a0   0x00000000   Code   RO         4295    .ARM.Collect$$rtentry$$00000002  c_w.l(__rtentry2.o)
    0x080002a0   0x00000006   Code   RO         4307    .ARM.Collect$$rtentry$$00000004  c_w.l(__rtentry4.o)
    0x080002a6   0x00000000   Code   RO         4297    .ARM.Collect$$rtentry$$00000009  c_w.l(__rtentry2.o)
    0x080002a6   0x00000004   Code   RO         4298    .ARM.Collect$$rtentry$$0000000A  c_w.l(__rtentry2.o)
    0x080002aa   0x00000000   Code   RO         4300    .ARM.Collect$$rtentry$$0000000C  c_w.l(__rtentry2.o)
    0x080002aa   0x00000008   Code   RO         4301    .ARM.Collect$$rtentry$$0000000D  c_w.l(__rtentry2.o)
    0x080002b2   0x00000002   Code   RO         4418    .ARM.Collect$$rtexit$$00000000  c_w.l(rtexit.o)
    0x080002b4   0x00000000   Code   RO         4446    .ARM.Collect$$rtexit$$00000002  c_w.l(rtexit2.o)
    0x080002b4   0x00000004   Code   RO         4447    .ARM.Collect$$rtexit$$00000003  c_w.l(rtexit2.o)
    0x080002b8   0x00000006   Code   RO         4448    .ARM.Collect$$rtexit$$00000004  c_w.l(rtexit2.o)
    0x080002be   0x00000002   PAD
    0x080002c0   0x00000000   Code   RO         4318    .emb_text           c_w.l(maybetermalloc1.o)
    0x080002c0   0x00000040   Code   RO         3917    .text               startup_stm32f10x_hd.o
    0x08000300   0x0000005e   Code   RO         3955    .text               c_w.l(h1_alloc.o)
    0x0800035e   0x00000002   PAD
    0x08000360   0x00000034   Code   RO         4009    .text               c_w.l(vsnprintf.o)
    0x08000394   0x0000002c   Code   RO         4011    .text               c_w.l(__2sprintf.o)
    0x080003c0   0x0000004e   Code   RO         4017    .text               c_w.l(_printf_pad.o)
    0x0800040e   0x00000052   Code   RO         4019    .text               c_w.l(_printf_str.o)
    0x08000460   0x00000078   Code   RO         4021    .text               c_w.l(_printf_dec.o)
    0x080004d8   0x00000094   Code   RO         4041    .text               c_w.l(_printf_hex_int_ll_ptr.o)
    0x0800056c   0x00000188   Code   RO         4061    .text               c_w.l(__printf_flags_ss_wp.o)
    0x080006f4   0x0000001a   Code   RO         4070    .text               c_w.l(atoi.o)
    0x0800070e   0x00000002   PAD
    0x08000710   0x0000000c   Code   RO         4072    .text               c_w.l(strtok.o)
    0x0800071c   0x00000058   Code   RO         4075    .text               c_w.l(memcmp.o)
    0x08000774   0x00000048   Code   RO         4077    .text               c_w.l(strcpy.o)
    0x080007bc   0x0000003e   Code   RO         4079    .text               c_w.l(strlen.o)
    0x080007fa   0x00000096   Code   RO         4081    .text               c_w.l(strncmp.o)
    0x08000890   0x0000008a   Code   RO         4083    .text               c_w.l(rt_memcpy_v6.o)
    0x0800091a   0x00000010   Code   RO         4085    .text               c_w.l(aeabi_memset.o)
    0x0800092a   0x00000044   Code   RO         4087    .text               c_w.l(rt_memclr.o)
    0x0800096e   0x0000004e   Code   RO         4089    .text               c_w.l(rt_memclr_w.o)
    0x080009bc   0x00000056   Code   RO         4091    .text               c_w.l(strncpy.o)
    0x08000a12   0x00000002   PAD
    0x08000a14   0x00000080   Code   RO         4093    .text               c_w.l(strcmpv7m.o)
    0x08000a94   0x00000006   Code   RO         4095    .text               c_w.l(heapauxi.o)
    0x08000a9a   0x00000002   PAD
    0x08000a9c   0x00000008   Code   RO         4143    .text               c_w.l(rt_heap_descriptor_intlibspace.o)
    0x08000aa4   0x00000008   Code   RO         4148    .text               c_w.l(rt_errno_addr_intlibspace.o)
    0x08000aac   0x00000004   Code   RO         4150    .text               c_w.l(hguard.o)
    0x08000ab0   0x0000008a   Code   RO         4152    .text               c_w.l(init_alloc.o)
    0x08000b3a   0x0000000e   Code   RO         4158    .text               c_w.l(h1_init.o)
    0x08000b48   0x0000004e   Code   RO         4160    .text               c_w.l(h1_free.o)
    0x08000b96   0x00000024   Code   RO         4176    .text               c_w.l(_printf_truncate.o)
    0x08000bba   0x000000b2   Code   RO         4178    .text               c_w.l(_printf_intcommon.o)
    0x08000c6c   0x00000028   Code   RO         4180    .text               c_w.l(_printf_charcount.o)
    0x08000c94   0x0000041a   Code   RO         4182    .text               c_w.l(_printf_fp_dec.o)
    0x080010ae   0x00000002   PAD
    0x080010b0   0x00000030   Code   RO         4184    .text               c_w.l(_printf_char_common.o)
    0x080010e0   0x0000000a   Code   RO         4186    .text               c_w.l(_sputc.o)
    0x080010ea   0x00000010   Code   RO         4188    .text               c_w.l(_snputc.o)
    0x080010fa   0x0000002c   Code   RO         4190    .text               c_w.l(_printf_char.o)
    0x08001126   0x00000002   PAD
    0x08001128   0x000000bc   Code   RO         4192    .text               c_w.l(_printf_wctomb.o)
    0x080011e4   0x0000007c   Code   RO         4195    .text               c_w.l(_printf_longlong_dec.o)
    0x08001260   0x00000070   Code   RO         4201    .text               c_w.l(_printf_oct_int_ll.o)
    0x080012d0   0x00000070   Code   RO         4221    .text               c_w.l(strtol.o)
    0x08001340   0x00000044   Code   RO         4223    .text               c_w.l(strtok_int.o)
    0x08001384   0x00000064   Code   RO         4225    .text               c_w.l(rt_memcpy_w.o)
    0x080013e8   0x00000008   Code   RO         4291    .text               c_w.l(libspace.o)
    0x080013f0   0x00000010   Code   RO         4309    .text               c_w.l(rt_ctype_table.o)
    0x08001400   0x00000008   Code   RO         4314    .text               c_w.l(rt_locale_intlibspace.o)
    0x08001408   0x00000034   Code   RO         4320    .text               c_w.l(h1_extend.o)
    0x0800143c   0x0000008a   Code   RO         4324    .text               c_w.l(lludiv10.o)
    0x080014c6   0x00000002   PAD
    0x080014c8   0x000002fc   Code   RO         4326    .text               c_w.l(_printf_fp_hex.o)
    0x080017c4   0x00000080   Code   RO         4329    .text               c_w.l(_printf_fp_infnan.o)
    0x08001844   0x0000002c   Code   RO         4333    .text               c_w.l(_printf_wchar.o)
    0x08001870   0x0000009e   Code   RO         4335    .text               c_w.l(_strtoul.o)
    0x0800190e   0x00000002   PAD
    0x08001910   0x000000dc   Code   RO         4337    .text               c_w.l(bigflt0.o)
    0x080019ec   0x00000040   Code   RO         4362    .text               c_w.l(_wcrtomb.o)
    0x08001a2c   0x0000000e   Code   RO         4367    .text               c_w.l(defsig_rtmem_outer.o)
    0x08001a3a   0x00000020   Code   RO         4371    .text               c_w.l(strcspn.o)
    0x08001a5a   0x0000001c   Code   RO         4373    .text               c_w.l(strspn.o)
    0x08001a76   0x00000002   Code   RO         4386    .text               c_w.l(use_no_semi.o)
    0x08001a78   0x00000000   Code   RO         4388    .text               c_w.l(indicate_semi.o)
    0x08001a78   0x0000004a   Code   RO         4389    .text               c_w.l(sys_stackheap_outer.o)
    0x08001ac2   0x0000001c   Code   RO         4395    .text               c_w.l(_chval.o)
    0x08001ade   0x0000000c   Code   RO         4400    .text               c_w.l(exit.o)
    0x08001aea   0x0000000a   Code   RO         4402    .text               c_w.l(defsig_exit.o)
    0x08001af4   0x00000050   Code   RO         4404    .text               c_w.l(defsig_rtmem_inner.o)
    0x08001b44   0x0000000c   Code   RO         4416    .text               c_w.l(sys_exit.o)
    0x08001b50   0x00000032   Code   RO         4426    .text               c_w.l(defsig_general.o)
    0x08001b82   0x0000000e   Code   RO         4443    .text               c_w.l(sys_wrch.o)
    0x08001b90   0x0000003e   Code   RO         4340    CL$$btod_d2e        c_w.l(btod.o)
    0x08001bce   0x00000046   Code   RO         4342    CL$$btod_d2e_denorm_low  c_w.l(btod.o)
    0x08001c14   0x00000060   Code   RO         4341    CL$$btod_d2e_norm_op1  c_w.l(btod.o)
    0x08001c74   0x00000338   Code   RO         4350    CL$$btod_div_common  c_w.l(btod.o)
    0x08001fac   0x000000c6   Code   RO         4347    CL$$btod_e2e        c_w.l(btod.o)
    0x08002072   0x00000028   Code   RO         4344    CL$$btod_ediv       c_w.l(btod.o)
    0x0800209a   0x00000028   Code   RO         4343    CL$$btod_emul       c_w.l(btod.o)
    0x080020c2   0x00000244   Code   RO         4349    CL$$btod_mult_common  c_w.l(btod.o)
    0x08002306   0x0000002a   Code   RO         1304    i.ASCIIToHex        comm.o
    0x08002330   0x00000a3c   Code   RO         1918    i.ATCmdParse        gc65.o
    0x08002d6c   0x0000003c   Code   RO         1919    i.ATCmdSend         gc65.o
    0x08002da8   0x0000003c   Code   RO         1920    i.ATCmdSetAPN       gc65.o
    0x08002de4   0x00000030   Code   RO         1922    i.ATstrToInt32U     gc65.o
    0x08002e14   0x0000004e   Code   RO         3442    i.AckPacket         app_protocol.o
    0x08002e62   0x00000002   PAD
    0x08002e64   0x00000188   Code   RO          284    i.AlarmEventDeal    app_alarmevent.o
    0x08002fec   0x00000094   Code   RO          285    i.AlarmEventInit    app_alarmevent.o
    0x08003080   0x0000006c   Code   RO          286    i.AlarmFilterTimeOver  app_alarmevent.o
    0x080030ec   0x00000024   Code   RO          287    i.AlarmFilterTimer  app_alarmevent.o
    0x08003110   0x00000038   Code   RO          288    i.Alarm_Filter_Deal  app_alarmevent.o
    0x08003148   0x00000014   Code   RO          408    i.AppDebugInit      app_debug.o
    0x0800315c   0x00000020   Code   RO         1610    i.BigEndConvert     app_dtucfg.o
    0x0800317c   0x00000016   Code   RO         1305    i.BufExchange       comm.o
    0x08003192   0x00000002   Code   RO         1498    i.BusFault_Handler  stm32f10x_it.o
    0x08003194   0x0000002c   Code   RO         3288    i.CAN_DeInit        stm32f10x_can.o
    0x080031c0   0x000000cc   Code   RO         3290    i.CAN_FilterInit    stm32f10x_can.o
    0x0800328c   0x00000010   Code   RO         3296    i.CAN_ITConfig      stm32f10x_can.o
    0x0800329c   0x000000e8   Code   RO         3297    i.CAN_Init          stm32f10x_can.o
    0x08003384   0x00000016   Code   RO         3298    i.CAN_MessagePending  stm32f10x_can.o
    0x0800339a   0x0000008e   Code   RO         3300    i.CAN_Receive       stm32f10x_can.o
    0x08003428   0x00000020   Code   RO         3303    i.CAN_StructInit    stm32f10x_can.o
    0x08003448   0x000000a4   Code   RO         3305    i.CAN_Transmit      stm32f10x_can.o
    0x080034ec   0x0000002c   Code   RO         1306    i.CRC16_1           comm.o
    0x08003518   0x00000008   Code   RO         3885    i.CRC32_Final       crc32.o
    0x08003520   0x00000008   Code   RO         3886    i.CRC32_Init        crc32.o
    0x08003528   0x00000028   Code   RO         3887    i.CRC32_Update      crc32.o
    0x08003550   0x00000028   Code   RO         1016    i.CanBus_ISR_Rx     app_vfd.o
    0x08003578   0x00000090   Code   RO          196    i.Can_Config        bsp.o
    0x08003608   0x0000000e   Code   RO         1307    i.CharConvert       comm.o
    0x08003616   0x00000002   PAD
    0x08003618   0x0000000c   Code   RO         3443    i.ClearHeartTimer   app_protocol.o
    0x08003624   0x0000006a   Code   RO         1652    i.ConverseTimeNum   app_rtc.o
    0x0800368e   0x00000002   PAD
    0x08003690   0x00000044   Code   RO         2124    i.DMA1_Channel6_IRQHandler  gc65_bsp.o
    0x080036d4   0x00000038   Code   RO         1500    i.DMA1_Channel7_IRQHandler  stm32f10x_it.o
    0x0800370c   0x00000018   Code   RO         2339    i.DMA_ClearFlag     stm32f10x_dma.o
    0x08003724   0x00000016   Code   RO         2341    i.DMA_Cmd           stm32f10x_dma.o
    0x0800373a   0x00000002   PAD
    0x0800373c   0x000000e4   Code   RO         2342    i.DMA_DeInit        stm32f10x_dma.o
    0x08003820   0x00000020   Code   RO         2344    i.DMA_GetFlagStatus  stm32f10x_dma.o
    0x08003840   0x00000010   Code   RO         2346    i.DMA_ITConfig      stm32f10x_dma.o
    0x08003850   0x0000003a   Code   RO         2347    i.DMA_Init          stm32f10x_dma.o
    0x0800388a   0x00000012   Code   RO         1308    i.DWordToBuf        comm.o
    0x0800389c   0x0000004c   Code   RO          409    i.Debug             app_debug.o
    0x080038e8   0x0000000a   Code   RO          935    i.DebugFtpTest      app_usrcmd.o
    0x080038f2   0x00000002   Code   RO         1501    i.DebugMon_Handler  stm32f10x_it.o
    0x080038f4   0x000000d0   Code   RO          411    i.DebugMsg          app_debug.o
    0x080039c4   0x0000006c   Code   RO          412    i.DebugStrMsg       app_debug.o
    0x08003a30   0x00000020   Code   RO         1923    i.DelayReConnect    gc65.o
    0x08003a50   0x0000000c   Code   RO         1310    i.DevFourByteToDWord  comm.o
    0x08003a5c   0x00000044   Code   RO         1311    i.DevFourByteToU16  comm.o
    0x08003aa0   0x000001b0   Code   RO          686    i.DevParaDefault    app_para.o
    0x08003c50   0x00000120   Code   RO          687    i.DevParaRead       app_para.o
    0x08003d70   0x000000dc   Code   RO          688    i.DevParaWrite      app_para.o
    0x08003e4c   0x00000084   Code   RO         3444    i.DevStatToSystem   app_protocol.o
    0x08003ed0   0x00000004   Code   RO         1312    i.DevTwoByteToWord  comm.o
    0x08003ed4   0x00000044   Code   RO         1018    i.DriveCan_sendData  app_vfd.o
    0x08003f18   0x0000000c   Code   RO         2417    i.FLASH_ClearFlag   stm32f10x_flash.o
    0x08003f24   0x0000003c   Code   RO         2422    i.FLASH_ErasePage   stm32f10x_flash.o
    0x08003f60   0x00000028   Code   RO         2423    i.FLASH_GetBank1Status  stm32f10x_flash.o
    0x08003f88   0x00000010   Code   RO         2432    i.FLASH_Lock        stm32f10x_flash.o
    0x08003f98   0x00000050   Code   RO         2437    i.FLASH_ProgramWord  stm32f10x_flash.o
    0x08003fe8   0x00000018   Code   RO         2440    i.FLASH_Unlock      stm32f10x_flash.o
    0x08004000   0x00000022   Code   RO         2444    i.FLASH_WaitForLastOperation  stm32f10x_flash.o
    0x08004022   0x00000002   PAD
    0x08004024   0x00000010   Code   RO         1786    i.FTPConnectRequestSet  app_upgrade.o
    0x08004034   0x00000002   Code   RO          197    i.FeedDog           bsp.o
    0x08004036   0x00000016   Code   RO          689    i.FieldValOffset    app_para.o
    0x0800404c   0x00000020   Code   RO         1787    i.FtpDataGetFlag    app_upgrade.o
    0x0800406c   0x000000ac   Code   RO         1788    i.FtpInfoInit       app_upgrade.o
    0x08004118   0x00000014   Code   RO         1789    i.FtpTimeDelay      app_upgrade.o
    0x0800412c   0x0000009c   Code   RO         3445    i.GB_GeneralAck     app_protocol.o
    0x080041c8   0x00000054   Code   RO         3446    i.GB_GetAckMsgHead  app_protocol.o
    0x0800421c   0x00000060   Code   RO         3447    i.GB_GetMsgHead     app_protocol.o
    0x0800427c   0x00000040   Code   RO         1925    i.GC65Timer         gc65.o
    0x080042bc   0x000000f4   Code   RO          198    i.GPIO_Configuration  bsp.o
    0x080043b0   0x0000009c   Code   RO         2598    i.GPIO_Init         stm32f10x_gpio.o
    0x0800444c   0x00000058   Code   RO         2600    i.GPIO_PinRemapConfig  stm32f10x_gpio.o
    0x080044a4   0x00000004   Code   RO         2605    i.GPIO_ResetBits    stm32f10x_gpio.o
    0x080044a8   0x00000004   Code   RO         2606    i.GPIO_SetBits      stm32f10x_gpio.o
    0x080044ac   0x000001e0   Code   RO         3448    i.GPRSDataDeal      app_protocol.o
    0x0800468c   0x00000084   Code   RO         2125    i.GPRSUartDMAInit   gc65_bsp.o
    0x08004710   0x00000db4   Code   RO         3450    i.GetEventInfo      app_protocol.o
    0x080054c4   0x0000000c   Code   RO         2126    i.GetGprsUartDMABuf  gc65_bsp.o
    0x080054d0   0x00000120   Code   RO         3451    i.GetHeartData      app_protocol.o
    0x080055f0   0x00000024   Code   RO          787    i.GetMeter2ReadAddr  app_plt.o
    0x08005614   0x00000024   Code   RO          788    i.GetMeterReadAddr  app_plt.o
    0x08005638   0x00000054   Code   RO         1926    i.GetMultLoc        gc65.o
    0x0800568c   0x00000150   Code   RO          789    i.GetPlt1SpecPara   app_plt.o
    0x080057dc   0x000000f8   Code   RO          790    i.GetPlt2SpecPara   app_plt.o
    0x080058d4   0x0000009c   Code   RO          791    i.GetPlt3SpecPara   app_plt.o
    0x08005970   0x000002c0   Code   RO          792    i.GetPltAllPara     app_plt.o
    0x08005c30   0x0000008c   Code   RO          793    i.GetPltReadAddr    app_plt.o
    0x08005cbc   0x00000064   Code   RO         3452    i.GetRegister       app_protocol.o
    0x08005d20   0x00000028   Code   RO         3453    i.GetRsp            app_protocol.o
    0x08005d48   0x00000120   Code   RO         1653    i.GetRtctime        app_rtc.o
    0x08005e68   0x00000188   Code   RO         3454    i.GetStatusUpData   app_protocol.o
    0x08005ff0   0x0000004c   Code   RO         3455    i.GetUpdateData     app_protocol.o
    0x0800603c   0x0000008c   Code   RO         3456    i.GetVfdOptInfo     app_protocol.o
    0x080060c8   0x0000004c   Code   RO         1927    i.GprsAppInit       gc65.o
    0x08006114   0x0000003c   Code   RO         2127    i.GprsDMAReceiveDisable  gc65_bsp.o
    0x08006150   0x0000002c   Code   RO         1928    i.GprsParaInit      gc65.o
    0x0800617c   0x00000020   Code   RO         1930    i.GprsReAPN         gc65.o
    0x0800619c   0x0000001c   Code   RO         1931    i.GprsReConnect     gc65.o
    0x080061b8   0x000000d0   Code   RO         1654    i.GprsReadNetTime   app_rtc.o
    0x08006288   0x00000140   Code   RO         1932    i.GprsReadQeng      gc65.o
    0x080063c8   0x0000001c   Code   RO         1933    i.GprsSndDataAccept  gc65.o
    0x080063e4   0x0000000c   Code   RO         1934    i.GprsSndDataFlush  gc65.o
    0x080063f0   0x00000010   Code   RO         1935    i.GprsSndDataPost   gc65.o
    0x08006400   0x00000050   Code   RO         2128    i.GprsUART_SetDMAReceive  gc65_bsp.o
    0x08006450   0x0000000a   Code   RO         2129    i.GprsUartCmd       gc65_bsp.o
    0x0800645a   0x00000002   PAD
    0x0800645c   0x00000020   Code   RO         2130    i.GprsUartDMAReceive  gc65_bsp.o
    0x0800647c   0x00000178   Code   RO         1936    i.GprsUartIsr       gc65.o
    0x080065f4   0x00000002   Code   RO         1502    i.HardFault_Handler  stm32f10x_it.o
    0x080065f6   0x00000002   PAD
    0x080065f8   0x000000ec   Code   RO          199    i.HardWareInit      bsp.o
    0x080066e4   0x0000009c   Code   RO         1937    i.HaveDataSend      gc65.o
    0x08006780   0x00000004   Code   RO         1313    i.Hex2Float         comm.o
    0x08006784   0x00000094   Code   RO          200    i.Init485Uart       bsp.o
    0x08006818   0x00000070   Code   RO          201    i.InitCan           bsp.o
    0x08006888   0x000001b8   Code   RO          203    i.InitUart          bsp.o
    0x08006a40   0x0000002c   Code   RO         1938    i.InsertTo          gc65.o
    0x08006a6c   0x00000094   Code   RO          204    i.InterruptConfig   bsp.o
    0x08006b00   0x00000050   Code   RO         1316    i.IsIp              comm.o
    0x08006b50   0x0000001c   Code   RO         1317    i.IsNumber          comm.o
    0x08006b6c   0x00000010   Code   RO         3457    i.IsReg             app_protocol.o
    0x08006b7c   0x000001c4   Code   RO          516    i.JSON_AddrAndDataToObject  app_json.o
    0x08006d40   0x00000050   Code   RO          517    i.JSON_AddrListExtract  app_json.o
    0x08006d90   0x00000080   Code   RO          518    i.JSON_AddrNumberDataToObject  app_json.o
    0x08006e10   0x00000028   Code   RO          519    i.JSON_AddrStringDataToObject  app_json.o
    0x08006e38   0x000000bc   Code   RO          520    i.JSON_ArrayExtract  app_json.o
    0x08006ef4   0x00000024   Code   RO          521    i.JSON_EventNoInfToObject  app_json.o
    0x08006f18   0x00000084   Code   RO          522    i.JSON_EventWithInfToObject  app_json.o
    0x08006f9c   0x00000080   Code   RO          523    i.JSON_Extract      app_json.o
    0x0800701c   0x00000138   Code   RO          525    i.JSON_ExtractObjNode  app_json.o
    0x08007154   0x0000013c   Code   RO          526    i.JSON_FlowDataToObject  app_json.o
    0x08007290   0x00000028   Code   RO          527    i.JSON_IsObjectBegin  app_json.o
    0x080072b8   0x000001dc   Code   RO          528    i.JSON_MeterDataToObject  app_json.o
    0x08007494   0x00000028   Code   RO          529    i.JSON_NumberValToObject  app_json.o
    0x080074bc   0x0000000c   Code   RO          530    i.JSON_ObjectBegin  app_json.o
    0x080074c8   0x00000026   Code   RO          531    i.JSON_ObjectEnd    app_json.o
    0x080074ee   0x00000002   PAD
    0x080074f0   0x000000f8   Code   RO         3458    i.JSON_RtcTimeGet   app_protocol.o
    0x080075e8   0x00000028   Code   RO          532    i.JSON_StringValToObject  app_json.o
    0x08007610   0x0000002c   Code   RO         1655    i.LeapYear          app_rtc.o
    0x0800763c   0x00000030   Code   RO          639    i.LedOnSet          app_led.o
    0x0800766c   0x00000084   Code   RO          640    i.Led_Indicate      app_led.o
    0x080076f0   0x0000002c   Code   RO          641    i.Led_Indicate_Init  app_led.o
    0x0800771c   0x00000002   Code   RO         1503    i.MemManage_Handler  stm32f10x_it.o
    0x0800771e   0x00000002   PAD
    0x08007720   0x00000010   Code   RO         1020    i.Meter2ClrTimeOut  app_vfd.o
    0x08007730   0x00000010   Code   RO         1021    i.MeterClrTimeOut   app_vfd.o
    0x08007740   0x00000018   Code   RO         1022    i.MeterReadIndexChg  app_vfd.o
    0x08007758   0x0000000c   Code   RO         1023    i.MeterWaitResp     app_vfd.o
    0x08007764   0x00000022   Code   RO         1024    i.ModbusAddrInit    app_vfd.o
    0x08007786   0x0000000e   Code   RO         1025    i.ModbusDelay       app_vfd.o
    0x08007794   0x00000006   Code   RO         1026    i.ModbusFunInit     app_vfd.o
    0x0800779a   0x0000002a   Code   RO         1028    i.ModbusRcvCrcChk   app_vfd.o
    0x080077c4   0x0000002e   Code   RO         1029    i.ModbusRcvFinish   app_vfd.o
    0x080077f2   0x0000002e   Code   RO         1030    i.ModbusRcvTimeOut  app_vfd.o
    0x08007820   0x00000044   Code   RO         1031    i.ModbusSendNextChar  app_vfd.o
    0x08007864   0x00000034   Code   RO         1032    i.ModbusStartSend   app_vfd.o
    0x08007898   0x00000042   Code   RO         1033    i.ModbusUartIsr     app_vfd.o
    0x080078da   0x00000002   PAD
    0x080078dc   0x00000010   Code   RO         1791    i.ModelIsFtping     app_upgrade.o
    0x080078ec   0x000000ac   Code   RO         1731    i.MultFunInit       app_multfun.o
    0x08007998   0x00000002   Code   RO         1504    i.NMI_Handler       stm32f10x_it.o
    0x0800799a   0x00000002   PAD
    0x0800799c   0x00000064   Code   RO         2270    i.NVIC_Init         misc.o
    0x08007a00   0x00000014   Code   RO         2271    i.NVIC_PriorityGroupConfig  misc.o
    0x08007a14   0x00000020   Code   RO          205    i.NVIC_SetPriority  bsp.o
    0x08007a34   0x0000000e   Code   RO         1318    i.NetFourByteToDWord  comm.o
    0x08007a42   0x00000006   Code   RO         1319    i.NetTwoByteToWord  comm.o
    0x08007a48   0x000000c0   Code   RO         3459    i.ObjRespondToServer  app_protocol.o
    0x08007b08   0x0000004e   Code   RO         3460    i.Packet            app_protocol.o
    0x08007b56   0x0000000e   Code   RO         2234    i.PipeDataValid     pipe.o
    0x08007b64   0x000005d0   Code   RO          795    i.Plt3SysVarRead    app_plt.o
    0x08008134   0x000006f4   Code   RO          796    i.PltDevDataPrase   app_plt.o
    0x08008828   0x000003f8   Code   RO          797    i.PltDevH2UParse    app_plt.o
    0x08008c20   0x0000047e   Code   RO          798    i.PltDevMan860DataPrase  app_plt.o
    0x0800909e   0x00000002   PAD
    0x080090a0   0x00000374   Code   RO          799    i.PltMam6080OtherDataPrase  app_plt.o
    0x08009414   0x00000500   Code   RO          800    i.PltMam6080OtherVarRead  app_plt.o
    0x08009914   0x000001f8   Code   RO         1034    i.PltParaWrite      app_vfd.o
    0x08009b0c   0x00000198   Code   RO          801    i.PltSysVarWriter   app_plt.o
    0x08009ca4   0x00000088   Code   RO          802    i.Plt_Fault_Deal    app_plt.o
    0x08009d2c   0x0000005c   Code   RO          804    i.Plt_RunStata_Deal  app_plt.o
    0x08009d88   0x0000016c   Code   RO         3461    i.ProDataSend       app_protocol.o
    0x08009ef4   0x00000028   Code   RO         3462    i.ProSendInit       app_protocol.o
    0x08009f1c   0x00000018   Code   RO         2752    i.RCC_AHBPeriphClockCmd  stm32f10x_rcc.o
    0x08009f34   0x00000018   Code   RO         2753    i.RCC_APB1PeriphClockCmd  stm32f10x_rcc.o
    0x08009f4c   0x00000018   Code   RO         2754    i.RCC_APB1PeriphResetCmd  stm32f10x_rcc.o
    0x08009f64   0x00000018   Code   RO         2755    i.RCC_APB2PeriphClockCmd  stm32f10x_rcc.o
    0x08009f7c   0x00000018   Code   RO         2756    i.RCC_APB2PeriphResetCmd  stm32f10x_rcc.o
    0x08009f94   0x00000010   Code   RO         2759    i.RCC_ClearFlag     stm32f10x_rcc.o
    0x08009fa4   0x00000094   Code   RO         2763    i.RCC_GetClocksFreq  stm32f10x_rcc.o
    0x0800a038   0x00000024   Code   RO         1035    i.RS4850_ChgToRcv   app_vfd.o
    0x0800a05c   0x00000044   Code   RO         1036    i.RS4850_ChgToSnd   app_vfd.o
    0x0800a0a0   0x00000024   Code   RO         1037    i.RS4851_ChgToRcv   app_vfd.o
    0x0800a0c4   0x00000040   Code   RO         1038    i.RS4851_ChgToSnd   app_vfd.o
    0x0800a104   0x00000024   Code   RO         1039    i.RS4852_ChgToRcv   app_vfd.o
    0x0800a128   0x00000044   Code   RO         1040    i.RS4852_ChgToSnd   app_vfd.o
    0x0800a16c   0x00000024   Code   RO          414    i.RS485CfgResp      app_debug.o
    0x0800a190   0x00000030   Code   RO         1041    i.RS485ComInit      app_vfd.o
    0x0800a1c0   0x00000010   Code   RO          415    i.RS485SndDly       app_debug.o
    0x0800a1d0   0x0000008c   Code   RO         1656    i.RTC_GmtToBjTime   app_rtc.o
    0x0800a25c   0x00000050   Code   RO         1042    i.ReadIndexChg      app_vfd.o
    0x0800a2ac   0x00000014   Code   RO         3463    i.RebootDelay       app_protocol.o
    0x0800a2c0   0x0000003c   Code   RO         1732    i.RegTimerErrCode   app_multfun.o
    0x0800a2fc   0x00000014   Code   RO         1733    i.RegTimerInit      app_multfun.o
    0x0800a310   0x00000058   Code   RO         1734    i.RegTimerRun       app_multfun.o
    0x0800a368   0x00000010   Code   RO         1735    i.RegTimerStop      app_multfun.o
    0x0800a378   0x00000006   Code   RO         1941    i.RemoveBlackatoi   gc65.o
    0x0800a37e   0x00000002   PAD
    0x0800a380   0x00000020   Code   RO         1942    i.ReturnToInserStage  gc65.o
    0x0800a3a0   0x00000034   Code   RO          642    i.Rs485ComLed       app_led.o
    0x0800a3d4   0x000000d8   Code   RO         1043    i.Rs485ComOptResultAlarm  app_vfd.o
    0x0800a4ac   0x00000014   Code   RO         3141    i.SPI_CalculateCRC  stm32f10x_spi.o
    0x0800a4c0   0x00000014   Code   RO         3142    i.SPI_Cmd           stm32f10x_spi.o
    0x0800a4d4   0x00000054   Code   RO         3149    i.SPI_I2S_DeInit    stm32f10x_spi.o
    0x0800a528   0x0000000e   Code   RO         3150    i.SPI_I2S_GetFlagStatus  stm32f10x_spi.o
    0x0800a536   0x00000004   Code   RO         3153    i.SPI_I2S_ReceiveData  stm32f10x_spi.o
    0x0800a53a   0x00000004   Code   RO         3154    i.SPI_I2S_SendData  stm32f10x_spi.o
    0x0800a53e   0x00000038   Code   RO         3155    i.SPI_Init          stm32f10x_spi.o
    0x0800a576   0x00000002   Code   RO         1505    i.SVC_Handler       stm32f10x_it.o
    0x0800a578   0x00000090   Code   RO         1943    i.SendATCondition   gc65.o
    0x0800a608   0x00000024   Code   RO         1945    i.SendIPDATA        gc65.o
    0x0800a62c   0x000004b8   Code   RO         3464    i.ServerCmdDeal     app_protocol.o
    0x0800aae4   0x00000094   Code   RO         3465    i.ServerCmd_Head_Deal  app_protocol.o
    0x0800ab78   0x000001c4   Code   RO         3466    i.ServerDataGetRespond  app_protocol.o
    0x0800ad3c   0x000001e4   Code   RO         3467    i.ServerParaSet     app_protocol.o
    0x0800af20   0x000000e4   Code   RO         1657    i.ServerTimeSet     app_rtc.o
    0x0800b004   0x00000058   Code   RO          805    i.Server_Writer_Data_Buf  app_plt.o
    0x0800b05c   0x00000048   Code   RO          806    i.Server_Writer_Data_SendBuf  app_plt.o
    0x0800b0a4   0x0000000c   Code   RO         1044    i.SetMeterReadIndex  app_vfd.o
    0x0800b0b0   0x00000030   Code   RO         3468    i.SetParaSaveFlag   app_protocol.o
    0x0800b0e0   0x00000020   Code   RO         1045    i.SetRemoteOptResult  app_vfd.o
    0x0800b100   0x000000a8   Code   RO         3922    i.SetSysClockTo72   system_stm32f10x.o
    0x0800b1a8   0x00000030   Code   RO         1480    i.Simulation        simulation.o
    0x0800b1d8   0x00000130   Code   RO            1    i.SoftWareInit      main.o
    0x0800b308   0x000000f4   Code   RO          692    i.SpecAddrRead      app_para.o
    0x0800b3fc   0x0000001c   Code   RO          289    i.Start_Stop_Filter  app_alarmevent.o
    0x0800b418   0x00000094   Code   RO         1320    i.StringToHex       comm.o
    0x0800b4ac   0x00000048   Code   RO         1793    i.SysAppInfUpdate   app_upgrade.o
    0x0800b4f4   0x00000088   Code   RO          643    i.SysComLed         app_led.o
    0x0800b57c   0x000000e0   Code   RO          693    i.SysParaRead       app_para.o
    0x0800b65c   0x00000114   Code   RO          694    i.SysParaStorage    app_para.o
    0x0800b770   0x000000a8   Code   RO         1506    i.SysTick_Handler   stm32f10x_it.o
    0x0800b818   0x00000014   Code   RO         1658    i.SysTime_Delay     app_rtc.o
    0x0800b82c   0x00000010   Code   RO         1659    i.SysTime_Fresh     app_rtc.o
    0x0800b83c   0x00000024   Code   RO         1661    i.SysTime_Updata    app_rtc.o
    0x0800b860   0x00000020   Code   RO          695    i.SysVarInit        app_para.o
    0x0800b880   0x00000148   Code   RO          696    i.SysVarRead        app_para.o
    0x0800b9c8   0x00000050   Code   RO         3924    i.SystemInit        system_stm32f10x.o
    0x0800ba18   0x000013c8   Code   RO         1947    i.TaskGC65          gc65.o
    0x0800cde0   0x00000130   Code   RO         1046    i.Task_Meter2Comm   app_vfd.o
    0x0800cf10   0x00000114   Code   RO         1047    i.Task_Meter2Deal   app_vfd.o
    0x0800d024   0x0000003c   Code   RO         1048    i.Task_Meter2Init   app_vfd.o
    0x0800d060   0x00000184   Code   RO         1049    i.Task_MeterComm    app_vfd.o
    0x0800d1e4   0x000000fc   Code   RO         1050    i.Task_MeterDeal    app_vfd.o
    0x0800d2e0   0x00000044   Code   RO         1051    i.Task_MeterInit    app_vfd.o
    0x0800d324   0x00000110   Code   RO         1736    i.Task_MultFun_1s   app_multfun.o
    0x0800d434   0x00000054   Code   RO         3469    i.Task_ProDeal      app_protocol.o
    0x0800d488   0x000003d8   Code   RO         3470    i.Task_ProSend      app_protocol.o
    0x0800d860   0x00000250   Code   RO         1052    i.Task_VfdComm      app_vfd.o
    0x0800dab0   0x000001a4   Code   RO         1053    i.Task_VfdDeal      app_vfd.o
    0x0800dc54   0x00000044   Code   RO         1054    i.Task_VfdInit      app_vfd.o
    0x0800dc98   0x00000084   Code   RO         1507    i.UART4_IRQHandler  stm32f10x_it.o
    0x0800dd1c   0x00000110   Code   RO         1508    i.USART1_IRQHandler  stm32f10x_it.o
    0x0800de2c   0x00000084   Code   RO         1509    i.USART2_IRQHandler  stm32f10x_it.o
    0x0800deb0   0x00000084   Code   RO         1510    i.USART3_IRQHandler  stm32f10x_it.o
    0x0800df34   0x00000006   Code   RO         2954    i.USART_ClearFlag   stm32f10x_usart.o
    0x0800df3a   0x0000000c   Code   RO         2955    i.USART_ClearITPendingBit  stm32f10x_usart.o
    0x0800df46   0x00000014   Code   RO         2958    i.USART_Cmd         stm32f10x_usart.o
    0x0800df5a   0x00000010   Code   RO         2959    i.USART_DMACmd      stm32f10x_usart.o
    0x0800df6a   0x0000000e   Code   RO         2961    i.USART_GetFlagStatus  stm32f10x_usart.o
    0x0800df78   0x0000003e   Code   RO         2962    i.USART_GetITStatus  stm32f10x_usart.o
    0x0800dfb6   0x00000030   Code   RO         2964    i.USART_ITConfig    stm32f10x_usart.o
    0x0800dfe6   0x00000002   PAD
    0x0800dfe8   0x000000ac   Code   RO         2965    i.USART_Init        stm32f10x_usart.o
    0x0800e094   0x00000008   Code   RO         2972    i.USART_ReceiveData  stm32f10x_usart.o
    0x0800e09c   0x00000008   Code   RO         2975    i.USART_SendData    stm32f10x_usart.o
    0x0800e0a4   0x00000034   Code   RO         1512    i.USB_LP_CAN1_RX0_IRQHandler  stm32f10x_it.o
    0x0800e0d8   0x0000001c   Code   RO         2196    i.UartFirstChar     uart.o
    0x0800e0f4   0x0000002c   Code   RO         2197    i.UartIntSendData   uart.o
    0x0800e120   0x00000030   Code   RO         1513    i.UartRcvTimeOut    stm32f10x_it.o
    0x0800e150   0x000000ec   Code   RO         2198    i.UartSendData      uart.o
    0x0800e23c   0x00000028   Code   RO         2199    i.UartTimerOver     uart.o
    0x0800e264   0x00000158   Code   RO         1794    i.UpdateFileCrcCheck  app_upgrade.o
    0x0800e3bc   0x00000054   Code   RO         1795    i.UpdateFileGet     app_upgrade.o
    0x0800e410   0x00000138   Code   RO         1796    i.UpdateFileWrite   app_upgrade.o
    0x0800e548   0x00000024   Code   RO         1797    i.UpgradeCancel     app_upgrade.o
    0x0800e56c   0x00000024   Code   RO         1798    i.UpgradeFlagSet    app_upgrade.o
    0x0800e590   0x00000038   Code   RO         1799    i.UpgradeSectorErase  app_upgrade.o
    0x0800e5c8   0x00000038   Code   RO         1800    i.UpgradeServerInit  app_upgrade.o
    0x0800e600   0x00000014   Code   RO         1801    i.UpgradeSizeInit   app_upgrade.o
    0x0800e614   0x000000d0   Code   RO         1802    i.UpgradeTask       app_upgrade.o
    0x0800e6e4   0x00000038   Code   RO         1803    i.UpgradeUsrInit    app_upgrade.o
    0x0800e71c   0x000000e0   Code   RO         1804    i.UpgradeVersionInit  app_upgrade.o
    0x0800e7fc   0x00000002   Code   RO         1514    i.UsageFault_Handler  stm32f10x_it.o
    0x0800e7fe   0x00000030   Code   RO          936    i.UsrCmdCtrl        app_usrcmd.o
    0x0800e82e   0x00000002   PAD
    0x0800e830   0x0000007c   Code   RO          937    i.UsrCmdDebug       app_usrcmd.o
    0x0800e8ac   0x000001a0   Code   RO          938    i.UsrCmdParse       app_usrcmd.o
    0x0800ea4c   0x000001f4   Code   RO          939    i.UsrCmdQuery       app_usrcmd.o
    0x0800ec40   0x00000060   Code   RO          940    i.UsrCmdSet         app_usrcmd.o
    0x0800eca0   0x0000001a   Code   RO          941    i.UsrCmdTest        app_usrcmd.o
    0x0800ecba   0x00000002   PAD
    0x0800ecbc   0x00000010   Code   RO         1055    i.VfdClrTimeOut     app_vfd.o
    0x0800eccc   0x00000024   Code   RO         1056    i.VfdCtrlInit       app_vfd.o
    0x0800ecf0   0x0000002e   Code   RO         1057    i.VfdReadRegPacket  app_vfd.o
    0x0800ed1e   0x00000002   PAD
    0x0800ed20   0x00000034   Code   RO         1058    i.VfdSetWhoUse      app_vfd.o
    0x0800ed54   0x0000000c   Code   RO         1059    i.VfdWaitResp       app_vfd.o
    0x0800ed60   0x0000005e   Code   RO         1061    i.VfdWriteMoreRegPacket  app_vfd.o
    0x0800edbe   0x0000002e   Code   RO         1062    i.VfdWriteRegPacket  app_vfd.o
    0x0800edec   0x00000024   Code   RO         1063    i.Vfd_Meter_Write_Data  app_vfd.o
    0x0800ee10   0x00000030   Code   RO         3471    i.WaitRsp           app_protocol.o
    0x0800ee40   0x0000000a   Code   RO         1324    i.WordToBuf         comm.o
    0x0800ee4a   0x00000002   PAD
    0x0800ee4c   0x00000110   Code   RO          807    i.XYDevDataDeal     app_plt.o
    0x0800ef5c   0x000000ec   Code   RO          808    i.XYMeterVarRead    app_plt.o
    0x0800f048   0x00000050   Code   RO         1662    i.YearDay           app_rtc.o
    0x0800f098   0x00000028   Code   RO         4384    i.__ARM_fpclassify  m_ws.l(fpclassify.o)
    0x0800f0c0   0x00000024   Code   RO          697    i._flashErase       app_para.o
    0x0800f0e4   0x00000034   Code   RO          698    i._flashRead        app_para.o
    0x0800f118   0x00000074   Code   RO          699    i._flashWrite       app_para.o
    0x0800f18c   0x0000000e   Code   RO         4054    i._is_digit         c_w.l(__printf_wp.o)
    0x0800f19a   0x00000002   PAD
    0x0800f19c   0x000001ec   Code   RO         3642    i.aai_write         sfud.o
    0x0800f388   0x0000002e   Code   RO         1611    i.dtuCfgDataCheck   app_dtucfg.o
    0x0800f3b6   0x0000001c   Code   RO         1612    i.dtuCfgDataCrc     app_dtucfg.o
    0x0800f3d2   0x00000068   Code   RO         1613    i.dtuConfigResp     app_dtucfg.o
    0x0800f43a   0x00000002   PAD
    0x0800f43c   0x0000038c   Code   RO         1614    i.dtuFactoryConfig  app_dtucfg.o
    0x0800f7c8   0x00000010   Code   RO         1948    i.gprsIsConnect     gc65.o
    0x0800f7d8   0x000002d8   Code   RO         3643    i.hardware_init     sfud.o
    0x0800fab0   0x00000010   Code   RO         3472    i.isGprsCon         app_protocol.o
    0x0800fac0   0x00000204   Code   RO            2    i.main              main.o
    0x0800fcc4   0x000000a4   Code   RO         3644    i.make_adress_byte_array  sfud.o
    0x0800fd68   0x000000a0   Code   RO         1327    i.my_atof           comm.o
    0x0800fe08   0x0000003e   Code   RO         1328    i.my_atoi           comm.o
    0x0800fe46   0x00000002   PAD
    0x0800fe48   0x00000040   Code   RO         1329    i.my_itoa           comm.o
    0x0800fe88   0x00000210   Code   RO         3645    i.page256_or_1_byte_write  sfud.o
    0x08010098   0x0000007a   Code   RO         2235    i.pipeCreate        pipe.o
    0x08010112   0x00000060   Code   RO         2236    i.pipeDataRead      pipe.o
    0x08010172   0x00000070   Code   RO         2237    i.pipeDataWrite     pipe.o
    0x080101e2   0x00000018   Code   RO         2238    i.pipeFlush         pipe.o
    0x080101fa   0x00000002   PAD
    0x080101fc   0x0000013c   Code   RO         3794    i.read_basic_header  sfud_sfdp.o
    0x08010338   0x000004fc   Code   RO         3795    i.read_basic_table  sfud_sfdp.o
    0x08010834   0x000000a4   Code   RO         3647    i.read_jedec_id     sfud.o
    0x080108d8   0x00000100   Code   RO         3796    i.read_sfdp_data    sfud_sfdp.o
    0x080109d8   0x0000017c   Code   RO         3797    i.read_sfdp_header  sfud_sfdp.o
    0x08010b54   0x0000010c   Code   RO         3648    i.reset             sfud.o
    0x08010c60   0x00000008   Code   RO         3834    i.retry_delay_100us  sfud_port.o
    0x08010c68   0x0000006c   Code   RO         1737    i.rst_data_process  app_multfun.o
    0x08010cd4   0x00000118   Code   RO         3649    i.set_4_byte_address_mode  sfud.o
    0x08010dec   0x000000c8   Code   RO         3650    i.set_write_enabled  sfud.o
    0x08010eb4   0x00000134   Code   RO         3651    i.sfud_chip_erase   sfud.o
    0x08010fe8   0x000000d8   Code   RO         3652    i.sfud_device_init  sfud.o
    0x080110c0   0x000001e4   Code   RO         3653    i.sfud_erase        sfud.o
    0x080112a4   0x00000008   Code   RO         3657    i.sfud_get_device_table  sfud.o
    0x080112ac   0x00000098   Code   RO         3658    i.sfud_init         sfud.o
    0x08011344   0x00000048   Code   RO         3835    i.sfud_log_debug    sfud_port.o
    0x0801138c   0x00000030   Code   RO         3836    i.sfud_log_info     sfud_port.o
    0x080113bc   0x00000158   Code   RO         3660    i.sfud_read         sfud.o
    0x08011514   0x0000008c   Code   RO         3798    i.sfud_read_sfdp    sfud_sfdp.o
    0x080115a0   0x00000090   Code   RO         3661    i.sfud_read_status  sfud.o
    0x08011630   0x000000ac   Code   RO         3799    i.sfud_sfdp_get_suitable_eraser  sfud_sfdp.o
    0x080116dc   0x000000f8   Code   RO         3837    i.sfud_spi_port_init  sfud_port.o
    0x080117d4   0x0000002a   Code   RO         3662    i.sfud_write        sfud.o
    0x080117fe   0x00000002   PAD
    0x08011800   0x000000d8   Code   RO         3663    i.sfud_write_status  sfud.o
    0x080118d8   0x00000004   Code   RO         3838    i.spi_lock          sfud_port.o
    0x080118dc   0x00000004   Code   RO         3839    i.spi_unlock        sfud_port.o
    0x080118e0   0x00000128   Code   RO         3840    i.spi_write_read    sfud_port.o
    0x08011a08   0x00000034   Code   RO         1330    i.stricmp           comm.o
    0x08011a3c   0x000000c4   Code   RO         3664    i.wait_busy         sfud.o
    0x08011b00   0x0000002c   Code   RO         4365    locale$$code        c_w.l(lc_numeric_c.o)
    0x08011b2c   0x0000002c   Code   RO         4398    locale$$code        c_w.l(lc_ctype_c.o)
    0x08011b58   0x00000150   Code   RO         4099    x$fpl$dadd          fz_ws.l(daddsub_clz.o)
    0x08011ca8   0x000002b0   Code   RO         4106    x$fpl$ddiv          fz_ws.l(ddiv.o)
    0x08011f58   0x0000005a   Code   RO         4109    x$fpl$dfixu         fz_ws.l(dfixu.o)
    0x08011fb2   0x0000002e   Code   RO         4114    x$fpl$dflt          fz_ws.l(dflt_clz.o)
    0x08011fe0   0x00000026   Code   RO         4113    x$fpl$dfltu         fz_ws.l(dflt_clz.o)
    0x08012006   0x00000002   PAD
    0x08012008   0x00000154   Code   RO         4119    x$fpl$dmul          fz_ws.l(dmul.o)
    0x0801215c   0x0000009c   Code   RO         4274    x$fpl$dnaninf       fz_ws.l(dnaninf.o)
    0x080121f8   0x0000000c   Code   RO         4276    x$fpl$dretinf       fz_ws.l(dretinf.o)
    0x08012204   0x000001d4   Code   RO         4101    x$fpl$dsub          fz_ws.l(daddsub_clz.o)
    0x080123d8   0x00000056   Code   RO         4121    x$fpl$f2d           fz_ws.l(f2d.o)
    0x0801242e   0x00000002   PAD
    0x08012430   0x00000184   Code   RO         4124    x$fpl$fdiv          fz_ws.l(fdiv.o)
    0x080125b4   0x00000030   Code   RO         4128    x$fpl$fflt          fz_ws.l(fflt_clz.o)
    0x080125e4   0x00000026   Code   RO         4127    x$fpl$ffltu         fz_ws.l(fflt_clz.o)
    0x0801260a   0x00000002   PAD
    0x0801260c   0x00000102   Code   RO         4133    x$fpl$fmul          fz_ws.l(fmul.o)
    0x0801270e   0x0000008c   Code   RO         4278    x$fpl$fnaninf       fz_ws.l(fnaninf.o)
    0x0801279a   0x0000000a   Code   RO         4280    x$fpl$fretinf       fz_ws.l(fretinf.o)
    0x080127a4   0x00000004   Code   RO         4135    x$fpl$printf1       fz_ws.l(printf1.o)
    0x080127a8   0x00000004   Code   RO         4282    x$fpl$printf2       fz_ws.l(printf2.o)
    0x080127ac   0x00000000   Code   RO         4288    x$fpl$usenofp       fz_ws.l(usenofp.o)
    0x080127ac   0x00000938   Data   RO          810    .constdata          app_plt.o
    0x080130e4   0x00000200   Data   RO         1331    .constdata          comm.o
    0x080132e4   0x0000000d   Data   RO         1663    .constdata          app_rtc.o
    0x080132f1   0x00000051   Data   RO         3475    .constdata          app_protocol.o
    0x08013342   0x00000002   PAD
    0x08013344   0x0000034e   Data   RO         3666    .constdata          sfud.o
    0x08013692   0x00000070   Data   RO         3800    .constdata          sfud_sfdp.o
    0x08013702   0x0000000f   Data   RO         3842    .constdata          sfud_port.o
    0x08013711   0x00000003   PAD
    0x08013714   0x00000400   Data   RO         3888    .constdata          crc32.o
    0x08013b14   0x00000028   Data   RO         4042    .constdata          c_w.l(_printf_hex_int_ll_ptr.o)
    0x08013b3c   0x00000011   Data   RO         4062    .constdata          c_w.l(__printf_flags_ss_wp.o)
    0x08013b4d   0x00000003   PAD
    0x08013b50   0x00000008   Data   RO         4193    .constdata          c_w.l(_printf_wctomb.o)
    0x08013b58   0x00000026   Data   RO         4327    .constdata          c_w.l(_printf_fp_hex.o)
    0x08013b7e   0x00000002   PAD
    0x08013b80   0x00000094   Data   RO         4338    .constdata          c_w.l(bigflt0.o)
    0x08013c14   0x00000243   Data   RO         3476    .conststring        app_protocol.o
    0x08013e57   0x00000001   PAD
    0x08013e58   0x000001ed   Data   RO         3667    .conststring        sfud.o
    0x08014045   0x00000003   PAD
    0x08014048   0x0000038f   Data   RO         3801    .conststring        sfud_sfdp.o
    0x080143d7   0x00000001   PAD
    0x080143d8   0x00000020   Data   RO         4473    Region$$Table       anon$$obj.o
    0x080143f8   0x0000001c   Data   RO         4364    locale$$data        c_w.l(lc_numeric_c.o)
    0x08014414   0x00000110   Data   RO         4397    locale$$data        c_w.l(lc_ctype_c.o)


    Execution Region RW_IRAM1 (Base: 0x20000000, Size: 0x00004078, Max: 0x0000c000, ABSOLUTE, COMPRESSED[0x00000058])

    Base Addr    Size         Type   Attr      Idx    E Section Name        Object

    0x20000000   0x00000014   Data   RW          291    .data               app_alarmevent.o
    0x20000014   0x00000008   Data   RW          418    .data               app_debug.o
    0x2000001c   0x00000012   Data   RW          644    .data               app_led.o
    0x2000002e   0x00000002   PAD
    0x20000030   0x00000018   Data   RW          702    .data               app_para.o
    0x20000048   0x00000014   Data   RW          811    .data               app_plt.o
    0x2000005c   0x00000001   Data   RW          812    .data               app_plt.o
    0x2000005d   0x00000003   PAD
    0x20000060   0x00000060   Data   RW         1068    .data               app_vfd.o
    0x200000c0   0x00000002   Data   RW         1481    .data               simulation.o
    0x200000c2   0x00000002   Data   RW         1515    .data               stm32f10x_it.o
    0x200000c4   0x00000001   Data   RW         1616    .data               app_dtucfg.o
    0x200000c5   0x00000001   Data   RW         1617    .data               app_dtucfg.o
    0x200000c6   0x00000002   PAD
    0x200000c8   0x0000000c   Data   RW         1664    .data               app_rtc.o
    0x200000d4   0x00000006   Data   RW         1665    .data               app_rtc.o
    0x200000da   0x00000002   PAD
    0x200000dc   0x00000028   Data   RW         1738    .data               app_multfun.o
    0x20000104   0x0000000c   Data   RW         1806    .data               app_upgrade.o
    0x20000110   0x0000001c   Data   RW         1952    .data               gc65.o
    0x2000012c   0x00000001   Data   RW         2202    .data               uart.o
    0x2000012d   0x00000014   Data   RW         2783    .data               stm32f10x_rcc.o
    0x20000141   0x00000003   PAD
    0x20000144   0x0000002c   Data   RW         3477    .data               app_protocol.o
    0x20000170   0x00000001   Data   RW         3479    .data               app_protocol.o
    0x20000171   0x00000003   PAD
    0x20000174   0x00000080   Data   RW         3668    .data               sfud.o
    0x200001f4   0x0000000c   Data   RW         3843    .data               sfud_port.o
    0x20000200   0x00000004   Data   RW         4073    .data               c_w.l(strtok.o)
    0x20000204   0x0000003e   Zero   RW          290    .bss                app_alarmevent.o
    0x20000242   0x00000190   Zero   RW          416    .bss                app_debug.o
    0x200003d2   0x00000002   PAD
    0x200003d4   0x00000020   Zero   RW          417    .bss                app_debug.o
    0x200003f4   0x0000000c   Zero   RW          533    .bss                app_json.o
    0x20000400   0x00000020   Zero   RW          534    .bss                app_json.o
    0x20000420   0x000000a2   Zero   RW          535    .bss                app_json.o
    0x200004c2   0x00000002   PAD
    0x200004c4   0x00000144   Zero   RW          536    .bss                app_json.o
    0x20000608   0x0000042c   Zero   RW          701    .bss                app_para.o
    0x20000a34   0x00000073   Zero   RW          809    .bss                app_plt.o
    0x20000aa7   0x00000001   PAD
    0x20000aa8   0x0000007c   Zero   RW         1064    .bss                app_vfd.o
    0x20000b24   0x000000dc   Zero   RW         1065    .bss                app_vfd.o
    0x20000c00   0x000000dc   Zero   RW         1066    .bss                app_vfd.o
    0x20000cdc   0x000000dc   Zero   RW         1067    .bss                app_vfd.o
    0x20000db8   0x00000400   Zero   RW         1615    .bss                app_dtucfg.o
    0x200011b8   0x00000200   Zero   RW         1805    .bss                app_upgrade.o
    0x200013b8   0x00001140   Zero   RW         1949    .bss                gc65.o
    0x200024f8   0x00000404   Zero   RW         1951    .bss                gc65.o
    0x200028fc   0x0000020a   Zero   RW         2131    .bss                gc65_bsp.o
    0x20002b06   0x0000006c   Zero   RW         2200    .bss                uart.o
    0x20002b72   0x0000041e   Zero   RW         2201    .bss                uart.o
    0x20002f90   0x00000870   Zero   RW         3473    .bss                app_protocol.o
    0x20003800   0x00000010   Zero   RW         3474    .bss                app_protocol.o
    0x20003810   0x00000105   Zero   RW         3665    .bss                sfud.o
    0x20003915   0x00000100   Zero   RW         3841    .bss                sfud_port.o
    0x20003a15   0x00000003   PAD
    0x20003a18   0x00000060   Zero   RW         4292    .bss                c_w.l(libspace.o)
    0x20003a78   0x00000200   Zero   RW         3915    HEAP                startup_stm32f10x_hd.o
    0x20003c78   0x00000400   Zero   RW         3914    STACK               startup_stm32f10x_hd.o


==============================================================================

Image component sizes


      Code (inc. data)   RO Data    RW Data    ZI Data      Debug   Object Name

       768         68          0         20         62     236130   app_alarmevent.o
       464        108          0          8        432       7111   app_debug.o
      1118         36          0          2       1024       6076   app_dtucfg.o
      2458        476          0          0        530      12963   app_json.o
       412         50          0         18          0       4448   app_led.o
       736        144          0         40          0       5554   app_multfun.o
      2270        440          0         24       1068      13403   app_para.o
     10558        928       2360         21        115      28930   app_plt.o
     10012       1870        660         45       2176      27236   app_protocol.o
      1166         84         13         18          0       7798   app_rtc.o
      1760        566          0         12        512      12117   app_upgrade.o
      1220        468          0          0          0       5005   app_usrcmd.o
      4516        316          0         96        784      31569   app_vfd.o
      1506         84          0          0          0      28252   bsp.o
       852         26        512          0          0      12423   comm.o
        56          4       1024          0          0       2386   crc32.o
      9398       1898          0         28       5444      26713   gc65.o
       394         62          0          0        522       4883   gc65_bsp.o
       820        312          0          0          0     284734   main.o
       120         16          0          0          0      12107   misc.o
       368          0          0          0          0       3752   pipe.o
      4934       2178       1339        128        261      23613   sfud.o
       680        168         15         12        256       8374   sfud_port.o
      2540       1374       1023          0          0       5405   sfud_sfdp.o
        48          6          0          2          0        760   simulation.o
        64         26        304          0       1536        872   startup_stm32f10x_hd.o
       856         16          0          0          0      14779   stm32f10x_can.o
       380         26          0          0          0      15169   stm32f10x_dma.o
       266         36          0          0          0      12377   stm32f10x_flash.o
       252          6          0          0          0      12106   stm32f10x_gpio.o
      1006        108          0          2          0       8461   stm32f10x_it.o
       284         50          0         20          0      15620   stm32f10x_rcc.o
       202         12          0          0          0      12070   stm32f10x_spi.o
       366          6          0          0          0      13840   stm32f10x_usart.o
       248         24          0          0          0       1665   system_stm32f10x.o
       348         44          0          1       1162       3761   uart.o

    ----------------------------------------------------------------------
     63490      12036       7292        512      15892     922462   Object Totals
         0          0         32          0          0          0   (incl. Generated)
        44          0         10         15          8          0   (incl. Padding)

    ----------------------------------------------------------------------

      Code (inc. data)   RO Data    RW Data    ZI Data      Debug   Library Member Name

        44          6          0          0          0         84   __2sprintf.o
        90          0          0          0          0          0   __dczerorl2.o
         8          0          0          0          0         68   __main.o
       392          4         17          0          0         92   __printf_flags_ss_wp.o
        14          0          0          0          0         68   __printf_wp.o
         0          0          0          0          0          0   __rtentry.o
        12          0          0          0          0          0   __rtentry2.o
         6          0          0          0          0          0   __rtentry4.o
        52          8          0          0          0          0   __scatter.o
        28          0          0          0          0          0   __scatter_zi.o
        28          0          0          0          0         68   _chval.o
         6          0          0          0          0          0   _printf_a.o
         6          0          0          0          0          0   _printf_c.o
        44          0          0          0          0        108   _printf_char.o
        48          6          0          0          0         96   _printf_char_common.o
        40          0          0          0          0         68   _printf_charcount.o
         6          0          0          0          0          0   _printf_d.o
       120         16          0          0          0         92   _printf_dec.o
         6          0          0          0          0          0   _printf_e.o
         6          0          0          0          0          0   _printf_f.o
      1050          0          0          0          0        216   _printf_fp_dec.o
       764         10         38          0          0        100   _printf_fp_hex.o
       128         16          0          0          0         84   _printf_fp_infnan.o
         6          0          0          0          0          0   _printf_g.o
       148          4         40          0          0        160   _printf_hex_int_ll_ptr.o
         6          0          0          0          0          0   _printf_i.o
       178          0          0          0          0         88   _printf_intcommon.o
        10          0          0          0          0          0   _printf_l.o
         6          0          0          0          0          0   _printf_lc.o
        10          0          0          0          0          0   _printf_ll.o
         6          0          0          0          0          0   _printf_lld.o
         6          0          0          0          0          0   _printf_lli.o
         6          0          0          0          0          0   _printf_llo.o
         6          0          0          0          0          0   _printf_llu.o
         6          0          0          0          0          0   _printf_llx.o
       124         16          0          0          0         92   _printf_longlong_dec.o
         6          0          0          0          0          0   _printf_ls.o
         6          0          0          0          0          0   _printf_n.o
         6          0          0          0          0          0   _printf_o.o
       112          8          0          0          0        124   _printf_oct_int_ll.o
         6          0          0          0          0          0   _printf_p.o
        78          0          0          0          0        108   _printf_pad.o
         0          0          0          0          0          0   _printf_percent.o
         4          0          0          0          0          0   _printf_percent_end.o
         6          0          0          0          0          0   _printf_s.o
        82          0          0          0          0         80   _printf_str.o
        36          0          0          0          0         84   _printf_truncate.o
         6          0          0          0          0          0   _printf_u.o
        44          0          0          0          0        108   _printf_wchar.o
       188          6          8          0          0         92   _printf_wctomb.o
         6          0          0          0          0          0   _printf_x.o
        16          0          0          0          0         68   _snputc.o
        10          0          0          0          0         68   _sputc.o
       158          0          0          0          0         92   _strtoul.o
        64          0          0          0          0         92   _wcrtomb.o
        16          0          0          0          0         68   aeabi_memset.o
        26          0          0          0          0         80   atoi.o
       220          4        148          0          0         96   bigflt0.o
      1910        128          0          0          0        672   btod.o
        10          0          0          0          0         68   defsig_exit.o
        50          0          0          0          0         88   defsig_general.o
        80         58          0          0          0         76   defsig_rtmem_inner.o
        14          0          0          0          0         80   defsig_rtmem_outer.o
        12          0          0          0          0         72   exit.o
        94          0          0          0          0         80   h1_alloc.o
        52          0          0          0          0         68   h1_extend.o
        78          0          0          0          0         80   h1_free.o
        14          0          0          0          0         84   h1_init.o
         6          0          0          0          0        152   heapauxi.o
         4          0          0          0          0        136   hguard.o
         0          0          0          0          0          0   indicate_semi.o
       138          0          0          0          0        168   init_alloc.o
        44         10        272          0          0         76   lc_ctype_c.o
        44         10         28          0          0         76   lc_numeric_c.o
         2          0          0          0          0          0   libinit.o
        38          0          0          0          0          0   libinit2.o
         2          0          0          0          0          0   libshutdown.o
         2          0          0          0          0          0   libshutdown2.o
         8          4          0          0         96         68   libspace.o
       138          0          0          0          0         80   lludiv10.o
         0          0          0          0          0          0   maybetermalloc1.o
        88          0          0          0          0         76   memcmp.o
        16          4          0          0          0         76   rt_ctype_table.o
         8          4          0          0          0         68   rt_errno_addr_intlibspace.o
         8          4          0          0          0         68   rt_heap_descriptor_intlibspace.o
         8          4          0          0          0         68   rt_locale_intlibspace.o
        68          0          0          0          0         68   rt_memclr.o
        78          0          0          0          0         80   rt_memclr_w.o
       138          0          0          0          0         68   rt_memcpy_v6.o
       100          0          0          0          0         80   rt_memcpy_w.o
         2          0          0          0          0          0   rtexit.o
        10          0          0          0          0          0   rtexit2.o
       128          0          0          0          0         68   strcmpv7m.o
        72          0          0          0          0         80   strcpy.o
        32          0          0          0          0         80   strcspn.o
        62          0          0          0          0         76   strlen.o
       150          0          0          0          0         80   strncmp.o
        86          0          0          0          0         76   strncpy.o
        28          0          0          0          0         80   strspn.o
        12          6          0          4          0         68   strtok.o
        68          4          0          0          0         84   strtok_int.o
       112          0          0          0          0         88   strtol.o
        12          4          0          0          0         68   sys_exit.o
        74          0          0          0          0         80   sys_stackheap_outer.o
        14          0          0          0          0         76   sys_wrch.o
         2          0          0          0          0         68   use_no_semi.o
        52          4          0          0          0         80   vsnprintf.o
       804         16          0          0          0        272   daddsub_clz.o
       688        140          0          0          0        208   ddiv.o
        90          4          0          0          0         92   dfixu.o
        84          0          0          0          0        136   dflt_clz.o
       340         12          0          0          0        104   dmul.o
       156          4          0          0          0         92   dnaninf.o
        12          0          0          0          0         68   dretinf.o
        86          4          0          0          0         84   f2d.o
       388         76          0          0          0         96   fdiv.o
        86          0          0          0          0        136   fflt_clz.o
       258          4          0          0          0         84   fmul.o
       140          4          0          0          0         84   fnaninf.o
        10          0          0          0          0         68   fretinf.o
         4          0          0          0          0         68   printf1.o
         4          0          0          0          0         68   printf2.o
         0          0          0          0          0          0   usenofp.o
        40          0          0          0          0         68   fpclassify.o

    ----------------------------------------------------------------------
     11898        612        556          4         96       8300   Library Totals
        28          0          5          0          0          0   (incl. Padding)

    ----------------------------------------------------------------------

      Code (inc. data)   RO Data    RW Data    ZI Data      Debug   Library Name

      8680        348        551          4         96       6572   c_w.l
      3150        264          0          0          0       1660   fz_ws.l
        40          0          0          0          0         68   m_ws.l

    ----------------------------------------------------------------------
     11898        612        556          4         96       8300   Library Totals

    ----------------------------------------------------------------------

==============================================================================


      Code (inc. data)   RO Data    RW Data    ZI Data      Debug   

     75388      12648       7848        516      15988     907566   Grand Totals
     75388      12648       7848         88      15988     907566   ELF Image Totals (compressed)
     75388      12648       7848         88          0          0   ROM Totals

==============================================================================

    Total RO  Size (Code + RO Data)                83236 (  81.29kB)
    Total RW  Size (RW Data + ZI Data)             16504 (  16.12kB)
    Total ROM Size (Code + RO Data + RW Data)      83324 (  81.37kB)

==============================================================================

