<html>
<body>
<pre>
<h1>礦ision Build Log</h1>
<h2>Tool Versions:</h2>
IDE-Version: μVision V5.14.0.0
Copyright (C) 2015 ARM Ltd and ARM Germany GmbH. All rights reserved.
License Information: f f, f, LIC=585Z9-4YIS0-VCAJ3-AM8C2-RU7XL-CL4CK
 
Tool Versions:
Toolchain:       MDK-ARM Standard  Version: 5.14.0.0
Toolchain Path:  C:\Keil_v5\ARM\ARMCC\Bin
C Compiler:      Armcc.exe V5.05 update 1 (build 106)
Assembler:       Armasm.exe V5.05 update 1 (build 106)
Linker/Locator:  ArmLink.exe V5.05 update 1 (build 106)
Library Manager: ArmAr.exe V5.05 update 1 (build 106)
Hex Converter:   FromElf.exe V5.05 update 1 (build 106)
CPU DLL:         SARMCM3.DLL V5.14.0.0
Dialog DLL:      DCM.DLL V1.13.1.0
Target DLL:      Segger\JL2CM3.dll V2.99.13.0
Dialog DLL:      TCM.DLL V1.14.4.0
 
<h2>Project:</h2>
D:\iot\trunk\07 Embed\X-DTU\设计文档\软件源码\trunk\XLINK-DTU400\Project\DTU-200.uvprojx
Project File Date:  09/05/2018

<h2>Output:</h2>
Rebuild target 'DTU-200_Debug'
compiling main.c...
compiling bsp.c...
compiling App_AlarmEvent.c...
compiling App_Debug.c...
compiling App_json.c...
compiling App_led.c...
compiling App_Para.c...
compiling App_plt.c...
compiling App_UsrCmd.c...
compiling App_vfd.c...
compiling comm.c...
compiling Simulation.c...
compiling stm32f10x_it.c...
compiling App_DtuCfg.c...
compiling App_rtc.c...
compiling App_MultFun.c...
compiling App_Upgrade.c...
compiling GC65.c...
compiling GC65_Bsp.c...
compiling SST25VF_Bsp.c...
compiling SST25VF_flash.c...
compiling uart.c...
compiling pipe.c...
compiling misc.c...
compiling stm32f10x_dma.c...
compiling stm32f10x_flash.c...
compiling stm32f10x_gpio.c...
compiling stm32f10x_iwdg.c...
compiling stm32f10x_rcc.c...
compiling stm32f10x_usart.c...
compiling stm32f10x_spi.c...
compiling stm32f10x_can.c...
compiling SPIFlashHal.c...
compiling SPIFlashUsr.c...
compiling App_Protocol.c...
assembling startup_stm32f10x_hd.s...
compiling system_stm32f10x.c...
linking...
Program Size: Code=86120 RO-data=4928 RW-data=432 ZI-data=15448  
FromELF: creating hex file...
After Build - User command #1: C:\Keil_v5\ARM\ARMCC\bin\fromelf.exe --bin -o ../Bin/DTU200.bin ./Obj/DTU200.axf
"./Obj/DTU200.axf": Error: Q0122E: Could not open file './Obj/DTU200.axf': No such file or directory
Finished: 0 information, 0 warning and 1 error messages.
".\Objects\DTU200.axf" - 0 Error(s), 0 Warning(s).

<h2>Software Packages used:</h2>

Package Vendor: ARM
                http://www.keil.com/pack/ARM.CMSIS.4.2.0.pack
                ARM::CMSIS:CORE:3.40.0
                CMSIS (Cortex Microcontroller Software Interface Standard)
   * Component: CORE Version: 3.40.0

Package Vendor: Keil
                http://www.keil.com/pack/Keil.STM32F1xx_DFP.2.2.0.pack
                Keil::Device:Startup:1.0.0
                STMicroelectronics STM32F1 Series Device Support, Drivers and Examples
   * Component: Startup Version: 1.0.0

<h2>Collection of Component include folders:</h2>
  D:\iot\trunk\07 Embed\X-DTU\设计文档\软件源码\trunk\XLINK-DTU400\Project\RTE
  D:\iot\trunk\07 Embed\X-DTU\设计文档\软件源码\trunk\XLINK-DTU400\Project\RTE\Device\STM32F103RC
  C:\Keil_v5\ARM\PACK\ARM\CMSIS\4.2.0\CMSIS\Include
  C:\Keil_v5\ARM\PACK\Keil\STM32F1xx_DFP\2.2.0
  C:\Keil_v5\ARM\PACK\Keil\STM32F1xx_DFP\2.2.0\Device\Include

<h2>Collection of Component Files used:</h2>

   * Component: ARM::CMSIS:CORE:3.40.0
      Source file:   CMSIS\UserCodeTemplates\ARM\ITM_Retarget.c

   * Component: Keil::Device:Startup:1.0.0
      Source file:   Device\Source\ARM\startup_stm32f10x_hd.s
      Source file:   Device\Source\ARM\STM32F1xx_OPT.s
      Include file:  RTE_Driver\Config\RTE_Device.h
      Source file:   Device\Source\system_stm32f10x.c
</pre>
</body>
</html>
