Component: ARM Compiler 5.05 (build 41) Tool: armlink [4d0eb9]

==============================================================================

Section Cross References

    main.o(.text) refers to app_debug.o(.text) for AppDebugInit
    main.o(.text) refers to bsp.o(.text) for FeedDog
    main.o(.text) refers to app_para.o(.text) for SysVarInit
    main.o(.text) refers to app_alarmevent.o(.text) for AlarmEventInit
    main.o(.text) refers to gc65.o(.text) for GprsAppInit
    main.o(.text) refers to app_protocol.o(.text) for ProSendInit
    main.o(.text) refers to app_multfun.o(.text) for MultFunInit
    main.o(.text) refers to app_vfd.o(.text) for RS485ComInit
    main.o(.text) refers to app_dtucfg.o(.text) for dtuFactoryConfig
    main.o(.text) refers to app_usrcmd.o(.text) for UsrCmdParse
    main.o(.text) refers to app_led.o(.text) for SysComLed
    main.o(.text) refers to app_upgrade.o(.text) for UpgradeTask
    main.o(.text) refers to app_multfun.o(.data) for CfgDelay
    main.o(.text) refers to app_dtucfg.o(.data) for GbCfgCmd
    main.o(.text) refers to uart.o(.bss) for UartTest
    main.o(.text) refers to app_rtc.o(.data) for TimeFlag
    main.o(.text) refers to app_dtucfg.o(.data) for GbDtuEnterCfg
    main.o(.text) refers to app_debug.o(.data) for AppDebug
    main.o(.text) refers to app_vfd.o(.data) for pVfd
    main.o(.text) refers to app_para.o(.data) for GpSysPara
    main.o(.text) refers to app_protocol.o(.data) for RebootTime
    bsp.o(.text) refers to stm32f10x_gpio.o(.text) for GPIO_Init
    bsp.o(.text) refers to stm32f10x_rcc.o(.text) for RCC_GetFlagStatus
    bsp.o(.text) refers to stm32f10x_iwdg.o(.text) for IWDG_WriteAccessCmd
    bsp.o(.text) refers to stm32f10x_usart.o(.text) for USART_ITConfig
    bsp.o(.text) refers to stm32f10x_dma.o(.text) for DMA_DeInit
    bsp.o(.text) refers to misc.o(.text) for NVIC_Init
    bsp.o(.text) refers to stm32f10x_can.o(.text) for CAN_DeInit
    bsp.o(.text) refers to spiflash.o(i.SPIFlashInit) for SPIFlashInit
    bsp.o(.text) refers to bsp.o(.data) for .data
    bsp.o(.text) refers to app_debug.o(.bss) for DebugCheck
    app_alarmevent.o(.text) refers to aeabi_memset.o(.text) for __aeabi_memset
    app_alarmevent.o(.text) refers to rt_memclr.o(.text) for __aeabi_memclr
    app_alarmevent.o(.text) refers to app_alarmevent.o(.data) for .data
    app_alarmevent.o(.text) refers to app_protocol.o(.bss) for AlmMask
    app_alarmevent.o(.text) refers to app_protocol.o(.bss) for AlmStat
    app_alarmevent.o(.text) refers to app_para.o(.data) for GpSysPara
    app_alarmevent.o(.text) refers to app_para.o(.bss) for ParaFat
    app_alarmevent.o(.text) refers to app_alarmevent.o(.bss) for .bss
    app_debug.o(.text) refers to _printf_pad.o(.text) for _printf_pre_padding
    app_debug.o(.text) refers to _printf_percent.o(.ARM.Collect$$_printf_percent$$00000000) for _printf_percent
    app_debug.o(.text) refers to _printf_x.o(.ARM.Collect$$_printf_percent$$0000000C) for _printf_x
    app_debug.o(.text) refers to _printf_hex_int_ll_ptr.o(.text) for _printf_longlong_hex
    app_debug.o(.text) refers to bsp.o(.text) for FeedDog
    app_debug.o(.text) refers to stm32f10x_gpio.o(.text) for GPIO_ResetBits
    app_debug.o(.text) refers to strlen.o(.text) for strlen
    app_debug.o(.text) refers to uart.o(.text) for UartSendData
    app_debug.o(.text) refers to __2sprintf.o(.text) for __2sprintf
    app_debug.o(.text) refers to c89vsnprintf.o(.text) for __c89vsnprintf
    app_debug.o(.text) refers to rt_memcpy_v6.o(.text) for __aeabi_memcpy
    app_debug.o(.text) refers to app_vfd.o(.text) for ModbusStartSend
    app_debug.o(.text) refers to app_debug.o(.data) for .data
    app_debug.o(.text) refers to uart.o(.data) for DebugUartRcvStat
    app_debug.o(.text) refers to app_debug.o(.bss) for .bss
    app_debug.o(.text) refers to app_vfd.o(.data) for pVfd
    app_json.o(.text) refers to _printf_percent.o(.ARM.Collect$$_printf_percent$$00000000) for _printf_percent
    app_json.o(.text) refers to _printf_d.o(.ARM.Collect$$_printf_percent$$00000009) for _printf_d
    app_json.o(.text) refers to _printf_s.o(.ARM.Collect$$_printf_percent$$00000014) for _printf_s
    app_json.o(.text) refers to _printf_dec.o(.text) for _printf_int_dec
    app_json.o(.text) refers to _printf_str.o(.text) for _printf_str
    app_json.o(.text) refers to _printf_pad.o(.text) for _printf_pre_padding
    app_json.o(.text) refers to _printf_x.o(.ARM.Collect$$_printf_percent$$0000000C) for _printf_x
    app_json.o(.text) refers to _printf_hex_int_ll_ptr.o(.text) for _printf_longlong_hex
    app_json.o(.text) refers to _printf_f.o(.ARM.Collect$$_printf_percent$$00000003) for _printf_f
    app_json.o(.text) refers to printf1.o(x$fpl$printf1) for _printf_fp_dec
    app_json.o(.text) refers to strlen.o(.text) for strlen
    app_json.o(.text) refers to __2sprintf.o(.text) for __2sprintf
[...]
    GPIO_ReadInputDataBit                    0x0800b44f   Thumb Code    14  stm32f10x_gpio.o(.text)
    GPIO_ReadInputData                       0x0800b45d   Thumb Code     6  stm32f10x_gpio.o(.text)
    GPIO_ReadOutputDataBit                   0x0800b463   Thumb Code    14  stm32f10x_gpio.o(.text)
    GPIO_ReadOutputData                      0x0800b471   Thumb Code     6  stm32f10x_gpio.o(.text)
    GPIO_SetBits                             0x0800b477   Thumb Code     4  stm32f10x_gpio.o(.text)
    GPIO_ResetBits                           0x0800b47b   Thumb Code     4  stm32f10x_gpio.o(.text)
    GPIO_WriteBit                            0x0800b47f   Thumb Code    10  stm32f10x_gpio.o(.text)
    GPIO_Write                               0x0800b489   Thumb Code     4  stm32f10x_gpio.o(.text)
    GPIO_PinLockConfig                       0x0800b48d   Thumb Code    16  stm32f10x_gpio.o(.text)
    GPIO_EventOutputConfig                   0x0800b49d   Thumb Code    22  stm32f10x_gpio.o(.text)
    GPIO_EventOutputCmd                      0x0800b4b3   Thumb Code     6  stm32f10x_gpio.o(.text)
    GPIO_PinRemapConfig                      0x0800b4b9   Thumb Code    82  stm32f10x_gpio.o(.text)
    GPIO_EXTILineConfig                      0x0800b50b   Thumb Code    34  stm32f10x_gpio.o(.text)
    GPIO_ETH_MediaInterfaceConfig            0x0800b52d   Thumb Code     8  stm32f10x_gpio.o(.text)
    IWDG_WriteAccessCmd                      0x0800b559   Thumb Code     6  stm32f10x_iwdg.o(.text)
    IWDG_SetPrescaler                        0x0800b55f   Thumb Code     6  stm32f10x_iwdg.o(.text)
    IWDG_SetReload                           0x0800b565   Thumb Code     6  stm32f10x_iwdg.o(.text)
    IWDG_ReloadCounter                       0x0800b56b   Thumb Code    10  stm32f10x_iwdg.o(.text)
    IWDG_Enable                              0x0800b575   Thumb Code    10  stm32f10x_iwdg.o(.text)
    IWDG_GetFlagStatus                       0x0800b57f   Thumb Code    16  stm32f10x_iwdg.o(.text)
    RCC_DeInit                               0x0800b595   Thumb Code    50  stm32f10x_rcc.o(.text)
    RCC_HSEConfig                            0x0800b5c7   Thumb Code    48  stm32f10x_rcc.o(.text)
    RCC_GetFlagStatus                        0x0800b5f7   Thumb Code    42  stm32f10x_rcc.o(.text)
    RCC_WaitForHSEStartUp                    0x0800b621   Thumb Code    44  stm32f10x_rcc.o(.text)
    RCC_AdjustHSICalibrationValue            0x0800b64d   Thumb Code    16  stm32f10x_rcc.o(.text)
    RCC_HSICmd                               0x0800b65d   Thumb Code     6  stm32f10x_rcc.o(.text)
    RCC_PLLConfig                            0x0800b663   Thumb Code    16  stm32f10x_rcc.o(.text)
    RCC_PLLCmd                               0x0800b673   Thumb Code     6  stm32f10x_rcc.o(.text)
    RCC_SYSCLKConfig                         0x0800b679   Thumb Code    14  stm32f10x_rcc.o(.text)
    RCC_GetSYSCLKSource                      0x0800b687   Thumb Code    10  stm32f10x_rcc.o(.text)
    RCC_HCLKConfig                           0x0800b691   Thumb Code    14  stm32f10x_rcc.o(.text)
    RCC_PCLK1Config                          0x0800b69f   Thumb Code    14  stm32f10x_rcc.o(.text)
    RCC_PCLK2Config                          0x0800b6ad   Thumb Code    16  stm32f10x_rcc.o(.text)
    RCC_ITConfig                             0x0800b6bd   Thumb Code    18  stm32f10x_rcc.o(.text)
    RCC_USBCLKConfig                         0x0800b6cf   Thumb Code     8  stm32f10x_rcc.o(.text)
    RCC_ADCCLKConfig                         0x0800b6d7   Thumb Code    14  stm32f10x_rcc.o(.text)
    RCC_LSEConfig                            0x0800b6e5   Thumb Code    28  stm32f10x_rcc.o(.text)
    RCC_LSICmd                               0x0800b701   Thumb Code     6  stm32f10x_rcc.o(.text)
    RCC_RTCCLKConfig                         0x0800b707   Thumb Code    10  stm32f10x_rcc.o(.text)
    RCC_RTCCLKCmd                            0x0800b711   Thumb Code     8  stm32f10x_rcc.o(.text)
    RCC_GetClocksFreq                        0x0800b719   Thumb Code   132  stm32f10x_rcc.o(.text)
    RCC_AHBPeriphClockCmd                    0x0800b79d   Thumb Code    18  stm32f10x_rcc.o(.text)
    RCC_APB2PeriphClockCmd                   0x0800b7af   Thumb Code    18  stm32f10x_rcc.o(.text)
    RCC_APB1PeriphClockCmd                   0x0800b7c1   Thumb Code    18  stm32f10x_rcc.o(.text)
    RCC_APB2PeriphResetCmd                   0x0800b7d3   Thumb Code    18  stm32f10x_rcc.o(.text)
    RCC_APB1PeriphResetCmd                   0x0800b7e5   Thumb Code    18  stm32f10x_rcc.o(.text)
    RCC_BackupResetCmd                       0x0800b7f7   Thumb Code     8  stm32f10x_rcc.o(.text)
    RCC_ClockSecuritySystemCmd               0x0800b7ff   Thumb Code     6  stm32f10x_rcc.o(.text)
    RCC_MCOConfig                            0x0800b805   Thumb Code     6  stm32f10x_rcc.o(.text)
    RCC_ClearFlag                            0x0800b80b   Thumb Code    12  stm32f10x_rcc.o(.text)
    RCC_GetITStatus                          0x0800b817   Thumb Code    16  stm32f10x_rcc.o(.text)
    RCC_ClearITPendingBit                    0x0800b827   Thumb Code     6  stm32f10x_rcc.o(.text)
    USART_DeInit                             0x0800b84d   Thumb Code    96  stm32f10x_usart.o(.text)
    USART_Init                               0x0800b8ad   Thumb Code   166  stm32f10x_usart.o(.text)
    USART_StructInit                         0x0800b953   Thumb Code    22  stm32f10x_usart.o(.text)
    USART_ClockInit                          0x0800b969   Thumb Code    30  stm32f10x_usart.o(.text)
    USART_ClockStructInit                    0x0800b987   Thumb Code    12  stm32f10x_usart.o(.text)
    USART_Cmd                                0x0800b993   Thumb Code    20  stm32f10x_usart.o(.text)
    USART_ITConfig                           0x0800b9a7   Thumb Code    48  stm32f10x_usart.o(.text)
    USART_DMACmd                             0x0800b9d7   Thumb Code    16  stm32f10x_usart.o(.text)
    USART_SetAddress                         0x0800b9e7   Thumb Code    16  stm32f10x_usart.o(.text)
    USART_WakeUpConfig                       0x0800b9f7   Thumb Code    16  stm32f10x_usart.o(.text)
    USART_ReceiverWakeUpCmd                  0x0800ba07   Thumb Code    20  stm32f10x_usart.o(.text)
    USART_LINBreakDetectLengthConfig         0x0800ba1b   Thumb Code    16  stm32f10x_usart.o(.text)
    USART_LINCmd                             0x0800ba2b   Thumb Code    20  stm32f10x_usart.o(.text)
    USART_SendData                           0x0800ba3f   Thumb Code     8  stm32f10x_usart.o(.text)
    USART_ReceiveData                        0x0800ba47   Thumb Code     8  stm32f10x_usart.o(.text)
    USART_SendBreak                          0x0800ba4f   Thumb Code    10  stm32f10x_usart.o(.text)
    USART_SetGuardTime                       0x0800ba59   Thumb Code    16  stm32f10x_usart.o(.text)
    USART_SetPrescaler                       0x0800ba69   Thumb Code    16  stm32f10x_usart.o(.text)
    USART_SmartCardCmd                       0x0800ba79   Thumb Code    20  stm32f10x_usart.o(.text)
    USART_SmartCardNACKCmd                   0x0800ba8d   Thumb Code    20  stm32f10x_usart.o(.text)
    USART_HalfDuplexCmd                      0x0800baa1   Thumb Code    20  stm32f10x_usart.o(.text)
    USART_OverSampling8Cmd                   0x0800bab5   Thumb Code    20  stm32f10x_usart.o(.text)
    USART_OneBitMethodCmd                    0x0800bac9   Thumb Code    20  stm32f10x_usart.o(.text)
    USART_IrDAConfig                         0x0800badd   Thumb Code    16  stm32f10x_usart.o(.text)
    USART_IrDACmd                            0x0800baed   Thumb Code    20  stm32f10x_usart.o(.text)
    USART_GetFlagStatus                      0x0800bb01   Thumb Code    14  stm32f10x_usart.o(.text)
    USART_ClearFlag                          0x0800bb0f   Thumb Code     6  stm32f10x_usart.o(.text)
    USART_GetITStatus                        0x0800bb15   Thumb Code    62  stm32f10x_usart.o(.text)
    USART_ClearITPendingBit                  0x0800bb53   Thumb Code    12  stm32f10x_usart.o(.text)
    SPI_I2S_DeInit                           0x0800bb75   Thumb Code    72  stm32f10x_spi.o(.text)
    SPI_Init                                 0x0800bbbd   Thumb Code    56  stm32f10x_spi.o(.text)
    I2S_Init                                 0x0800bbf5   Thumb Code   150  stm32f10x_spi.o(.text)
    SPI_StructInit                           0x0800bc8b   Thumb Code    24  stm32f10x_spi.o(.text)
    I2S_StructInit                           0x0800bca3   Thumb Code    18  stm32f10x_spi.o(.text)
    SPI_Cmd                                  0x0800bcb5   Thumb Code    20  stm32f10x_spi.o(.text)
    I2S_Cmd                                  0x0800bcc9   Thumb Code    20  stm32f10x_spi.o(.text)
    SPI_I2S_ITConfig                         0x0800bcdd   Thumb Code    24  stm32f10x_spi.o(.text)
    SPI_I2S_DMACmd                           0x0800bcf5   Thumb Code    16  stm32f10x_spi.o(.text)
    SPI_I2S_SendData                         0x0800bd05   Thumb Code     4  stm32f10x_spi.o(.text)
    SPI_I2S_ReceiveData                      0x0800bd09   Thumb Code     4  stm32f10x_spi.o(.text)
    SPI_NSSInternalSoftwareConfig            0x0800bd0d   Thumb Code    24  stm32f10x_spi.o(.text)
    SPI_SSOutputCmd                          0x0800bd25   Thumb Code    20  stm32f10x_spi.o(.text)
    SPI_DataSizeConfig                       0x0800bd39   Thumb Code    16  stm32f10x_spi.o(.text)
    SPI_TransmitCRC                          0x0800bd49   Thumb Code    10  stm32f10x_spi.o(.text)
    SPI_CalculateCRC                         0x0800bd53   Thumb Code    20  stm32f10x_spi.o(.text)
    SPI_GetCRC                               0x0800bd67   Thumb Code    12  stm32f10x_spi.o(.text)
    SPI_GetCRCPolynomial                     0x0800bd73   Thumb Code     4  stm32f10x_spi.o(.text)
    SPI_BiDirectionalLineConfig              0x0800bd77   Thumb Code    22  stm32f10x_spi.o(.text)
    SPI_I2S_GetFlagStatus                    0x0800bd8d   Thumb Code    14  stm32f10x_spi.o(.text)
    SPI_I2S_ClearFlag                        0x0800bd9b   Thumb Code     6  stm32f10x_spi.o(.text)
    SPI_I2S_GetITStatus                      0x0800bda1   Thumb Code    44  stm32f10x_spi.o(.text)
    SPI_I2S_ClearITPendingBit                0x0800bdcd   Thumb Code    14  stm32f10x_spi.o(.text)
    CAN_DeInit                               0x0800bde9   Thumb Code    38  stm32f10x_can.o(.text)
    CAN_Init                                 0x0800be0f   Thumb Code   232  stm32f10x_can.o(.text)
    CAN_FilterInit                           0x0800bef7   Thumb Code   194  stm32f10x_can.o(.text)
    CAN_StructInit                           0x0800bfb9   Thumb Code    32  stm32f10x_can.o(.text)
    CAN_SlaveStartBank                       0x0800bfd9   Thumb Code    38  stm32f10x_can.o(.text)
    CAN_DBGFreeze                            0x0800bfff   Thumb Code    20  stm32f10x_can.o(.text)
    CAN_TTComModeCmd                         0x0800c013   Thumb Code    90  stm32f10x_can.o(.text)
    CAN_Transmit                             0x0800c06d   Thumb Code   164  stm32f10x_can.o(.text)
    CAN_TransmitStatus                       0x0800c111   Thumb Code    88  stm32f10x_can.o(.text)
    CAN_CancelTransmit                       0x0800c169   Thumb Code    36  stm32f10x_can.o(.text)
    CAN_Receive                              0x0800c18d   Thumb Code   178  stm32f10x_can.o(.text)
    CAN_FIFORelease                          0x0800c23f   Thumb Code    22  stm32f10x_can.o(.text)
    CAN_MessagePending                       0x0800c255   Thumb Code    22  stm32f10x_can.o(.text)
    CAN_OperatingModeRequest                 0x0800c26b   Thumb Code   140  stm32f10x_can.o(.text)
    CAN_Sleep                                0x0800c2f7   Thumb Code    30  stm32f10x_can.o(.text)
    CAN_WakeUp                               0x0800c315   Thumb Code    40  stm32f10x_can.o(.text)
    CAN_GetLastErrorCode                     0x0800c33d   Thumb Code    10  stm32f10x_can.o(.text)
    CAN_GetReceiveErrorCounter               0x0800c347   Thumb Code     6  stm32f10x_can.o(.text)
    CAN_GetLSBTransmitErrorCounter           0x0800c34d   Thumb Code     8  stm32f10x_can.o(.text)
    CAN_ITConfig                             0x0800c355   Thumb Code    16  stm32f10x_can.o(.text)
    CAN_GetFlagStatus                        0x0800c365   Thumb Code    52  stm32f10x_can.o(.text)
    CAN_ClearFlag                            0x0800c399   Thumb Code    44  stm32f10x_can.o(.text)
    CAN_GetITStatus                          0x0800c3c5   Thumb Code   162  stm32f10x_can.o(.text)
    CAN_ClearITPendingBit                    0x0800c467   Thumb Code   116  stm32f10x_can.o(.text)
    FlashSelect                              0x0800c4f1   Thumb Code    20  spiflashhal.o(.text)
    FlashHalInit                             0x0800c505   Thumb Code   188  spiflashhal.o(.text)
    FlashSPISend                             0x0800c5c1   Thumb Code    48  spiflashhal.o(.text)
    FlashLockCreate                          0x0800c601   Thumb Code     2  spiflashusr.o(.text)
    FlashLockPend                            0x0800c603   Thumb Code     2  spiflashusr.o(.text)
    FlashLockPost                            0x0800c605   Thumb Code     2  spiflashusr.o(.text)
    GB_GetMsgHead                            0x0800c609   Thumb Code    86  app_protocol.o(.text)
    Packet                                   0x0800c65f   Thumb Code    78  app_protocol.o(.text)
    GB_GetAckMsgHead                         0x0800c6ad   Thumb Code    74  app_protocol.o(.text)
    AckPacket                                0x0800c6f7   Thumb Code    76  app_protocol.o(.text)
    JSON_RtcTimeGet                          0x0800c743   Thumb Code   242  app_protocol.o(.text)
    GB_GeneralAck                            0x0800c835   Thumb Code   122  app_protocol.o(.text)
    ServerDataGetRespond                     0x0800c93d   Thumb Code   474  app_protocol.o(.text)
    isGprsCon                                0x0800cb17   Thumb Code    10  app_protocol.o(.text)
    SetParaSaveFlag                          0x0800cb21   Thumb Code    44  app_protocol.o(.text)
    ServerParaSet                            0x0800cb4d   Thumb Code   446  app_protocol.o(.text)
    RebootDelay                              0x0800cd0b   Thumb Code    18  app_protocol.o(.text)
    ServerCmd_Head_Deal                      0x0800cd1d   Thumb Code   124  app_protocol.o(.text)
    ServerCmdDeal                            0x0800cd99   Thumb Code  1166  app_protocol.o(.text)
    GPRSDataDeal                             0x0800d227   Thumb Code   512  app_protocol.o(.text)
    GetRegister                              0x0800d427   Thumb Code    76  app_protocol.o(.text)
    GetEventInfo                             0x0800d473   Thumb Code  3076  app_protocol.o(.text)
    GetHeartData                             0x0800e077   Thumb Code   100  app_protocol.o(.text)
    GetVfdOptInfo                            0x0800e0db   Thumb Code   100  app_protocol.o(.text)
    GetUpdateData                            0x0800e3d9   Thumb Code    70  app_protocol.o(.text)
    ProSendInit                              0x0800e41f   Thumb Code    32  app_protocol.o(.text)
    GetRsp                                   0x0800e43f   Thumb Code    40  app_protocol.o(.text)
    WaitRsp                                  0x0800e467   Thumb Code    44  app_protocol.o(.text)
    GetAckVaule                              0x0800e493   Thumb Code     6  app_protocol.o(.text)
    ProDataSend                              0x0800e499   Thumb Code   270  app_protocol.o(.text)
    ClearHeartTimer                          0x0800e5a7   Thumb Code     8  app_protocol.o(.text)
    Task_ProSend                             0x0800e5af   Thumb Code  1060  app_protocol.o(.text)
    DevStatToSystem                          0x0800e9d3   Thumb Code   116  app_protocol.o(.text)
    Task_ProDeal                             0x0800ea47   Thumb Code    72  app_protocol.o(.text)
    IsReg                                    0x0800ea8f   Thumb Code    12  app_protocol.o(.text)
    Reset_Handler                            0x0800eb19   Thumb Code     8  startup_stm32f10x_hd.o(.text)
    PendSV_Handler                           0x0800eb2f   Thumb Code     2  startup_stm32f10x_hd.o(.text)
    ADC1_2_IRQHandler                        0x0800eb33   Thumb Code     0  startup_stm32f10x_hd.o(.text)
    ADC3_IRQHandler                          0x0800eb33   Thumb Code     0  startup_stm32f10x_hd.o(.text)
    CAN1_RX1_IRQHandler                      0x0800eb33   Thumb Code     0  startup_stm32f10x_hd.o(.text)
    CAN1_SCE_IRQHandler                      0x0800eb33   Thumb Code     0  startup_stm32f10x_hd.o(.text)
    DMA1_Channel1_IRQHandler                 0x0800eb33   Thumb Code     0  startup_stm32f10x_hd.o(.text)
    DMA1_Channel2_IRQHandler                 0x0800eb33   Thumb Code     0  startup_stm32f10x_hd.o(.text)
    DMA1_Channel3_IRQHandler                 0x0800eb33   Thumb Code     0  startup_stm32f10x_hd.o(.text)
    DMA1_Channel4_IRQHandler                 0x0800eb33   Thumb Code     0  startup_stm32f10x_hd.o(.text)
    DMA1_Channel5_IRQHandler                 0x0800eb33   Thumb Code     0  startup_stm32f10x_hd.o(.text)
    DMA2_Channel1_IRQHandler                 0x0800eb33   Thumb Code     0  startup_stm32f10x_hd.o(.text)
    DMA2_Channel2_IRQHandler                 0x0800eb33   Thumb Code     0  startup_stm32f10x_hd.o(.text)
    DMA2_Channel3_IRQHandler                 0x0800eb33   Thumb Code     0  startup_stm32f10x_hd.o(.text)
    DMA2_Channel4_5_IRQHandler               0x0800eb33   Thumb Code     0  startup_stm32f10x_hd.o(.text)
    EXTI0_IRQHandler                         0x0800eb33   Thumb Code     0  startup_stm32f10x_hd.o(.text)
    EXTI15_10_IRQHandler                     0x0800eb33   Thumb Code     0  startup_stm32f10x_hd.o(.text)
    EXTI1_IRQHandler                         0x0800eb33   Thumb Code     0  startup_stm32f10x_hd.o(.text)
    EXTI2_IRQHandler                         0x0800eb33   Thumb Code     0  startup_stm32f10x_hd.o(.text)
    EXTI3_IRQHandler                         0x0800eb33   Thumb Code     0  startup_stm32f10x_hd.o(.text)
    EXTI4_IRQHandler                         0x0800eb33   Thumb Code     0  startup_stm32f10x_hd.o(.text)
    EXTI9_5_IRQHandler                       0x0800eb33   Thumb Code     0  startup_stm32f10x_hd.o(.text)
    FLASH_IRQHandler                         0x0800eb33   Thumb Code     0  startup_stm32f10x_hd.o(.text)
    FSMC_IRQHandler                          0x0800eb33   Thumb Code     0  startup_stm32f10x_hd.o(.text)
    I2C1_ER_IRQHandler                       0x0800eb33   Thumb Code     0  startup_stm32f10x_hd.o(.text)
    I2C1_EV_IRQHandler                       0x0800eb33   Thumb Code     0  startup_stm32f10x_hd.o(.text)
    I2C2_ER_IRQHandler                       0x0800eb33   Thumb Code     0  startup_stm32f10x_hd.o(.text)
    I2C2_EV_IRQHandler                       0x0800eb33   Thumb Code     0  startup_stm32f10x_hd.o(.text)
    PVD_IRQHandler                           0x0800eb33   Thumb Code     0  startup_stm32f10x_hd.o(.text)
    RCC_IRQHandler                           0x0800eb33   Thumb Code     0  startup_stm32f10x_hd.o(.text)
    RTCAlarm_IRQHandler                      0x0800eb33   Thumb Code     0  startup_stm32f10x_hd.o(.text)
    RTC_IRQHandler                           0x0800eb33   Thumb Code     0  startup_stm32f10x_hd.o(.text)
    SDIO_IRQHandler                          0x0800eb33   Thumb Code     0  startup_stm32f10x_hd.o(.text)
    SPI1_IRQHandler                          0x0800eb33   Thumb Code     0  startup_stm32f10x_hd.o(.text)
    SPI2_IRQHandler                          0x0800eb33   Thumb Code     0  startup_stm32f10x_hd.o(.text)
    SPI3_IRQHandler                          0x0800eb33   Thumb Code     0  startup_stm32f10x_hd.o(.text)
    TAMPER_IRQHandler                        0x0800eb33   Thumb Code     0  startup_stm32f10x_hd.o(.text)
    TIM1_BRK_IRQHandler                      0x0800eb33   Thumb Code     0  startup_stm32f10x_hd.o(.text)
    TIM1_CC_IRQHandler                       0x0800eb33   Thumb Code     0  startup_stm32f10x_hd.o(.text)
    TIM1_TRG_COM_IRQHandler                  0x0800eb33   Thumb Code     0  startup_stm32f10x_hd.o(.text)
    TIM1_UP_IRQHandler                       0x0800eb33   Thumb Code     0  startup_stm32f10x_hd.o(.text)
    TIM2_IRQHandler                          0x0800eb33   Thumb Code     0  startup_stm32f10x_hd.o(.text)
    TIM3_IRQHandler                          0x0800eb33   Thumb Code     0  startup_stm32f10x_hd.o(.text)
    TIM4_IRQHandler                          0x0800eb33   Thumb Code     0  startup_stm32f10x_hd.o(.text)
    TIM5_IRQHandler                          0x0800eb33   Thumb Code     0  startup_stm32f10x_hd.o(.text)
    TIM6_IRQHandler                          0x0800eb33   Thumb Code     0  startup_stm32f10x_hd.o(.text)
    TIM7_IRQHandler                          0x0800eb33   Thumb Code     0  startup_stm32f10x_hd.o(.text)
    TIM8_BRK_IRQHandler                      0x0800eb33   Thumb Code     0  startup_stm32f10x_hd.o(.text)
    TIM8_CC_IRQHandler                       0x0800eb33   Thumb Code     0  startup_stm32f10x_hd.o(.text)
    TIM8_TRG_COM_IRQHandler                  0x0800eb33   Thumb Code     0  startup_stm32f10x_hd.o(.text)
    TIM8_UP_IRQHandler                       0x0800eb33   Thumb Code     0  startup_stm32f10x_hd.o(.text)
    UART5_IRQHandler                         0x0800eb33   Thumb Code     0  startup_stm32f10x_hd.o(.text)
    USBWakeUp_IRQHandler                     0x0800eb33   Thumb Code     0  startup_stm32f10x_hd.o(.text)
    USB_HP_CAN1_TX_IRQHandler                0x0800eb33   Thumb Code     0  startup_stm32f10x_hd.o(.text)
    WWDG_IRQHandler                          0x0800eb33   Thumb Code     0  startup_stm32f10x_hd.o(.text)
    __user_initial_stackheap                 0x0800eb35   Thumb Code     0  startup_stm32f10x_hd.o(.text)
    SystemInit                               0x0800ebf9   Thumb Code    62  system_stm32f10x.o(.text)
    SystemCoreClockUpdate                    0x0800ec37   Thumb Code    86  system_stm32f10x.o(.text)
    malloc                                   0x0800ecb1   Thumb Code    94  h1_alloc.o(.text)
    __c89vsnprintf                           0x0800ed11   Thumb Code    48  c89vsnprintf.o(.text)
    __2sprintf                               0x0800ed45   Thumb Code    38  __2sprintf.o(.text)
    _printf_pre_padding                      0x0800ed71   Thumb Code    44  _printf_pad.o(.text)
    _printf_post_padding                     0x0800ed9d   Thumb Code    34  _printf_pad.o(.text)
    _printf_str                              0x0800edbf   Thumb Code    82  _printf_str.o(.text)
    _printf_int_dec                          0x0800ee11   Thumb Code   104  _printf_dec.o(.text)
    _printf_longlong_hex                     0x0800ee89   Thumb Code    86  _printf_hex_int_ll_ptr.o(.text)
    _printf_int_hex                          0x0800eedf   Thumb Code    28  _printf_hex_int_ll_ptr.o(.text)
    _printf_ll_hex                           0x0800eefb   Thumb Code    12  _printf_hex_int_ll_ptr.o(.text)
    _printf_hex_ptr                          0x0800ef07   Thumb Code    18  _printf_hex_int_ll_ptr.o(.text)
    __printf                                 0x0800ef1d   Thumb Code   388  __printf_flags_ss_wp.o(.text)
    atoi                                     0x0800f0a5   Thumb Code    26  atoi.o(.text)
    strtok                                   0x0800f0c1   Thumb Code     6  strtok.o(.text)
    memcmp                                   0x0800f0cd   Thumb Code    88  memcmp.o(.text)
    strcpy                                   0x0800f125   Thumb Code    72  strcpy.o(.text)
    strlen                                   0x0800f16d   Thumb Code    62  strlen.o(.text)
    strncmp                                  0x0800f1ab   Thumb Code   150  strncmp.o(.text)
    __aeabi_memcpy                           0x0800f241   Thumb Code     0  rt_memcpy_v6.o(.text)
    __rt_memcpy                              0x0800f241   Thumb Code   138  rt_memcpy_v6.o(.text)
    _memcpy_lastbytes                        0x0800f2a7   Thumb Code     0  rt_memcpy_v6.o(.text)
    __aeabi_memset                           0x0800f2cb   Thumb Code    16  aeabi_memset.o(.text)
    __aeabi_memclr                           0x0800f2db   Thumb Code     0  rt_memclr.o(.text)
    __rt_memclr                              0x0800f2db   Thumb Code    68  rt_memclr.o(.text)
    _memset                                  0x0800f2df   Thumb Code     0  rt_memclr.o(.text)
    __aeabi_memclr4                          0x0800f31f   Thumb Code     0  rt_memclr_w.o(.text)
    __aeabi_memclr8                          0x0800f31f   Thumb Code     0  rt_memclr_w.o(.text)
    __rt_memclr_w                            0x0800f31f   Thumb Code    78  rt_memclr_w.o(.text)
    _memset_w                                0x0800f323   Thumb Code     0  rt_memclr_w.o(.text)
    strcmp                                   0x0800f36d   Thumb Code   128  strcmpv7m.o(.text)
    __use_two_region_memory                  0x0800f3ed   Thumb Code     2  heapauxi.o(.text)
    __rt_heap_escrow                         0x0800f3ef   Thumb Code     2  heapauxi.o(.text)
    __rt_heap_expand                         0x0800f3f1   Thumb Code     2  heapauxi.o(.text)
    __rt_heap_descriptor                     0x0800f3f5   Thumb Code     8  rt_heap_descriptor_intlibspace.o(.text)
    __aeabi_errno_addr                       0x0800f3fd   Thumb Code     8  rt_errno_addr_intlibspace.o(.text)
    __errno$intlibspace                      0x0800f3fd   Thumb Code     0  rt_errno_addr_intlibspace.o(.text)
    __rt_errno_addr$intlibspace              0x0800f3fd   Thumb Code     0  rt_errno_addr_intlibspace.o(.text)
    __use_no_heap                            0x0800f405   Thumb Code     2  hguard.o(.text)
    __heap$guard                             0x0800f407   Thumb Code     2  hguard.o(.text)
    _terminate_user_alloc                    0x0800f409   Thumb Code     2  init_alloc.o(.text)
    _init_user_alloc                         0x0800f40b   Thumb Code     2  init_alloc.o(.text)
    __Heap_Full                              0x0800f40d   Thumb Code    34  init_alloc.o(.text)
    __Heap_Broken                            0x0800f42f   Thumb Code     6  init_alloc.o(.text)
    _init_alloc                              0x0800f435   Thumb Code    94  init_alloc.o(.text)
    __Heap_Initialize                        0x0800f493   Thumb Code    10  h1_init.o(.text)
    __Heap_DescSize                          0x0800f49d   Thumb Code     4  h1_init.o(.text)
    free                                     0x0800f4a1   Thumb Code    78  h1_free.o(.text)
    _printf_truncate_signed                  0x0800f4ef   Thumb Code    18  _printf_truncate.o(.text)
    _printf_truncate_unsigned                0x0800f501   Thumb Code    18  _printf_truncate.o(.text)
    _printf_int_common                       0x0800f513   Thumb Code   178  _printf_intcommon.o(.text)
    _printf_charcount                        0x0800f5c5   Thumb Code    40  _printf_charcount.o(.text)
    __lib_sel_fp_printf                      0x0800f5ed   Thumb Code     2  _printf_fp_dec.o(.text)
    _printf_fp_dec_real                      0x0800f79b   Thumb Code   620  _printf_fp_dec.o(.text)
    _printf_char_common                      0x0800fa13   Thumb Code    32  _printf_char_common.o(.text)
    _sputc                                   0x0800fa39   Thumb Code    10  _sputc.o(.text)
    _snputc                                  0x0800fa43   Thumb Code    16  _snputc.o(.text)
    _printf_cs_common                        0x0800fa53   Thumb Code    20  _printf_char.o(.text)
    _printf_char                             0x0800fa67   Thumb Code    16  _printf_char.o(.text)
    _printf_string                           0x0800fa77   Thumb Code     8  _printf_char.o(.text)
    _printf_wctomb                           0x0800fa81   Thumb Code   182  _printf_wctomb.o(.text)
    _printf_longlong_dec                     0x0800fb3d   Thumb Code   108  _printf_longlong_dec.o(.text)
    _printf_longlong_oct                     0x0800fbb9   Thumb Code    68  _printf_oct_int_ll.o(.text)
    _printf_int_oct                          0x0800fbfd   Thumb Code    24  _printf_oct_int_ll.o(.text)
    _printf_ll_oct                           0x0800fc15   Thumb Code    12  _printf_oct_int_ll.o(.text)
    strtol                                   0x0800fc29   Thumb Code   112  strtol.o(.text)
    __strtok_internal                        0x0800fc99   Thumb Code    64  strtok_int.o(.text)
    __aeabi_memcpy4                          0x0800fcdd   Thumb Code     0  rt_memcpy_w.o(.text)
    __aeabi_memcpy8                          0x0800fcdd   Thumb Code     0  rt_memcpy_w.o(.text)
    __rt_memcpy_w                            0x0800fcdd   Thumb Code   100  rt_memcpy_w.o(.text)
    _memcpy_lastbytes_aligned                0x0800fd25   Thumb Code     0  rt_memcpy_w.o(.text)
    __user_libspace                          0x0800fd41   Thumb Code     8  libspace.o(.text)
    __user_perproc_libspace                  0x0800fd41   Thumb Code     0  libspace.o(.text)
    __user_perthread_libspace                0x0800fd41   Thumb Code     0  libspace.o(.text)
    __rt_ctype_table                         0x0800fd49   Thumb Code    16  rt_ctype_table.o(.text)
    __rt_locale                              0x0800fd59   Thumb Code     8  rt_locale_intlibspace.o(.text)
    __Heap_ProvideMemory                     0x0800fd61   Thumb Code    52  h1_extend.o(.text)
    _ll_udiv10                               0x0800fd95   Thumb Code   138  lludiv10.o(.text)
    _printf_fp_infnan                        0x0800fe21   Thumb Code   112  _printf_fp_infnan.o(.text)
    _printf_lcs_common                       0x0800fea1   Thumb Code    20  _printf_wchar.o(.text)
    _printf_wchar                            0x0800feb5   Thumb Code    16  _printf_wchar.o(.text)
    _printf_wstring                          0x0800fec5   Thumb Code     8  _printf_wchar.o(.text)
    _strtoul                                 0x0800fecd   Thumb Code   158  _strtoul.o(.text)
    _btod_etento                             0x0800ff6d   Thumb Code   216  bigflt0.o(.text)
    _wcrtomb                                 0x08010049   Thumb Code    64  _wcrtomb.o(.text)
    __rt_SIGRTMEM                            0x08010089   Thumb Code    14  defsig_rtmem_outer.o(.text)
    strcspn                                  0x08010097   Thumb Code    32  strcspn.o(.text)
    strspn                                   0x080100b7   Thumb Code    28  strspn.o(.text)
    __I$use$semihosting                      0x080100d3   Thumb Code     0  use_no_semi.o(.text)
    __use_no_semihosting_swi                 0x080100d3   Thumb Code     2  use_no_semi.o(.text)
    __semihosting_library_function           0x080100d5   Thumb Code     0  indicate_semi.o(.text)
    __user_setup_stackheap                   0x080100d5   Thumb Code    74  sys_stackheap_outer.o(.text)
    _chval                                   0x0801011f   Thumb Code    28  _chval.o(.text)
    exit                                     0x0801013b   Thumb Code    12  exit.o(.text)
    __sig_exit                               0x08010147   Thumb Code    10  defsig_exit.o(.text)
    __rt_SIGRTMEM_inner                      0x08010151   Thumb Code    22  defsig_rtmem_inner.o(.text)
    _sys_exit                                0x080101a1   Thumb Code     8  sys_exit.o(.text)
    __default_signal_display                 0x080101ad   Thumb Code    50  defsig_general.o(.text)
    _ttywrch                                 0x080101df   Thumb Code    14  sys_wrch.o(.text)
    _btod_d2e                                0x080101ed   Thumb Code    62  btod.o(CL$$btod_d2e)
    _d2e_denorm_low                          0x0801022b   Thumb Code    70  btod.o(CL$$btod_d2e_denorm_low)
    _d2e_norm_op1                            0x08010271   Thumb Code    96  btod.o(CL$$btod_d2e_norm_op1)
    __btod_div_common                        0x080102d1   Thumb Code   696  btod.o(CL$$btod_div_common)
    _e2e                                     0x08010609   Thumb Code   198  btod.o(CL$$btod_e2e)
    _btod_ediv                               0x080106cf   Thumb Code    40  btod.o(CL$$btod_ediv)
    _btod_emul                               0x080106f7   Thumb Code    40  btod.o(CL$$btod_emul)
    __btod_mult_common                       0x0801071f   Thumb Code   580  btod.o(CL$$btod_mult_common)
    CRC32Calc                                0x08010965   Thumb Code    42  crc32.o(i.CRC32Calc)
    CRC32CalcReset                           0x08010999   Thumb Code    10  crc32.o(i.CRC32CalcReset)
    FlashBufferRead                          0x080109a9   Thumb Code    70  spiflashdev.o(i.FlashBufferRead)
    FlashBufferWrite                         0x080109f1   Thumb Code   258  spiflashdev.o(i.FlashBufferWrite)
    FlashReadID                              0x08010b51   Thumb Code    60  spiflashdev.o(i.FlashReadID)
    FlashSectorErase_4KByte                  0x08010bad   Thumb Code    64  spiflashdev.o(i.FlashSectorErase_4KByte)
    SPIFlashErase4K                          0x08010c4f   Thumb Code    22  spiflash.o(i.SPIFlashErase4K)
    SPIFlashInit                             0x08010c65   Thumb Code    32  spiflash.o(i.SPIFlashInit)
    SPIFlashRead                             0x08010c85   Thumb Code    30  spiflash.o(i.SPIFlashRead)
    SPIFlashWrite                            0x08010ca3   Thumb Code    30  spiflash.o(i.SPIFlashWrite)
    SST25V_DBSY                              0x08010cc1   Thumb Code    24  spiflashdev.o(i.SST25V_DBSY)
    SST25V_EnableWriteStatusRegister         0x08010cd9   Thumb Code    24  spiflashdev.o(i.SST25V_EnableWriteStatusRegister)
    SST25V_WriteStatusRegister               0x08010cf1   Thumb Code    36  spiflashdev.o(i.SST25V_WriteStatusRegister)
    __ARM_fpclassify                         0x08010d15   Thumb Code    40  fpclassify.o(i.__ARM_fpclassify)
    _is_digit                                0x08010d3d   Thumb Code    14  __printf_wp.o(i._is_digit)
    _get_lc_numeric                          0x08010d4d   Thumb Code    44  lc_numeric_c.o(locale$$code)
    _get_lc_ctype                            0x08010d79   Thumb Code    44  lc_ctype_c.o(locale$$code)
    __aeabi_dadd                             0x08010da5   Thumb Code     0  daddsub_clz.o(x$fpl$dadd)
    _dadd                                    0x08010da5   Thumb Code   332  daddsub_clz.o(x$fpl$dadd)
    __aeabi_ddiv                             0x08010ef5   Thumb Code     0  ddiv.o(x$fpl$ddiv)
    _ddiv                                    0x08010ef5   Thumb Code   552  ddiv.o(x$fpl$ddiv)
    __aeabi_d2uiz                            0x080111a5   Thumb Code     0  dfixu.o(x$fpl$dfixu)
    _dfixu                                   0x080111a5   Thumb Code    90  dfixu.o(x$fpl$dfixu)
    __aeabi_i2d                              0x080111ff   Thumb Code     0  dflt_clz.o(x$fpl$dflt)
    _dflt                                    0x080111ff   Thumb Code    46  dflt_clz.o(x$fpl$dflt)
    __aeabi_ui2d                             0x0801122d   Thumb Code     0  dflt_clz.o(x$fpl$dfltu)
    _dfltu                                   0x0801122d   Thumb Code    38  dflt_clz.o(x$fpl$dfltu)
    __aeabi_ul2d                             0x08011255   Thumb Code     0  dfltll_clz.o(x$fpl$dfltull)
    _ll_uto_d                                0x08011255   Thumb Code   138  dfltll_clz.o(x$fpl$dfltull)
    __aeabi_dmul                             0x080112e1   Thumb Code     0  dmul.o(x$fpl$dmul)
    _dmul                                    0x080112e1   Thumb Code   332  dmul.o(x$fpl$dmul)
    __fpl_dnaninf                            0x08011435   Thumb Code   156  dnaninf.o(x$fpl$dnaninf)
    __fpl_dretinf                            0x080114d1   Thumb Code    12  dretinf.o(x$fpl$dretinf)
    __aeabi_dsub                             0x080114dd   Thumb Code     0  daddsub_clz.o(x$fpl$dsub)
    _dsub                                    0x080114dd   Thumb Code   464  daddsub_clz.o(x$fpl$dsub)
    __aeabi_f2d                              0x080116b1   Thumb Code     0  f2d.o(x$fpl$f2d)
    _f2d                                     0x080116b1   Thumb Code    86  f2d.o(x$fpl$f2d)
    __aeabi_fdiv                             0x08011709   Thumb Code     0  fdiv.o(x$fpl$fdiv)
    _fdiv                                    0x08011709   Thumb Code   384  fdiv.o(x$fpl$fdiv)
    __aeabi_i2f                              0x0801188d   Thumb Code     0  fflt_clz.o(x$fpl$fflt)
    _fflt                                    0x0801188d   Thumb Code    48  fflt_clz.o(x$fpl$fflt)
    __aeabi_ui2f                             0x080118bd   Thumb Code     0  fflt_clz.o(x$fpl$ffltu)
    _ffltu                                   0x080118bd   Thumb Code    38  fflt_clz.o(x$fpl$ffltu)
    __aeabi_fmul                             0x080118e5   Thumb Code     0  fmul.o(x$fpl$fmul)
    _fmul                                    0x080118e5   Thumb Code   258  fmul.o(x$fpl$fmul)
    __fpl_fnaninf                            0x080119e7   Thumb Code   140  fnaninf.o(x$fpl$fnaninf)
    __fpl_fretinf                            0x08011a73   Thumb Code    10  fretinf.o(x$fpl$fretinf)
    _printf_fp_dec                           0x08011a7d   Thumb Code     4  printf1.o(x$fpl$printf1)
    Plt_Mam860_DataList                      0x08011a80   Data         136  app_plt.o(.constdata)
    __I$use$fp                               0x08011a80   Number         0  usenofp.o(x$fpl$usenofp)
    Plt_Mam6080_DataList                     0x08011b08   Data        1456  app_plt.o(.constdata)
    Xy_DataList                              0x080120b8   Data         208  app_plt.o(.constdata)
    chCRCHTalbe                              0x08012188   Data         256  comm.o(.constdata)
    chCRCLTalbe                              0x08012288   Data         256  comm.o(.constdata)
    Table                                    0x08012388   Data          13  app_rtc.o(.constdata)
    CutLineHead                              0x08012395   Data          40  app_protocol.o(.constdata)
    CutLineEnd                               0x080123bd   Data          41  app_protocol.o(.constdata)
    CRC32Tab                                 0x080123e8   Data        1024  crc32.o(.constdata)
    Region$$Table$$Base                      0x08012bf4   Number         0  anon$$obj.o(Region$$Table)
    Region$$Table$$Limit                     0x08012c14   Number         0  anon$$obj.o(Region$$Table)
    __ctype                                  0x08012c3d   Data           0  lc_ctype_c.o(locale$$data)
    StartFilterTimer                         0x20000004   Data           2  app_alarmevent.o(.data)
    StopFilterTimer                          0x20000006   Data           2  app_alarmevent.o(.data)
    PreAlmFilterTimer                        0x20000008   Data           4  app_alarmevent.o(.data)
    AppDebug                                 0x2000001c   Data           4  app_debug.o(.data)
    GpSysPara                                0x2000003c   Data           4  app_para.o(.data)
    GpUsrPara                                0x20000040   Data           4  app_para.o(.data)
    GpOthInfo                                0x20000044   Data           4  app_para.o(.data)
    GpAlmInfo                                0x20000048   Data           4  app_para.o(.data)
    GpSysStat                                0x2000004c   Data           4  app_para.o(.data)
    PltAlowWrite                             0x20000050   Data           1  app_plt.o(.data)
    RemoteWritePara                          0x20000051   Data           1  app_plt.o(.data)
    EnterPltParaWrite                        0x2000005c   Data           1  app_plt.o(.data)
    MainVfd_Addr                             0x20000061   Data           1  app_vfd.o(.data)
    GbEventFlag                              0x20000064   Data           1  app_vfd.o(.data)
    VfdInitFlag                              0x20000065   Data           1  app_vfd.o(.data)
    GbMeterEventFlag                         0x20000066   Data           1  app_vfd.o(.data)
    GbMeter2EventFlag                        0x20000067   Data           1  app_vfd.o(.data)
    bRemoteBoot                              0x20000068   Data           1  app_vfd.o(.data)
    bRemoteStop                              0x20000069   Data           1  app_vfd.o(.data)
    VfdWhoUse                                0x2000006a   Data           1  app_vfd.o(.data)
    MeterWhoUse                              0x2000006b   Data           1  app_vfd.o(.data)
    Meter2WhoUse                             0x2000006c   Data           1  app_vfd.o(.data)
    VfdOptRlt                                0x2000006d   Data           1  app_vfd.o(.data)
    MeterOptRlt                              0x2000006e   Data           1  app_vfd.o(.data)
    Meter2OptRlt                             0x2000006f   Data           1  app_vfd.o(.data)
    Flow_Addr                                0x20000070   Data           1  app_vfd.o(.data)
    Meter_Addr                               0x20000071   Data           1  app_vfd.o(.data)
    VfdOptAddr                               0x20000074   Data           2  app_vfd.o(.data)
    pVfd                                     0x20000078   Data           4  app_vfd.o(.data)
    pMeter                                   0x2000007c   Data           4  app_vfd.o(.data)
    pMeter2                                  0x20000080   Data           4  app_vfd.o(.data)
    VfdChgToSnd                              0x20000084   Data           4  app_vfd.o(.data)
    VfdChgToRcv                              0x20000088   Data           4  app_vfd.o(.data)
    MeterChgToSnd                            0x2000008c   Data           4  app_vfd.o(.data)
    MeterChgToRcv                            0x20000090   Data           4  app_vfd.o(.data)
    Meter2ChgToSnd                           0x20000094   Data           4  app_vfd.o(.data)
    Meter2ChgToRcv                           0x20000098   Data           4  app_vfd.o(.data)
    SvrVfdOpt                                0x200000b6   Data           6  app_vfd.o(.data)
    GbCfgCmd                                 0x200000be   Data           1  app_dtucfg.o(.data)
    GbDtuEnterCfg                            0x200000bf   Data           1  app_dtucfg.o(.data)
    TimeFlag                                 0x200000c0   Data           1  app_rtc.o(.data)
    SysTime                                  0x200000cc   Data           6  app_rtc.o(.data)
    MoneyCheckTimer                          0x200000d8   Data           4  app_multfun.o(.data)
    RmtBootTimer                             0x200000dc   Data           4  app_multfun.o(.data)
    RmtStopTimer                             0x200000e0   Data           4  app_multfun.o(.data)
    CfgDelay                                 0x200000e4   Data           4  app_multfun.o(.data)
    AlmDealDelay                             0x200000e8   Data           4  app_multfun.o(.data)
    BeforeReg                                0x200000f4   Data           8  app_multfun.o(.data)
    Upgrade                                  0x20000100   Data           8  app_upgrade.o(.data)
    pToGprs                                  0x20000110   Data           4  gc65.o(.data)
    pGprsSnd                                 0x20000114   Data           4  gc65.o(.data)
    pATResp                                  0x20000118   Data           4  gc65.o(.data)
    pGprsRcv                                 0x2000011c   Data           4  gc65.o(.data)
    dtuStatus                                0x20000120   Data           4  gc65.o(.data)
    DebugUartRcvStat                         0x20000124   Data           1  uart.o(.data)
    Rsp                                      0x2000013c   Data           1  app_protocol.o(.data)
    Ack                                      0x2000013d   Data           1  app_protocol.o(.data)
    GbUpLoadAllPara                          0x20000141   Data           1  app_protocol.o(.data)
    ParaUpload                               0x2000014c   Data           4  app_protocol.o(.data)
    ParaUpdate                               0x20000150   Data           4  app_protocol.o(.data)
    RebootTime                               0x20000154   Data           4  app_protocol.o(.data)
    InitParaUp                               0x20000158   Data           4  app_protocol.o(.data)
    RegDelay                                 0x2000015c   Data           4  app_protocol.o(.data)
    ParaUploadDelay                          0x20000160   Data           4  app_protocol.o(.data)
    Heart_CycleMoment                        0x20000164   Data           4  app_protocol.o(.data)
    GbeInitParaSend                          0x20000168   Data           1  app_protocol.o(.data)
    SystemCoreClock                          0x2000016c   Data           4  system_stm32f10x.o(.data)
    AHBPrescTable                            0x20000170   Data          16  system_stm32f10x.o(.data)
    FlashModle                               0x20000184   Data           1  spiflashdev.o(.data)
    AlmFilterTimer                           0x2000018c   Data          48  app_alarmevent.o(.bss)
    DebugCheck                               0x2000034c   Data          16  app_debug.o(.bss)
    JsonNode                                 0x2000035c   Data          12  app_json.o(.bss)
    JsonObjNode                              0x20000368   Data          32  app_json.o(.bss)
    HeartAddrList                            0x20000388   Data         162  app_json.o(.bss)
    JsonArrayBuf                             0x2000042c   Data         324  app_json.o(.bss)
    Led_indicate                             0x20000570   Data          12  app_led.o(.bss)
    SysParaBuf                               0x2000057c   Data         228  app_para.o(.bss)
    UsrParaBuf                               0x20000660   Data          20  app_para.o(.bss)
    OthInfoBuf                               0x20000674   Data          16  app_para.o(.bss)
    AlmInfoBuf                               0x20000684   Data          16  app_para.o(.bss)
    SysStatBuf                               0x20000694   Data         492  app_para.o(.bss)
    ParaFat                                  0x20000880   Data          20  app_para.o(.bss)
    Server_Data_Buf                          0x20000978   Data          84  app_plt.o(.bss)
    VarBuf                                   0x200009cc   Data          31  app_plt.o(.bss)
    VfdCtrl                                  0x200009ec   Data          24  app_vfd.o(.bss)
    MeterCtrl                                0x20000a04   Data          24  app_vfd.o(.bss)
    Meter2Ctrl                               0x20000a1c   Data          24  app_vfd.o(.bss)
    RS4850Modbus                             0x20000a68   Data         220  app_vfd.o(.bss)
    RS4851Modbus                             0x20000b44   Data         220  app_vfd.o(.bss)
    RS4852Modbus                             0x20000c20   Data         220  app_vfd.o(.bss)
    dtuTmpBuf                                0x20000cfc   Data        1024  app_dtucfg.o(.bss)
    UpgradeBuf                               0x200010fc   Data         512  app_upgrade.o(.bss)
    GprsRcvBuf                               0x200012fc   Data         802  gc65.o(.bss)
    GprsSndBuf                               0x2000161e   Data        1282  gc65.o(.bss)
    ATRespBuf                                0x20001b20   Data         906  gc65.o(.bss)
    FtpInf                                   0x20001eac   Data         128  gc65.o(.bss)
    GprsCtrlInfo                             0x20001f2c   Data         252  gc65.o(.bss)
    DMAUart2Buf                              0x2000282c   Data         522  gc65_bsp.o(.bss)
    UartTest                                 0x20002a36   Data         108  uart.o(.bss)
    AlmStat                                  0x20002ec0   Data          20  app_protocol.o(.bss)
    SysEvent                                 0x20002ed4   Data          20  app_protocol.o(.bss)
    ProSndInf                                0x20002ee8   Data          16  app_protocol.o(.bss)
    SendBuf                                  0x20002ef8   Data        1024  app_protocol.o(.bss)
    ProAckBuf                                0x200032f8   Data        1024  app_protocol.o(.bss)
    AlmMask                                  0x20003730   Data          16  app_protocol.o(.bss)
    __libspace_start                         0x20003740   Data          96  libspace.o(.bss)
    __temporary_stack_top$libspace           0x200037a0   Data           0  libspace.o(.bss)



==============================================================================

Memory Map of the image

  Image Entry point : 0x08001131

  Load Region LR_IROM1 (Base: 0x08001000, Size: 0x00011ecc, Max: 0x00040000, ABSOLUTE, COMPRESSED[0x00011d8c])

    Execution Region ER_IROM1 (Base: 0x08001000, Size: 0x00011d40, Max: 0x00040000, ABSOLUTE)

    Base Addr    Size         Type   Attr      Idx    E Section Name        Object

    0x08001000   0x00000130   Data   RO           98    RESET               startup_stm32f10x_hd.o
    0x08001130   0x00000008   Code   RO          212  * !!!main             c_w.l(__main.o)
    0x08001138   0x00000034   Code   RO          461    !!!scatter          c_w.l(__scatter.o)
    0x0800116c   0x0000005a   Code   RO          460    !!dczerorl2         c_w.l(__dczerorl2.o)
    0x080011c6   0x00000002   PAD
    0x080011c8   0x0000001c   Code   RO          462    !!handler_zi        c_w.l(__scatter_zi.o)
    0x080011e4   0x00000000   Code   RO          198    .ARM.Collect$$_printf_percent$$00000000  c_w.l(_printf_percent.o)
    0x080011e4   0x00000006   Code   RO          270    .ARM.Collect$$_printf_percent$$00000001  c_w.l(_printf_n.o)
    0x080011ea   0x00000006   Code   RO          271    .ARM.Collect$$_printf_percent$$00000002  c_w.l(_printf_p.o)
    0x080011f0   0x00000006   Code   RO          197    .ARM.Collect$$_printf_percent$$00000003  c_w.l(_printf_f.o)
    0x080011f6   0x00000006   Code   RO          275    .ARM.Collect$$_printf_percent$$00000004  c_w.l(_printf_e.o)
    0x080011fc   0x00000006   Code   RO          276    .ARM.Collect$$_printf_percent$$00000005  c_w.l(_printf_g.o)
    0x08001202   0x00000006   Code   RO          277    .ARM.Collect$$_printf_percent$$00000006  c_w.l(_printf_a.o)
    0x08001208   0x0000000a   Code   RO          282    .ARM.Collect$$_printf_percent$$00000007  c_w.l(_printf_ll.o)
    0x08001212   0x00000006   Code   RO          273    .ARM.Collect$$_printf_percent$$00000008  c_w.l(_printf_i.o)
    0x08001218   0x00000006   Code   RO          196    .ARM.Collect$$_printf_percent$$00000009  c_w.l(_printf_d.o)
    0x0800121e   0x00000006   Code   RO          274    .ARM.Collect$$_printf_percent$$0000000A  c_w.l(_printf_u.o)
    0x08001224   0x00000006   Code   RO          272    .ARM.Collect$$_printf_percent$$0000000B  c_w.l(_printf_o.o)
    0x0800122a   0x00000006   Code   RO          195    .ARM.Collect$$_printf_percent$$0000000C  c_w.l(_printf_x.o)
    0x08001230   0x00000006   Code   RO          279    .ARM.Collect$$_printf_percent$$0000000D  c_w.l(_printf_lli.o)
    0x08001236   0x00000006   Code   RO          280    .ARM.Collect$$_printf_percent$$0000000E  c_w.l(_printf_lld.o)
    0x0800123c   0x00000006   Code   RO          281    .ARM.Collect$$_printf_percent$$0000000F  c_w.l(_printf_llu.o)
    0x08001242   0x00000006   Code   RO          286    .ARM.Collect$$_printf_percent$$00000010  c_w.l(_printf_llo.o)
    0x08001248   0x00000006   Code   RO          287    .ARM.Collect$$_printf_percent$$00000011  c_w.l(_printf_llx.o)
    0x0800124e   0x0000000a   Code   RO          283    .ARM.Collect$$_printf_percent$$00000012  c_w.l(_printf_l.o)
    0x08001258   0x00000006   Code   RO          269    .ARM.Collect$$_printf_percent$$00000013  c_w.l(_printf_c.o)
    0x0800125e   0x00000006   Code   RO          194    .ARM.Collect$$_printf_percent$$00000014  c_w.l(_printf_s.o)
    0x08001264   0x00000006   Code   RO          284    .ARM.Collect$$_printf_percent$$00000015  c_w.l(_printf_lc.o)
    0x0800126a   0x00000006   Code   RO          285    .ARM.Collect$$_printf_percent$$00000016  c_w.l(_printf_ls.o)
    0x08001270   0x00000004   Code   RO          278    .ARM.Collect$$_printf_percent$$00000017  c_w.l(_printf_percent_end.o)
    0x08001274   0x00000002   Code   RO          416    .ARM.Collect$$libinit$$00000000  c_w.l(libinit.o)
    0x08001276   0x00000000   Code   RO          293    .ARM.Collect$$libinit$$00000002  c_w.l(libinit2.o)
    0x08001276   0x00000000   Code   RO          295    .ARM.Collect$$libinit$$00000004  c_w.l(libinit2.o)
    0x08001276   0x00000008   Code   RO          296    .ARM.Collect$$libinit$$00000005  c_w.l(libinit2.o)
    0x0800127e   0x00000000   Code   RO          298    .ARM.Collect$$libinit$$0000000A  c_w.l(libinit2.o)
    0x0800127e   0x00000000   Code   RO          300    .ARM.Collect$$libinit$$0000000C  c_w.l(libinit2.o)
    0x0800127e   0x00000000   Code   RO          302    .ARM.Collect$$libinit$$0000000E  c_w.l(libinit2.o)
    0x0800127e   0x00000006   Code   RO          303    .ARM.Collect$$libinit$$0000000F  c_w.l(libinit2.o)
    0x08001284   0x00000000   Code   RO          305    .ARM.Collect$$libinit$$00000011  c_w.l(libinit2.o)
    0x08001284   0x0000000c   Code   RO          306    .ARM.Collect$$libinit$$00000012  c_w.l(libinit2.o)
    0x08001290   0x00000000   Code   RO          307    .ARM.Collect$$libinit$$00000013  c_w.l(libinit2.o)
    0x08001290   0x00000000   Code   RO          309    .ARM.Collect$$libinit$$00000015  c_w.l(libinit2.o)
    0x08001290   0x0000000a   Code   RO          310    .ARM.Collect$$libinit$$00000016  c_w.l(libinit2.o)
    0x0800129a   0x00000000   Code   RO          311    .ARM.Collect$$libinit$$00000017  c_w.l(libinit2.o)
    0x0800129a   0x00000000   Code   RO          313    .ARM.Collect$$libinit$$00000019  c_w.l(libinit2.o)
    0x0800129a   0x00000000   Code   RO          315    .ARM.Collect$$libinit$$0000001B  c_w.l(libinit2.o)
    0x0800129a   0x00000000   Code   RO          317    .ARM.Collect$$libinit$$0000001D  c_w.l(libinit2.o)
    0x0800129a   0x00000000   Code   RO          319    .ARM.Collect$$libinit$$0000001F  c_w.l(libinit2.o)
    0x0800129a   0x00000000   Code   RO          321    .ARM.Collect$$libinit$$00000021  c_w.l(libinit2.o)
    0x0800129a   0x00000000   Code   RO          323    .ARM.Collect$$libinit$$00000023  c_w.l(libinit2.o)
    0x0800129a   0x00000000   Code   RO          325    .ARM.Collect$$libinit$$00000025  c_w.l(libinit2.o)
    0x0800129a   0x00000000   Code   RO          329    .ARM.Collect$$libinit$$0000002C  c_w.l(libinit2.o)
    0x0800129a   0x00000000   Code   RO          331    .ARM.Collect$$libinit$$0000002E  c_w.l(libinit2.o)
    0x0800129a   0x00000000   Code   RO          333    .ARM.Collect$$libinit$$00000030  c_w.l(libinit2.o)
    0x0800129a   0x00000000   Code   RO          335    .ARM.Collect$$libinit$$00000032  c_w.l(libinit2.o)
    0x0800129a   0x00000002   Code   RO          336    .ARM.Collect$$libinit$$00000033  c_w.l(libinit2.o)
    0x0800129c   0x00000002   Code   RO          457    .ARM.Collect$$libshutdown$$00000000  c_w.l(libshutdown.o)
    0x0800129e   0x00000000   Code   RO          426    .ARM.Collect$$libshutdown$$00000003  c_w.l(libshutdown2.o)
    0x0800129e   0x00000000   Code   RO          429    .ARM.Collect$$libshutdown$$00000006  c_w.l(libshutdown2.o)
    0x0800129e   0x00000000   Code   RO          432    .ARM.Collect$$libshutdown$$00000009  c_w.l(libshutdown2.o)
    0x0800129e   0x00000000   Code   RO          434    .ARM.Collect$$libshutdown$$0000000B  c_w.l(libshutdown2.o)
    0x0800129e   0x00000000   Code   RO          437    .ARM.Collect$$libshutdown$$0000000E  c_w.l(libshutdown2.o)
    0x0800129e   0x00000002   Code   RO          438    .ARM.Collect$$libshutdown$$0000000F  c_w.l(libshutdown2.o)
    0x080012a0   0x00000000   Code   RO          235    .ARM.Collect$$rtentry$$00000000  c_w.l(__rtentry.o)
    0x080012a0   0x00000000   Code   RO          346    .ARM.Collect$$rtentry$$00000002  c_w.l(__rtentry2.o)
    0x080012a0   0x00000006   Code   RO          358    .ARM.Collect$$rtentry$$00000004  c_w.l(__rtentry4.o)
    0x080012a6   0x00000000   Code   RO          348    .ARM.Collect$$rtentry$$00000009  c_w.l(__rtentry2.o)
    0x080012a6   0x00000004   Code   RO          349    .ARM.Collect$$rtentry$$0000000A  c_w.l(__rtentry2.o)
    0x080012aa   0x00000000   Code   RO          351    .ARM.Collect$$rtentry$$0000000C  c_w.l(__rtentry2.o)
    0x080012aa   0x00000008   Code   RO          352    .ARM.Collect$$rtentry$$0000000D  c_w.l(__rtentry2.o)
    0x080012b2   0x00000002   Code   RO          418    .ARM.Collect$$rtexit$$00000000  c_w.l(rtexit.o)
    0x080012b4   0x00000000   Code   RO          441    .ARM.Collect$$rtexit$$00000002  c_w.l(rtexit2.o)
    0x080012b4   0x00000004   Code   RO          442    .ARM.Collect$$rtexit$$00000003  c_w.l(rtexit2.o)
    0x080012b8   0x00000006   Code   RO          443    .ARM.Collect$$rtexit$$00000004  c_w.l(rtexit2.o)
    0x080012be   0x00000002   PAD
    0x080012c0   0x00000000   Code   RO          365    .emb_text           c_w.l(maybetermalloc1.o)
    0x080012c0   0x00000310   Code   RO            1    .text               main.o
    0x080015d0   0x00000630   Code   RO            2    .text               bsp.o
    0x08001c00   0x00000298   Code   RO            4    .text               app_alarmevent.o
    0x08001e98   0x00000214   Code   RO            7    .text               app_debug.o
    0x080020ac   0x00000850   Code   RO           11    .text               app_json.o
    0x080028fc   0x000001d4   Code   RO           16    .text               app_led.o
    0x08002ad0   0x000009ca   Code   RO           20    .text               app_para.o
    0x0800349a   0x00000002   PAD
    0x0800349c   0x00001f70   Code   RO           23    .text               app_plt.o
    0x0800540c   0x000004ac   Code   RO           29    .text               app_usrcmd.o
    0x080058b8   0x0000114c   Code   RO           34    .text               app_vfd.o
    0x08006a04   0x000004f8   Code   RO           40    .text               comm.o
    0x08006efc   0x000003fc   Code   RO           42    .text               stm32f10x_it.o
    0x080072f8   0x00000460   Code   RO           44    .text               app_dtucfg.o
    0x08007758   0x00000464   Code   RO           48    .text               app_rtc.o
    0x08007bbc   0x00000284   Code   RO           52    .text               app_multfun.o
    0x08007e40   0x00000534   Code   RO           55    .text               app_upgrade.o
    0x08008374   0x0000245c   Code   RO           58    .text               gc65.o
    0x0800a7d0   0x00000168   Code   RO           69    .text               gc65_bsp.o
    0x0800a938   0x00000154   Code   RO           71    .text               uart.o
    0x0800aa8c   0x00000170   Code   RO           75    .text               pipe.o
    0x0800abfc   0x000000b0   Code   RO           76    .text               misc.o
    0x0800acac   0x000001c8   Code   RO           77    .text               stm32f10x_dma.o
    0x0800ae74   0x00000480   Code   RO           78    .text               stm32f10x_flash.o
    0x0800b2f4   0x00000264   Code   RO           79    .text               stm32f10x_gpio.o
    0x0800b558   0x0000003c   Code   RO           80    .text               stm32f10x_iwdg.o
    0x0800b594   0x000002b8   Code   RO           81    .text               stm32f10x_rcc.o
    0x0800b84c   0x00000328   Code   RO           83    .text               stm32f10x_usart.o
    0x0800bb74   0x00000274   Code   RO           84    .text               stm32f10x_spi.o
    0x0800bde8   0x00000708   Code   RO           85    .text               stm32f10x_can.o
    0x0800c4f0   0x00000110   Code   RO           86    .text               spiflashhal.o
    0x0800c600   0x00000006   Code   RO           87    .text               spiflashusr.o
    0x0800c606   0x00000002   PAD
    0x0800c608   0x00002510   Code   RO           88    .text               app_protocol.o
    0x0800eb18   0x00000040   Code   RO           99    .text               startup_stm32f10x_hd.o
    0x0800eb58   0x00000158   Code   RO          100    .text               system_stm32f10x.o
    0x0800ecb0   0x0000005e   Code   RO          132    .text               c_w.l(h1_alloc.o)
    0x0800ed0e   0x00000002   PAD
    0x0800ed10   0x00000034   Code   RO          160    .text               c_w.l(c89vsnprintf.o)
    0x0800ed44   0x0000002c   Code   RO          161    .text               c_w.l(__2sprintf.o)
    0x0800ed70   0x0000004e   Code   RO          164    .text               c_w.l(_printf_pad.o)
    0x0800edbe   0x00000052   Code   RO          165    .text               c_w.l(_printf_str.o)
    0x0800ee10   0x00000078   Code   RO          166    .text               c_w.l(_printf_dec.o)
    0x0800ee88   0x00000094   Code   RO          179    .text               c_w.l(_printf_hex_int_ll_ptr.o)
    0x0800ef1c   0x00000188   Code   RO          192    .text               c_w.l(__printf_flags_ss_wp.o)
    0x0800f0a4   0x0000001a   Code   RO          199    .text               c_w.l(atoi.o)
    0x0800f0be   0x00000002   PAD
    0x0800f0c0   0x0000000c   Code   RO          200    .text               c_w.l(strtok.o)
    0x0800f0cc   0x00000058   Code   RO          202    .text               c_w.l(memcmp.o)
    0x0800f124   0x00000048   Code   RO          203    .text               c_w.l(strcpy.o)
    0x0800f16c   0x0000003e   Code   RO          204    .text               c_w.l(strlen.o)
    0x0800f1aa   0x00000096   Code   RO          205    .text               c_w.l(strncmp.o)
    0x0800f240   0x0000008a   Code   RO          206    .text               c_w.l(rt_memcpy_v6.o)
    0x0800f2ca   0x00000010   Code   RO          207    .text               c_w.l(aeabi_memset.o)
    0x0800f2da   0x00000044   Code   RO          208    .text               c_w.l(rt_memclr.o)
    0x0800f31e   0x0000004e   Code   RO          209    .text               c_w.l(rt_memclr_w.o)
    0x0800f36c   0x00000080   Code   RO          210    .text               c_w.l(strcmpv7m.o)
    0x0800f3ec   0x00000006   Code   RO          211    .text               c_w.l(heapauxi.o)
    0x0800f3f2   0x00000002   PAD
    0x0800f3f4   0x00000008   Code   RO          238    .text               c_w.l(rt_heap_descriptor_intlibspace.o)
    0x0800f3fc   0x00000008   Code   RO          241    .text               c_w.l(rt_errno_addr_intlibspace.o)
    0x0800f404   0x00000004   Code   RO          242    .text               c_w.l(hguard.o)
    0x0800f408   0x0000008a   Code   RO          243    .text               c_w.l(init_alloc.o)
    0x0800f492   0x0000000e   Code   RO          246    .text               c_w.l(h1_init.o)
    0x0800f4a0   0x0000004e   Code   RO          247    .text               c_w.l(h1_free.o)
    0x0800f4ee   0x00000024   Code   RO          255    .text               c_w.l(_printf_truncate.o)
    0x0800f512   0x000000b2   Code   RO          256    .text               c_w.l(_printf_intcommon.o)
    0x0800f5c4   0x00000028   Code   RO          257    .text               c_w.l(_printf_charcount.o)
    0x0800f5ec   0x0000041a   Code   RO          258    .text               c_w.l(_printf_fp_dec.o)
    0x0800fa06   0x00000002   PAD
    0x0800fa08   0x00000030   Code   RO          259    .text               c_w.l(_printf_char_common.o)
    0x0800fa38   0x0000000a   Code   RO          260    .text               c_w.l(_sputc.o)
    0x0800fa42   0x00000010   Code   RO          261    .text               c_w.l(_snputc.o)
    0x0800fa52   0x0000002c   Code   RO          262    .text               c_w.l(_printf_char.o)
    0x0800fa7e   0x00000002   PAD
    0x0800fa80   0x000000bc   Code   RO          263    .text               c_w.l(_printf_wctomb.o)
    0x0800fb3c   0x0000007c   Code   RO          265    .text               c_w.l(_printf_longlong_dec.o)
    0x0800fbb8   0x00000070   Code   RO          268    .text               c_w.l(_printf_oct_int_ll.o)
    0x0800fc28   0x00000070   Code   RO          288    .text               c_w.l(strtol.o)
    0x0800fc98   0x00000044   Code   RO          289    .text               c_w.l(strtok_int.o)
    0x0800fcdc   0x00000064   Code   RO          290    .text               c_w.l(rt_memcpy_w.o)
    0x0800fd40   0x00000008   Code   RO          343    .text               c_w.l(libspace.o)
    0x0800fd48   0x00000010   Code   RO          360    .text               c_w.l(rt_ctype_table.o)
    0x0800fd58   0x00000008   Code   RO          363    .text               c_w.l(rt_locale_intlibspace.o)
    0x0800fd60   0x00000034   Code   RO          367    .text               c_w.l(h1_extend.o)
    0x0800fd94   0x0000008a   Code   RO          369    .text               c_w.l(lludiv10.o)
    0x0800fe1e   0x00000002   PAD
    0x0800fe20   0x00000080   Code   RO          370    .text               c_w.l(_printf_fp_infnan.o)
    0x0800fea0   0x0000002c   Code   RO          372    .text               c_w.l(_printf_wchar.o)
    0x0800fecc   0x0000009e   Code   RO          373    .text               c_w.l(_strtoul.o)
    0x0800ff6a   0x00000002   PAD
    0x0800ff6c   0x000000dc   Code   RO          374    .text               c_w.l(bigflt0.o)
    0x08010048   0x00000040   Code   RO          387    .text               c_w.l(_wcrtomb.o)
    0x08010088   0x0000000e   Code   RO          390    .text               c_w.l(defsig_rtmem_outer.o)
    0x08010096   0x00000020   Code   RO          392    .text               c_w.l(strcspn.o)
    0x080100b6   0x0000001c   Code   RO          393    .text               c_w.l(strspn.o)
    0x080100d2   0x00000002   Code   RO          400    .text               c_w.l(use_no_semi.o)
    0x080100d4   0x00000000   Code   RO          401    .text               c_w.l(indicate_semi.o)
    0x080100d4   0x0000004a   Code   RO          402    .text               c_w.l(sys_stackheap_outer.o)
    0x0801011e   0x0000001c   Code   RO          405    .text               c_w.l(_chval.o)
    0x0801013a   0x0000000c   Code   RO          408    .text               c_w.l(exit.o)
    0x08010146   0x0000000a   Code   RO          409    .text               c_w.l(defsig_exit.o)
    0x08010150   0x00000050   Code   RO          410    .text               c_w.l(defsig_rtmem_inner.o)
    0x080101a0   0x0000000c   Code   RO          417    .text               c_w.l(sys_exit.o)
    0x080101ac   0x00000032   Code   RO          423    .text               c_w.l(defsig_general.o)
    0x080101de   0x0000000e   Code   RO          439    .text               c_w.l(sys_wrch.o)
    0x080101ec   0x0000003e   Code   RO          376    CL$$btod_d2e        c_w.l(btod.o)
    0x0801022a   0x00000046   Code   RO          378    CL$$btod_d2e_denorm_low  c_w.l(btod.o)
    0x08010270   0x00000060   Code   RO          377    CL$$btod_d2e_norm_op1  c_w.l(btod.o)
    0x080102d0   0x00000338   Code   RO          386    CL$$btod_div_common  c_w.l(btod.o)
    0x08010608   0x000000c6   Code   RO          383    CL$$btod_e2e        c_w.l(btod.o)
    0x080106ce   0x00000028   Code   RO          380    CL$$btod_ediv       c_w.l(btod.o)
    0x080106f6   0x00000028   Code   RO          379    CL$$btod_emul       c_w.l(btod.o)
    0x0801071e   0x00000244   Code   RO          385    CL$$btod_mult_common  c_w.l(btod.o)
    0x08010962   0x00000002   PAD
    0x08010964   0x00000034   Code   RO          110    i.CRC32Calc         crc32.lib(crc32.o)
    0x08010998   0x00000010   Code   RO          111    i.CRC32CalcReset    crc32.lib(crc32.o)
    0x080109a8   0x00000046   Code   RO          115    i.FlashBufferRead   SPIFlash.lib(spiflashdev.o)
    0x080109ee   0x00000002   PAD
    0x080109f0   0x00000108   Code   RO          116    i.FlashBufferWrite  SPIFlash.lib(spiflashdev.o)
    0x08010af8   0x00000058   Code   RO          102    i.FlashModelRead    SPIFlash.lib(spiflash.o)
    0x08010b50   0x0000003c   Code   RO          117    i.FlashReadID       SPIFlash.lib(spiflashdev.o)
    0x08010b8c   0x00000020   Code   RO          118    i.FlashReadStatusRegister  SPIFlash.lib(spiflashdev.o)
    0x08010bac   0x00000040   Code   RO          119    i.FlashSectorErase_4KByte  SPIFlash.lib(spiflashdev.o)
    0x08010bec   0x00000020   Code   RO          120    i.FlashWaitForWriteEnd  SPIFlash.lib(spiflashdev.o)
    0x08010c0c   0x00000012   Code   RO          121    i.FlashWait_Busy_AAI  SPIFlash.lib(spiflashdev.o)
    0x08010c1e   0x00000018   Code   RO          122    i.FlashWriteDisable  SPIFlash.lib(spiflashdev.o)
    0x08010c36   0x00000018   Code   RO          123    i.FlashWriteEnable  SPIFlash.lib(spiflashdev.o)
    0x08010c4e   0x00000016   Code   RO          104    i.SPIFlashErase4K   SPIFlash.lib(spiflash.o)
    0x08010c64   0x00000020   Code   RO          106    i.SPIFlashInit      SPIFlash.lib(spiflash.o)
    0x08010c84   0x0000001e   Code   RO          108    i.SPIFlashRead      SPIFlash.lib(spiflash.o)
    0x08010ca2   0x0000001e   Code   RO          109    i.SPIFlashWrite     SPIFlash.lib(spiflash.o)
    0x08010cc0   0x00000018   Code   RO          125    i.SST25V_DBSY       SPIFlash.lib(spiflashdev.o)
    0x08010cd8   0x00000018   Code   RO          126    i.SST25V_EnableWriteStatusRegister  SPIFlash.lib(spiflashdev.o)
    0x08010cf0   0x00000024   Code   RO          127    i.SST25V_WriteStatusRegister  SPIFlash.lib(spiflashdev.o)
    0x08010d14   0x00000028   Code   RO          399    i.__ARM_fpclassify  m_ws.l(fpclassify.o)
    0x08010d3c   0x0000000e   Code   RO          188    i._is_digit         c_w.l(__printf_wp.o)
    0x08010d4a   0x00000002   PAD
    0x08010d4c   0x0000002c   Code   RO          389    locale$$code        c_w.l(lc_numeric_c.o)
    0x08010d78   0x0000002c   Code   RO          407    locale$$code        c_w.l(lc_ctype_c.o)
    0x08010da4   0x00000150   Code   RO          213    x$fpl$dadd          fz_ws.l(daddsub_clz.o)
    0x08010ef4   0x000002b0   Code   RO          217    x$fpl$ddiv          fz_ws.l(ddiv.o)
    0x080111a4   0x0000005a   Code   RO          218    x$fpl$dfixu         fz_ws.l(dfixu.o)
    0x080111fe   0x0000002e   Code   RO          221    x$fpl$dflt          fz_ws.l(dflt_clz.o)
    0x0801122c   0x00000026   Code   RO          220    x$fpl$dfltu         fz_ws.l(dflt_clz.o)
    0x08011252   0x00000002   PAD
    0x08011254   0x0000008a   Code   RO          224    x$fpl$dfltull       fz_ws.l(dfltll_clz.o)
    0x080112de   0x00000002   PAD
    0x080112e0   0x00000154   Code   RO          225    x$fpl$dmul          fz_ws.l(dmul.o)
    0x08011434   0x0000009c   Code   RO          337    x$fpl$dnaninf       fz_ws.l(dnaninf.o)
    0x080114d0   0x0000000c   Code   RO          338    x$fpl$dretinf       fz_ws.l(dretinf.o)
    0x080114dc   0x000001d4   Code   RO          215    x$fpl$dsub          fz_ws.l(daddsub_clz.o)
    0x080116b0   0x00000056   Code   RO          226    x$fpl$f2d           fz_ws.l(f2d.o)
    0x08011706   0x00000002   PAD
    0x08011708   0x00000184   Code   RO          228    x$fpl$fdiv          fz_ws.l(fdiv.o)
    0x0801188c   0x00000030   Code   RO          230    x$fpl$fflt          fz_ws.l(fflt_clz.o)
    0x080118bc   0x00000026   Code   RO          229    x$fpl$ffltu         fz_ws.l(fflt_clz.o)
    0x080118e2   0x00000002   PAD
    0x080118e4   0x00000102   Code   RO          232    x$fpl$fmul          fz_ws.l(fmul.o)
    0x080119e6   0x0000008c   Code   RO          339    x$fpl$fnaninf       fz_ws.l(fnaninf.o)
    0x08011a72   0x0000000a   Code   RO          340    x$fpl$fretinf       fz_ws.l(fretinf.o)
    0x08011a7c   0x00000004   Code   RO          233    x$fpl$printf1       fz_ws.l(printf1.o)
    0x08011a80   0x00000000   Code   RO          341    x$fpl$usenofp       fz_ws.l(usenofp.o)
    0x08011a80   0x00000708   Data   RO           25    .constdata          app_plt.o
    0x08012188   0x00000200   Data   RO           41    .constdata          comm.o
    0x08012388   0x0000000d   Data   RO           49    .constdata          app_rtc.o
    0x08012395   0x00000051   Data   RO           91    .constdata          app_protocol.o
    0x080123e6   0x00000002   PAD
    0x080123e8   0x00000400   Data   RO          112    .constdata          crc32.lib(crc32.o)
    0x080127e8   0x00000028   Data   RO          180    .constdata          c_w.l(_printf_hex_int_ll_ptr.o)
    0x08012810   0x00000011   Data   RO          193    .constdata          c_w.l(__printf_flags_ss_wp.o)
    0x08012821   0x00000003   PAD
    0x08012824   0x00000008   Data   RO          264    .constdata          c_w.l(_printf_wctomb.o)
    0x0801282c   0x00000094   Data   RO          375    .constdata          c_w.l(bigflt0.o)
    0x080128c0   0x00000333   Data   RO           92    .conststring        app_protocol.o
    0x08012bf3   0x00000001   PAD
    0x08012bf4   0x00000020   Data   RO          458    Region$$Table       anon$$obj.o
    0x08012c14   0x0000001c   Data   RO          388    locale$$data        c_w.l(lc_numeric_c.o)
    0x08012c30   0x00000110   Data   RO          406    locale$$data        c_w.l(lc_ctype_c.o)


    Execution Region RW_IRAM1 (Base: 0x20000000, Size: 0x00003da0, Max: 0x0000c000, ABSOLUTE, COMPRESSED[0x0000004c])

    Base Addr    Size         Type   Attr      Idx    E Section Name        Object

    0x20000000   0x00000001   Data   RW            3    .data               bsp.o
    0x20000001   0x00000003   PAD
    0x20000004   0x00000018   Data   RW            6    .data               app_alarmevent.o
    0x2000001c   0x00000008   Data   RW           10    .data               app_debug.o
    0x20000024   0x00000012   Data   RW           18    .data               app_led.o
    0x20000036   0x00000002   PAD
    0x20000038   0x00000018   Data   RW           22    .data               app_para.o
    0x20000050   0x0000000c   Data   RW           26    .data               app_plt.o
    0x2000005c   0x00000001   Data   RW           27    .data               app_plt.o
    0x2000005d   0x00000003   PAD
    0x20000060   0x0000005c   Data   RW           39    .data               app_vfd.o
    0x200000bc   0x00000002   Data   RW           43    .data               stm32f10x_it.o
    0x200000be   0x00000001   Data   RW           46    .data               app_dtucfg.o
    0x200000bf   0x00000001   Data   RW           47    .data               app_dtucfg.o
    0x200000c0   0x0000000c   Data   RW           50    .data               app_rtc.o
    0x200000cc   0x00000006   Data   RW           51    .data               app_rtc.o
    0x200000d2   0x00000002   PAD
    0x200000d4   0x00000028   Data   RW           53    .data               app_multfun.o
    0x200000fc   0x0000000c   Data   RW           57    .data               app_upgrade.o
    0x20000108   0x0000001c   Data   RW           62    .data               gc65.o
    0x20000124   0x00000001   Data   RW           74    .data               uart.o
    0x20000125   0x00000014   Data   RW           82    .data               stm32f10x_rcc.o
    0x20000139   0x00000003   PAD
    0x2000013c   0x0000002c   Data   RW           93    .data               app_protocol.o
    0x20000168   0x00000001   Data   RW           95    .data               app_protocol.o
    0x20000169   0x00000003   PAD
    0x2000016c   0x00000014   Data   RW          101    .data               system_stm32f10x.o
    0x20000180   0x00000004   Data   RW          113    .data               crc32.lib(crc32.o)
    0x20000184   0x00000001   Data   RW          128    .data               SPIFlash.lib(spiflashdev.o)
    0x20000185   0x00000003   PAD
    0x20000188   0x00000004   Data   RW          201    .data               c_w.l(strtok.o)
    0x2000018c   0x00000030   Zero   RW            5    .bss                app_alarmevent.o
    0x200001bc   0x00000190   Zero   RW            8    .bss                app_debug.o
    0x2000034c   0x00000010   Zero   RW            9    .bss                app_debug.o
    0x2000035c   0x0000000c   Zero   RW           12    .bss                app_json.o
    0x20000368   0x00000020   Zero   RW           13    .bss                app_json.o
    0x20000388   0x000000a2   Zero   RW           14    .bss                app_json.o
    0x2000042a   0x00000002   PAD
    0x2000042c   0x00000144   Zero   RW           15    .bss                app_json.o
    0x20000570   0x0000000c   Zero   RW           17    .bss                app_led.o
    0x2000057c   0x000003fc   Zero   RW           21    .bss                app_para.o
    0x20000978   0x00000073   Zero   RW           24    .bss                app_plt.o
    0x200009eb   0x00000001   PAD
    0x200009ec   0x0000007c   Zero   RW           35    .bss                app_vfd.o
    0x20000a68   0x000000dc   Zero   RW           36    .bss                app_vfd.o
    0x20000b44   0x000000dc   Zero   RW           37    .bss                app_vfd.o
    0x20000c20   0x000000dc   Zero   RW           38    .bss                app_vfd.o
    0x20000cfc   0x00000400   Zero   RW           45    .bss                app_dtucfg.o
    0x200010fc   0x00000200   Zero   RW           56    .bss                app_upgrade.o
    0x200012fc   0x0000112c   Zero   RW           59    .bss                gc65.o
    0x20002428   0x00000404   Zero   RW           61    .bss                gc65.o
    0x2000282c   0x0000020a   Zero   RW           70    .bss                gc65_bsp.o
    0x20002a36   0x0000006c   Zero   RW           72    .bss                uart.o
    0x20002aa2   0x0000041e   Zero   RW           73    .bss                uart.o
    0x20002ec0   0x00000870   Zero   RW           89    .bss                app_protocol.o
    0x20003730   0x00000010   Zero   RW           90    .bss                app_protocol.o
    0x20003740   0x00000060   Zero   RW          344    .bss                c_w.l(libspace.o)
    0x200037a0   0x00000200   Zero   RW           97    HEAP                startup_stm32f10x_hd.o
    0x200039a0   0x00000400   Zero   RW           96    STACK               startup_stm32f10x_hd.o


==============================================================================

Image component sizes


      Code (inc. data)   RO Data    RW Data    ZI Data      Debug   Object Name

       664         36          0         24         48          0   app_alarmevent.o
       532         88          0          8        416          0   app_debug.o
      1120         36          0          2       1024          0   app_dtucfg.o
      2128        244          0          0        530          0   app_json.o
       468         16          0         18         12          0   app_led.o
       644         96          0         40          0          0   app_multfun.o
      2506        398          0         24       1020          0   app_para.o
      8048        670       1800         13        115          0   app_plt.o
      9488       1544        900         45       2176          0   app_protocol.o
      1124         40         13         18          0          0   app_rtc.o
      1332        288          0         12        512          0   app_upgrade.o
      1196        450          0          0          0          0   app_usrcmd.o
      4428        138          0         92        784          0   app_vfd.o
      1584         66          0          1          0          0   bsp.o
      1272         22        512          0          0          0   comm.o
      9308       1780          0         28       5424          0   gc65.o
       360         22          0          0        522          0   gc65_bsp.o
       784        280          0          0          0          0   main.o
       176         14          0          0          0          0   misc.o
       368          0          0          0          0          0   pipe.o
       272         16          0          0          0          0   spiflashhal.o
         6          0          0          0          0          0   spiflashusr.o
        64         26        304          0       1536          0   startup_stm32f10x_hd.o
      1800         44          0          0          0          0   stm32f10x_can.o
       456         10          0          0          0          0   stm32f10x_dma.o
      1152         22          0          0          0          0   stm32f10x_flash.o
       612         36          0          0          0          0   stm32f10x_gpio.o
      1020         84          0          2          0          0   stm32f10x_it.o
        60          6          0          0          0          0   stm32f10x_iwdg.o
       696         32          0         20          0          0   stm32f10x_rcc.o
       628         14          0          0          0          0   stm32f10x_spi.o
       808         22          0          0          0          0   stm32f10x_usart.o
       344         36          0         20          0          0   system_stm32f10x.o
       340         38          0          1       1162          0   uart.o

    ----------------------------------------------------------------------
     55792       6614       3564        384      15284          0   Object Totals
         0          0         32          0          0          0   (incl. Generated)
         4          0          3         16          3          0   (incl. Padding)

    ----------------------------------------------------------------------

      Code (inc. data)   RO Data    RW Data    ZI Data      Debug   Library Member Name

       202          6          0          0          0          0   spiflash.o
       672          6          0          1          0          0   spiflashdev.o
        44          6          0          0          0          0   __2sprintf.o
        90          0          0          0          0          0   __dczerorl2.o
         8          0          0          0          0          0   __main.o
       392          4         17          0          0          0   __printf_flags_ss_wp.o
        14          0          0          0          0          0   __printf_wp.o
         0          0          0          0          0          0   __rtentry.o
        12          0          0          0          0          0   __rtentry2.o
         6          0          0          0          0          0   __rtentry4.o
        52          8          0          0          0          0   __scatter.o
        28          0          0          0          0          0   __scatter_zi.o
        28          0          0          0          0          0   _chval.o
         6          0          0          0          0          0   _printf_a.o
         6          0          0          0          0          0   _printf_c.o
        44          0          0          0          0          0   _printf_char.o
        48          6          0          0          0          0   _printf_char_common.o
        40          0          0          0          0          0   _printf_charcount.o
         6          0          0          0          0          0   _printf_d.o
       120         16          0          0          0          0   _printf_dec.o
         6          0          0          0          0          0   _printf_e.o
         6          0          0          0          0          0   _printf_f.o
      1050          0          0          0          0          0   _printf_fp_dec.o
       128         16          0          0          0          0   _printf_fp_infnan.o
         6          0          0          0          0          0   _printf_g.o
       148          4         40          0          0          0   _printf_hex_int_ll_ptr.o
         6          0          0          0          0          0   _printf_i.o
       178          0          0          0          0          0   _printf_intcommon.o
        10          0          0          0          0          0   _printf_l.o
         6          0          0          0          0          0   _printf_lc.o
        10          0          0          0          0          0   _printf_ll.o
         6          0          0          0          0          0   _printf_lld.o
         6          0          0          0          0          0   _printf_lli.o
         6          0          0          0          0          0   _printf_llo.o
         6          0          0          0          0          0   _printf_llu.o
         6          0          0          0          0          0   _printf_llx.o
       124         16          0          0          0          0   _printf_longlong_dec.o
         6          0          0          0          0          0   _printf_ls.o
         6          0          0          0          0          0   _printf_n.o
         6          0          0          0          0          0   _printf_o.o
       112          8          0          0          0          0   _printf_oct_int_ll.o
         6          0          0          0          0          0   _printf_p.o
        78          0          0          0          0          0   _printf_pad.o
         0          0          0          0          0          0   _printf_percent.o
         4          0          0          0          0          0   _printf_percent_end.o
         6          0          0          0          0          0   _printf_s.o
        82          0          0          0          0          0   _printf_str.o
        36          0          0          0          0          0   _printf_truncate.o
         6          0          0          0          0          0   _printf_u.o
        44          0          0          0          0          0   _printf_wchar.o
       188          6          8          0          0          0   _printf_wctomb.o
         6          0          0          0          0          0   _printf_x.o
        16          0          0          0          0          0   _snputc.o
        10          0          0          0          0          0   _sputc.o
       158          0          0          0          0          0   _strtoul.o
        64          0          0          0          0          0   _wcrtomb.o
        16          0          0          0          0          0   aeabi_memset.o
        26          0          0          0          0          0   atoi.o
       220          4        148          0          0          0   bigflt0.o
      1910        128          0          0          0          0   btod.o
        52          4          0          0          0          0   c89vsnprintf.o
        10          0          0          0          0          0   defsig_exit.o
        50          0          0          0          0          0   defsig_general.o
        80         58          0          0          0          0   defsig_rtmem_inner.o
        14          0          0          0          0          0   defsig_rtmem_outer.o
        12          0          0          0          0          0   exit.o
        94          0          0          0          0          0   h1_alloc.o
        52          0          0          0          0          0   h1_extend.o
        78          0          0          0          0          0   h1_free.o
        14          0          0          0          0          0   h1_init.o
         6          0          0          0          0          0   heapauxi.o
         4          0          0          0          0          0   hguard.o
         0          0          0          0          0          0   indicate_semi.o
       138          0          0          0          0          0   init_alloc.o
        44         10        272          0          0          0   lc_ctype_c.o
        44         10         28          0          0          0   lc_numeric_c.o
         2          0          0          0          0          0   libinit.o
        38          0          0          0          0          0   libinit2.o
         2          0          0          0          0          0   libshutdown.o
         2          0          0          0          0          0   libshutdown2.o
         8          4          0          0         96          0   libspace.o
       138          0          0          0          0          0   lludiv10.o
         0          0          0          0          0          0   maybetermalloc1.o
        88          0          0          0          0          0   memcmp.o
        16          4          0          0          0          0   rt_ctype_table.o
         8          4          0          0          0          0   rt_errno_addr_intlibspace.o
         8          4          0          0          0          0   rt_heap_descriptor_intlibspace.o
         8          4          0          0          0          0   rt_locale_intlibspace.o
        68          0          0          0          0          0   rt_memclr.o
        78          0          0          0          0          0   rt_memclr_w.o
       138          0          0          0          0          0   rt_memcpy_v6.o
       100          0          0          0          0          0   rt_memcpy_w.o
         2          0          0          0          0          0   rtexit.o
        10          0          0          0          0          0   rtexit2.o
       128          0          0          0          0          0   strcmpv7m.o
        72          0          0          0          0          0   strcpy.o
        32          0          0          0          0          0   strcspn.o
        62          0          0          0          0          0   strlen.o
       150          0          0          0          0          0   strncmp.o
        28          0          0          0          0          0   strspn.o
        12          6          0          4          0          0   strtok.o
        68          4          0          0          0          0   strtok_int.o
       112          0          0          0          0          0   strtol.o
        12          4          0          0          0          0   sys_exit.o
        74          0          0          0          0          0   sys_stackheap_outer.o
        14          0          0          0          0          0   sys_wrch.o
         2          0          0          0          0          0   use_no_semi.o
        68         16       1024          4          0          0   crc32.o
       804         16          0          0          0          0   daddsub_clz.o
       688        140          0          0          0          0   ddiv.o
        90          4          0          0          0          0   dfixu.o
        84          0          0          0          0          0   dflt_clz.o
       138          0          0          0          0          0   dfltll_clz.o
       340         12          0          0          0          0   dmul.o
       156          4          0          0          0          0   dnaninf.o
        12          0          0          0          0          0   dretinf.o
        86          4          0          0          0          0   f2d.o
       388         76          0          0          0          0   fdiv.o
        86          0          0          0          0          0   fflt_clz.o
       258          4          0          0          0          0   fmul.o
       140          4          0          0          0          0   fnaninf.o
        10          0          0          0          0          0   fretinf.o
         4          0          0          0          0          0   printf1.o
         0          0          0          0          0          0   usenofp.o
        40          0          0          0          0          0   fpclassify.o

    ----------------------------------------------------------------------
     12128        630       1540         12         96          0   Library Totals
        32          0          3          3          0          0   (incl. Padding)

    ----------------------------------------------------------------------

      Code (inc. data)   RO Data    RW Data    ZI Data      Debug   Library Name

       874         12          0          1          0          0   SPIFlash.lib
      7830        338        513          4         96          0   c_w.l
        68         16       1024          4          0          0   crc32.lib
      3284        264          0          0          0          0   fz_ws.l
        40          0          0          0          0          0   m_ws.l

    ----------------------------------------------------------------------
     12128        630       1540         12         96          0   Library Totals

    ----------------------------------------------------------------------

==============================================================================


      Code (inc. data)   RO Data    RW Data    ZI Data      Debug   

     67920       7244       5104        396      15380          0   Grand Totals
     67920       7244       5104         76      15380          0   ELF Image Totals (compressed)
     67920       7244       5104         76          0          0   ROM Totals

==============================================================================

    Total RO  Size (Code + RO Data)                73024 (  71.31kB)
    Total RW  Size (RW Data + ZI Data)             15776 (  15.41kB)
    Total ROM Size (Code + RO Data + RW Data)      73100 (  71.39kB)

==============================================================================

