Component: ARM Compiler 5.05 update 1 (build 106) Tool: armlink [4d0efa]

==============================================================================

Section Cross References

    main.o(i.SoftWareInit) refers to app_debug.o(i.AppDebugInit) for AppDebugInit
    main.o(i.SoftWareInit) refers to app_debug.o(i.DebugMsg) for DebugMsg
    main.o(i.SoftWareInit) refers to bsp.o(i.FeedDog) for FeedDog
    main.o(i.SoftWareInit) refers to app_para.o(i.SysVarInit) for SysVarInit
    main.o(i.SoftWareInit) refers to app_para.o(i.SysParaRead) for SysParaRead
    main.o(i.main) refers to bsp.o(i.HardWareInit) for HardWareInit
    main.o(i.main) refers to main.o(i.SoftWareInit) for SoftWareInit
    main.o(i.main) refers to app_alarmevent.o(i.AlarmEventInit) for AlarmEventInit
    main.o(i.main) refers to gc65.o(i.GprsAppInit) for GprsAppInit
    main.o(i.main) refers to app_protocol.o(i.ProSendInit) for ProSendInit
    main.o(i.main) refers to app_multfun.o(i.MultFunInit) for MultFunInit
    main.o(i.main) refers to app_vfd.o(i.RS485ComInit) for RS485ComInit
    main.o(i.main) refers to app_vfd.o(i.Task_MeterInit) for Task_MeterInit
    main.o(i.main) refers to app_vfd.o(i.Task_Meter2Init) for Task_Meter2Init
    main.o(i.main) refers to app_protocol.o(i.Task_ProDeal) for Task_ProDeal
    main.o(i.main) refers to app_vfd.o(i.Task_VfdDeal) for Task_VfdDeal
    main.o(i.main) refers to app_vfd.o(i.Task_MeterDeal) for Task_MeterDeal
    main.o(i.main) refers to app_vfd.o(i.Task_Meter2Deal) for Task_Meter2Deal
    main.o(i.main) refers to app_alarmevent.o(i.AlarmEventDeal) for AlarmEventDeal
    main.o(i.main) refers to app_dtucfg.o(i.dtuFactoryConfig) for dtuFactoryConfig
    main.o(i.main) refers to app_debug.o(i.RS485SndDly) for RS485SndDly
    main.o(i.main) refers to app_vfd.o(i.Task_VfdInit) for Task_VfdInit
    main.o(i.main) refers to app_usrcmd.o(i.UsrCmdParse) for UsrCmdParse
    main.o(i.main) refers to app_debug.o(i.DebugMsg) for DebugMsg
    main.o(i.main) refers to app_vfd.o(i.Task_VfdComm) for Task_VfdComm
    main.o(i.main) refers to app_vfd.o(i.Task_MeterComm) for Task_MeterComm
    main.o(i.main) refers to app_vfd.o(i.Task_Meter2Comm) for Task_Meter2Comm
    main.o(i.main) refers to app_protocol.o(i.DevStatToSystem) for DevStatToSystem
    main.o(i.main) refers to app_para.o(i.SysParaStorage) for SysParaStorage
    main.o(i.main) refers to bsp.o(i.FeedDog) for FeedDog
    main.o(i.main) refers to app_multfun.o(i.Task_MultFun_1s) for Task_MultFun_1s
    main.o(i.main) refers to gc65.o(i.TaskGC65) for TaskGC65
    main.o(i.main) refers to app_alarmevent.o(i.AlarmFilterTimer) for AlarmFilterTimer
    main.o(i.main) refers to app_led.o(i.SysComLed) for SysComLed
    main.o(i.main) refers to app_led.o(i.Rs485ComLed) for Rs485ComLed
    main.o(i.main) refers to app_upgrade.o(i.UpgradeTask) for UpgradeTask
    main.o(i.main) refers to app_protocol.o(i.Task_ProSend) for Task_ProSend
    main.o(i.main) refers to app_debug.o(.data) for AppDebug
    main.o(i.main) refers to app_multfun.o(.data) for CfgDelay
    main.o(i.main) refers to app_dtucfg.o(.data) for GbCfgCmd
    main.o(i.main) refers to app_rtc.o(.data) for TimeFlag
    main.o(i.main) refers to app_dtucfg.o(.data) for GbDtuEnterCfg
    main.o(i.main) refers to uart.o(.bss) for UartTest
    main.o(i.main) refers to app_vfd.o(.data) for pVfd
    main.o(i.main) refers to app_protocol.o(.data) for RebootTime
    bsp.o(i.Can_Config) refers to stm32f10x_can.o(i.CAN_DeInit) for CAN_DeInit
    bsp.o(i.Can_Config) refers to stm32f10x_can.o(i.CAN_StructInit) for CAN_StructInit
    bsp.o(i.Can_Config) refers to stm32f10x_rcc.o(i.RCC_GetClocksFreq) for RCC_GetClocksFreq
    bsp.o(i.Can_Config) refers to stm32f10x_can.o(i.CAN_Init) for CAN_Init
    bsp.o(i.Can_Config) refers to stm32f10x_can.o(i.CAN_FilterInit) for CAN_FilterInit
    bsp.o(i.Can_Config) refers to stm32f10x_can.o(i.CAN_ITConfig) for CAN_ITConfig
    bsp.o(i.FeedDog) refers to stm32f10x_iwdg.o(i.IWDG_ReloadCounter) for IWDG_ReloadCounter
    bsp.o(i.FeedDog) refers to stm32f10x_gpio.o(i.GPIO_SetBits) for GPIO_SetBits
    bsp.o(i.FeedDog) refers to stm32f10x_gpio.o(i.GPIO_ResetBits) for GPIO_ResetBits
    bsp.o(i.FeedDog) refers to bsp.o(.data) for .data
    bsp.o(i.GPIO_Configuration) refers to stm32f10x_gpio.o(i.GPIO_Init) for GPIO_Init
    bsp.o(i.GPIO_Configuration) refers to stm32f10x_gpio.o(i.GPIO_SetBits) for GPIO_SetBits
    bsp.o(i.GPIO_Configuration) refers to stm32f10x_gpio.o(i.GPIO_ResetBits) for GPIO_ResetBits
    bsp.o(i.GPIO_Configuration) refers to stm32f10x_gpio.o(i.GPIO_PinRemapConfig) for GPIO_PinRemapConfig
    bsp.o(i.HardWareInit) refers to stm32f10x_rcc.o(i.RCC_APB2PeriphClockCmd) for RCC_APB2PeriphClockCmd
    bsp.o(i.HardWareInit) refers to stm32f10x_rcc.o(i.RCC_APB1PeriphClockCmd) for RCC_APB1PeriphClockCmd
    bsp.o(i.HardWareInit) refers to stm32f10x_rcc.o(i.RCC_AHBPeriphClockCmd) for RCC_AHBPeriphClockCmd
[...]
    USB_LP_CAN1_RX0_IRQHandler               0x0800f209   Thumb Code    48  stm32f10x_it.o(i.USB_LP_CAN1_RX0_IRQHandler)
    UartFirstChar                            0x0800f23d   Thumb Code    28  uart.o(i.UartFirstChar)
    UartIntSendData                          0x0800f259   Thumb Code    36  uart.o(i.UartIntSendData)
    UartRcvTimeOut                           0x0800f285   Thumb Code    38  stm32f10x_it.o(i.UartRcvTimeOut)
    UartSendData                             0x0800f2b5   Thumb Code   212  uart.o(i.UartSendData)
    UartTimerOver                            0x0800f3a1   Thumb Code    40  uart.o(i.UartTimerOver)
    UpdateFileCrcCheck                       0x0800f3c9   Thumb Code   142  app_upgrade.o(i.UpdateFileCrcCheck)
    UpdateFileGet                            0x0800f4c1   Thumb Code    60  app_upgrade.o(i.UpdateFileGet)
    UpdateFileWrite                          0x0800f515   Thumb Code   136  app_upgrade.o(i.UpdateFileWrite)
    UpgradeCancel                            0x0800f611   Thumb Code    26  app_upgrade.o(i.UpgradeCancel)
    UpgradeFlagSet                           0x0800f635   Thumb Code    26  app_upgrade.o(i.UpgradeFlagSet)
    UpgradeSectorErase                       0x0800f659   Thumb Code    36  app_upgrade.o(i.UpgradeSectorErase)
    UpgradeServerInit                        0x0800f691   Thumb Code    46  app_upgrade.o(i.UpgradeServerInit)
    UpgradeSizeInit                          0x0800f6c9   Thumb Code    14  app_upgrade.o(i.UpgradeSizeInit)
    UpgradeTask                              0x0800f6dd   Thumb Code   178  app_upgrade.o(i.UpgradeTask)
    UpgradeUsrInit                           0x0800f7ad   Thumb Code    48  app_upgrade.o(i.UpgradeUsrInit)
    UpgradeVersionInit                       0x0800f7e5   Thumb Code   158  app_upgrade.o(i.UpgradeVersionInit)
    UsageFault_Handler                       0x0800f8c9   Thumb Code     2  stm32f10x_it.o(i.UsageFault_Handler)
    UsrCmdCtrl                               0x0800f8cb   Thumb Code    48  app_usrcmd.o(i.UsrCmdCtrl)
    UsrCmdDebug                              0x0800f8fd   Thumb Code   114  app_usrcmd.o(i.UsrCmdDebug)
    UsrCmdParse                              0x0800f979   Thumb Code   286  app_usrcmd.o(i.UsrCmdParse)
    UsrCmdQuery                              0x0800fb19   Thumb Code   186  app_usrcmd.o(i.UsrCmdQuery)
    UsrCmdSet                                0x0800fd11   Thumb Code    82  app_usrcmd.o(i.UsrCmdSet)
    UsrCmdTest                               0x0800fd71   Thumb Code    26  app_usrcmd.o(i.UsrCmdTest)
    VfdClrTimeOut                            0x0800fd8d   Thumb Code    12  app_vfd.o(i.VfdClrTimeOut)
    VfdCtrlInit                              0x0800fd9d   Thumb Code    26  app_vfd.o(i.VfdCtrlInit)
    VfdReadRegPacket                         0x0800fdc1   Thumb Code    46  app_vfd.o(i.VfdReadRegPacket)
    VfdSetWhoUse                             0x0800fdf1   Thumb Code    48  app_vfd.o(i.VfdSetWhoUse)
    VfdWaitResp                              0x0800fe25   Thumb Code     8  app_vfd.o(i.VfdWaitResp)
    VfdWriteMoreRegPacket                    0x0800fe31   Thumb Code    94  app_vfd.o(i.VfdWriteMoreRegPacket)
    VfdWriteRegPacket                        0x0800fe8f   Thumb Code    46  app_vfd.o(i.VfdWriteRegPacket)
    Vfd_Meter_Write_Data                     0x0800febd   Thumb Code    30  app_vfd.o(i.Vfd_Meter_Write_Data)
    WaitRsp                                  0x0800fee1   Thumb Code    44  app_protocol.o(i.WaitRsp)
    WordToBuf                                0x0800ff11   Thumb Code    10  comm.o(i.WordToBuf)
    XYDevDataDeal                            0x0800ff1d   Thumb Code   264  app_plt.o(i.XYDevDataDeal)
    XYMeterVarRead                           0x0801002d   Thumb Code   228  app_plt.o(i.XYMeterVarRead)
    YearDay                                  0x08010119   Thumb Code    62  app_rtc.o(i.YearDay)
    __ARM_fpclassify                         0x08010169   Thumb Code    40  fpclassify.o(i.__ARM_fpclassify)
    _flashRead                               0x080101b5   Thumb Code    52  app_para.o(i._flashRead)
    _flashWrite                              0x080101e9   Thumb Code    80  app_para.o(i._flashWrite)
    _is_digit                                0x0801025d   Thumb Code    14  __printf_wp.o(i._is_digit)
    dtuCfgDataCheck                          0x080103d1   Thumb Code    46  app_dtucfg.o(i.dtuCfgDataCheck)
    dtuCfgDataCrc                            0x080103ff   Thumb Code    28  app_dtucfg.o(i.dtuCfgDataCrc)
    dtuConfigResp                            0x0801041b   Thumb Code   104  app_dtucfg.o(i.dtuConfigResp)
    dtuFactoryConfig                         0x08010485   Thumb Code   872  app_dtucfg.o(i.dtuFactoryConfig)
    gprsIsConnect                            0x08010811   Thumb Code    10  gc65.o(i.gprsIsConnect)
    isGprsCon                                0x08010a45   Thumb Code    10  app_protocol.o(i.isGprsCon)
    main                                     0x08010a55   Thumb Code   414  main.o(i.main)
    my_atof                                  0x08010c51   Thumb Code   146  comm.o(i.my_atof)
    my_atoi                                  0x08010cf1   Thumb Code    62  comm.o(i.my_atoi)
    my_itoa                                  0x08010d31   Thumb Code    58  comm.o(i.my_itoa)
    pipeCreate                               0x08010eb9   Thumb Code   122  pipe.o(i.pipeCreate)
    pipeDataRead                             0x08010f33   Thumb Code    96  pipe.o(i.pipeDataRead)
    pipeDataWrite                            0x08010f93   Thumb Code   112  pipe.o(i.pipeDataWrite)
    pipeFlush                                0x08011003   Thumb Code    24  pipe.o(i.pipeFlush)
    rst_data_process                         0x080110ad   Thumb Code    78  app_multfun.o(i.rst_data_process)
    sfud_chip_erase                          0x08011211   Thumb Code   124  sfud.o(i.sfud_chip_erase)
    sfud_device_init                         0x080112bd   Thumb Code    42  sfud.o(i.sfud_device_init)
    sfud_erase                               0x0801133d   Thumb Code   234  sfud.o(i.sfud_erase)
    sfud_get_device_table                    0x0801147d   Thumb Code     4  sfud.o(i.sfud_get_device_table)
    sfud_init                                0x08011485   Thumb Code    34  sfud.o(i.sfud_init)
    sfud_log_info                            0x080114ad   Thumb Code    34  sfud_port.o(i.sfud_log_info)
    sfud_read                                0x080114dd   Thumb Code   136  sfud.o(i.sfud_read)
    sfud_read_status                         0x0801158d   Thumb Code    24  sfud.o(i.sfud_read_status)
    sfud_spi_port_init                       0x080115a5   Thumb Code   212  sfud_port.o(i.sfud_spi_port_init)
    sfud_write                               0x0801169d   Thumb Code    42  sfud.o(i.sfud_write)
    sfud_write_status                        0x080116c9   Thumb Code    86  sfud.o(i.sfud_write_status)
    stricmp                                  0x080117e5   Thumb Code    52  comm.o(i.stricmp)
    _get_lc_numeric                          0x08011881   Thumb Code    44  lc_numeric_c.o(locale$$code)
    _get_lc_ctype                            0x080118ad   Thumb Code    44  lc_ctype_c.o(locale$$code)
    __aeabi_dadd                             0x080118d9   Thumb Code     0  daddsub_clz.o(x$fpl$dadd)
    _dadd                                    0x080118d9   Thumb Code   332  daddsub_clz.o(x$fpl$dadd)
    __aeabi_ddiv                             0x08011a29   Thumb Code     0  ddiv.o(x$fpl$ddiv)
    _ddiv                                    0x08011a29   Thumb Code   552  ddiv.o(x$fpl$ddiv)
    __aeabi_d2uiz                            0x08011cd9   Thumb Code     0  dfixu.o(x$fpl$dfixu)
    _dfixu                                   0x08011cd9   Thumb Code    90  dfixu.o(x$fpl$dfixu)
    __aeabi_i2d                              0x08011d33   Thumb Code     0  dflt_clz.o(x$fpl$dflt)
    _dflt                                    0x08011d33   Thumb Code    46  dflt_clz.o(x$fpl$dflt)
    __aeabi_ui2d                             0x08011d61   Thumb Code     0  dflt_clz.o(x$fpl$dfltu)
    _dfltu                                   0x08011d61   Thumb Code    38  dflt_clz.o(x$fpl$dfltu)
    __aeabi_dmul                             0x08011d89   Thumb Code     0  dmul.o(x$fpl$dmul)
    _dmul                                    0x08011d89   Thumb Code   332  dmul.o(x$fpl$dmul)
    __fpl_dnaninf                            0x08011edd   Thumb Code   156  dnaninf.o(x$fpl$dnaninf)
    __fpl_dretinf                            0x08011f79   Thumb Code    12  dretinf.o(x$fpl$dretinf)
    __aeabi_dsub                             0x08011f85   Thumb Code     0  daddsub_clz.o(x$fpl$dsub)
    _dsub                                    0x08011f85   Thumb Code   464  daddsub_clz.o(x$fpl$dsub)
    __aeabi_f2d                              0x08012159   Thumb Code     0  f2d.o(x$fpl$f2d)
    _f2d                                     0x08012159   Thumb Code    86  f2d.o(x$fpl$f2d)
    __aeabi_fdiv                             0x080121b1   Thumb Code     0  fdiv.o(x$fpl$fdiv)
    _fdiv                                    0x080121b1   Thumb Code   384  fdiv.o(x$fpl$fdiv)
    __aeabi_i2f                              0x08012335   Thumb Code     0  fflt_clz.o(x$fpl$fflt)
    _fflt                                    0x08012335   Thumb Code    48  fflt_clz.o(x$fpl$fflt)
    __aeabi_ui2f                             0x08012365   Thumb Code     0  fflt_clz.o(x$fpl$ffltu)
    _ffltu                                   0x08012365   Thumb Code    38  fflt_clz.o(x$fpl$ffltu)
    __aeabi_fmul                             0x0801238d   Thumb Code     0  fmul.o(x$fpl$fmul)
    _fmul                                    0x0801238d   Thumb Code   258  fmul.o(x$fpl$fmul)
    __fpl_fnaninf                            0x0801248f   Thumb Code   140  fnaninf.o(x$fpl$fnaninf)
    __fpl_fretinf                            0x0801251b   Thumb Code    10  fretinf.o(x$fpl$fretinf)
    _printf_fp_dec                           0x08012525   Thumb Code     4  printf1.o(x$fpl$printf1)
    _printf_fp_hex                           0x08012529   Thumb Code     4  printf2.o(x$fpl$printf2)
    Plt_Mam860_DataList                      0x0801252c   Data         296  app_plt.o(.constdata)
    __I$use$fp                               0x0801252c   Number         0  usenofp.o(x$fpl$usenofp)
    Plt_Mam6080_DataList                     0x08012654   Data        1456  app_plt.o(.constdata)
    H2U_PLC_DataList                         0x08012c04   Data         424  app_plt.o(.constdata)
    Xy_DataList                              0x08012dac   Data         184  app_plt.o(.constdata)
    chCRCHTalbe                              0x08012e64   Data         256  comm.o(.constdata)
    chCRCLTalbe                              0x08012f64   Data         256  comm.o(.constdata)
    Table                                    0x08013064   Data          13  app_rtc.o(.constdata)
    CutLineHead                              0x08013071   Data          40  app_protocol.o(.constdata)
    CutLineEnd                               0x08013099   Data          41  app_protocol.o(.constdata)
    Region$$Table$$Base                      0x08013ba0   Number         0  anon$$obj.o(Region$$Table)
    Region$$Table$$Limit                     0x08013bc0   Number         0  anon$$obj.o(Region$$Table)
    __ctype                                  0x08013be9   Data           0  lc_ctype_c.o(locale$$data)
    StartFilterTimer                         0x20000004   Data           2  app_alarmevent.o(.data)
    StopFilterTimer                          0x20000006   Data           2  app_alarmevent.o(.data)
    AppDebug                                 0x20000018   Data           4  app_debug.o(.data)
    Led_indicate                             0x20000028   Data           4  app_led.o(.data)
    GpSysPara                                0x20000038   Data           4  app_para.o(.data)
    GpUsrPara                                0x2000003c   Data           4  app_para.o(.data)
    GpOthInfo                                0x20000040   Data           4  app_para.o(.data)
    GpAlmInfo                                0x20000044   Data           4  app_para.o(.data)
    GpSysStat                                0x20000048   Data           4  app_para.o(.data)
    PltAlowWrite                             0x2000004c   Data           1  app_plt.o(.data)
    RemoteWritePara                          0x2000004d   Data           1  app_plt.o(.data)
    EnterPltParaWrite                        0x20000060   Data           1  app_plt.o(.data)
    MainVfd_Addr                             0x20000065   Data           1  app_vfd.o(.data)
    GbEventFlag                              0x20000068   Data           1  app_vfd.o(.data)
    VfdInitFlag                              0x20000069   Data           1  app_vfd.o(.data)
    GbMeterEventFlag                         0x2000006a   Data           1  app_vfd.o(.data)
    GbMeter2EventFlag                        0x2000006b   Data           1  app_vfd.o(.data)
    bRemoteBoot                              0x2000006c   Data           1  app_vfd.o(.data)
    bRemoteStop                              0x2000006d   Data           1  app_vfd.o(.data)
    VfdWhoUse                                0x2000006e   Data           1  app_vfd.o(.data)
    MeterWhoUse                              0x2000006f   Data           1  app_vfd.o(.data)
    Meter2WhoUse                             0x20000070   Data           1  app_vfd.o(.data)
    VfdOptRlt                                0x20000071   Data           1  app_vfd.o(.data)
    MeterOptRlt                              0x20000072   Data           1  app_vfd.o(.data)
    Meter2OptRlt                             0x20000073   Data           1  app_vfd.o(.data)
    Flow_Addr                                0x20000074   Data           1  app_vfd.o(.data)
    Meter_Addr                               0x20000075   Data           1  app_vfd.o(.data)
    VfdOptAddr                               0x20000078   Data           2  app_vfd.o(.data)
    pVfd                                     0x2000007c   Data           4  app_vfd.o(.data)
    pMeter                                   0x20000080   Data           4  app_vfd.o(.data)
    pMeter2                                  0x20000084   Data           4  app_vfd.o(.data)
    VfdChgToSnd                              0x20000088   Data           4  app_vfd.o(.data)
    VfdChgToRcv                              0x2000008c   Data           4  app_vfd.o(.data)
    MeterChgToSnd                            0x20000090   Data           4  app_vfd.o(.data)
    MeterChgToRcv                            0x20000094   Data           4  app_vfd.o(.data)
    Meter2ChgToSnd                           0x20000098   Data           4  app_vfd.o(.data)
    Meter2ChgToRcv                           0x2000009c   Data           4  app_vfd.o(.data)
    SvrVfdOpt                                0x200000be   Data           6  app_vfd.o(.data)
    GbCfgCmd                                 0x200000c6   Data           1  app_dtucfg.o(.data)
    GbDtuEnterCfg                            0x200000c7   Data           1  app_dtucfg.o(.data)
    TimeFlag                                 0x200000c8   Data           1  app_rtc.o(.data)
    SysTime                                  0x200000d4   Data           6  app_rtc.o(.data)
    MoneyCheckTimer                          0x200000e0   Data           4  app_multfun.o(.data)
    RmtBootTimer                             0x200000e4   Data           4  app_multfun.o(.data)
    RmtStopTimer                             0x200000e8   Data           4  app_multfun.o(.data)
    CfgDelay                                 0x200000ec   Data           4  app_multfun.o(.data)
    AlmDealDelay                             0x200000f0   Data           4  app_multfun.o(.data)
    BeforeReg                                0x200000fc   Data           8  app_multfun.o(.data)
    Upgrade                                  0x20000108   Data           8  app_upgrade.o(.data)
    pToGprs                                  0x20000118   Data           4  gc65.o(.data)
    pGprsSnd                                 0x2000011c   Data           4  gc65.o(.data)
    pATResp                                  0x20000120   Data           4  gc65.o(.data)
    pGprsRcv                                 0x20000124   Data           4  gc65.o(.data)
    dtuStatus                                0x20000128   Data           4  gc65.o(.data)
    DebugUartRcvStat                         0x2000012c   Data           1  uart.o(.data)
    Rsp                                      0x20000144   Data           1  app_protocol.o(.data)
    Ack                                      0x20000145   Data           1  app_protocol.o(.data)
    GbUpLoadAllPara                          0x20000149   Data           1  app_protocol.o(.data)
    ParaUpload                               0x20000154   Data           4  app_protocol.o(.data)
    ParaUpdate                               0x20000158   Data           4  app_protocol.o(.data)
    RebootTime                               0x2000015c   Data           4  app_protocol.o(.data)
    InitParaUp                               0x20000160   Data           4  app_protocol.o(.data)
    RegDelay                                 0x20000164   Data           4  app_protocol.o(.data)
    ParaUploadDelay                          0x20000168   Data           4  app_protocol.o(.data)
    Heart_CycleMoment                        0x2000016c   Data           4  app_protocol.o(.data)
    GbeInitParaSend                          0x20000170   Data           1  app_protocol.o(.data)
    AlmFilterTimer                           0x200001d4   Data          48  app_alarmevent.o(.bss)
    PreAlmFilterTimer                        0x20000204   Data          14  app_alarmevent.o(.bss)
    DebugCheck                               0x200003a4   Data          32  app_debug.o(.bss)
    JsonNode                                 0x200003c4   Data          12  app_json.o(.bss)
    JsonObjNode                              0x200003d0   Data          32  app_json.o(.bss)
    HeartAddrList                            0x200003f0   Data         162  app_json.o(.bss)
    JsonArrayBuf                             0x20000494   Data         324  app_json.o(.bss)
    SysParaBuf                               0x200005d8   Data         228  app_para.o(.bss)
    UsrParaBuf                               0x200006bc   Data          24  app_para.o(.bss)
    OthInfoBuf                               0x200006d4   Data          16  app_para.o(.bss)
    AlmInfoBuf                               0x200006e4   Data          16  app_para.o(.bss)
    SysStatBuf                               0x200006f4   Data         536  app_para.o(.bss)
    ParaFat                                  0x2000090c   Data          20  app_para.o(.bss)
    Server_Data_Buf                          0x20000a04   Data          84  app_plt.o(.bss)
    VarBuf                                   0x20000a58   Data          31  app_plt.o(.bss)
    VfdCtrl                                  0x20000a78   Data          24  app_vfd.o(.bss)
    MeterCtrl                                0x20000a90   Data          24  app_vfd.o(.bss)
    Meter2Ctrl                               0x20000aa8   Data          24  app_vfd.o(.bss)
    RS4850Modbus                             0x20000af4   Data         220  app_vfd.o(.bss)
    RS4851Modbus                             0x20000bd0   Data         220  app_vfd.o(.bss)
    RS4852Modbus                             0x20000cac   Data         220  app_vfd.o(.bss)
    dtuTmpBuf                                0x20000d88   Data        1024  app_dtucfg.o(.bss)
    UpgradeBuf                               0x20001188   Data         512  app_upgrade.o(.bss)
    GprsRcvBuf                               0x20001388   Data         802  gc65.o(.bss)
    GprsSndBuf                               0x200016aa   Data        1282  gc65.o(.bss)
    ATRespBuf                                0x20001bac   Data         906  gc65.o(.bss)
    FtpInf                                   0x20001f38   Data         128  gc65.o(.bss)
    GprsCtrlInfo                             0x20001fb8   Data         272  gc65.o(.bss)
    DMAUart2Buf                              0x200028cc   Data         522  gc65_bsp.o(.bss)
    UartTest                                 0x20002ad6   Data         108  uart.o(.bss)
    AlmStat                                  0x20002f60   Data          20  app_protocol.o(.bss)
    SysEvent                                 0x20002f74   Data          20  app_protocol.o(.bss)
    ProSndInf                                0x20002f88   Data          16  app_protocol.o(.bss)
    SendBuf                                  0x20002f98   Data        1024  app_protocol.o(.bss)
    ProAckBuf                                0x20003398   Data        1024  app_protocol.o(.bss)
    AlmMask                                  0x200037d0   Data          16  app_protocol.o(.bss)
    __libspace_start                         0x200039e8   Data          96  libspace.o(.bss)
    __temporary_stack_top$libspace           0x20003a48   Data           0  libspace.o(.bss)



==============================================================================

Memory Map of the image

  Image Entry point : 0x08001131

  Load Region LR_IROM1 (Base: 0x08001000, Size: 0x00012ec0, Max: 0x00040000, ABSOLUTE, COMPRESSED[0x00012d48])

    Execution Region ER_IROM1 (Base: 0x08001000, Size: 0x00012cec, Max: 0x00040000, ABSOLUTE)

    Base Addr    Size         Type   Attr      Idx    E Section Name        Object

    0x08001000   0x00000130   Data   RO          586    RESET               startup_stm32f10x_hd.o
    0x08001130   0x00000008   Code   RO          677  * !!!main             c_w.l(__main.o)
    0x08001138   0x00000034   Code   RO          928    !!!scatter          c_w.l(__scatter.o)
    0x0800116c   0x0000005a   Code   RO          927    !!dczerorl2         c_w.l(__dczerorl2.o)
    0x080011c6   0x00000002   PAD
    0x080011c8   0x0000001c   Code   RO          929    !!handler_zi        c_w.l(__scatter_zi.o)
    0x080011e4   0x00000000   Code   RO          662    .ARM.Collect$$_printf_percent$$00000000  c_w.l(_printf_percent.o)
    0x080011e4   0x00000006   Code   RO          732    .ARM.Collect$$_printf_percent$$00000001  c_w.l(_printf_n.o)
    0x080011ea   0x00000006   Code   RO          733    .ARM.Collect$$_printf_percent$$00000002  c_w.l(_printf_p.o)
    0x080011f0   0x00000006   Code   RO          661    .ARM.Collect$$_printf_percent$$00000003  c_w.l(_printf_f.o)
    0x080011f6   0x00000006   Code   RO          737    .ARM.Collect$$_printf_percent$$00000004  c_w.l(_printf_e.o)
    0x080011fc   0x00000006   Code   RO          738    .ARM.Collect$$_printf_percent$$00000005  c_w.l(_printf_g.o)
    0x08001202   0x00000006   Code   RO          739    .ARM.Collect$$_printf_percent$$00000006  c_w.l(_printf_a.o)
    0x08001208   0x0000000a   Code   RO          744    .ARM.Collect$$_printf_percent$$00000007  c_w.l(_printf_ll.o)
    0x08001212   0x00000006   Code   RO          735    .ARM.Collect$$_printf_percent$$00000008  c_w.l(_printf_i.o)
    0x08001218   0x00000006   Code   RO          660    .ARM.Collect$$_printf_percent$$00000009  c_w.l(_printf_d.o)
    0x0800121e   0x00000006   Code   RO          736    .ARM.Collect$$_printf_percent$$0000000A  c_w.l(_printf_u.o)
    0x08001224   0x00000006   Code   RO          734    .ARM.Collect$$_printf_percent$$0000000B  c_w.l(_printf_o.o)
    0x0800122a   0x00000006   Code   RO          659    .ARM.Collect$$_printf_percent$$0000000C  c_w.l(_printf_x.o)
    0x08001230   0x00000006   Code   RO          741    .ARM.Collect$$_printf_percent$$0000000D  c_w.l(_printf_lli.o)
    0x08001236   0x00000006   Code   RO          742    .ARM.Collect$$_printf_percent$$0000000E  c_w.l(_printf_lld.o)
    0x0800123c   0x00000006   Code   RO          743    .ARM.Collect$$_printf_percent$$0000000F  c_w.l(_printf_llu.o)
    0x08001242   0x00000006   Code   RO          748    .ARM.Collect$$_printf_percent$$00000010  c_w.l(_printf_llo.o)
    0x08001248   0x00000006   Code   RO          749    .ARM.Collect$$_printf_percent$$00000011  c_w.l(_printf_llx.o)
    0x0800124e   0x0000000a   Code   RO          745    .ARM.Collect$$_printf_percent$$00000012  c_w.l(_printf_l.o)
    0x08001258   0x00000006   Code   RO          657    .ARM.Collect$$_printf_percent$$00000013  c_w.l(_printf_c.o)
    0x0800125e   0x00000006   Code   RO          658    .ARM.Collect$$_printf_percent$$00000014  c_w.l(_printf_s.o)
    0x08001264   0x00000006   Code   RO          746    .ARM.Collect$$_printf_percent$$00000015  c_w.l(_printf_lc.o)
    0x0800126a   0x00000006   Code   RO          747    .ARM.Collect$$_printf_percent$$00000016  c_w.l(_printf_ls.o)
    0x08001270   0x00000004   Code   RO          740    .ARM.Collect$$_printf_percent$$00000017  c_w.l(_printf_percent_end.o)
    0x08001274   0x00000002   Code   RO          883    .ARM.Collect$$libinit$$00000000  c_w.l(libinit.o)
    0x08001276   0x00000000   Code   RO          755    .ARM.Collect$$libinit$$00000002  c_w.l(libinit2.o)
    0x08001276   0x00000000   Code   RO          757    .ARM.Collect$$libinit$$00000004  c_w.l(libinit2.o)
    0x08001276   0x00000008   Code   RO          758    .ARM.Collect$$libinit$$00000005  c_w.l(libinit2.o)
    0x0800127e   0x00000000   Code   RO          760    .ARM.Collect$$libinit$$0000000A  c_w.l(libinit2.o)
    0x0800127e   0x00000000   Code   RO          762    .ARM.Collect$$libinit$$0000000C  c_w.l(libinit2.o)
    0x0800127e   0x00000000   Code   RO          764    .ARM.Collect$$libinit$$0000000E  c_w.l(libinit2.o)
    0x0800127e   0x00000006   Code   RO          765    .ARM.Collect$$libinit$$0000000F  c_w.l(libinit2.o)
    0x08001284   0x00000000   Code   RO          767    .ARM.Collect$$libinit$$00000011  c_w.l(libinit2.o)
    0x08001284   0x0000000c   Code   RO          768    .ARM.Collect$$libinit$$00000012  c_w.l(libinit2.o)
    0x08001290   0x00000000   Code   RO          769    .ARM.Collect$$libinit$$00000013  c_w.l(libinit2.o)
    0x08001290   0x00000000   Code   RO          771    .ARM.Collect$$libinit$$00000015  c_w.l(libinit2.o)
    0x08001290   0x0000000a   Code   RO          772    .ARM.Collect$$libinit$$00000016  c_w.l(libinit2.o)
    0x0800129a   0x00000000   Code   RO          773    .ARM.Collect$$libinit$$00000017  c_w.l(libinit2.o)
    0x0800129a   0x00000000   Code   RO          775    .ARM.Collect$$libinit$$00000019  c_w.l(libinit2.o)
    0x0800129a   0x00000000   Code   RO          777    .ARM.Collect$$libinit$$0000001B  c_w.l(libinit2.o)
    0x0800129a   0x00000000   Code   RO          779    .ARM.Collect$$libinit$$0000001D  c_w.l(libinit2.o)
    0x0800129a   0x00000000   Code   RO          781    .ARM.Collect$$libinit$$0000001F  c_w.l(libinit2.o)
    0x0800129a   0x00000000   Code   RO          783    .ARM.Collect$$libinit$$00000021  c_w.l(libinit2.o)
    0x0800129a   0x00000000   Code   RO          785    .ARM.Collect$$libinit$$00000023  c_w.l(libinit2.o)
    0x0800129a   0x00000000   Code   RO          787    .ARM.Collect$$libinit$$00000025  c_w.l(libinit2.o)
    0x0800129a   0x00000000   Code   RO          791    .ARM.Collect$$libinit$$0000002C  c_w.l(libinit2.o)
    0x0800129a   0x00000000   Code   RO          793    .ARM.Collect$$libinit$$0000002E  c_w.l(libinit2.o)
    0x0800129a   0x00000000   Code   RO          795    .ARM.Collect$$libinit$$00000030  c_w.l(libinit2.o)
    0x0800129a   0x00000000   Code   RO          797    .ARM.Collect$$libinit$$00000032  c_w.l(libinit2.o)
    0x0800129a   0x00000002   Code   RO          798    .ARM.Collect$$libinit$$00000033  c_w.l(libinit2.o)
    0x0800129c   0x00000002   Code   RO          924    .ARM.Collect$$libshutdown$$00000000  c_w.l(libshutdown.o)
    0x0800129e   0x00000000   Code   RO          893    .ARM.Collect$$libshutdown$$00000003  c_w.l(libshutdown2.o)
    0x0800129e   0x00000000   Code   RO          896    .ARM.Collect$$libshutdown$$00000006  c_w.l(libshutdown2.o)
    0x0800129e   0x00000000   Code   RO          899    .ARM.Collect$$libshutdown$$00000009  c_w.l(libshutdown2.o)
    0x0800129e   0x00000000   Code   RO          901    .ARM.Collect$$libshutdown$$0000000B  c_w.l(libshutdown2.o)
    0x0800129e   0x00000000   Code   RO          904    .ARM.Collect$$libshutdown$$0000000E  c_w.l(libshutdown2.o)
    0x0800129e   0x00000002   Code   RO          905    .ARM.Collect$$libshutdown$$0000000F  c_w.l(libshutdown2.o)
    0x080012a0   0x00000000   Code   RO          698    .ARM.Collect$$rtentry$$00000000  c_w.l(__rtentry.o)
    0x080012a0   0x00000000   Code   RO          811    .ARM.Collect$$rtentry$$00000002  c_w.l(__rtentry2.o)
    0x080012a0   0x00000006   Code   RO          823    .ARM.Collect$$rtentry$$00000004  c_w.l(__rtentry4.o)
    0x080012a6   0x00000000   Code   RO          813    .ARM.Collect$$rtentry$$00000009  c_w.l(__rtentry2.o)
    0x080012a6   0x00000004   Code   RO          814    .ARM.Collect$$rtentry$$0000000A  c_w.l(__rtentry2.o)
    0x080012aa   0x00000000   Code   RO          816    .ARM.Collect$$rtentry$$0000000C  c_w.l(__rtentry2.o)
    0x080012aa   0x00000008   Code   RO          817    .ARM.Collect$$rtentry$$0000000D  c_w.l(__rtentry2.o)
    0x080012b2   0x00000002   Code   RO          885    .ARM.Collect$$rtexit$$00000000  c_w.l(rtexit.o)
    0x080012b4   0x00000000   Code   RO          908    .ARM.Collect$$rtexit$$00000002  c_w.l(rtexit2.o)
    0x080012b4   0x00000004   Code   RO          909    .ARM.Collect$$rtexit$$00000003  c_w.l(rtexit2.o)
    0x080012b8   0x00000006   Code   RO          910    .ARM.Collect$$rtexit$$00000004  c_w.l(rtexit2.o)
    0x080012be   0x00000002   PAD
    0x080012c0   0x00000000   Code   RO          830    .emb_text           c_w.l(maybetermalloc1.o)
    0x080012c0   0x00000040   Code   RO          587    .text               startup_stm32f10x_hd.o
    0x08001300   0x0000005e   Code   RO          595    .text               c_w.l(h1_alloc.o)
    0x0800135e   0x00000002   PAD
    0x08001360   0x00000034   Code   RO          623    .text               c_w.l(vsnprintf.o)
    0x08001394   0x0000002c   Code   RO          624    .text               c_w.l(__2sprintf.o)
    0x080013c0   0x0000004e   Code   RO          627    .text               c_w.l(_printf_pad.o)
    0x0800140e   0x00000052   Code   RO          628    .text               c_w.l(_printf_str.o)
    0x08001460   0x00000078   Code   RO          629    .text               c_w.l(_printf_dec.o)
    0x080014d8   0x00000094   Code   RO          642    .text               c_w.l(_printf_hex_int_ll_ptr.o)
    0x0800156c   0x00000188   Code   RO          655    .text               c_w.l(__printf_flags_ss_wp.o)
    0x080016f4   0x0000001a   Code   RO          663    .text               c_w.l(atoi.o)
    0x0800170e   0x00000002   PAD
    0x08001710   0x0000000c   Code   RO          664    .text               c_w.l(strtok.o)
    0x0800171c   0x00000058   Code   RO          666    .text               c_w.l(memcmp.o)
    0x08001774   0x00000048   Code   RO          667    .text               c_w.l(strcpy.o)
    0x080017bc   0x0000003e   Code   RO          668    .text               c_w.l(strlen.o)
    0x080017fa   0x00000096   Code   RO          669    .text               c_w.l(strncmp.o)
    0x08001890   0x0000008a   Code   RO          670    .text               c_w.l(rt_memcpy_v6.o)
    0x0800191a   0x00000010   Code   RO          671    .text               c_w.l(aeabi_memset.o)
    0x0800192a   0x00000044   Code   RO          672    .text               c_w.l(rt_memclr.o)
    0x0800196e   0x0000004e   Code   RO          673    .text               c_w.l(rt_memclr_w.o)
    0x080019bc   0x00000056   Code   RO          674    .text               c_w.l(strncpy.o)
    0x08001a12   0x00000002   PAD
    0x08001a14   0x00000080   Code   RO          675    .text               c_w.l(strcmpv7m.o)
    0x08001a94   0x00000006   Code   RO          676    .text               c_w.l(heapauxi.o)
    0x08001a9a   0x00000002   PAD
    0x08001a9c   0x00000008   Code   RO          701    .text               c_w.l(rt_heap_descriptor_intlibspace.o)
    0x08001aa4   0x00000008   Code   RO          704    .text               c_w.l(rt_errno_addr_intlibspace.o)
    0x08001aac   0x00000004   Code   RO          705    .text               c_w.l(hguard.o)
    0x08001ab0   0x0000008a   Code   RO          706    .text               c_w.l(init_alloc.o)
    0x08001b3a   0x0000000e   Code   RO          709    .text               c_w.l(h1_init.o)
    0x08001b48   0x0000004e   Code   RO          710    .text               c_w.l(h1_free.o)
    0x08001b96   0x00000024   Code   RO          718    .text               c_w.l(_printf_truncate.o)
    0x08001bba   0x000000b2   Code   RO          719    .text               c_w.l(_printf_intcommon.o)
    0x08001c6c   0x00000028   Code   RO          720    .text               c_w.l(_printf_charcount.o)
    0x08001c94   0x0000041a   Code   RO          721    .text               c_w.l(_printf_fp_dec.o)
    0x080020ae   0x00000002   PAD
    0x080020b0   0x00000030   Code   RO          722    .text               c_w.l(_printf_char_common.o)
    0x080020e0   0x0000000a   Code   RO          723    .text               c_w.l(_sputc.o)
    0x080020ea   0x00000010   Code   RO          724    .text               c_w.l(_snputc.o)
    0x080020fa   0x0000002c   Code   RO          725    .text               c_w.l(_printf_char.o)
    0x08002126   0x00000002   PAD
    0x08002128   0x000000bc   Code   RO          726    .text               c_w.l(_printf_wctomb.o)
    0x080021e4   0x0000007c   Code   RO          728    .text               c_w.l(_printf_longlong_dec.o)
    0x08002260   0x00000070   Code   RO          731    .text               c_w.l(_printf_oct_int_ll.o)
    0x080022d0   0x00000070   Code   RO          750    .text               c_w.l(strtol.o)
    0x08002340   0x00000044   Code   RO          751    .text               c_w.l(strtok_int.o)
    0x08002384   0x00000064   Code   RO          752    .text               c_w.l(rt_memcpy_w.o)
    0x080023e8   0x00000008   Code   RO          808    .text               c_w.l(libspace.o)
    0x080023f0   0x00000010   Code   RO          825    .text               c_w.l(rt_ctype_table.o)
    0x08002400   0x00000008   Code   RO          828    .text               c_w.l(rt_locale_intlibspace.o)
    0x08002408   0x00000034   Code   RO          832    .text               c_w.l(h1_extend.o)
    0x0800243c   0x0000008a   Code   RO          834    .text               c_w.l(lludiv10.o)
    0x080024c6   0x00000002   PAD
    0x080024c8   0x000002fc   Code   RO          835    .text               c_w.l(_printf_fp_hex.o)
    0x080027c4   0x00000080   Code   RO          837    .text               c_w.l(_printf_fp_infnan.o)
    0x08002844   0x0000002c   Code   RO          839    .text               c_w.l(_printf_wchar.o)
    0x08002870   0x0000009e   Code   RO          840    .text               c_w.l(_strtoul.o)
    0x0800290e   0x00000002   PAD
    0x08002910   0x000000dc   Code   RO          841    .text               c_w.l(bigflt0.o)
    0x080029ec   0x00000040   Code   RO          854    .text               c_w.l(_wcrtomb.o)
    0x08002a2c   0x0000000e   Code   RO          857    .text               c_w.l(defsig_rtmem_outer.o)
    0x08002a3a   0x00000020   Code   RO          859    .text               c_w.l(strcspn.o)
    0x08002a5a   0x0000001c   Code   RO          860    .text               c_w.l(strspn.o)
    0x08002a76   0x00000002   Code   RO          867    .text               c_w.l(use_no_semi.o)
    0x08002a78   0x00000000   Code   RO          868    .text               c_w.l(indicate_semi.o)
    0x08002a78   0x0000004a   Code   RO          869    .text               c_w.l(sys_stackheap_outer.o)
    0x08002ac2   0x0000001c   Code   RO          872    .text               c_w.l(_chval.o)
    0x08002ade   0x0000000c   Code   RO          875    .text               c_w.l(exit.o)
    0x08002aea   0x0000000a   Code   RO          876    .text               c_w.l(defsig_exit.o)
    0x08002af4   0x00000050   Code   RO          877    .text               c_w.l(defsig_rtmem_inner.o)
    0x08002b44   0x0000000c   Code   RO          884    .text               c_w.l(sys_exit.o)
    0x08002b50   0x00000032   Code   RO          890    .text               c_w.l(defsig_general.o)
    0x08002b82   0x0000000e   Code   RO          906    .text               c_w.l(sys_wrch.o)
    0x08002b90   0x0000003e   Code   RO          843    CL$$btod_d2e        c_w.l(btod.o)
    0x08002bce   0x00000046   Code   RO          845    CL$$btod_d2e_denorm_low  c_w.l(btod.o)
    0x08002c14   0x00000060   Code   RO          844    CL$$btod_d2e_norm_op1  c_w.l(btod.o)
    0x08002c74   0x00000338   Code   RO          853    CL$$btod_div_common  c_w.l(btod.o)
    0x08002fac   0x000000c6   Code   RO          850    CL$$btod_e2e        c_w.l(btod.o)
    0x08003072   0x00000028   Code   RO          847    CL$$btod_ediv       c_w.l(btod.o)
    0x0800309a   0x00000028   Code   RO          846    CL$$btod_emul       c_w.l(btod.o)
    0x080030c2   0x00000244   Code   RO          852    CL$$btod_mult_common  c_w.l(btod.o)
    0x08003306   0x0000002a   Code   RO          170    i.ASCIIToHex        comm.o
    0x08003330   0x00000a3c   Code   RO          268    i.ATCmdParse        gc65.o
    0x08003d6c   0x0000003c   Code   RO          269    i.ATCmdSend         gc65.o
    0x08003da8   0x0000003c   Code   RO          270    i.ATCmdSetAPN       gc65.o
    0x08003de4   0x00000030   Code   RO          272    i.ATstrToInt32U     gc65.o
    0x08003e14   0x0000004e   Code   RO          507    i.AckPacket         app_protocol.o
    0x08003e62   0x00000002   PAD
    0x08003e64   0x00000188   Code   RO           14    i.AlarmEventDeal    app_alarmevent.o
    0x08003fec   0x00000094   Code   RO           15    i.AlarmEventInit    app_alarmevent.o
    0x08004080   0x0000006c   Code   RO           16    i.AlarmFilterTimeOver  app_alarmevent.o
    0x080040ec   0x00000024   Code   RO           17    i.AlarmFilterTimer  app_alarmevent.o
    0x08004110   0x00000038   Code   RO           18    i.Alarm_Filter_Deal  app_alarmevent.o
    0x08004148   0x00000014   Code   RO           22    i.AppDebugInit      app_debug.o
    0x0800415c   0x00000020   Code   RO          216    i.BigEndConvert     app_dtucfg.o
    0x0800417c   0x00000016   Code   RO          171    i.BufExchange       comm.o
    0x08004192   0x00000002   Code   RO          198    i.BusFault_Handler  stm32f10x_it.o
    0x08004194   0x0000002c   Code   RO          486    i.CAN_DeInit        stm32f10x_can.o
    0x080041c0   0x000000cc   Code   RO          488    i.CAN_FilterInit    stm32f10x_can.o
    0x0800428c   0x00000010   Code   RO          494    i.CAN_ITConfig      stm32f10x_can.o
    0x0800429c   0x000000e8   Code   RO          495    i.CAN_Init          stm32f10x_can.o
    0x08004384   0x00000016   Code   RO          496    i.CAN_MessagePending  stm32f10x_can.o
    0x0800439a   0x0000008e   Code   RO          498    i.CAN_Receive       stm32f10x_can.o
    0x08004428   0x00000020   Code   RO          501    i.CAN_StructInit    stm32f10x_can.o
    0x08004448   0x000000a4   Code   RO          503    i.CAN_Transmit      stm32f10x_can.o
    0x080044ec   0x0000002c   Code   RO          172    i.CRC16_1           comm.o
    0x08004518   0x00000008   Code   RO          580    i.CRC32_Final       crc32.o
    0x08004520   0x00000008   Code   RO          581    i.CRC32_Init        crc32.o
    0x08004528   0x00000028   Code   RO          582    i.CRC32_Update      crc32.o
    0x08004550   0x00000028   Code   RO          117    i.CanBus_ISR_Rx     app_vfd.o
    0x08004578   0x00000090   Code   RO            3    i.Can_Config        bsp.o
    0x08004608   0x0000000e   Code   RO          173    i.CharConvert       comm.o
    0x08004616   0x00000002   PAD
    0x08004618   0x0000000c   Code   RO          508    i.ClearHeartTimer   app_protocol.o
    0x08004624   0x0000006a   Code   RO          224    i.ConverseTimeNum   app_rtc.o
    0x0800468e   0x00000002   PAD
    0x08004690   0x00000044   Code   RO          309    i.DMA1_Channel6_IRQHandler  gc65_bsp.o
    0x080046d4   0x00000038   Code   RO          200    i.DMA1_Channel7_IRQHandler  stm32f10x_it.o
    0x0800470c   0x00000018   Code   RO          334    i.DMA_ClearFlag     stm32f10x_dma.o
    0x08004724   0x00000016   Code   RO          336    i.DMA_Cmd           stm32f10x_dma.o
    0x0800473a   0x00000002   PAD
    0x0800473c   0x000000e4   Code   RO          337    i.DMA_DeInit        stm32f10x_dma.o
    0x08004820   0x00000020   Code   RO          339    i.DMA_GetFlagStatus  stm32f10x_dma.o
    0x08004840   0x00000010   Code   RO          341    i.DMA_ITConfig      stm32f10x_dma.o
    0x08004850   0x0000003a   Code   RO          342    i.DMA_Init          stm32f10x_dma.o
    0x0800488a   0x00000012   Code   RO          174    i.DWordToBuf        comm.o
    0x0800489c   0x0000004c   Code   RO           23    i.Debug             app_debug.o
    0x080048e8   0x0000000a   Code   RO          106    i.DebugFtpTest      app_usrcmd.o
    0x080048f2   0x00000002   Code   RO          201    i.DebugMon_Handler  stm32f10x_it.o
    0x080048f4   0x000000d0   Code   RO           25    i.DebugMsg          app_debug.o
    0x080049c4   0x0000006c   Code   RO           26    i.DebugStrMsg       app_debug.o
    0x08004a30   0x00000020   Code   RO          273    i.DelayReConnect    gc65.o
    0x08004a50   0x0000000c   Code   RO          176    i.DevFourByteToDWord  comm.o
    0x08004a5c   0x00000044   Code   RO          177    i.DevFourByteToU16  comm.o
    0x08004aa0   0x000001b0   Code   RO           62    i.DevParaDefault    app_para.o
    0x08004c50   0x00000120   Code   RO           63    i.DevParaRead       app_para.o
    0x08004d70   0x000000dc   Code   RO           64    i.DevParaWrite      app_para.o
    0x08004e4c   0x000000f0   Code   RO          509    i.DevStatToSystem   app_protocol.o
    0x08004f3c   0x00000004   Code   RO          178    i.DevTwoByteToWord  comm.o
    0x08004f40   0x00000044   Code   RO          119    i.DriveCan_sendData  app_vfd.o
    0x08004f84   0x0000000c   Code   RO          345    i.FLASH_ClearFlag   stm32f10x_flash.o
    0x08004f90   0x0000003c   Code   RO          350    i.FLASH_ErasePage   stm32f10x_flash.o
    0x08004fcc   0x00000028   Code   RO          351    i.FLASH_GetBank1Status  stm32f10x_flash.o
    0x08004ff4   0x00000010   Code   RO          360    i.FLASH_Lock        stm32f10x_flash.o
    0x08005004   0x00000050   Code   RO          365    i.FLASH_ProgramWord  stm32f10x_flash.o
    0x08005054   0x00000018   Code   RO          368    i.FLASH_Unlock      stm32f10x_flash.o
    0x0800506c   0x00000022   Code   RO          372    i.FLASH_WaitForLastOperation  stm32f10x_flash.o
    0x0800508e   0x00000002   PAD
    0x08005090   0x00000010   Code   RO          247    i.FTPConnectRequestSet  app_upgrade.o
    0x080050a0   0x00000034   Code   RO            4    i.FeedDog           bsp.o
    0x080050d4   0x00000016   Code   RO           65    i.FieldValOffset    app_para.o
    0x080050ea   0x00000002   PAD
    0x080050ec   0x00000020   Code   RO          248    i.FtpDataGetFlag    app_upgrade.o
    0x0800510c   0x000000ac   Code   RO          249    i.FtpInfoInit       app_upgrade.o
    0x080051b8   0x00000014   Code   RO          250    i.FtpTimeDelay      app_upgrade.o
    0x080051cc   0x0000009c   Code   RO          510    i.GB_GeneralAck     app_protocol.o
    0x08005268   0x00000054   Code   RO          511    i.GB_GetAckMsgHead  app_protocol.o
    0x080052bc   0x00000060   Code   RO          512    i.GB_GetMsgHead     app_protocol.o
    0x0800531c   0x00000040   Code   RO          275    i.GC65Timer         gc65.o
    0x0800535c   0x00000134   Code   RO            5    i.GPIO_Configuration  bsp.o
    0x08005490   0x0000009c   Code   RO          379    i.GPIO_Init         stm32f10x_gpio.o
    0x0800552c   0x00000058   Code   RO          381    i.GPIO_PinRemapConfig  stm32f10x_gpio.o
    0x08005584   0x00000004   Code   RO          386    i.GPIO_ResetBits    stm32f10x_gpio.o
    0x08005588   0x00000004   Code   RO          387    i.GPIO_SetBits      stm32f10x_gpio.o
    0x0800558c   0x000001e0   Code   RO          513    i.GPRSDataDeal      app_protocol.o
    0x0800576c   0x00000084   Code   RO          310    i.GPRSUartDMAInit   gc65_bsp.o
    0x080057f0   0x00000db4   Code   RO          515    i.GetEventInfo      app_protocol.o
    0x080065a4   0x0000000c   Code   RO          311    i.GetGprsUartDMABuf  gc65_bsp.o
    0x080065b0   0x00000120   Code   RO          516    i.GetHeartData      app_protocol.o
    0x080066d0   0x00000024   Code   RO           79    i.GetMeter2ReadAddr  app_plt.o
    0x080066f4   0x00000024   Code   RO           80    i.GetMeterReadAddr  app_plt.o
    0x08006718   0x00000054   Code   RO          276    i.GetMultLoc        gc65.o
    0x0800676c   0x00000150   Code   RO           81    i.GetPlt1SpecPara   app_plt.o
    0x080068bc   0x000000f8   Code   RO           82    i.GetPlt2SpecPara   app_plt.o
    0x080069b4   0x0000009c   Code   RO           83    i.GetPlt3SpecPara   app_plt.o
    0x08006a50   0x000002c0   Code   RO           84    i.GetPltAllPara     app_plt.o
    0x08006d10   0x0000008c   Code   RO           85    i.GetPltReadAddr    app_plt.o
    0x08006d9c   0x00000064   Code   RO          517    i.GetRegister       app_protocol.o
    0x08006e00   0x00000028   Code   RO          518    i.GetRsp            app_protocol.o
    0x08006e28   0x00000120   Code   RO          225    i.GetRtctime        app_rtc.o
    0x08006f48   0x00000188   Code   RO          519    i.GetStatusUpData   app_protocol.o
    0x080070d0   0x0000004c   Code   RO          520    i.GetUpdateData     app_protocol.o
    0x0800711c   0x0000008c   Code   RO          521    i.GetVfdOptInfo     app_protocol.o
    0x080071a8   0x0000004c   Code   RO          277    i.GprsAppInit       gc65.o
    0x080071f4   0x0000003c   Code   RO          312    i.GprsDMAReceiveDisable  gc65_bsp.o
    0x08007230   0x0000002c   Code   RO          278    i.GprsParaInit      gc65.o
    0x0800725c   0x00000020   Code   RO          280    i.GprsReAPN         gc65.o
    0x0800727c   0x0000001c   Code   RO          281    i.GprsReConnect     gc65.o
    0x08007298   0x000000d0   Code   RO          226    i.GprsReadNetTime   app_rtc.o
    0x08007368   0x00000140   Code   RO          282    i.GprsReadQeng      gc65.o
    0x080074a8   0x0000001c   Code   RO          283    i.GprsSndDataAccept  gc65.o
    0x080074c4   0x0000000c   Code   RO          284    i.GprsSndDataFlush  gc65.o
    0x080074d0   0x00000010   Code   RO          285    i.GprsSndDataPost   gc65.o
    0x080074e0   0x00000050   Code   RO          313    i.GprsUART_SetDMAReceive  gc65_bsp.o
    0x08007530   0x0000000a   Code   RO          314    i.GprsUartCmd       gc65_bsp.o
    0x0800753a   0x00000002   PAD
    0x0800753c   0x00000020   Code   RO          315    i.GprsUartDMAReceive  gc65_bsp.o
    0x0800755c   0x00000178   Code   RO          286    i.GprsUartIsr       gc65.o
    0x080076d4   0x00000002   Code   RO          202    i.HardFault_Handler  stm32f10x_it.o
    0x080076d6   0x00000002   PAD
    0x080076d8   0x000000f4   Code   RO            6    i.HardWareInit      bsp.o
    0x080077cc   0x0000009c   Code   RO          287    i.HaveDataSend      gc65.o
    0x08007868   0x00000004   Code   RO          179    i.Hex2Float         comm.o
    0x0800786c   0x00000010   Code   RO          391    i.IWDG_Enable       stm32f10x_iwdg.o
    0x0800787c   0x00000010   Code   RO          393    i.IWDG_ReloadCounter  stm32f10x_iwdg.o
    0x0800788c   0x0000000c   Code   RO          394    i.IWDG_SetPrescaler  stm32f10x_iwdg.o
    0x08007898   0x0000000c   Code   RO          395    i.IWDG_SetReload    stm32f10x_iwdg.o
    0x080078a4   0x0000000c   Code   RO          396    i.IWDG_WriteAccessCmd  stm32f10x_iwdg.o
    0x080078b0   0x00000094   Code   RO            7    i.Init485Uart       bsp.o
    0x08007944   0x00000070   Code   RO            8    i.InitCan           bsp.o
    0x080079b4   0x00000030   Code   RO            9    i.InitIWDG          bsp.o
    0x080079e4   0x000001b8   Code   RO           10    i.InitUart          bsp.o
    0x08007b9c   0x0000002c   Code   RO          288    i.InsertTo          gc65.o
    0x08007bc8   0x00000094   Code   RO           11    i.InterruptConfig   bsp.o
    0x08007c5c   0x00000050   Code   RO          182    i.IsIp              comm.o
    0x08007cac   0x0000001c   Code   RO          183    i.IsNumber          comm.o
    0x08007cc8   0x00000010   Code   RO          522    i.IsReg             app_protocol.o
    0x08007cd8   0x000001c4   Code   RO           33    i.JSON_AddrAndDataToObject  app_json.o
    0x08007e9c   0x00000050   Code   RO           34    i.JSON_AddrListExtract  app_json.o
    0x08007eec   0x00000080   Code   RO           35    i.JSON_AddrNumberDataToObject  app_json.o
    0x08007f6c   0x00000028   Code   RO           36    i.JSON_AddrStringDataToObject  app_json.o
    0x08007f94   0x000000bc   Code   RO           37    i.JSON_ArrayExtract  app_json.o
    0x08008050   0x00000024   Code   RO           38    i.JSON_EventNoInfToObject  app_json.o
    0x08008074   0x00000084   Code   RO           39    i.JSON_EventWithInfToObject  app_json.o
    0x080080f8   0x00000080   Code   RO           40    i.JSON_Extract      app_json.o
    0x08008178   0x00000138   Code   RO           42    i.JSON_ExtractObjNode  app_json.o
    0x080082b0   0x0000013c   Code   RO           43    i.JSON_FlowDataToObject  app_json.o
    0x080083ec   0x00000028   Code   RO           44    i.JSON_IsObjectBegin  app_json.o
    0x08008414   0x000001dc   Code   RO           45    i.JSON_MeterDataToObject  app_json.o
    0x080085f0   0x00000028   Code   RO           46    i.JSON_NumberValToObject  app_json.o
    0x08008618   0x0000000c   Code   RO           47    i.JSON_ObjectBegin  app_json.o
    0x08008624   0x00000026   Code   RO           48    i.JSON_ObjectEnd    app_json.o
    0x0800864a   0x00000002   PAD
    0x0800864c   0x000000f8   Code   RO          523    i.JSON_RtcTimeGet   app_protocol.o
    0x08008744   0x00000028   Code   RO           49    i.JSON_StringValToObject  app_json.o
    0x0800876c   0x0000002c   Code   RO          227    i.LeapYear          app_rtc.o
    0x08008798   0x00000030   Code   RO           55    i.LedOnSet          app_led.o
    0x080087c8   0x00000084   Code   RO           56    i.Led_Indicate      app_led.o
    0x0800884c   0x0000002c   Code   RO           57    i.Led_Indicate_Init  app_led.o
    0x08008878   0x00000002   Code   RO          203    i.MemManage_Handler  stm32f10x_it.o
    0x0800887a   0x00000002   PAD
    0x0800887c   0x00000010   Code   RO          121    i.Meter2ClrTimeOut  app_vfd.o
    0x0800888c   0x00000010   Code   RO          122    i.MeterClrTimeOut   app_vfd.o
    0x0800889c   0x00000018   Code   RO          123    i.MeterReadIndexChg  app_vfd.o
    0x080088b4   0x0000000c   Code   RO          124    i.MeterWaitResp     app_vfd.o
    0x080088c0   0x00000022   Code   RO          125    i.ModbusAddrInit    app_vfd.o
    0x080088e2   0x0000000e   Code   RO          126    i.ModbusDelay       app_vfd.o
    0x080088f0   0x00000006   Code   RO          127    i.ModbusFunInit     app_vfd.o
    0x080088f6   0x0000002a   Code   RO          129    i.ModbusRcvCrcChk   app_vfd.o
    0x08008920   0x0000002e   Code   RO          130    i.ModbusRcvFinish   app_vfd.o
    0x0800894e   0x0000002e   Code   RO          131    i.ModbusRcvTimeOut  app_vfd.o
    0x0800897c   0x00000044   Code   RO          132    i.ModbusSendNextChar  app_vfd.o
    0x080089c0   0x00000034   Code   RO          133    i.ModbusStartSend   app_vfd.o
    0x080089f4   0x00000042   Code   RO          134    i.ModbusUartIsr     app_vfd.o
    0x08008a36   0x00000002   PAD
    0x08008a38   0x00000010   Code   RO          252    i.ModelIsFtping     app_upgrade.o
    0x08008a48   0x000000ac   Code   RO          238    i.MultFunInit       app_multfun.o
    0x08008af4   0x00000002   Code   RO          204    i.NMI_Handler       stm32f10x_it.o
    0x08008af6   0x00000002   PAD
    0x08008af8   0x00000064   Code   RO          329    i.NVIC_Init         misc.o
    0x08008b5c   0x00000014   Code   RO          330    i.NVIC_PriorityGroupConfig  misc.o
    0x08008b70   0x00000020   Code   RO           12    i.NVIC_SetPriority  bsp.o
    0x08008b90   0x0000000e   Code   RO          184    i.NetFourByteToDWord  comm.o
    0x08008b9e   0x00000006   Code   RO          185    i.NetTwoByteToWord  comm.o
    0x08008ba4   0x000000c0   Code   RO          524    i.ObjRespondToServer  app_protocol.o
    0x08008c64   0x0000004e   Code   RO          525    i.Packet            app_protocol.o
    0x08008cb2   0x0000000e   Code   RO          324    i.PipeDataValid     pipe.o
    0x08008cc0   0x000005d0   Code   RO           87    i.Plt3SysVarRead    app_plt.o
    0x08009290   0x000006f4   Code   RO           88    i.PltDevDataPrase   app_plt.o
    0x08009984   0x000003f8   Code   RO           89    i.PltDevH2UParse    app_plt.o
    0x08009d7c   0x0000047e   Code   RO           90    i.PltDevMan860DataPrase  app_plt.o
    0x0800a1fa   0x00000002   PAD
    0x0800a1fc   0x00000374   Code   RO           91    i.PltMam6080OtherDataPrase  app_plt.o
    0x0800a570   0x00000500   Code   RO           92    i.PltMam6080OtherVarRead  app_plt.o
    0x0800aa70   0x000001f8   Code   RO          135    i.PltParaWrite      app_vfd.o
    0x0800ac68   0x00000198   Code   RO           93    i.PltSysVarWriter   app_plt.o
    0x0800ae00   0x00000088   Code   RO           94    i.Plt_Fault_Deal    app_plt.o
    0x0800ae88   0x0000005c   Code   RO           96    i.Plt_RunStata_Deal  app_plt.o
    0x0800aee4   0x0000016c   Code   RO          526    i.ProDataSend       app_protocol.o
    0x0800b050   0x00000028   Code   RO          527    i.ProSendInit       app_protocol.o
    0x0800b078   0x00000018   Code   RO          398    i.RCC_AHBPeriphClockCmd  stm32f10x_rcc.o
    0x0800b090   0x00000018   Code   RO          399    i.RCC_APB1PeriphClockCmd  stm32f10x_rcc.o
    0x0800b0a8   0x00000018   Code   RO          400    i.RCC_APB1PeriphResetCmd  stm32f10x_rcc.o
    0x0800b0c0   0x00000018   Code   RO          401    i.RCC_APB2PeriphClockCmd  stm32f10x_rcc.o
    0x0800b0d8   0x00000018   Code   RO          402    i.RCC_APB2PeriphResetCmd  stm32f10x_rcc.o
    0x0800b0f0   0x00000010   Code   RO          405    i.RCC_ClearFlag     stm32f10x_rcc.o
    0x0800b100   0x00000094   Code   RO          409    i.RCC_GetClocksFreq  stm32f10x_rcc.o
    0x0800b194   0x00000030   Code   RO          410    i.RCC_GetFlagStatus  stm32f10x_rcc.o
    0x0800b1c4   0x00000024   Code   RO          136    i.RS4850_ChgToRcv   app_vfd.o
    0x0800b1e8   0x00000044   Code   RO          137    i.RS4850_ChgToSnd   app_vfd.o
    0x0800b22c   0x00000024   Code   RO          138    i.RS4851_ChgToRcv   app_vfd.o
    0x0800b250   0x00000040   Code   RO          139    i.RS4851_ChgToSnd   app_vfd.o
    0x0800b290   0x00000024   Code   RO          140    i.RS4852_ChgToRcv   app_vfd.o
    0x0800b2b4   0x00000044   Code   RO          141    i.RS4852_ChgToSnd   app_vfd.o
    0x0800b2f8   0x00000024   Code   RO           28    i.RS485CfgResp      app_debug.o
    0x0800b31c   0x00000030   Code   RO          142    i.RS485ComInit      app_vfd.o
    0x0800b34c   0x00000010   Code   RO           29    i.RS485SndDly       app_debug.o
    0x0800b35c   0x0000008c   Code   RO          228    i.RTC_GmtToBjTime   app_rtc.o
    0x0800b3e8   0x00000050   Code   RO          143    i.ReadIndexChg      app_vfd.o
    0x0800b438   0x00000014   Code   RO          528    i.RebootDelay       app_protocol.o
    0x0800b44c   0x0000003c   Code   RO          239    i.RegTimerErrCode   app_multfun.o
    0x0800b488   0x00000014   Code   RO          240    i.RegTimerInit      app_multfun.o
    0x0800b49c   0x00000058   Code   RO          241    i.RegTimerRun       app_multfun.o
    0x0800b4f4   0x00000010   Code   RO          242    i.RegTimerStop      app_multfun.o
    0x0800b504   0x00000006   Code   RO          291    i.RemoveBlackatoi   gc65.o
    0x0800b50a   0x00000002   PAD
    0x0800b50c   0x00000020   Code   RO          292    i.ReturnToInserStage  gc65.o
    0x0800b52c   0x00000034   Code   RO           58    i.Rs485ComLed       app_led.o
    0x0800b560   0x000000d8   Code   RO          144    i.Rs485ComOptResultAlarm  app_vfd.o
    0x0800b638   0x00000014   Code   RO          463    i.SPI_CalculateCRC  stm32f10x_spi.o
    0x0800b64c   0x00000014   Code   RO          464    i.SPI_Cmd           stm32f10x_spi.o
    0x0800b660   0x00000054   Code   RO          471    i.SPI_I2S_DeInit    stm32f10x_spi.o
    0x0800b6b4   0x0000000e   Code   RO          472    i.SPI_I2S_GetFlagStatus  stm32f10x_spi.o
    0x0800b6c2   0x00000004   Code   RO          475    i.SPI_I2S_ReceiveData  stm32f10x_spi.o
    0x0800b6c6   0x00000004   Code   RO          476    i.SPI_I2S_SendData  stm32f10x_spi.o
    0x0800b6ca   0x00000038   Code   RO          477    i.SPI_Init          stm32f10x_spi.o
    0x0800b702   0x00000002   Code   RO          205    i.SVC_Handler       stm32f10x_it.o
    0x0800b704   0x00000090   Code   RO          293    i.SendATCondition   gc65.o
    0x0800b794   0x00000024   Code   RO          295    i.SendIPDATA        gc65.o
    0x0800b7b8   0x000004b8   Code   RO          529    i.ServerCmdDeal     app_protocol.o
    0x0800bc70   0x00000094   Code   RO          530    i.ServerCmd_Head_Deal  app_protocol.o
    0x0800bd04   0x000001c4   Code   RO          531    i.ServerDataGetRespond  app_protocol.o
    0x0800bec8   0x000001e4   Code   RO          532    i.ServerParaSet     app_protocol.o
    0x0800c0ac   0x000000e4   Code   RO          229    i.ServerTimeSet     app_rtc.o
    0x0800c190   0x00000058   Code   RO           97    i.Server_Writer_Data_Buf  app_plt.o
    0x0800c1e8   0x00000048   Code   RO           98    i.Server_Writer_Data_SendBuf  app_plt.o
    0x0800c230   0x0000000c   Code   RO          145    i.SetMeterReadIndex  app_vfd.o
    0x0800c23c   0x00000030   Code   RO          533    i.SetParaSaveFlag   app_protocol.o
    0x0800c26c   0x00000020   Code   RO          146    i.SetRemoteOptResult  app_vfd.o
    0x0800c28c   0x000000a8   Code   RO          588    i.SetSysClockTo72   system_stm32f10x.o
    0x0800c334   0x00000134   Code   RO            1    i.SoftWareInit      main.o
    0x0800c468   0x000000f4   Code   RO           68    i.SpecAddrRead      app_para.o
    0x0800c55c   0x0000001c   Code   RO           19    i.Start_Stop_Filter  app_alarmevent.o
    0x0800c578   0x00000094   Code   RO          186    i.StringToHex       comm.o
    0x0800c60c   0x00000048   Code   RO          254    i.SysAppInfUpdate   app_upgrade.o
    0x0800c654   0x00000088   Code   RO           59    i.SysComLed         app_led.o
    0x0800c6dc   0x000000e0   Code   RO           69    i.SysParaRead       app_para.o
    0x0800c7bc   0x00000114   Code   RO           70    i.SysParaStorage    app_para.o
    0x0800c8d0   0x000000a8   Code   RO          206    i.SysTick_Handler   stm32f10x_it.o
    0x0800c978   0x00000014   Code   RO          230    i.SysTime_Delay     app_rtc.o
    0x0800c98c   0x00000010   Code   RO          231    i.SysTime_Fresh     app_rtc.o
    0x0800c99c   0x00000024   Code   RO          233    i.SysTime_Updata    app_rtc.o
    0x0800c9c0   0x00000020   Code   RO           71    i.SysVarInit        app_para.o
    0x0800c9e0   0x00000148   Code   RO           72    i.SysVarRead        app_para.o
    0x0800cb28   0x00000054   Code   RO          590    i.SystemInit        system_stm32f10x.o
    0x0800cb7c   0x000013c8   Code   RO          297    i.TaskGC65          gc65.o
    0x0800df44   0x00000130   Code   RO          147    i.Task_Meter2Comm   app_vfd.o
    0x0800e074   0x00000114   Code   RO          148    i.Task_Meter2Deal   app_vfd.o
    0x0800e188   0x0000003c   Code   RO          149    i.Task_Meter2Init   app_vfd.o
    0x0800e1c4   0x00000184   Code   RO          150    i.Task_MeterComm    app_vfd.o
    0x0800e348   0x000000fc   Code   RO          151    i.Task_MeterDeal    app_vfd.o
    0x0800e444   0x00000044   Code   RO          152    i.Task_MeterInit    app_vfd.o
    0x0800e488   0x00000110   Code   RO          243    i.Task_MultFun_1s   app_multfun.o
    0x0800e598   0x00000054   Code   RO          534    i.Task_ProDeal      app_protocol.o
    0x0800e5ec   0x000003d8   Code   RO          535    i.Task_ProSend      app_protocol.o
    0x0800e9c4   0x00000250   Code   RO          153    i.Task_VfdComm      app_vfd.o
    0x0800ec14   0x000001a4   Code   RO          154    i.Task_VfdDeal      app_vfd.o
    0x0800edb8   0x00000044   Code   RO          155    i.Task_VfdInit      app_vfd.o
    0x0800edfc   0x00000084   Code   RO          207    i.UART4_IRQHandler  stm32f10x_it.o
    0x0800ee80   0x00000110   Code   RO          208    i.USART1_IRQHandler  stm32f10x_it.o
    0x0800ef90   0x00000084   Code   RO          209    i.USART2_IRQHandler  stm32f10x_it.o
    0x0800f014   0x00000084   Code   RO          210    i.USART3_IRQHandler  stm32f10x_it.o
    0x0800f098   0x00000006   Code   RO          430    i.USART_ClearFlag   stm32f10x_usart.o
    0x0800f09e   0x0000000c   Code   RO          431    i.USART_ClearITPendingBit  stm32f10x_usart.o
    0x0800f0aa   0x00000014   Code   RO          434    i.USART_Cmd         stm32f10x_usart.o
    0x0800f0be   0x00000010   Code   RO          435    i.USART_DMACmd      stm32f10x_usart.o
    0x0800f0ce   0x0000000e   Code   RO          437    i.USART_GetFlagStatus  stm32f10x_usart.o
    0x0800f0dc   0x0000003e   Code   RO          438    i.USART_GetITStatus  stm32f10x_usart.o
    0x0800f11a   0x00000030   Code   RO          440    i.USART_ITConfig    stm32f10x_usart.o
    0x0800f14a   0x00000002   PAD
    0x0800f14c   0x000000ac   Code   RO          441    i.USART_Init        stm32f10x_usart.o
    0x0800f1f8   0x00000008   Code   RO          448    i.USART_ReceiveData  stm32f10x_usart.o
    0x0800f200   0x00000008   Code   RO          451    i.USART_SendData    stm32f10x_usart.o
    0x0800f208   0x00000034   Code   RO          212    i.USB_LP_CAN1_RX0_IRQHandler  stm32f10x_it.o
    0x0800f23c   0x0000001c   Code   RO          317    i.UartFirstChar     uart.o
    0x0800f258   0x0000002c   Code   RO          318    i.UartIntSendData   uart.o
    0x0800f284   0x00000030   Code   RO          213    i.UartRcvTimeOut    stm32f10x_it.o
    0x0800f2b4   0x000000ec   Code   RO          319    i.UartSendData      uart.o
    0x0800f3a0   0x00000028   Code   RO          320    i.UartTimerOver     uart.o
    0x0800f3c8   0x000000f8   Code   RO          255    i.UpdateFileCrcCheck  app_upgrade.o
    0x0800f4c0   0x00000054   Code   RO          256    i.UpdateFileGet     app_upgrade.o
    0x0800f514   0x000000fc   Code   RO          257    i.UpdateFileWrite   app_upgrade.o
    0x0800f610   0x00000024   Code   RO          258    i.UpgradeCancel     app_upgrade.o
    0x0800f634   0x00000024   Code   RO          259    i.UpgradeFlagSet    app_upgrade.o
    0x0800f658   0x00000038   Code   RO          260    i.UpgradeSectorErase  app_upgrade.o
    0x0800f690   0x00000038   Code   RO          261    i.UpgradeServerInit  app_upgrade.o
    0x0800f6c8   0x00000014   Code   RO          262    i.UpgradeSizeInit   app_upgrade.o
    0x0800f6dc   0x000000d0   Code   RO          263    i.UpgradeTask       app_upgrade.o
    0x0800f7ac   0x00000038   Code   RO          264    i.UpgradeUsrInit    app_upgrade.o
    0x0800f7e4   0x000000e4   Code   RO          265    i.UpgradeVersionInit  app_upgrade.o
    0x0800f8c8   0x00000002   Code   RO          214    i.UsageFault_Handler  stm32f10x_it.o
    0x0800f8ca   0x00000030   Code   RO          107    i.UsrCmdCtrl        app_usrcmd.o
    0x0800f8fa   0x00000002   PAD
    0x0800f8fc   0x0000007c   Code   RO          108    i.UsrCmdDebug       app_usrcmd.o
    0x0800f978   0x000001a0   Code   RO          109    i.UsrCmdParse       app_usrcmd.o
    0x0800fb18   0x000001f8   Code   RO          110    i.UsrCmdQuery       app_usrcmd.o
    0x0800fd10   0x00000060   Code   RO          111    i.UsrCmdSet         app_usrcmd.o
    0x0800fd70   0x0000001a   Code   RO          112    i.UsrCmdTest        app_usrcmd.o
    0x0800fd8a   0x00000002   PAD
    0x0800fd8c   0x00000010   Code   RO          156    i.VfdClrTimeOut     app_vfd.o
    0x0800fd9c   0x00000024   Code   RO          157    i.VfdCtrlInit       app_vfd.o
    0x0800fdc0   0x0000002e   Code   RO          158    i.VfdReadRegPacket  app_vfd.o
    0x0800fdee   0x00000002   PAD
    0x0800fdf0   0x00000034   Code   RO          159    i.VfdSetWhoUse      app_vfd.o
    0x0800fe24   0x0000000c   Code   RO          160    i.VfdWaitResp       app_vfd.o
    0x0800fe30   0x0000005e   Code   RO          162    i.VfdWriteMoreRegPacket  app_vfd.o
    0x0800fe8e   0x0000002e   Code   RO          163    i.VfdWriteRegPacket  app_vfd.o
    0x0800febc   0x00000024   Code   RO          164    i.Vfd_Meter_Write_Data  app_vfd.o
    0x0800fee0   0x00000030   Code   RO          536    i.WaitRsp           app_protocol.o
    0x0800ff10   0x0000000a   Code   RO          190    i.WordToBuf         comm.o
    0x0800ff1a   0x00000002   PAD
    0x0800ff1c   0x00000110   Code   RO           99    i.XYDevDataDeal     app_plt.o
    0x0801002c   0x000000ec   Code   RO          100    i.XYMeterVarRead    app_plt.o
    0x08010118   0x00000050   Code   RO          234    i.YearDay           app_rtc.o
    0x08010168   0x00000028   Code   RO          866    i.__ARM_fpclassify  m_ws.l(fpclassify.o)
    0x08010190   0x00000024   Code   RO           73    i._flashErase       app_para.o
    0x080101b4   0x00000034   Code   RO           74    i._flashRead        app_para.o
    0x080101e8   0x00000074   Code   RO           75    i._flashWrite       app_para.o
    0x0801025c   0x0000000e   Code   RO          651    i._is_digit         c_w.l(__printf_wp.o)
    0x0801026a   0x00000002   PAD
    0x0801026c   0x00000164   Code   RO          545    i.aai_write         sfud.o
    0x080103d0   0x0000002e   Code   RO          217    i.dtuCfgDataCheck   app_dtucfg.o
    0x080103fe   0x0000001c   Code   RO          218    i.dtuCfgDataCrc     app_dtucfg.o
    0x0801041a   0x00000068   Code   RO          219    i.dtuConfigResp     app_dtucfg.o
    0x08010482   0x00000002   PAD
    0x08010484   0x0000038c   Code   RO          220    i.dtuFactoryConfig  app_dtucfg.o
    0x08010810   0x00000010   Code   RO          298    i.gprsIsConnect     gc65.o
    0x08010820   0x00000224   Code   RO          546    i.hardware_init     sfud.o
    0x08010a44   0x00000010   Code   RO          537    i.isGprsCon         app_protocol.o
    0x08010a54   0x000001d0   Code   RO            2    i.main              main.o
    0x08010c24   0x0000002a   Code   RO          547    i.make_adress_byte_array  sfud.o
    0x08010c4e   0x00000002   PAD
    0x08010c50   0x000000a0   Code   RO          193    i.my_atof           comm.o
    0x08010cf0   0x0000003e   Code   RO          194    i.my_atoi           comm.o
    0x08010d2e   0x00000002   PAD
    0x08010d30   0x00000040   Code   RO          195    i.my_itoa           comm.o
    0x08010d70   0x00000148   Code   RO          548    i.page256_or_1_byte_write  sfud.o
    0x08010eb8   0x0000007a   Code   RO          325    i.pipeCreate        pipe.o
    0x08010f32   0x00000060   Code   RO          326    i.pipeDataRead      pipe.o
    0x08010f92   0x00000070   Code   RO          327    i.pipeDataWrite     pipe.o
    0x08011002   0x00000018   Code   RO          328    i.pipeFlush         pipe.o
    0x0801101a   0x00000002   PAD
    0x0801101c   0x00000088   Code   RO          550    i.reset             sfud.o
    0x080110a4   0x00000008   Code   RO          571    i.retry_delay_100us  sfud_port.o
    0x080110ac   0x0000006c   Code   RO          244    i.rst_data_process  app_multfun.o
    0x08011118   0x00000088   Code   RO          551    i.set_4_byte_address_mode  sfud.o
    0x080111a0   0x00000070   Code   RO          552    i.set_write_enabled  sfud.o
    0x08011210   0x000000ac   Code   RO          553    i.sfud_chip_erase   sfud.o
    0x080112bc   0x00000080   Code   RO          554    i.sfud_device_init  sfud.o
    0x0801133c   0x00000140   Code   RO          555    i.sfud_erase        sfud.o
    0x0801147c   0x00000008   Code   RO          559    i.sfud_get_device_table  sfud.o
    0x08011484   0x00000028   Code   RO          560    i.sfud_init         sfud.o
    0x080114ac   0x00000030   Code   RO          573    i.sfud_log_info     sfud_port.o
    0x080114dc   0x000000b0   Code   RO          562    i.sfud_read         sfud.o
    0x0801158c   0x00000018   Code   RO          563    i.sfud_read_status  sfud.o
    0x080115a4   0x000000f8   Code   RO          574    i.sfud_spi_port_init  sfud_port.o
    0x0801169c   0x0000002a   Code   RO          564    i.sfud_write        sfud.o
    0x080116c6   0x00000002   PAD
    0x080116c8   0x00000080   Code   RO          565    i.sfud_write_status  sfud.o
    0x08011748   0x00000004   Code   RO          575    i.spi_lock          sfud_port.o
    0x0801174c   0x00000004   Code   RO          576    i.spi_unlock        sfud_port.o
    0x08011750   0x00000094   Code   RO          577    i.spi_write_read    sfud_port.o
    0x080117e4   0x00000034   Code   RO          196    i.stricmp           comm.o
    0x08011818   0x00000068   Code   RO          566    i.wait_busy         sfud.o
    0x08011880   0x0000002c   Code   RO          856    locale$$code        c_w.l(lc_numeric_c.o)
    0x080118ac   0x0000002c   Code   RO          874    locale$$code        c_w.l(lc_ctype_c.o)
    0x080118d8   0x00000150   Code   RO          678    x$fpl$dadd          fz_ws.l(daddsub_clz.o)
    0x08011a28   0x000002b0   Code   RO          682    x$fpl$ddiv          fz_ws.l(ddiv.o)
    0x08011cd8   0x0000005a   Code   RO          683    x$fpl$dfixu         fz_ws.l(dfixu.o)
    0x08011d32   0x0000002e   Code   RO          686    x$fpl$dflt          fz_ws.l(dflt_clz.o)
    0x08011d60   0x00000026   Code   RO          685    x$fpl$dfltu         fz_ws.l(dflt_clz.o)
    0x08011d86   0x00000002   PAD
    0x08011d88   0x00000154   Code   RO          688    x$fpl$dmul          fz_ws.l(dmul.o)
    0x08011edc   0x0000009c   Code   RO          799    x$fpl$dnaninf       fz_ws.l(dnaninf.o)
    0x08011f78   0x0000000c   Code   RO          800    x$fpl$dretinf       fz_ws.l(dretinf.o)
    0x08011f84   0x000001d4   Code   RO          680    x$fpl$dsub          fz_ws.l(daddsub_clz.o)
    0x08012158   0x00000056   Code   RO          689    x$fpl$f2d           fz_ws.l(f2d.o)
    0x080121ae   0x00000002   PAD
    0x080121b0   0x00000184   Code   RO          691    x$fpl$fdiv          fz_ws.l(fdiv.o)
    0x08012334   0x00000030   Code   RO          693    x$fpl$fflt          fz_ws.l(fflt_clz.o)
    0x08012364   0x00000026   Code   RO          692    x$fpl$ffltu         fz_ws.l(fflt_clz.o)
    0x0801238a   0x00000002   PAD
    0x0801238c   0x00000102   Code   RO          695    x$fpl$fmul          fz_ws.l(fmul.o)
    0x0801248e   0x0000008c   Code   RO          801    x$fpl$fnaninf       fz_ws.l(fnaninf.o)
    0x0801251a   0x0000000a   Code   RO          802    x$fpl$fretinf       fz_ws.l(fretinf.o)
    0x08012524   0x00000004   Code   RO          696    x$fpl$printf1       fz_ws.l(printf1.o)
    0x08012528   0x00000004   Code   RO          803    x$fpl$printf2       fz_ws.l(printf2.o)
    0x0801252c   0x00000000   Code   RO          806    x$fpl$usenofp       fz_ws.l(usenofp.o)
    0x0801252c   0x00000938   Data   RO          102    .constdata          app_plt.o
    0x08012e64   0x00000200   Data   RO          197    .constdata          comm.o
    0x08013064   0x0000000d   Data   RO          235    .constdata          app_rtc.o
    0x08013071   0x00000051   Data   RO          540    .constdata          app_protocol.o
    0x080130c2   0x00000002   PAD
    0x080130c4   0x0000024c   Data   RO          568    .constdata          sfud.o
    0x08013310   0x00000400   Data   RO          583    .constdata          crc32.o
    0x08013710   0x00000028   Data   RO          643    .constdata          c_w.l(_printf_hex_int_ll_ptr.o)
    0x08013738   0x00000011   Data   RO          656    .constdata          c_w.l(__printf_flags_ss_wp.o)
    0x08013749   0x00000003   PAD
    0x0801374c   0x00000008   Data   RO          727    .constdata          c_w.l(_printf_wctomb.o)
    0x08013754   0x00000026   Data   RO          836    .constdata          c_w.l(_printf_fp_hex.o)
    0x0801377a   0x00000002   PAD
    0x0801377c   0x00000094   Data   RO          842    .constdata          c_w.l(bigflt0.o)
    0x08013810   0x00000243   Data   RO          541    .conststring        app_protocol.o
    0x08013a53   0x00000001   PAD
    0x08013a54   0x00000149   Data   RO          569    .conststring        sfud.o
    0x08013b9d   0x00000003   PAD
    0x08013ba0   0x00000020   Data   RO          925    Region$$Table       anon$$obj.o
    0x08013bc0   0x0000001c   Data   RO          855    locale$$data        c_w.l(lc_numeric_c.o)
    0x08013bdc   0x00000110   Data   RO          873    locale$$data        c_w.l(lc_ctype_c.o)


    Execution Region RW_IRAM1 (Base: 0x20000000, Size: 0x00004048, Max: 0x0000c000, ABSOLUTE, COMPRESSED[0x0000005c])

    Base Addr    Size         Type   Attr      Idx    E Section Name        Object

    0x20000000   0x00000001   Data   RW           13    .data               bsp.o
    0x20000001   0x00000003   PAD
    0x20000004   0x00000014   Data   RW           21    .data               app_alarmevent.o
    0x20000018   0x00000008   Data   RW           32    .data               app_debug.o
    0x20000020   0x00000012   Data   RW           60    .data               app_led.o
    0x20000032   0x00000002   PAD
    0x20000034   0x00000018   Data   RW           78    .data               app_para.o
    0x2000004c   0x00000014   Data   RW          103    .data               app_plt.o
    0x20000060   0x00000001   Data   RW          104    .data               app_plt.o
    0x20000061   0x00000003   PAD
    0x20000064   0x00000060   Data   RW          169    .data               app_vfd.o
    0x200000c4   0x00000002   Data   RW          215    .data               stm32f10x_it.o
    0x200000c6   0x00000001   Data   RW          222    .data               app_dtucfg.o
    0x200000c7   0x00000001   Data   RW          223    .data               app_dtucfg.o
    0x200000c8   0x0000000c   Data   RW          236    .data               app_rtc.o
    0x200000d4   0x00000006   Data   RW          237    .data               app_rtc.o
    0x200000da   0x00000002   PAD
    0x200000dc   0x00000028   Data   RW          245    .data               app_multfun.o
    0x20000104   0x0000000c   Data   RW          267    .data               app_upgrade.o
    0x20000110   0x0000001c   Data   RW          302    .data               gc65.o
    0x2000012c   0x00000001   Data   RW          323    .data               uart.o
    0x2000012d   0x00000014   Data   RW          429    .data               stm32f10x_rcc.o
    0x20000141   0x00000003   PAD
    0x20000144   0x0000002c   Data   RW          542    .data               app_protocol.o
    0x20000170   0x00000001   Data   RW          544    .data               app_protocol.o
    0x20000171   0x00000003   PAD
    0x20000174   0x00000050   Data   RW          570    .data               sfud.o
    0x200001c4   0x0000000c   Data   RW          579    .data               sfud_port.o
    0x200001d0   0x00000004   Data   RW          665    .data               c_w.l(strtok.o)
    0x200001d4   0x0000003e   Zero   RW           20    .bss                app_alarmevent.o
    0x20000212   0x00000190   Zero   RW           30    .bss                app_debug.o
    0x200003a2   0x00000002   PAD
    0x200003a4   0x00000020   Zero   RW           31    .bss                app_debug.o
    0x200003c4   0x0000000c   Zero   RW           50    .bss                app_json.o
    0x200003d0   0x00000020   Zero   RW           51    .bss                app_json.o
    0x200003f0   0x000000a2   Zero   RW           52    .bss                app_json.o
    0x20000492   0x00000002   PAD
    0x20000494   0x00000144   Zero   RW           53    .bss                app_json.o
    0x200005d8   0x0000042c   Zero   RW           77    .bss                app_para.o
    0x20000a04   0x00000073   Zero   RW          101    .bss                app_plt.o
    0x20000a77   0x00000001   PAD
    0x20000a78   0x0000007c   Zero   RW          165    .bss                app_vfd.o
    0x20000af4   0x000000dc   Zero   RW          166    .bss                app_vfd.o
    0x20000bd0   0x000000dc   Zero   RW          167    .bss                app_vfd.o
    0x20000cac   0x000000dc   Zero   RW          168    .bss                app_vfd.o
    0x20000d88   0x00000400   Zero   RW          221    .bss                app_dtucfg.o
    0x20001188   0x00000200   Zero   RW          266    .bss                app_upgrade.o
    0x20001388   0x00001140   Zero   RW          299    .bss                gc65.o
    0x200024c8   0x00000404   Zero   RW          301    .bss                gc65.o
    0x200028cc   0x0000020a   Zero   RW          316    .bss                gc65_bsp.o
    0x20002ad6   0x0000006c   Zero   RW          321    .bss                uart.o
    0x20002b42   0x0000041e   Zero   RW          322    .bss                uart.o
    0x20002f60   0x00000870   Zero   RW          538    .bss                app_protocol.o
    0x200037d0   0x00000010   Zero   RW          539    .bss                app_protocol.o
    0x200037e0   0x00000105   Zero   RW          567    .bss                sfud.o
    0x200038e5   0x00000100   Zero   RW          578    .bss                sfud_port.o
    0x200039e5   0x00000003   PAD
    0x200039e8   0x00000060   Zero   RW          809    .bss                c_w.l(libspace.o)
    0x20003a48   0x00000200   Zero   RW          585    HEAP                startup_stm32f10x_hd.o
    0x20003c48   0x00000400   Zero   RW          584    STACK               startup_stm32f10x_hd.o


==============================================================================

Image component sizes


      Code (inc. data)   RO Data    RW Data    ZI Data      Debug   Object Name

       768         68          0         20         62          0   app_alarmevent.o
       464        108          0          8        432          0   app_debug.o
      1118         36          0          2       1024          0   app_dtucfg.o
      2458        476          0          0        530          0   app_json.o
       412         50          0         18          0          0   app_led.o
       736        144          0         40          0          0   app_multfun.o
      2270        440          0         24       1068          0   app_para.o
     10558        928       2360         21        115          0   app_plt.o
     10120       1876        660         45       2176          0   app_protocol.o
      1166         84         13         18          0          0   app_rtc.o
      1608        502          0         12        512          0   app_upgrade.o
      1224        472          0          0          0          0   app_usrcmd.o
      4516        316          0         96        784          0   app_vfd.o
      1676         96          0          1          0          0   bsp.o
       852         26        512          0          0          0   comm.o
        56          4       1024          0          0          0   crc32.o
      9398       1898          0         28       5444          0   gc65.o
       394         62          0          0        522          0   gc65_bsp.o
       772        282          0          0          0          0   main.o
       120         16          0          0          0          0   misc.o
       368          0          0          0          0          0   pipe.o
      2800        896        917         80        261          0   sfud.o
       460         50          0         12        256          0   sfud_port.o
        64         26        304          0       1536          0   startup_stm32f10x_hd.o
       856         16          0          0          0          0   stm32f10x_can.o
       380         26          0          0          0          0   stm32f10x_dma.o
       266         36          0          0          0          0   stm32f10x_flash.o
       252          6          0          0          0          0   stm32f10x_gpio.o
      1006        108          0          2          0          0   stm32f10x_it.o
        68         30          0          0          0          0   stm32f10x_iwdg.o
       332         56          0         20          0          0   stm32f10x_rcc.o
       202         12          0          0          0          0   stm32f10x_spi.o
       366          6          0          0          0          0   stm32f10x_usart.o
       252         30          0          0          0          0   system_stm32f10x.o
       348         44          0          1       1162          0   uart.o

    ----------------------------------------------------------------------
     58754       9226       5828        464      15892          0   Object Totals
         0          0         32          0          0          0   (incl. Generated)
        48          0          6         16          8          0   (incl. Padding)

    ----------------------------------------------------------------------

      Code (inc. data)   RO Data    RW Data    ZI Data      Debug   Library Member Name

        44          6          0          0          0          0   __2sprintf.o
        90          0          0          0          0          0   __dczerorl2.o
         8          0          0          0          0          0   __main.o
       392          4         17          0          0          0   __printf_flags_ss_wp.o
        14          0          0          0          0          0   __printf_wp.o
         0          0          0          0          0          0   __rtentry.o
        12          0          0          0          0          0   __rtentry2.o
         6          0          0          0          0          0   __rtentry4.o
        52          8          0          0          0          0   __scatter.o
        28          0          0          0          0          0   __scatter_zi.o
        28          0          0          0          0          0   _chval.o
         6          0          0          0          0          0   _printf_a.o
         6          0          0          0          0          0   _printf_c.o
        44          0          0          0          0          0   _printf_char.o
        48          6          0          0          0          0   _printf_char_common.o
        40          0          0          0          0          0   _printf_charcount.o
         6          0          0          0          0          0   _printf_d.o
       120         16          0          0          0          0   _printf_dec.o
         6          0          0          0          0          0   _printf_e.o
         6          0          0          0          0          0   _printf_f.o
      1050          0          0          0          0          0   _printf_fp_dec.o
       764         10         38          0          0          0   _printf_fp_hex.o
       128         16          0          0          0          0   _printf_fp_infnan.o
         6          0          0          0          0          0   _printf_g.o
       148          4         40          0          0          0   _printf_hex_int_ll_ptr.o
         6          0          0          0          0          0   _printf_i.o
       178          0          0          0          0          0   _printf_intcommon.o
        10          0          0          0          0          0   _printf_l.o
         6          0          0          0          0          0   _printf_lc.o
        10          0          0          0          0          0   _printf_ll.o
         6          0          0          0          0          0   _printf_lld.o
         6          0          0          0          0          0   _printf_lli.o
         6          0          0          0          0          0   _printf_llo.o
         6          0          0          0          0          0   _printf_llu.o
         6          0          0          0          0          0   _printf_llx.o
       124         16          0          0          0          0   _printf_longlong_dec.o
         6          0          0          0          0          0   _printf_ls.o
         6          0          0          0          0          0   _printf_n.o
         6          0          0          0          0          0   _printf_o.o
       112          8          0          0          0          0   _printf_oct_int_ll.o
         6          0          0          0          0          0   _printf_p.o
        78          0          0          0          0          0   _printf_pad.o
         0          0          0          0          0          0   _printf_percent.o
         4          0          0          0          0          0   _printf_percent_end.o
         6          0          0          0          0          0   _printf_s.o
        82          0          0          0          0          0   _printf_str.o
        36          0          0          0          0          0   _printf_truncate.o
         6          0          0          0          0          0   _printf_u.o
        44          0          0          0          0          0   _printf_wchar.o
       188          6          8          0          0          0   _printf_wctomb.o
         6          0          0          0          0          0   _printf_x.o
        16          0          0          0          0          0   _snputc.o
        10          0          0          0          0          0   _sputc.o
       158          0          0          0          0          0   _strtoul.o
        64          0          0          0          0          0   _wcrtomb.o
        16          0          0          0          0          0   aeabi_memset.o
        26          0          0          0          0          0   atoi.o
       220          4        148          0          0          0   bigflt0.o
      1910        128          0          0          0          0   btod.o
        10          0          0          0          0          0   defsig_exit.o
        50          0          0          0          0          0   defsig_general.o
        80         58          0          0          0          0   defsig_rtmem_inner.o
        14          0          0          0          0          0   defsig_rtmem_outer.o
        12          0          0          0          0          0   exit.o
        94          0          0          0          0          0   h1_alloc.o
        52          0          0          0          0          0   h1_extend.o
        78          0          0          0          0          0   h1_free.o
        14          0          0          0          0          0   h1_init.o
         6          0          0          0          0          0   heapauxi.o
         4          0          0          0          0          0   hguard.o
         0          0          0          0          0          0   indicate_semi.o
       138          0          0          0          0          0   init_alloc.o
        44         10        272          0          0          0   lc_ctype_c.o
        44         10         28          0          0          0   lc_numeric_c.o
         2          0          0          0          0          0   libinit.o
        38          0          0          0          0          0   libinit2.o
         2          0          0          0          0          0   libshutdown.o
         2          0          0          0          0          0   libshutdown2.o
         8          4          0          0         96          0   libspace.o
       138          0          0          0          0          0   lludiv10.o
         0          0          0          0          0          0   maybetermalloc1.o
        88          0          0          0          0          0   memcmp.o
        16          4          0          0          0          0   rt_ctype_table.o
         8          4          0          0          0          0   rt_errno_addr_intlibspace.o
         8          4          0          0          0          0   rt_heap_descriptor_intlibspace.o
         8          4          0          0          0          0   rt_locale_intlibspace.o
        68          0          0          0          0          0   rt_memclr.o
        78          0          0          0          0          0   rt_memclr_w.o
       138          0          0          0          0          0   rt_memcpy_v6.o
       100          0          0          0          0          0   rt_memcpy_w.o
         2          0          0          0          0          0   rtexit.o
        10          0          0          0          0          0   rtexit2.o
       128          0          0          0          0          0   strcmpv7m.o
        72          0          0          0          0          0   strcpy.o
        32          0          0          0          0          0   strcspn.o
        62          0          0          0          0          0   strlen.o
       150          0          0          0          0          0   strncmp.o
        86          0          0          0          0          0   strncpy.o
        28          0          0          0          0          0   strspn.o
        12          6          0          4          0          0   strtok.o
        68          4          0          0          0          0   strtok_int.o
       112          0          0          0          0          0   strtol.o
        12          4          0          0          0          0   sys_exit.o
        74          0          0          0          0          0   sys_stackheap_outer.o
        14          0          0          0          0          0   sys_wrch.o
         2          0          0          0          0          0   use_no_semi.o
        52          4          0          0          0          0   vsnprintf.o
       804         16          0          0          0          0   daddsub_clz.o
       688        140          0          0          0          0   ddiv.o
        90          4          0          0          0          0   dfixu.o
        84          0          0          0          0          0   dflt_clz.o
       340         12          0          0          0          0   dmul.o
       156          4          0          0          0          0   dnaninf.o
        12          0          0          0          0          0   dretinf.o
        86          4          0          0          0          0   f2d.o
       388         76          0          0          0          0   fdiv.o
        86          0          0          0          0          0   fflt_clz.o
       258          4          0          0          0          0   fmul.o
       140          4          0          0          0          0   fnaninf.o
        10          0          0          0          0          0   fretinf.o
         4          0          0          0          0          0   printf1.o
         4          0          0          0          0          0   printf2.o
         0          0          0          0          0          0   usenofp.o
        40          0          0          0          0          0   fpclassify.o

    ----------------------------------------------------------------------
     11898        612        556          4         96          0   Library Totals
        28          0          5          0          0          0   (incl. Padding)

    ----------------------------------------------------------------------

      Code (inc. data)   RO Data    RW Data    ZI Data      Debug   Library Name

      8680        348        551          4         96          0   c_w.l
      3150        264          0          0          0          0   fz_ws.l
        40          0          0          0          0          0   m_ws.l

    ----------------------------------------------------------------------
     11898        612        556          4         96          0   Library Totals

    ----------------------------------------------------------------------

==============================================================================


      Code (inc. data)   RO Data    RW Data    ZI Data      Debug   

     70652       9838       6384        468      15988          0   Grand Totals
     70652       9838       6384         92      15988          0   ELF Image Totals (compressed)
     70652       9838       6384         92          0          0   ROM Totals

==============================================================================

    Total RO  Size (Code + RO Data)                77036 (  75.23kB)
    Total RW  Size (RW Data + ZI Data)             16456 (  16.07kB)
    Total ROM Size (Code + RO Data + RW Data)      77128 (  75.32kB)

==============================================================================

