<!doctype html public "-//w3c//dtd html 4.0 transitional//en">
<html><head>
<title>Static Call Graph - [.\Obj\DTU-200_Realse.axf]</title></head>
<body><HR>
<H1>Static Call Graph for image .\Obj\DTU-200_Realse.axf</H1><HR>
<BR><P>#&#060CALLGRAPH&#062# ARM Linker, 5050041: Last Updated: Thu Jun 07 09:53:18 2018
<BR><P>
<H3>Maximum Stack Usage =          0 bytes + Unknown(Cycles, Untraceable Function Pointers)</H3><H3>
Call chain for Maximum Stack Depth:</H3>

<P>
<H3>
Mutually Recursive functions
</H3> <LI><a href="#[11]">HardFault_Handler</a>&nbsp;&nbsp;&nbsp;&rArr;&nbsp;&nbsp;&nbsp;<a href="#[11]">HardFault_Handler</a><BR>
 <LI><a href="#[12]">MemManage_Handler</a>&nbsp;&nbsp;&nbsp;&rArr;&nbsp;&nbsp;&nbsp;<a href="#[12]">MemManage_Handler</a><BR>
 <LI><a href="#[13]">BusFault_Handler</a>&nbsp;&nbsp;&nbsp;&rArr;&nbsp;&nbsp;&nbsp;<a href="#[13]">BusFault_Handler</a><BR>
 <LI><a href="#[14]">UsageFault_Handler</a>&nbsp;&nbsp;&nbsp;&rArr;&nbsp;&nbsp;&nbsp;<a href="#[14]">UsageFault_Handler</a><BR>
 <LI><a href="#[17]">PendSV_Handler</a>&nbsp;&nbsp;&nbsp;&rArr;&nbsp;&nbsp;&nbsp;<a href="#[17]">PendSV_Handler</a><BR>
 <LI><a href="#[2b]">ADC1_2_IRQHandler</a>&nbsp;&nbsp;&nbsp;&rArr;&nbsp;&nbsp;&nbsp;<a href="#[2b]">ADC1_2_IRQHandler</a><BR>
</UL>
<P>
<H3>
Function Pointers
</H3><UL>
 <LI><a href="#[2b]">ADC1_2_IRQHandler</a> from startup_stm32f10x_hd.o(.text) referenced from startup_stm32f10x_hd.o(RESET)
 <LI><a href="#[48]">ADC3_IRQHandler</a> from startup_stm32f10x_hd.o(.text) referenced from startup_stm32f10x_hd.o(RESET)
 <LI><a href="#[13]">BusFault_Handler</a> from stm32f10x_it.o(.text) referenced from startup_stm32f10x_hd.o(RESET)
 <LI><a href="#[2e]">CAN1_RX1_IRQHandler</a> from startup_stm32f10x_hd.o(.text) referenced from startup_stm32f10x_hd.o(RESET)
 <LI><a href="#[2f]">CAN1_SCE_IRQHandler</a> from startup_stm32f10x_hd.o(.text) referenced from startup_stm32f10x_hd.o(RESET)
 <LI><a href="#[24]">DMA1_Channel1_IRQHandler</a> from startup_stm32f10x_hd.o(.text) referenced from startup_stm32f10x_hd.o(RESET)
 <LI><a href="#[25]">DMA1_Channel2_IRQHandler</a> from startup_stm32f10x_hd.o(.text) referenced from startup_stm32f10x_hd.o(RESET)
 <LI><a href="#[26]">DMA1_Channel3_IRQHandler</a> from startup_stm32f10x_hd.o(.text) referenced from startup_stm32f10x_hd.o(RESET)
 <LI><a href="#[27]">DMA1_Channel4_IRQHandler</a> from startup_stm32f10x_hd.o(.text) referenced from startup_stm32f10x_hd.o(RESET)
 <LI><a href="#[28]">DMA1_Channel5_IRQHandler</a> from startup_stm32f10x_hd.o(.text) referenced from startup_stm32f10x_hd.o(RESET)
 <LI><a href="#[29]">DMA1_Channel6_IRQHandler</a> from gc65_bsp.o(.text) referenced from startup_stm32f10x_hd.o(RESET)
 <LI><a href="#[2a]">DMA1_Channel7_IRQHandler</a> from stm32f10x_it.o(.text) referenced from startup_stm32f10x_hd.o(RESET)
 <LI><a href="#[51]">DMA2_Channel1_IRQHandler</a> from startup_stm32f10x_hd.o(.text) referenced from startup_stm32f10x_hd.o(RESET)
 <LI><a href="#[52]">DMA2_Channel2_IRQHandler</a> from startup_stm32f10x_hd.o(.text) referenced from startup_stm32f10x_hd.o(RESET)
 <LI><a href="#[53]">DMA2_Channel3_IRQHandler</a> from startup_stm32f10x_hd.o(.text) referenced from startup_stm32f10x_hd.o(RESET)
 <LI><a href="#[54]">DMA2_Channel4_5_IRQHandler</a> from startup_stm32f10x_hd.o(.text) referenced from startup_stm32f10x_hd.o(RESET)
 <LI><a href="#[16]">DebugMon_Handler</a> from stm32f10x_it.o(.text) referenced from startup_stm32f10x_hd.o(RESET)
 <LI><a href="#[1f]">EXTI0_IRQHandler</a> from startup_stm32f10x_hd.o(.text) referenced from startup_stm32f10x_hd.o(RESET)
 <LI><a href="#[41]">EXTI15_10_IRQHandler</a> from startup_stm32f10x_hd.o(.text) referenced from startup_stm32f10x_hd.o(RESET)
 <LI><a href="#[20]">EXTI1_IRQHandler</a> from startup_stm32f10x_hd.o(.text) referenced from startup_stm32f10x_hd.o(RESET)
 <LI><a href="#[21]">EXTI2_IRQHandler</a> from startup_stm32f10x_hd.o(.text) referenced from startup_stm32f10x_hd.o(RESET)
 <LI><a href="#[22]">EXTI3_IRQHandler</a> from startup_stm32f10x_hd.o(.text) referenced from startup_stm32f10x_hd.o(RESET)
 <LI><a href="#[23]">EXTI4_IRQHandler</a> from startup_stm32f10x_hd.o(.text) referenced from startup_stm32f10x_hd.o(RESET)
 <LI><a href="#[30]">EXTI9_5_IRQHandler</a> from startup_stm32f10x_hd.o(.text) referenced from startup_stm32f10x_hd.o(RESET)
 <LI><a href="#[1d]">FLASH_IRQHandler</a> from startup_stm32f10x_hd.o(.text) referenced from startup_stm32f10x_hd.o(RESET)
 <LI><a href="#[49]">FSMC_IRQHandler</a> from startup_stm32f10x_hd.o(.text) referenced from startup_stm32f10x_hd.o(RESET)
 <LI><a href="#[11]">HardFault_Handler</a> from stm32f10x_it.o(.text) referenced from startup_stm32f10x_hd.o(RESET)
 <LI><a href="#[39]">I2C1_ER_IRQHandler</a> from startup_stm32f10x_hd.o(.text) referenced from startup_stm32f10x_hd.o(RESET)
 <LI><a href="#[38]">I2C1_EV_IRQHandler</a> from startup_stm32f10x_hd.o(.text) referenced from startup_stm32f10x_hd.o(RESET)
 <LI><a href="#[3b]">I2C2_ER_IRQHandler</a> from startup_stm32f10x_hd.o(.text) referenced from startup_stm32f10x_hd.o(RESET)
 <LI><a href="#[3a]">I2C2_EV_IRQHandler</a> from startup_stm32f10x_hd.o(.text) referenced from startup_stm32f10x_hd.o(RESET)
 <LI><a href="#[12]">MemManage_Handler</a> from stm32f10x_it.o(.text) referenced from startup_stm32f10x_hd.o(RESET)
 <LI><a href="#[10]">NMI_Handler</a> from stm32f10x_it.o(.text) referenced from startup_stm32f10x_hd.o(RESET)
 <LI><a href="#[1a]">PVD_IRQHandler</a> from startup_stm32f10x_hd.o(.text) referenced from startup_stm32f10x_hd.o(RESET)
 <LI><a href="#[17]">PendSV_Handler</a> from startup_stm32f10x_hd.o(.text) referenced from startup_stm32f10x_hd.o(RESET)
 <LI><a href="#[1e]">RCC_IRQHandler</a> from startup_stm32f10x_hd.o(.text) referenced from startup_stm32f10x_hd.o(RESET)
 <LI><a href="#[a]">RS4850_ChgToRcv</a> from app_vfd.o(.text) referenced 2 times from app_vfd.o(.data)
 <LI><a href="#[9]">RS4850_ChgToSnd</a> from app_vfd.o(.text) referenced 2 times from app_vfd.o(.data)
 <LI><a href="#[c]">RS4851_ChgToRcv</a> from app_vfd.o(.text) referenced 2 times from app_vfd.o(.data)
 <LI><a href="#[b]">RS4851_ChgToSnd</a> from app_vfd.o(.text) referenced 2 times from app_vfd.o(.data)
 <LI><a href="#[e]">RS4852_ChgToRcv</a> from app_vfd.o(.text) referenced 2 times from app_vfd.o(.data)
 <LI><a href="#[d]">RS4852_ChgToSnd</a> from app_vfd.o(.text) referenced 2 times from app_vfd.o(.data)
 <LI><a href="#[42]">RTCAlarm_IRQHandler</a> from startup_stm32f10x_hd.o(.text) referenced from startup_stm32f10x_hd.o(RESET)
 <LI><a href="#[1c]">RTC_IRQHandler</a> from startup_stm32f10x_hd.o(.text) referenced from startup_stm32f10x_hd.o(RESET)
 <LI><a href="#[f]">Reset_Handler</a> from startup_stm32f10x_hd.o(.text) referenced from startup_stm32f10x_hd.o(RESET)
 <LI><a href="#[4a]">SDIO_IRQHandler</a> from startup_stm32f10x_hd.o(.text) referenced from startup_stm32f10x_hd.o(RESET)
 <LI><a href="#[3c]">SPI1_IRQHandler</a> from startup_stm32f10x_hd.o(.text) referenced from startup_stm32f10x_hd.o(RESET)
 <LI><a href="#[3d]">SPI2_IRQHandler</a> from startup_stm32f10x_hd.o(.text) referenced from startup_stm32f10x_hd.o(RESET)
 <LI><a href="#[4c]">SPI3_IRQHandler</a> from startup_stm32f10x_hd.o(.text) referenced from startup_stm32f10x_hd.o(RESET)
 <LI><a href="#[15]">SVC_Handler</a> from stm32f10x_it.o(.text) referenced from startup_stm32f10x_hd.o(RESET)
 <LI><a href="#[18]">SysTick_Handler</a> from stm32f10x_it.o(.text) referenced from startup_stm32f10x_hd.o(RESET)
 <LI><a href="#[55]">SystemInit</a> from system_stm32f10x.o(.text) referenced from startup_stm32f10x_hd.o(.text)
 <LI><a href="#[1b]">TAMPER_IRQHandler</a> from startup_stm32f10x_hd.o(.text) referenced from startup_stm32f10x_hd.o(RESET)
 <LI><a href="#[31]">TIM1_BRK_IRQHandler</a> from startup_stm32f10x_hd.o(.text) referenced from startup_stm32f10x_hd.o(RESET)
 <LI><a href="#[34]">TIM1_CC_IRQHandler</a> from startup_stm32f10x_hd.o(.text) referenced from startup_stm32f10x_hd.o(RESET)
 <LI><a href="#[33]">TIM1_TRG_COM_IRQHandler</a> from startup_stm32f10x_hd.o(.text) referenced from startup_stm32f10x_hd.o(RESET)
 <LI><a href="#[32]">TIM1_UP_IRQHandler</a> from startup_stm32f10x_hd.o(.text) referenced from startup_stm32f10x_hd.o(RESET)
 <LI><a href="#[35]">TIM2_IRQHandler</a> from startup_stm32f10x_hd.o(.text) referenced from startup_stm32f10x_hd.o(RESET)
 <LI><a href="#[36]">TIM3_IRQHandler</a> from startup_stm32f10x_hd.o(.text) referenced from startup_stm32f10x_hd.o(RESET)
 <LI><a href="#[37]">TIM4_IRQHandler</a> from startup_stm32f10x_hd.o(.text) referenced from startup_stm32f10x_hd.o(RESET)
 <LI><a href="#[4b]">TIM5_IRQHandler</a> from startup_stm32f10x_hd.o(.text) referenced from startup_stm32f10x_hd.o(RESET)
 <LI><a href="#[4f]">TIM6_IRQHandler</a> from startup_stm32f10x_hd.o(.text) referenced from startup_stm32f10x_hd.o(RESET)
 <LI><a href="#[50]">TIM7_IRQHandler</a> from startup_stm32f10x_hd.o(.text) referenced from startup_stm32f10x_hd.o(RESET)
 <LI><a href="#[44]">TIM8_BRK_IRQHandler</a> from startup_stm32f10x_hd.o(.text) referenced from startup_stm32f10x_hd.o(RESET)
 <LI><a href="#[47]">TIM8_CC_IRQHandler</a> from startup_stm32f10x_hd.o(.text) referenced from startup_stm32f10x_hd.o(RESET)
 <LI><a href="#[46]">TIM8_TRG_COM_IRQHandler</a> from startup_stm32f10x_hd.o(.text) referenced from startup_stm32f10x_hd.o(RESET)
 <LI><a href="#[45]">TIM8_UP_IRQHandler</a> from startup_stm32f10x_hd.o(.text) referenced from startup_stm32f10x_hd.o(RESET)
 <LI><a href="#[4d]">UART4_IRQHandler</a> from stm32f10x_it.o(.text) referenced from startup_stm32f10x_hd.o(RESET)
 <LI><a href="#[4e]">UART5_IRQHandler</a> from startup_stm32f10x_hd.o(.text) referenced from startup_stm32f10x_hd.o(RESET)
 <LI><a href="#[3e]">USART1_IRQHandler</a> from stm32f10x_it.o(.text) referenced from startup_stm32f10x_hd.o(RESET)
 <LI><a href="#[3f]">USART2_IRQHandler</a> from stm32f10x_it.o(.text) referenced from startup_stm32f10x_hd.o(RESET)
 <LI><a href="#[40]">USART3_IRQHandler</a> from stm32f10x_it.o(.text) referenced from startup_stm32f10x_hd.o(RESET)
 <LI><a href="#[43]">USBWakeUp_IRQHandler</a> from startup_stm32f10x_hd.o(.text) referenced from startup_stm32f10x_hd.o(RESET)
 <LI><a href="#[2c]">USB_HP_CAN1_TX_IRQHandler</a> from startup_stm32f10x_hd.o(.text) referenced from startup_stm32f10x_hd.o(RESET)
 <LI><a href="#[2d]">USB_LP_CAN1_RX0_IRQHandler</a> from stm32f10x_it.o(.text) referenced from startup_stm32f10x_hd.o(RESET)
 <LI><a href="#[14]">UsageFault_Handler</a> from stm32f10x_it.o(.text) referenced from startup_stm32f10x_hd.o(RESET)
 <LI><a href="#[19]">WWDG_IRQHandler</a> from startup_stm32f10x_hd.o(.text) referenced from startup_stm32f10x_hd.o(RESET)
 <LI><a href="#[5b]">__main</a> from __main.o(!!!main) referenced from startup_stm32f10x_hd.o(.text)
 <LI><a href="#[5a]">_get_lc_ctype</a> from lc_ctype_c.o(locale$$code) referenced from rt_ctype_table.o(.text)
 <LI><a href="#[59]">_printf_input_char</a> from _printf_char_common.o(.text) referenced from _printf_char_common.o(.text)
 <LI><a href="#[57]">_snputc</a> from _snputc.o(.text) referenced from c89vsnprintf.o(.text)
 <LI><a href="#[58]">_sputc</a> from _sputc.o(.text) referenced from __2sprintf.o(.text)
</UL>
<P>
<H3>
Global Symbols
</H3>
<P><STRONG><a name="[5b]"></a>__main</STRONG> (Thumb, 8 bytes, Stack size 0 bytes, __main.o(!!!main))
<BR><BR>[Calls]<UL><LI><a href="#[5d]">&gt;&gt;</a>&nbsp;&nbsp;&nbsp;__rt_entry
<LI><a href="#[5c]">&gt;&gt;</a>&nbsp;&nbsp;&nbsp;__scatterload
</UL>

<P><STRONG><a name="[5c]"></a>__scatterload</STRONG> (Thumb, 0 bytes, Stack size 0 bytes, __scatter.o(!!!scatter))
<BR><BR>[Called By]<UL><LI><a href="#[5b]">&gt;&gt;</a>&nbsp;&nbsp;&nbsp;__main
</UL>

<P><STRONG><a name="[5e]"></a>__scatterload_rt2</STRONG> (Thumb, 44 bytes, Stack size 0 bytes, __scatter.o(!!!scatter), UNUSED)
<BR><BR>[Calls]<UL><LI><a href="#[5d]">&gt;&gt;</a>&nbsp;&nbsp;&nbsp;__rt_entry
</UL>

<P><STRONG><a name="[5f]"></a>_printf_n</STRONG> (Thumb, 0 bytes, Stack size 0 bytes, _printf_n.o(.ARM.Collect$$_printf_percent$$00000001))
<BR><BR>[Calls]<UL><LI><a href="#[60]">&gt;&gt;</a>&nbsp;&nbsp;&nbsp;_printf_charcount
</UL>

<P><STRONG><a name="[20a]"></a>_printf_percent</STRONG> (Thumb, 0 bytes, Stack size 0 bytes, _printf_percent.o(.ARM.Collect$$_printf_percent$$00000000))
<BR><BR>[Called By]<UL><LI><a href="#[208]">&gt;&gt;</a>&nbsp;&nbsp;&nbsp;__printf
</UL>

<P><STRONG><a name="[61]"></a>_printf_p</STRONG> (Thumb, 0 bytes, Stack size 0 bytes, _printf_p.o(.ARM.Collect$$_printf_percent$$00000002))
<BR><BR>[Calls]<UL><LI><a href="#[62]">&gt;&gt;</a>&nbsp;&nbsp;&nbsp;_printf_hex_ptr
</UL>

<P><STRONG><a name="[63]"></a>_printf_f</STRONG> (Thumb, 0 bytes, Stack size 0 bytes, _printf_f.o(.ARM.Collect$$_printf_percent$$00000003))
<BR><BR>[Calls]<UL><LI><a href="#[64]">&gt;&gt;</a>&nbsp;&nbsp;&nbsp;_printf_fp_dec
</UL>

<P><STRONG><a name="[65]"></a>_printf_e</STRONG> (Thumb, 0 bytes, Stack size 0 bytes, _printf_e.o(.ARM.Collect$$_printf_percent$$00000004))
<BR><BR>[Calls]<UL><LI><a href="#[64]">&gt;&gt;</a>&nbsp;&nbsp;&nbsp;_printf_fp_dec
</UL>

<P><STRONG><a name="[66]"></a>_printf_g</STRONG> (Thumb, 0 bytes, Stack size 0 bytes, _printf_g.o(.ARM.Collect$$_printf_percent$$00000005))
<BR><BR>[Calls]<UL><LI><a href="#[64]">&gt;&gt;</a>&nbsp;&nbsp;&nbsp;_printf_fp_dec
</UL>

<P><STRONG><a name="[67]"></a>_printf_i</STRONG> (Thumb, 0 bytes, Stack size 0 bytes, _printf_i.o(.ARM.Collect$$_printf_percent$$00000008))
<BR><BR>[Calls]<UL><LI><a href="#[68]">&gt;&gt;</a>&nbsp;&nbsp;&nbsp;_printf_int_dec
</UL>

<P><STRONG><a name="[69]"></a>_printf_d</STRONG> (Thumb, 0 bytes, Stack size 0 bytes, _printf_d.o(.ARM.Collect$$_printf_percent$$00000009))
<BR><BR>[Calls]<UL><LI><a href="#[68]">&gt;&gt;</a>&nbsp;&nbsp;&nbsp;_printf_int_dec
</UL>

<P><STRONG><a name="[6a]"></a>_printf_u</STRONG> (Thumb, 0 bytes, Stack size 0 bytes, _printf_u.o(.ARM.Collect$$_printf_percent$$0000000A))
<BR><BR>[Calls]<UL><LI><a href="#[68]">&gt;&gt;</a>&nbsp;&nbsp;&nbsp;_printf_int_dec
</UL>

<P><STRONG><a name="[6b]"></a>_printf_o</STRONG> (Thumb, 0 bytes, Stack size 0 bytes, _printf_o.o(.ARM.Collect$$_printf_percent$$0000000B))
<BR><BR>[Calls]<UL><LI><a href="#[6c]">&gt;&gt;</a>&nbsp;&nbsp;&nbsp;_printf_int_oct
</UL>

<P><STRONG><a name="[6d]"></a>_printf_x</STRONG> (Thumb, 0 bytes, Stack size 0 bytes, _printf_x.o(.ARM.Collect$$_printf_percent$$0000000C))
<BR><BR>[Calls]<UL><LI><a href="#[6e]">&gt;&gt;</a>&nbsp;&nbsp;&nbsp;_printf_int_hex
</UL>

<P><STRONG><a name="[6f]"></a>_printf_lli</STRONG> (Thumb, 0 bytes, Stack size 0 bytes, _printf_lli.o(.ARM.Collect$$_printf_percent$$0000000D))
<BR><BR>[Calls]<UL><LI><a href="#[70]">&gt;&gt;</a>&nbsp;&nbsp;&nbsp;_printf_longlong_dec
</UL>

<P><STRONG><a name="[71]"></a>_printf_lld</STRONG> (Thumb, 0 bytes, Stack size 0 bytes, _printf_lld.o(.ARM.Collect$$_printf_percent$$0000000E))
<BR><BR>[Calls]<UL><LI><a href="#[70]">&gt;&gt;</a>&nbsp;&nbsp;&nbsp;_printf_longlong_dec
</UL>

<P><STRONG><a name="[72]"></a>_printf_llu</STRONG> (Thumb, 0 bytes, Stack size 0 bytes, _printf_llu.o(.ARM.Collect$$_printf_percent$$0000000F))
<BR><BR>[Calls]<UL><LI><a href="#[70]">&gt;&gt;</a>&nbsp;&nbsp;&nbsp;_printf_longlong_dec
</UL>

<P><STRONG><a name="[73]"></a>_printf_llo</STRONG> (Thumb, 0 bytes, Stack size 0 bytes, _printf_llo.o(.ARM.Collect$$_printf_percent$$00000010))
<BR><BR>[Calls]<UL><LI><a href="#[74]">&gt;&gt;</a>&nbsp;&nbsp;&nbsp;_printf_ll_oct
</UL>

<P><STRONG><a name="[75]"></a>_printf_llx</STRONG> (Thumb, 0 bytes, Stack size 0 bytes, _printf_llx.o(.ARM.Collect$$_printf_percent$$00000011))
<BR><BR>[Calls]<UL><LI><a href="#[76]">&gt;&gt;</a>&nbsp;&nbsp;&nbsp;_printf_ll_hex
</UL>

<P><STRONG><a name="[77]"></a>_printf_c</STRONG> (Thumb, 0 bytes, Stack size 0 bytes, _printf_c.o(.ARM.Collect$$_printf_percent$$00000013))
<BR><BR>[Calls]<UL><LI><a href="#[78]">&gt;&gt;</a>&nbsp;&nbsp;&nbsp;_printf_char
</UL>

<P><STRONG><a name="[79]"></a>_printf_s</STRONG> (Thumb, 0 bytes, Stack size 0 bytes, _printf_s.o(.ARM.Collect$$_printf_percent$$00000014))
<BR><BR>[Calls]<UL><LI><a href="#[7a]">&gt;&gt;</a>&nbsp;&nbsp;&nbsp;_printf_string
</UL>

<P><STRONG><a name="[7b]"></a>_printf_lc</STRONG> (Thumb, 0 bytes, Stack size 0 bytes, _printf_lc.o(.ARM.Collect$$_printf_percent$$00000015))
<BR><BR>[Calls]<UL><LI><a href="#[7c]">&gt;&gt;</a>&nbsp;&nbsp;&nbsp;_printf_wchar
</UL>

<P><STRONG><a name="[7d]"></a>_printf_ls</STRONG> (Thumb, 0 bytes, Stack size 0 bytes, _printf_ls.o(.ARM.Collect$$_printf_percent$$00000016))
<BR><BR>[Calls]<UL><LI><a href="#[7e]">&gt;&gt;</a>&nbsp;&nbsp;&nbsp;_printf_wstring
</UL>

<P><STRONG><a name="[89]"></a>__rt_lib_init</STRONG> (Thumb, 0 bytes, Stack size 0 bytes, libinit.o(.ARM.Collect$$libinit$$00000000))
<BR><BR>[Called By]<UL><LI><a href="#[88]">&gt;&gt;</a>&nbsp;&nbsp;&nbsp;__rt_entry_li
</UL>

<P><STRONG><a name="[7f]"></a>__rt_lib_init_heap_2</STRONG> (Thumb, 0 bytes, Stack size 0 bytes, libinit2.o(.ARM.Collect$$libinit$$00000005))
<BR><BR>[Calls]<UL><LI><a href="#[80]">&gt;&gt;</a>&nbsp;&nbsp;&nbsp;_init_alloc
</UL>

<P><STRONG><a name="[81]"></a>__rt_lib_init_lc_common</STRONG> (Thumb, 0 bytes, Stack size 0 bytes, libinit2.o(.ARM.Collect$$libinit$$0000000F))
<BR><BR>[Calls]<UL><LI><a href="#[82]">&gt;&gt;</a>&nbsp;&nbsp;&nbsp;__rt_locale
</UL>

<P><STRONG><a name="[83]"></a>__rt_lib_init_lc_ctype_2</STRONG> (Thumb, 0 bytes, Stack size 0 bytes, libinit2.o(.ARM.Collect$$libinit$$00000012))
<BR><BR>[Calls]<UL><LI><a href="#[5a]">&gt;&gt;</a>&nbsp;&nbsp;&nbsp;_get_lc_ctype
</UL>

<P><STRONG><a name="[84]"></a>__rt_lib_init_lc_numeric_2</STRONG> (Thumb, 0 bytes, Stack size 0 bytes, libinit2.o(.ARM.Collect$$libinit$$00000016))
<BR><BR>[Calls]<UL><LI><a href="#[85]">&gt;&gt;</a>&nbsp;&nbsp;&nbsp;_get_lc_numeric
</UL>

<P><STRONG><a name="[8e]"></a>__rt_lib_shutdown</STRONG> (Thumb, 0 bytes, Stack size 0 bytes, libshutdown.o(.ARM.Collect$$libshutdown$$00000000))
<BR><BR>[Called By]<UL><LI><a href="#[8d]">&gt;&gt;</a>&nbsp;&nbsp;&nbsp;__rt_exit_ls
</UL>

<P><STRONG><a name="[5d]"></a>__rt_entry</STRONG> (Thumb, 0 bytes, Stack size 0 bytes, __rtentry.o(.ARM.Collect$$rtentry$$00000000))
<BR><BR>[Called By]<UL><LI><a href="#[5b]">&gt;&gt;</a>&nbsp;&nbsp;&nbsp;__main
<LI><a href="#[5e]">&gt;&gt;</a>&nbsp;&nbsp;&nbsp;__scatterload_rt2
</UL>

<P><STRONG><a name="[86]"></a>__rt_entry_sh</STRONG> (Thumb, 0 bytes, Stack size 0 bytes, __rtentry4.o(.ARM.Collect$$rtentry$$00000004))
<BR><BR>[Calls]<UL><LI><a href="#[87]">&gt;&gt;</a>&nbsp;&nbsp;&nbsp;__user_setup_stackheap
</UL>

<P><STRONG><a name="[88]"></a>__rt_entry_li</STRONG> (Thumb, 0 bytes, Stack size 0 bytes, __rtentry2.o(.ARM.Collect$$rtentry$$0000000A))
<BR><BR>[Calls]<UL><LI><a href="#[89]">&gt;&gt;</a>&nbsp;&nbsp;&nbsp;__rt_lib_init
</UL>

<P><STRONG><a name="[8a]"></a>__rt_entry_main</STRONG> (Thumb, 0 bytes, Stack size 0 bytes, __rtentry2.o(.ARM.Collect$$rtentry$$0000000D))
<BR><BR>[Calls]<UL><LI><a href="#[8b]">&gt;&gt;</a>&nbsp;&nbsp;&nbsp;main
<LI><a href="#[8c]">&gt;&gt;</a>&nbsp;&nbsp;&nbsp;exit
</UL>

<P><STRONG><a name="[22f]"></a>__rt_exit</STRONG> (Thumb, 0 bytes, Stack size 0 bytes, rtexit.o(.ARM.Collect$$rtexit$$00000000))
<BR><BR>[Called By]<UL><LI><a href="#[8c]">&gt;&gt;</a>&nbsp;&nbsp;&nbsp;exit
</UL>

<P><STRONG><a name="[8d]"></a>__rt_exit_ls</STRONG> (Thumb, 0 bytes, Stack size 0 bytes, rtexit2.o(.ARM.Collect$$rtexit$$00000003))
<BR><BR>[Calls]<UL><LI><a href="#[8e]">&gt;&gt;</a>&nbsp;&nbsp;&nbsp;__rt_lib_shutdown
</UL>

<P><STRONG><a name="[8f]"></a>__rt_exit_exit</STRONG> (Thumb, 0 bytes, Stack size 0 bytes, rtexit2.o(.ARM.Collect$$rtexit$$00000004))
<BR><BR>[Calls]<UL><LI><a href="#[90]">&gt;&gt;</a>&nbsp;&nbsp;&nbsp;_sys_exit
</UL>

<P><STRONG><a name="[91]"></a>SoftWareInit</STRONG> (Thumb, 76 bytes, Stack size 0 bytes, main.o(.text))
<BR><BR>[Calls]<UL><LI><a href="#[95]">&gt;&gt;</a>&nbsp;&nbsp;&nbsp;SysVarInit
<LI><a href="#[96]">&gt;&gt;</a>&nbsp;&nbsp;&nbsp;SysParaRead
<LI><a href="#[94]">&gt;&gt;</a>&nbsp;&nbsp;&nbsp;FeedDog
<LI><a href="#[93]">&gt;&gt;</a>&nbsp;&nbsp;&nbsp;DebugMsg
<LI><a href="#[92]">&gt;&gt;</a>&nbsp;&nbsp;&nbsp;AppDebugInit
</UL>
<BR>[Called By]<UL><LI><a href="#[8b]">&gt;&gt;</a>&nbsp;&nbsp;&nbsp;main
</UL>

<P><STRONG><a name="[8b]"></a>main</STRONG> (Thumb, 428 bytes, Stack size 0 bytes, main.o(.text))
<BR><BR>[Calls]<UL><LI><a href="#[a4]">&gt;&gt;</a>&nbsp;&nbsp;&nbsp;dtuFactoryConfig
<LI><a href="#[a7]">&gt;&gt;</a>&nbsp;&nbsp;&nbsp;UsrCmdParse
<LI><a href="#[b2]">&gt;&gt;</a>&nbsp;&nbsp;&nbsp;UpgradeTask
<LI><a href="#[a6]">&gt;&gt;</a>&nbsp;&nbsp;&nbsp;Task_VfdInit
<LI><a href="#[a0]">&gt;&gt;</a>&nbsp;&nbsp;&nbsp;Task_VfdDeal
<LI><a href="#[a8]">&gt;&gt;</a>&nbsp;&nbsp;&nbsp;Task_VfdComm
<LI><a href="#[b3]">&gt;&gt;</a>&nbsp;&nbsp;&nbsp;Task_ProSend
<LI><a href="#[9f]">&gt;&gt;</a>&nbsp;&nbsp;&nbsp;Task_ProDeal
<LI><a href="#[ad]">&gt;&gt;</a>&nbsp;&nbsp;&nbsp;Task_MultFun_1s
<LI><a href="#[9d]">&gt;&gt;</a>&nbsp;&nbsp;&nbsp;Task_MeterInit
<LI><a href="#[a1]">&gt;&gt;</a>&nbsp;&nbsp;&nbsp;Task_MeterDeal
<LI><a href="#[a9]">&gt;&gt;</a>&nbsp;&nbsp;&nbsp;Task_MeterComm
<LI><a href="#[9e]">&gt;&gt;</a>&nbsp;&nbsp;&nbsp;Task_Meter2Init
<LI><a href="#[a2]">&gt;&gt;</a>&nbsp;&nbsp;&nbsp;Task_Meter2Deal
<LI><a href="#[aa]">&gt;&gt;</a>&nbsp;&nbsp;&nbsp;Task_Meter2Comm
<LI><a href="#[ae]">&gt;&gt;</a>&nbsp;&nbsp;&nbsp;TaskGC65
<LI><a href="#[ac]">&gt;&gt;</a>&nbsp;&nbsp;&nbsp;SysParaStorage
<LI><a href="#[b0]">&gt;&gt;</a>&nbsp;&nbsp;&nbsp;SysComLed
<LI><a href="#[b1]">&gt;&gt;</a>&nbsp;&nbsp;&nbsp;Rs485ComLed
<LI><a href="#[a5]">&gt;&gt;</a>&nbsp;&nbsp;&nbsp;RS485SndDly
<LI><a href="#[9c]">&gt;&gt;</a>&nbsp;&nbsp;&nbsp;RS485ComInit
<LI><a href="#[9a]">&gt;&gt;</a>&nbsp;&nbsp;&nbsp;ProSendInit
<LI><a href="#[9b]">&gt;&gt;</a>&nbsp;&nbsp;&nbsp;MultFunInit
<LI><a href="#[97]">&gt;&gt;</a>&nbsp;&nbsp;&nbsp;HardWareInit
<LI><a href="#[99]">&gt;&gt;</a>&nbsp;&nbsp;&nbsp;GprsAppInit
<LI><a href="#[94]">&gt;&gt;</a>&nbsp;&nbsp;&nbsp;FeedDog
<LI><a href="#[ab]">&gt;&gt;</a>&nbsp;&nbsp;&nbsp;DevStatToSystem
<LI><a href="#[93]">&gt;&gt;</a>&nbsp;&nbsp;&nbsp;DebugMsg
<LI><a href="#[af]">&gt;&gt;</a>&nbsp;&nbsp;&nbsp;AlarmFilterTimer
<LI><a href="#[98]">&gt;&gt;</a>&nbsp;&nbsp;&nbsp;AlarmEventInit
<LI><a href="#[a3]">&gt;&gt;</a>&nbsp;&nbsp;&nbsp;AlarmEventDeal
<LI><a href="#[91]">&gt;&gt;</a>&nbsp;&nbsp;&nbsp;SoftWareInit
</UL>
<BR>[Called By]<UL><LI><a href="#[8a]">&gt;&gt;</a>&nbsp;&nbsp;&nbsp;__rt_entry_main
</UL>

<P><STRONG><a name="[b4]"></a>GPIO_Configuration</STRONG> (Thumb, 228 bytes, Stack size 0 bytes, bsp.o(.text))
<BR><BR>[Calls]<UL><LI><a href="#[b6]">&gt;&gt;</a>&nbsp;&nbsp;&nbsp;GPIO_SetBits
<LI><a href="#[b7]">&gt;&gt;</a>&nbsp;&nbsp;&nbsp;GPIO_ResetBits
<LI><a href="#[b8]">&gt;&gt;</a>&nbsp;&nbsp;&nbsp;GPIO_PinRemapConfig
<LI><a href="#[b5]">&gt;&gt;</a>&nbsp;&nbsp;&nbsp;GPIO_Init
</UL>
<BR>[Called By]<UL><LI><a href="#[97]">&gt;&gt;</a>&nbsp;&nbsp;&nbsp;HardWareInit
</UL>

<P><STRONG><a name="[b9]"></a>InitIWDG</STRONG> (Thumb, 48 bytes, Stack size 0 bytes, bsp.o(.text))
<BR><BR>[Calls]<UL><LI><a href="#[ba]">&gt;&gt;</a>&nbsp;&nbsp;&nbsp;RCC_GetFlagStatus
<LI><a href="#[bb]">&gt;&gt;</a>&nbsp;&nbsp;&nbsp;RCC_ClearFlag
<LI><a href="#[bc]">&gt;&gt;</a>&nbsp;&nbsp;&nbsp;IWDG_WriteAccessCmd
<LI><a href="#[be]">&gt;&gt;</a>&nbsp;&nbsp;&nbsp;IWDG_SetReload
<LI><a href="#[bd]">&gt;&gt;</a>&nbsp;&nbsp;&nbsp;IWDG_SetPrescaler
<LI><a href="#[bf]">&gt;&gt;</a>&nbsp;&nbsp;&nbsp;IWDG_ReloadCounter
<LI><a href="#[c0]">&gt;&gt;</a>&nbsp;&nbsp;&nbsp;IWDG_Enable
</UL>
<BR>[Called By]<UL><LI><a href="#[97]">&gt;&gt;</a>&nbsp;&nbsp;&nbsp;HardWareInit
</UL>

<P><STRONG><a name="[c1]"></a>InitUart</STRONG> (Thumb, 406 bytes, Stack size 0 bytes, bsp.o(.text))
<BR><BR>[Calls]<UL><LI><a href="#[c3]">&gt;&gt;</a>&nbsp;&nbsp;&nbsp;USART_Init
<LI><a href="#[c2]">&gt;&gt;</a>&nbsp;&nbsp;&nbsp;USART_ITConfig
<LI><a href="#[cb]">&gt;&gt;</a>&nbsp;&nbsp;&nbsp;USART_DMACmd
<LI><a href="#[c5]">&gt;&gt;</a>&nbsp;&nbsp;&nbsp;USART_Cmd
<LI><a href="#[c4]">&gt;&gt;</a>&nbsp;&nbsp;&nbsp;USART_ClearITPendingBit
<LI><a href="#[b5]">&gt;&gt;</a>&nbsp;&nbsp;&nbsp;GPIO_Init
<LI><a href="#[c7]">&gt;&gt;</a>&nbsp;&nbsp;&nbsp;DMA_Init
<LI><a href="#[ca]">&gt;&gt;</a>&nbsp;&nbsp;&nbsp;DMA_ITConfig
<LI><a href="#[c6]">&gt;&gt;</a>&nbsp;&nbsp;&nbsp;DMA_DeInit
<LI><a href="#[c8]">&gt;&gt;</a>&nbsp;&nbsp;&nbsp;DMA_Cmd
<LI><a href="#[c9]">&gt;&gt;</a>&nbsp;&nbsp;&nbsp;DMA_ClearFlag
</UL>
<BR>[Called By]<UL><LI><a href="#[9d]">&gt;&gt;</a>&nbsp;&nbsp;&nbsp;Task_MeterInit
<LI><a href="#[9e]">&gt;&gt;</a>&nbsp;&nbsp;&nbsp;Task_Meter2Init
<LI><a href="#[97]">&gt;&gt;</a>&nbsp;&nbsp;&nbsp;HardWareInit
</UL>

<P><STRONG><a name="[cc]"></a>InitCan</STRONG> (Thumb, 108 bytes, Stack size 0 bytes, bsp.o(.text))
<BR><BR>[Calls]<UL><LI><a href="#[cd]">&gt;&gt;</a>&nbsp;&nbsp;&nbsp;NVIC_Init
<LI><a href="#[b5]">&gt;&gt;</a>&nbsp;&nbsp;&nbsp;GPIO_Init
</UL>
<BR>[Called By]<UL><LI><a href="#[97]">&gt;&gt;</a>&nbsp;&nbsp;&nbsp;HardWareInit
</UL>

<P><STRONG><a name="[ce]"></a>Can_Config</STRONG> (Thumb, 140 bytes, Stack size 0 bytes, bsp.o(.text))
<BR><BR>[Calls]<UL><LI><a href="#[d1]">&gt;&gt;</a>&nbsp;&nbsp;&nbsp;RCC_GetClocksFreq
<LI><a href="#[d0]">&gt;&gt;</a>&nbsp;&nbsp;&nbsp;CAN_StructInit
<LI><a href="#[d2]">&gt;&gt;</a>&nbsp;&nbsp;&nbsp;CAN_Init
<LI><a href="#[d4]">&gt;&gt;</a>&nbsp;&nbsp;&nbsp;CAN_ITConfig
<LI><a href="#[d3]">&gt;&gt;</a>&nbsp;&nbsp;&nbsp;CAN_FilterInit
<LI><a href="#[cf]">&gt;&gt;</a>&nbsp;&nbsp;&nbsp;CAN_DeInit
</UL>
<BR>[Called By]<UL><LI><a href="#[97]">&gt;&gt;</a>&nbsp;&nbsp;&nbsp;HardWareInit
</UL>

<P><STRONG><a name="[d5]"></a>Init485Uart</STRONG> (Thumb, 180 bytes, Stack size 0 bytes, bsp.o(.text))
<BR><BR>[Calls]<UL><LI><a href="#[c3]">&gt;&gt;</a>&nbsp;&nbsp;&nbsp;USART_Init
<LI><a href="#[c2]">&gt;&gt;</a>&nbsp;&nbsp;&nbsp;USART_ITConfig
<LI><a href="#[c5]">&gt;&gt;</a>&nbsp;&nbsp;&nbsp;USART_Cmd
<LI><a href="#[c4]">&gt;&gt;</a>&nbsp;&nbsp;&nbsp;USART_ClearITPendingBit
<LI><a href="#[b5]">&gt;&gt;</a>&nbsp;&nbsp;&nbsp;GPIO_Init
</UL>
<BR>[Called By]<UL><LI><a href="#[a6]">&gt;&gt;</a>&nbsp;&nbsp;&nbsp;Task_VfdInit
</UL>

<P><STRONG><a name="[d6]"></a>InterruptConfig</STRONG> (Thumb, 148 bytes, Stack size 0 bytes, bsp.o(.text))
<BR><BR>[Calls]<UL><LI><a href="#[d7]">&gt;&gt;</a>&nbsp;&nbsp;&nbsp;NVIC_PriorityGroupConfig
<LI><a href="#[cd]">&gt;&gt;</a>&nbsp;&nbsp;&nbsp;NVIC_Init
<LI><a href="#[d8]">&gt;&gt;</a>&nbsp;&nbsp;&nbsp;NVIC_SetPriority
</UL>
<BR>[Called By]<UL><LI><a href="#[97]">&gt;&gt;</a>&nbsp;&nbsp;&nbsp;HardWareInit
</UL>

<P><STRONG><a name="[94]"></a>FeedDog</STRONG> (Thumb, 44 bytes, Stack size 0 bytes, bsp.o(.text))
<BR><BR>[Calls]<UL><LI><a href="#[bf]">&gt;&gt;</a>&nbsp;&nbsp;&nbsp;IWDG_ReloadCounter
<LI><a href="#[b6]">&gt;&gt;</a>&nbsp;&nbsp;&nbsp;GPIO_SetBits
<LI><a href="#[b7]">&gt;&gt;</a>&nbsp;&nbsp;&nbsp;GPIO_ResetBits
</UL>
<BR>[Called By]<UL><LI><a href="#[1ec]">&gt;&gt;</a>&nbsp;&nbsp;&nbsp;GPRSDataDeal
<LI><a href="#[188]">&gt;&gt;</a>&nbsp;&nbsp;&nbsp;UpgradeSectorErase
<LI><a href="#[182]">&gt;&gt;</a>&nbsp;&nbsp;&nbsp;UpdateFileCrcCheck
<LI><a href="#[e2]">&gt;&gt;</a>&nbsp;&nbsp;&nbsp;UartSendData
<LI><a href="#[e4]">&gt;&gt;</a>&nbsp;&nbsp;&nbsp;DebugHexMsg
<LI><a href="#[e3]">&gt;&gt;</a>&nbsp;&nbsp;&nbsp;DebugStrMsg
<LI><a href="#[e0]">&gt;&gt;</a>&nbsp;&nbsp;&nbsp;Debug
<LI><a href="#[97]">&gt;&gt;</a>&nbsp;&nbsp;&nbsp;HardWareInit
<LI><a href="#[8b]">&gt;&gt;</a>&nbsp;&nbsp;&nbsp;main
<LI><a href="#[91]">&gt;&gt;</a>&nbsp;&nbsp;&nbsp;SoftWareInit
</UL>

<P><STRONG><a name="[97]"></a>HardWareInit</STRONG> (Thumb, 224 bytes, Stack size 0 bytes, bsp.o(.text))
<BR><BR>[Calls]<UL><LI><a href="#[dc]">&gt;&gt;</a>&nbsp;&nbsp;&nbsp;SPIFlashInit
<LI><a href="#[d1]">&gt;&gt;</a>&nbsp;&nbsp;&nbsp;RCC_GetClocksFreq
<LI><a href="#[d9]">&gt;&gt;</a>&nbsp;&nbsp;&nbsp;RCC_APB2PeriphClockCmd
<LI><a href="#[da]">&gt;&gt;</a>&nbsp;&nbsp;&nbsp;RCC_APB1PeriphClockCmd
<LI><a href="#[db]">&gt;&gt;</a>&nbsp;&nbsp;&nbsp;RCC_AHBPeriphClockCmd
<LI><a href="#[b6]">&gt;&gt;</a>&nbsp;&nbsp;&nbsp;GPIO_SetBits
<LI><a href="#[d6]">&gt;&gt;</a>&nbsp;&nbsp;&nbsp;InterruptConfig
<LI><a href="#[ce]">&gt;&gt;</a>&nbsp;&nbsp;&nbsp;Can_Config
<LI><a href="#[cc]">&gt;&gt;</a>&nbsp;&nbsp;&nbsp;InitCan
<LI><a href="#[c1]">&gt;&gt;</a>&nbsp;&nbsp;&nbsp;InitUart
<LI><a href="#[b9]">&gt;&gt;</a>&nbsp;&nbsp;&nbsp;InitIWDG
<LI><a href="#[b4]">&gt;&gt;</a>&nbsp;&nbsp;&nbsp;GPIO_Configuration
<LI><a href="#[d8]">&gt;&gt;</a>&nbsp;&nbsp;&nbsp;NVIC_SetPriority
<LI><a href="#[94]">&gt;&gt;</a>&nbsp;&nbsp;&nbsp;FeedDog
</UL>
<BR>[Called By]<UL><LI><a href="#[8b]">&gt;&gt;</a>&nbsp;&nbsp;&nbsp;main
</UL>

<P><STRONG><a name="[af]"></a>AlarmFilterTimer</STRONG> (Thumb, 26 bytes, Stack size 0 bytes, app_alarmevent.o(.text))
<BR><BR>[Calls]<UL><LI><a href="#[dd]">&gt;&gt;</a>&nbsp;&nbsp;&nbsp;AlarmFilterTimeOver
</UL>
<BR>[Called By]<UL><LI><a href="#[8b]">&gt;&gt;</a>&nbsp;&nbsp;&nbsp;main
</UL>

<P><STRONG><a name="[98]"></a>AlarmEventInit</STRONG> (Thumb, 124 bytes, Stack size 0 bytes, app_alarmevent.o(.text))
<BR><BR>[Calls]<UL><LI><a href="#[df]">&gt;&gt;</a>&nbsp;&nbsp;&nbsp;__aeabi_memclr
<LI><a href="#[de]">&gt;&gt;</a>&nbsp;&nbsp;&nbsp;__aeabi_memset
</UL>
<BR>[Called By]<UL><LI><a href="#[8b]">&gt;&gt;</a>&nbsp;&nbsp;&nbsp;main
</UL>

<P><STRONG><a name="[a3]"></a>AlarmEventDeal</STRONG> (Thumb, 294 bytes, Stack size 0 bytes, app_alarmevent.o(.text))
<BR><BR>[Called By]<UL><LI><a href="#[8b]">&gt;&gt;</a>&nbsp;&nbsp;&nbsp;main
</UL>

<P><STRONG><a name="[180]"></a>Alarm_Filter_Deal</STRONG> (Thumb, 52 bytes, Stack size 0 bytes, app_alarmevent.o(.text))
<BR><BR>[Called By]<UL><LI><a href="#[ad]">&gt;&gt;</a>&nbsp;&nbsp;&nbsp;Task_MultFun_1s
</UL>

<P><STRONG><a name="[181]"></a>Start_Stop_Filter</STRONG> (Thumb, 24 bytes, Stack size 0 bytes, app_alarmevent.o(.text))
<BR><BR>[Called By]<UL><LI><a href="#[ad]">&gt;&gt;</a>&nbsp;&nbsp;&nbsp;Task_MultFun_1s
</UL>

<P><STRONG><a name="[a5]"></a>RS485SndDly</STRONG> (Thumb, 16 bytes, Stack size 0 bytes, app_debug.o(.text))
<BR><BR>[Called By]<UL><LI><a href="#[e3]">&gt;&gt;</a>&nbsp;&nbsp;&nbsp;DebugStrMsg
<LI><a href="#[e0]">&gt;&gt;</a>&nbsp;&nbsp;&nbsp;Debug
<LI><a href="#[8b]">&gt;&gt;</a>&nbsp;&nbsp;&nbsp;main
</UL>

<P><STRONG><a name="[92]"></a>AppDebugInit</STRONG> (Thumb, 16 bytes, Stack size 0 bytes, app_debug.o(.text))
<BR><BR>[Called By]<UL><LI><a href="#[91]">&gt;&gt;</a>&nbsp;&nbsp;&nbsp;SoftWareInit
</UL>

<P><STRONG><a name="[e3]"></a>DebugStrMsg</STRONG> (Thumb, 88 bytes, Stack size 0 bytes, app_debug.o(.text))
<BR><BR>[Calls]<UL><LI><a href="#[e2]">&gt;&gt;</a>&nbsp;&nbsp;&nbsp;UartSendData
<LI><a href="#[e0]">&gt;&gt;</a>&nbsp;&nbsp;&nbsp;Debug
<LI><a href="#[b6]">&gt;&gt;</a>&nbsp;&nbsp;&nbsp;GPIO_SetBits
<LI><a href="#[b7]">&gt;&gt;</a>&nbsp;&nbsp;&nbsp;GPIO_ResetBits
<LI><a href="#[a5]">&gt;&gt;</a>&nbsp;&nbsp;&nbsp;RS485SndDly
<LI><a href="#[94]">&gt;&gt;</a>&nbsp;&nbsp;&nbsp;FeedDog
</UL>
<BR>[Called By]<UL><LI><a href="#[1f6]">&gt;&gt;</a>&nbsp;&nbsp;&nbsp;ProDataSend
<LI><a href="#[1ec]">&gt;&gt;</a>&nbsp;&nbsp;&nbsp;GPRSDataDeal
<LI><a href="#[1df]">&gt;&gt;</a>&nbsp;&nbsp;&nbsp;ServerDataGetRespond
<LI><a href="#[1dd]">&gt;&gt;</a>&nbsp;&nbsp;&nbsp;GB_GeneralAck
<LI><a href="#[1de]">&gt;&gt;</a>&nbsp;&nbsp;&nbsp;ObjRespondToServer
</UL>

<P><STRONG><a name="[e4]"></a>DebugHexMsg</STRONG> (Thumb, 90 bytes, Stack size 0 bytes, app_debug.o(.text), UNUSED)
<BR><BR>[Calls]<UL><LI><a href="#[e0]">&gt;&gt;</a>&nbsp;&nbsp;&nbsp;Debug
<LI><a href="#[94]">&gt;&gt;</a>&nbsp;&nbsp;&nbsp;FeedDog
<LI><a href="#[e5]">&gt;&gt;</a>&nbsp;&nbsp;&nbsp;__2sprintf
</UL>

<P><STRONG><a name="[93]"></a>DebugMsg</STRONG> (Thumb, 128 bytes, Stack size 0 bytes, app_debug.o(.text))
<BR><BR>[Calls]<UL><LI><a href="#[e0]">&gt;&gt;</a>&nbsp;&nbsp;&nbsp;Debug
<LI><a href="#[e6]">&gt;&gt;</a>&nbsp;&nbsp;&nbsp;__c89vsnprintf
</UL>
<BR>[Called By]<UL><LI><a href="#[1f6]">&gt;&gt;</a>&nbsp;&nbsp;&nbsp;ProDataSend
<LI><a href="#[1ec]">&gt;&gt;</a>&nbsp;&nbsp;&nbsp;GPRSDataDeal
<LI><a href="#[1e9]">&gt;&gt;</a>&nbsp;&nbsp;&nbsp;ServerCmdDeal
<LI><a href="#[1a8]">&gt;&gt;</a>&nbsp;&nbsp;&nbsp;ATCmdParse
<LI><a href="#[199]">&gt;&gt;</a>&nbsp;&nbsp;&nbsp;ATCmdSend
<LI><a href="#[193]">&gt;&gt;</a>&nbsp;&nbsp;&nbsp;UpgradeVersionInit
<LI><a href="#[18d]">&gt;&gt;</a>&nbsp;&nbsp;&nbsp;UpdateFileWrite
<LI><a href="#[18a]">&gt;&gt;</a>&nbsp;&nbsp;&nbsp;UpdateFileGet
<LI><a href="#[188]">&gt;&gt;</a>&nbsp;&nbsp;&nbsp;UpgradeSectorErase
<LI><a href="#[182]">&gt;&gt;</a>&nbsp;&nbsp;&nbsp;UpdateFileCrcCheck
<LI><a href="#[17c]">&gt;&gt;</a>&nbsp;&nbsp;&nbsp;rst_data_process
<LI><a href="#[130]">&gt;&gt;</a>&nbsp;&nbsp;&nbsp;FtpInfoInit
<LI><a href="#[12e]">&gt;&gt;</a>&nbsp;&nbsp;&nbsp;UsrCmdQuery
<LI><a href="#[10f]">&gt;&gt;</a>&nbsp;&nbsp;&nbsp;ParaBackRead
<LI><a href="#[109]">&gt;&gt;</a>&nbsp;&nbsp;&nbsp;DevParaDefault
<LI><a href="#[104]">&gt;&gt;</a>&nbsp;&nbsp;&nbsp;_flashWrite
<LI><a href="#[b2]">&gt;&gt;</a>&nbsp;&nbsp;&nbsp;UpgradeTask
<LI><a href="#[b3]">&gt;&gt;</a>&nbsp;&nbsp;&nbsp;Task_ProSend
<LI><a href="#[ae]">&gt;&gt;</a>&nbsp;&nbsp;&nbsp;TaskGC65
<LI><a href="#[ac]">&gt;&gt;</a>&nbsp;&nbsp;&nbsp;SysParaStorage
<LI><a href="#[96]">&gt;&gt;</a>&nbsp;&nbsp;&nbsp;SysParaRead
<LI><a href="#[8b]">&gt;&gt;</a>&nbsp;&nbsp;&nbsp;main
<LI><a href="#[91]">&gt;&gt;</a>&nbsp;&nbsp;&nbsp;SoftWareInit
</UL>

<P><STRONG><a name="[e7]"></a>RS485CfgResp</STRONG> (Thumb, 30 bytes, Stack size 0 bytes, app_debug.o(.text))
<BR><BR>[Calls]<UL><LI><a href="#[e9]">&gt;&gt;</a>&nbsp;&nbsp;&nbsp;ModbusStartSend
<LI><a href="#[e8]">&gt;&gt;</a>&nbsp;&nbsp;&nbsp;__aeabi_memcpy
</UL>
<BR>[Called By]<UL><LI><a href="#[a4]">&gt;&gt;</a>&nbsp;&nbsp;&nbsp;dtuFactoryConfig
</UL>

<P><STRONG><a name="[11f]"></a>JSON_ObjectBegin</STRONG> (Thumb, 8 bytes, Stack size 0 bytes, app_json.o(.text))
<BR><BR>[Called By]<UL><LI><a href="#[1f3]">&gt;&gt;</a>&nbsp;&nbsp;&nbsp;GetVfdOptInfo
<LI><a href="#[1f2]">&gt;&gt;</a>&nbsp;&nbsp;&nbsp;GetHeartData
<LI><a href="#[1f0]">&gt;&gt;</a>&nbsp;&nbsp;&nbsp;GetEventInfo
<LI><a href="#[1ef]">&gt;&gt;</a>&nbsp;&nbsp;&nbsp;GetRegister
<LI><a href="#[1df]">&gt;&gt;</a>&nbsp;&nbsp;&nbsp;ServerDataGetRespond
<LI><a href="#[1dd]">&gt;&gt;</a>&nbsp;&nbsp;&nbsp;GB_GeneralAck
<LI><a href="#[1f4]">&gt;&gt;</a>&nbsp;&nbsp;&nbsp;GetStatusUpData
<LI><a href="#[1de]">&gt;&gt;</a>&nbsp;&nbsp;&nbsp;ObjRespondToServer
<LI><a href="#[11e]">&gt;&gt;</a>&nbsp;&nbsp;&nbsp;GetPltAllPara
</UL>

<P><STRONG><a name="[ea]"></a>JSON_ObjectEnd</STRONG> (Thumb, 38 bytes, Stack size 0 bytes, app_json.o(.text))
<BR><BR>[Calls]<UL><LI><a href="#[e1]">&gt;&gt;</a>&nbsp;&nbsp;&nbsp;strlen
</UL>
<BR>[Called By]<UL><LI><a href="#[1f3]">&gt;&gt;</a>&nbsp;&nbsp;&nbsp;GetVfdOptInfo
<LI><a href="#[1f2]">&gt;&gt;</a>&nbsp;&nbsp;&nbsp;GetHeartData
<LI><a href="#[1f0]">&gt;&gt;</a>&nbsp;&nbsp;&nbsp;GetEventInfo
<LI><a href="#[1ef]">&gt;&gt;</a>&nbsp;&nbsp;&nbsp;GetRegister
<LI><a href="#[1df]">&gt;&gt;</a>&nbsp;&nbsp;&nbsp;ServerDataGetRespond
<LI><a href="#[1dd]">&gt;&gt;</a>&nbsp;&nbsp;&nbsp;GB_GeneralAck
<LI><a href="#[1f4]">&gt;&gt;</a>&nbsp;&nbsp;&nbsp;GetStatusUpData
<LI><a href="#[1de]">&gt;&gt;</a>&nbsp;&nbsp;&nbsp;ObjRespondToServer
<LI><a href="#[11e]">&gt;&gt;</a>&nbsp;&nbsp;&nbsp;GetPltAllPara
</UL>

<P><STRONG><a name="[eb]"></a>JSON_AddrStringDataToObject</STRONG> (Thumb, 28 bytes, Stack size 0 bytes, app_json.o(.text))
<BR><BR>[Calls]<UL><LI><a href="#[e1]">&gt;&gt;</a>&nbsp;&nbsp;&nbsp;strlen
<LI><a href="#[e5]">&gt;&gt;</a>&nbsp;&nbsp;&nbsp;__2sprintf
</UL>
<BR>[Called By]<UL><LI><a href="#[1df]">&gt;&gt;</a>&nbsp;&nbsp;&nbsp;ServerDataGetRespond
<LI><a href="#[11e]">&gt;&gt;</a>&nbsp;&nbsp;&nbsp;GetPltAllPara
</UL>

<P><STRONG><a name="[ec]"></a>JSON_AddrNumberDataToObject</STRONG> (Thumb, 70 bytes, Stack size 0 bytes, app_json.o(.text))
<BR><BR>[Calls]<UL><LI><a href="#[e1]">&gt;&gt;</a>&nbsp;&nbsp;&nbsp;strlen
<LI><a href="#[e5]">&gt;&gt;</a>&nbsp;&nbsp;&nbsp;__2sprintf
</UL>
<BR>[Called By]<UL><LI><a href="#[1f4]">&gt;&gt;</a>&nbsp;&nbsp;&nbsp;GetStatusUpData
<LI><a href="#[11e]">&gt;&gt;</a>&nbsp;&nbsp;&nbsp;GetPltAllPara
<LI><a href="#[11d]">&gt;&gt;</a>&nbsp;&nbsp;&nbsp;GetPlt1SpecPara
</UL>

<P><STRONG><a name="[ed]"></a>JSON_AddrAndDataToObject</STRONG> (Thumb, 278 bytes, Stack size 0 bytes, app_json.o(.text))
<BR><BR>[Calls]<UL><LI><a href="#[ee]">&gt;&gt;</a>&nbsp;&nbsp;&nbsp;__aeabi_ui2f
<LI><a href="#[ef]">&gt;&gt;</a>&nbsp;&nbsp;&nbsp;__aeabi_f2d
<LI><a href="#[f0]">&gt;&gt;</a>&nbsp;&nbsp;&nbsp;__aeabi_ddiv
<LI><a href="#[e1]">&gt;&gt;</a>&nbsp;&nbsp;&nbsp;strlen
<LI><a href="#[e5]">&gt;&gt;</a>&nbsp;&nbsp;&nbsp;__2sprintf
</UL>
<BR>[Called By]<UL><LI><a href="#[1df]">&gt;&gt;</a>&nbsp;&nbsp;&nbsp;ServerDataGetRespond
<LI><a href="#[11d]">&gt;&gt;</a>&nbsp;&nbsp;&nbsp;GetPlt1SpecPara
<LI><a href="#[11c]">&gt;&gt;</a>&nbsp;&nbsp;&nbsp;GetPlt2SpecPara
<LI><a href="#[11b]">&gt;&gt;</a>&nbsp;&nbsp;&nbsp;GetPlt3SpecPara
</UL>

<P><STRONG><a name="[f1]"></a>JSON_FlowDataToObject</STRONG> (Thumb, 224 bytes, Stack size 0 bytes, app_json.o(.text))
<BR><BR>[Calls]<UL><LI><a href="#[f2]">&gt;&gt;</a>&nbsp;&nbsp;&nbsp;Hex2Float
<LI><a href="#[ef]">&gt;&gt;</a>&nbsp;&nbsp;&nbsp;__aeabi_f2d
<LI><a href="#[e1]">&gt;&gt;</a>&nbsp;&nbsp;&nbsp;strlen
<LI><a href="#[e5]">&gt;&gt;</a>&nbsp;&nbsp;&nbsp;__2sprintf
</UL>
<BR>[Called By]<UL><LI><a href="#[1df]">&gt;&gt;</a>&nbsp;&nbsp;&nbsp;ServerDataGetRespond
</UL>

<P><STRONG><a name="[f3]"></a>JSON_MeterDataToObject</STRONG> (Thumb, 486 bytes, Stack size 0 bytes, app_json.o(.text))
<BR><BR>[Calls]<UL><LI><a href="#[ee]">&gt;&gt;</a>&nbsp;&nbsp;&nbsp;__aeabi_ui2f
<LI><a href="#[ef]">&gt;&gt;</a>&nbsp;&nbsp;&nbsp;__aeabi_f2d
<LI><a href="#[f5]">&gt;&gt;</a>&nbsp;&nbsp;&nbsp;__aeabi_dmul
<LI><a href="#[f4]">&gt;&gt;</a>&nbsp;&nbsp;&nbsp;__aeabi_ui2d
<LI><a href="#[f0]">&gt;&gt;</a>&nbsp;&nbsp;&nbsp;__aeabi_ddiv
<LI><a href="#[e1]">&gt;&gt;</a>&nbsp;&nbsp;&nbsp;strlen
<LI><a href="#[e5]">&gt;&gt;</a>&nbsp;&nbsp;&nbsp;__2sprintf
</UL>
<BR>[Called By]<UL><LI><a href="#[1df]">&gt;&gt;</a>&nbsp;&nbsp;&nbsp;ServerDataGetRespond
</UL>

<P><STRONG><a name="[f6]"></a>JSON_EventNoInfToObject</STRONG> (Thumb, 24 bytes, Stack size 0 bytes, app_json.o(.text))
<BR><BR>[Calls]<UL><LI><a href="#[e1]">&gt;&gt;</a>&nbsp;&nbsp;&nbsp;strlen
<LI><a href="#[e5]">&gt;&gt;</a>&nbsp;&nbsp;&nbsp;__2sprintf
</UL>
<BR>[Called By]<UL><LI><a href="#[1f0]">&gt;&gt;</a>&nbsp;&nbsp;&nbsp;GetEventInfo
</UL>

<P><STRONG><a name="[f7]"></a>JSON_EventWithInfToObject</STRONG> (Thumb, 78 bytes, Stack size 0 bytes, app_json.o(.text))
<BR><BR>[Calls]<UL><LI><a href="#[e1]">&gt;&gt;</a>&nbsp;&nbsp;&nbsp;strlen
<LI><a href="#[e5]">&gt;&gt;</a>&nbsp;&nbsp;&nbsp;__2sprintf
</UL>
<BR>[Called By]<UL><LI><a href="#[1f0]">&gt;&gt;</a>&nbsp;&nbsp;&nbsp;GetEventInfo
</UL>

<P><STRONG><a name="[f8]"></a>JSON_NumberValToObject</STRONG> (Thumb, 28 bytes, Stack size 0 bytes, app_json.o(.text))
<BR><BR>[Calls]<UL><LI><a href="#[e1]">&gt;&gt;</a>&nbsp;&nbsp;&nbsp;strlen
<LI><a href="#[e5]">&gt;&gt;</a>&nbsp;&nbsp;&nbsp;__2sprintf
</UL>
<BR>[Called By]<UL><LI><a href="#[1f3]">&gt;&gt;</a>&nbsp;&nbsp;&nbsp;GetVfdOptInfo
<LI><a href="#[1f2]">&gt;&gt;</a>&nbsp;&nbsp;&nbsp;GetHeartData
<LI><a href="#[1f0]">&gt;&gt;</a>&nbsp;&nbsp;&nbsp;GetEventInfo
<LI><a href="#[1ef]">&gt;&gt;</a>&nbsp;&nbsp;&nbsp;GetRegister
<LI><a href="#[1df]">&gt;&gt;</a>&nbsp;&nbsp;&nbsp;ServerDataGetRespond
<LI><a href="#[1dd]">&gt;&gt;</a>&nbsp;&nbsp;&nbsp;GB_GeneralAck
<LI><a href="#[1f4]">&gt;&gt;</a>&nbsp;&nbsp;&nbsp;GetStatusUpData
<LI><a href="#[1de]">&gt;&gt;</a>&nbsp;&nbsp;&nbsp;ObjRespondToServer
<LI><a href="#[11e]">&gt;&gt;</a>&nbsp;&nbsp;&nbsp;GetPltAllPara
</UL>

<P><STRONG><a name="[f9]"></a>JSON_StringValToObject</STRONG> (Thumb, 28 bytes, Stack size 0 bytes, app_json.o(.text))
<BR><BR>[Calls]<UL><LI><a href="#[e1]">&gt;&gt;</a>&nbsp;&nbsp;&nbsp;strlen
<LI><a href="#[e5]">&gt;&gt;</a>&nbsp;&nbsp;&nbsp;__2sprintf
</UL>
<BR>[Called By]<UL><LI><a href="#[120]">&gt;&gt;</a>&nbsp;&nbsp;&nbsp;JSON_RtcTimeGet
</UL>

<P><STRONG><a name="[101]"></a>JSON_Extract</STRONG> (Thumb, 128 bytes, Stack size 0 bytes, app_json.o(.text))
<BR><BR>[Called By]<UL><LI><a href="#[1e9]">&gt;&gt;</a>&nbsp;&nbsp;&nbsp;ServerCmdDeal
<LI><a href="#[1e8]">&gt;&gt;</a>&nbsp;&nbsp;&nbsp;ServerCmd_Head_Deal
<LI><a href="#[100]">&gt;&gt;</a>&nbsp;&nbsp;&nbsp;JSON_ExtractObjNode
</UL>

<P><STRONG><a name="[fa]"></a>JSON_IsObjectBegin</STRONG> (Thumb, 40 bytes, Stack size 0 bytes, app_json.o(.text))
<BR><BR>[Calls]<UL><LI><a href="#[e1]">&gt;&gt;</a>&nbsp;&nbsp;&nbsp;strlen
</UL>
<BR>[Called By]<UL><LI><a href="#[1e8]">&gt;&gt;</a>&nbsp;&nbsp;&nbsp;ServerCmd_Head_Deal
</UL>

<P><STRONG><a name="[fb]"></a>JSON_ArrayExtract</STRONG> (Thumb, 188 bytes, Stack size 0 bytes, app_json.o(.text))
<BR><BR>[Calls]<UL><LI><a href="#[fc]">&gt;&gt;</a>&nbsp;&nbsp;&nbsp;strncmp
<LI><a href="#[e1]">&gt;&gt;</a>&nbsp;&nbsp;&nbsp;strlen
</UL>
<BR>[Called By]<UL><LI><a href="#[1e9]">&gt;&gt;</a>&nbsp;&nbsp;&nbsp;ServerCmdDeal
<LI><a href="#[fd]">&gt;&gt;</a>&nbsp;&nbsp;&nbsp;JSON_AddrListExtract
</UL>

<P><STRONG><a name="[fd]"></a>JSON_AddrListExtract</STRONG> (Thumb, 70 bytes, Stack size 0 bytes, app_json.o(.text))
<BR><BR>[Calls]<UL><LI><a href="#[ff]">&gt;&gt;</a>&nbsp;&nbsp;&nbsp;my_atoi
<LI><a href="#[fb]">&gt;&gt;</a>&nbsp;&nbsp;&nbsp;JSON_ArrayExtract
<LI><a href="#[fe]">&gt;&gt;</a>&nbsp;&nbsp;&nbsp;strcpy
</UL>
<BR>[Called By]<UL><LI><a href="#[1e9]">&gt;&gt;</a>&nbsp;&nbsp;&nbsp;ServerCmdDeal
</UL>

<P><STRONG><a name="[100]"></a>JSON_ExtractObjNode</STRONG> (Thumb, 310 bytes, Stack size 0 bytes, app_json.o(.text))
<BR><BR>[Calls]<UL><LI><a href="#[101]">&gt;&gt;</a>&nbsp;&nbsp;&nbsp;JSON_Extract
</UL>
<BR>[Called By]<UL><LI><a href="#[1e9]">&gt;&gt;</a>&nbsp;&nbsp;&nbsp;ServerCmdDeal
</UL>

<P><STRONG><a name="[1af]"></a>LedOnSet</STRONG> (Thumb, 42 bytes, Stack size 0 bytes, app_led.o(.text))
<BR><BR>[Called By]<UL><LI><a href="#[1ac]">&gt;&gt;</a>&nbsp;&nbsp;&nbsp;HaveDataSend
<LI><a href="#[9f]">&gt;&gt;</a>&nbsp;&nbsp;&nbsp;Task_ProDeal
</UL>

<P><STRONG><a name="[b0]"></a>SysComLed</STRONG> (Thumb, 128 bytes, Stack size 0 bytes, app_led.o(.text))
<BR><BR>[Calls]<UL><LI><a href="#[102]">&gt;&gt;</a>&nbsp;&nbsp;&nbsp;isGprsCon
<LI><a href="#[b6]">&gt;&gt;</a>&nbsp;&nbsp;&nbsp;GPIO_SetBits
<LI><a href="#[b7]">&gt;&gt;</a>&nbsp;&nbsp;&nbsp;GPIO_ResetBits
</UL>
<BR>[Called By]<UL><LI><a href="#[8b]">&gt;&gt;</a>&nbsp;&nbsp;&nbsp;main
</UL>

<P><STRONG><a name="[b1]"></a>Rs485ComLed</STRONG> (Thumb, 46 bytes, Stack size 0 bytes, app_led.o(.text))
<BR><BR>[Calls]<UL><LI><a href="#[103]">&gt;&gt;</a>&nbsp;&nbsp;&nbsp;Led_Indicate
<LI><a href="#[b7]">&gt;&gt;</a>&nbsp;&nbsp;&nbsp;GPIO_ResetBits
</UL>
<BR>[Called By]<UL><LI><a href="#[8b]">&gt;&gt;</a>&nbsp;&nbsp;&nbsp;main
</UL>

<P><STRONG><a name="[17e]"></a>Led_Indicate_Init</STRONG> (Thumb, 74 bytes, Stack size 0 bytes, app_led.o(.text))
<BR><BR>[Called By]<UL><LI><a href="#[9b]">&gt;&gt;</a>&nbsp;&nbsp;&nbsp;MultFunInit
</UL>

<P><STRONG><a name="[104]"></a>_flashWrite</STRONG> (Thumb, 80 bytes, Stack size 0 bytes, app_para.o(.text))
<BR><BR>[Calls]<UL><LI><a href="#[105]">&gt;&gt;</a>&nbsp;&nbsp;&nbsp;FLASH_Unlock
<LI><a href="#[107]">&gt;&gt;</a>&nbsp;&nbsp;&nbsp;FLASH_ProgramWord
<LI><a href="#[108]">&gt;&gt;</a>&nbsp;&nbsp;&nbsp;FLASH_Lock
<LI><a href="#[106]">&gt;&gt;</a>&nbsp;&nbsp;&nbsp;FLASH_ClearFlag
<LI><a href="#[93]">&gt;&gt;</a>&nbsp;&nbsp;&nbsp;DebugMsg
</UL>
<BR>[Called By]<UL><LI><a href="#[10d]">&gt;&gt;</a>&nbsp;&nbsp;&nbsp;DevParaWrite
</UL>

<P><STRONG><a name="[10b]"></a>_flashRead</STRONG> (Thumb, 52 bytes, Stack size 0 bytes, app_para.o(.text))
<BR><BR>[Called By]<UL><LI><a href="#[10f]">&gt;&gt;</a>&nbsp;&nbsp;&nbsp;ParaBackRead
<LI><a href="#[10a]">&gt;&gt;</a>&nbsp;&nbsp;&nbsp;DevParaRead
</UL>

<P><STRONG><a name="[109]"></a>DevParaDefault</STRONG> (Thumb, 282 bytes, Stack size 0 bytes, app_para.o(.text))
<BR><BR>[Calls]<UL><LI><a href="#[93]">&gt;&gt;</a>&nbsp;&nbsp;&nbsp;DebugMsg
<LI><a href="#[df]">&gt;&gt;</a>&nbsp;&nbsp;&nbsp;__aeabi_memclr
<LI><a href="#[e8]">&gt;&gt;</a>&nbsp;&nbsp;&nbsp;__aeabi_memcpy
<LI><a href="#[fe]">&gt;&gt;</a>&nbsp;&nbsp;&nbsp;strcpy
</UL>
<BR>[Called By]<UL><LI><a href="#[96]">&gt;&gt;</a>&nbsp;&nbsp;&nbsp;SysParaRead
</UL>

<P><STRONG><a name="[96]"></a>SysParaRead</STRONG> (Thumb, 164 bytes, Stack size 0 bytes, app_para.o(.text))
<BR><BR>[Calls]<UL><LI><a href="#[109]">&gt;&gt;</a>&nbsp;&nbsp;&nbsp;DevParaDefault
<LI><a href="#[10a]">&gt;&gt;</a>&nbsp;&nbsp;&nbsp;DevParaRead
<LI><a href="#[93]">&gt;&gt;</a>&nbsp;&nbsp;&nbsp;DebugMsg
</UL>
<BR>[Called By]<UL><LI><a href="#[91]">&gt;&gt;</a>&nbsp;&nbsp;&nbsp;SoftWareInit
</UL>

<P><STRONG><a name="[10d]"></a>DevParaWrite</STRONG> (Thumb, 442 bytes, Stack size 0 bytes, app_para.o(.text))
<BR><BR>[Calls]<UL><LI><a href="#[10c]">&gt;&gt;</a>&nbsp;&nbsp;&nbsp;CRC16_1
<LI><a href="#[104]">&gt;&gt;</a>&nbsp;&nbsp;&nbsp;_flashWrite
<LI><a href="#[10e]">&gt;&gt;</a>&nbsp;&nbsp;&nbsp;_flashErase
</UL>
<BR>[Called By]<UL><LI><a href="#[ac]">&gt;&gt;</a>&nbsp;&nbsp;&nbsp;SysParaStorage
</UL>

<P><STRONG><a name="[10f]"></a>ParaBackRead</STRONG> (Thumb, 150 bytes, Stack size 0 bytes, app_para.o(.text), UNUSED)
<BR><BR>[Calls]<UL><LI><a href="#[10b]">&gt;&gt;</a>&nbsp;&nbsp;&nbsp;_flashRead
<LI><a href="#[93]">&gt;&gt;</a>&nbsp;&nbsp;&nbsp;DebugMsg
<LI><a href="#[e8]">&gt;&gt;</a>&nbsp;&nbsp;&nbsp;__aeabi_memcpy
<LI><a href="#[110]">&gt;&gt;</a>&nbsp;&nbsp;&nbsp;memcmp
</UL>

<P><STRONG><a name="[ac]"></a>SysParaStorage</STRONG> (Thumb, 142 bytes, Stack size 0 bytes, app_para.o(.text))
<BR><BR>[Calls]<UL><LI><a href="#[111]">&gt;&gt;</a>&nbsp;&nbsp;&nbsp;IsReg
<LI><a href="#[10d]">&gt;&gt;</a>&nbsp;&nbsp;&nbsp;DevParaWrite
<LI><a href="#[93]">&gt;&gt;</a>&nbsp;&nbsp;&nbsp;DebugMsg
</UL>
<BR>[Called By]<UL><LI><a href="#[1e9]">&gt;&gt;</a>&nbsp;&nbsp;&nbsp;ServerCmdDeal
<LI><a href="#[8b]">&gt;&gt;</a>&nbsp;&nbsp;&nbsp;main
</UL>

<P><STRONG><a name="[95]"></a>SysVarInit</STRONG> (Thumb, 24 bytes, Stack size 0 bytes, app_para.o(.text))
<BR><BR>[Called By]<UL><LI><a href="#[91]">&gt;&gt;</a>&nbsp;&nbsp;&nbsp;SoftWareInit
</UL>

<P><STRONG><a name="[115]"></a>FieldValOffset</STRONG> (Thumb, 22 bytes, Stack size 0 bytes, app_para.o(.text))
<BR><BR>[Called By]<UL><LI><a href="#[1e4]">&gt;&gt;</a>&nbsp;&nbsp;&nbsp;ServerParaSet
<LI><a href="#[114]">&gt;&gt;</a>&nbsp;&nbsp;&nbsp;SysVarRead
</UL>

<P><STRONG><a name="[112]"></a>SpecAddrRead</STRONG> (Thumb, 212 bytes, Stack size 0 bytes, app_para.o(.text))
<BR><BR>[Calls]<UL><LI><a href="#[113]">&gt;&gt;</a>&nbsp;&nbsp;&nbsp;GetMultLoc
<LI><a href="#[e8]">&gt;&gt;</a>&nbsp;&nbsp;&nbsp;__aeabi_memcpy
</UL>
<BR>[Called By]<UL><LI><a href="#[11e]">&gt;&gt;</a>&nbsp;&nbsp;&nbsp;GetPltAllPara
<LI><a href="#[114]">&gt;&gt;</a>&nbsp;&nbsp;&nbsp;SysVarRead
</UL>

<P><STRONG><a name="[114]"></a>SysVarRead</STRONG> (Thumb, 574 bytes, Stack size 0 bytes, app_para.o(.text))
<BR><BR>[Calls]<UL><LI><a href="#[116]">&gt;&gt;</a>&nbsp;&nbsp;&nbsp;XYMeterVarRead
<LI><a href="#[119]">&gt;&gt;</a>&nbsp;&nbsp;&nbsp;PltMam6080OtherVarRead
<LI><a href="#[118]">&gt;&gt;</a>&nbsp;&nbsp;&nbsp;Plt3SysVarRead
<LI><a href="#[117]">&gt;&gt;</a>&nbsp;&nbsp;&nbsp;Plt1SysVarRead
<LI><a href="#[112]">&gt;&gt;</a>&nbsp;&nbsp;&nbsp;SpecAddrRead
<LI><a href="#[115]">&gt;&gt;</a>&nbsp;&nbsp;&nbsp;FieldValOffset
<LI><a href="#[e8]">&gt;&gt;</a>&nbsp;&nbsp;&nbsp;__aeabi_memcpy
</UL>
<BR>[Called By]<UL><LI><a href="#[1df]">&gt;&gt;</a>&nbsp;&nbsp;&nbsp;ServerDataGetRespond
<LI><a href="#[11e]">&gt;&gt;</a>&nbsp;&nbsp;&nbsp;GetPltAllPara
</UL>

<P><STRONG><a name="[143]"></a>GetPltReadAddr</STRONG> (Thumb, 98 bytes, Stack size 0 bytes, app_plt.o(.text))
<BR><BR>[Called By]<UL><LI><a href="#[142]">&gt;&gt;</a>&nbsp;&nbsp;&nbsp;PltParaWrite
<LI><a href="#[a8]">&gt;&gt;</a>&nbsp;&nbsp;&nbsp;Task_VfdComm
</UL>

<P><STRONG><a name="[14d]"></a>GetMeterReadAddr</STRONG> (Thumb, 28 bytes, Stack size 0 bytes, app_plt.o(.text))
<BR><BR>[Called By]<UL><LI><a href="#[a9]">&gt;&gt;</a>&nbsp;&nbsp;&nbsp;Task_MeterComm
</UL>

<P><STRONG><a name="[150]"></a>GetMeter2ReadAddr</STRONG> (Thumb, 28 bytes, Stack size 0 bytes, app_plt.o(.text))
<BR><BR>[Called By]<UL><LI><a href="#[aa]">&gt;&gt;</a>&nbsp;&nbsp;&nbsp;Task_Meter2Comm
</UL>

<P><STRONG><a name="[11b]"></a>GetPlt3SpecPara</STRONG> (Thumb, 148 bytes, Stack size 0 bytes, app_plt.o(.text))
<BR><BR>[Calls]<UL><LI><a href="#[ed]">&gt;&gt;</a>&nbsp;&nbsp;&nbsp;JSON_AddrAndDataToObject
</UL>
<BR>[Called By]<UL><LI><a href="#[1f4]">&gt;&gt;</a>&nbsp;&nbsp;&nbsp;GetStatusUpData
</UL>

<P><STRONG><a name="[11c]"></a>GetPlt2SpecPara</STRONG> (Thumb, 244 bytes, Stack size 0 bytes, app_plt.o(.text))
<BR><BR>[Calls]<UL><LI><a href="#[ed]">&gt;&gt;</a>&nbsp;&nbsp;&nbsp;JSON_AddrAndDataToObject
</UL>
<BR>[Called By]<UL><LI><a href="#[1f4]">&gt;&gt;</a>&nbsp;&nbsp;&nbsp;GetStatusUpData
</UL>

<P><STRONG><a name="[11d]"></a>GetPlt1SpecPara</STRONG> (Thumb, 226 bytes, Stack size 0 bytes, app_plt.o(.text))
<BR><BR>[Calls]<UL><LI><a href="#[ed]">&gt;&gt;</a>&nbsp;&nbsp;&nbsp;JSON_AddrAndDataToObject
<LI><a href="#[ec]">&gt;&gt;</a>&nbsp;&nbsp;&nbsp;JSON_AddrNumberDataToObject
</UL>
<BR>[Called By]<UL><LI><a href="#[1f4]">&gt;&gt;</a>&nbsp;&nbsp;&nbsp;GetStatusUpData
</UL>

<P><STRONG><a name="[11e]"></a>GetPltAllPara</STRONG> (Thumb, 374 bytes, Stack size 0 bytes, app_plt.o(.text))
<BR><BR>[Calls]<UL><LI><a href="#[120]">&gt;&gt;</a>&nbsp;&nbsp;&nbsp;JSON_RtcTimeGet
<LI><a href="#[121]">&gt;&gt;</a>&nbsp;&nbsp;&nbsp;DevTwoByteToWord
<LI><a href="#[114]">&gt;&gt;</a>&nbsp;&nbsp;&nbsp;SysVarRead
<LI><a href="#[112]">&gt;&gt;</a>&nbsp;&nbsp;&nbsp;SpecAddrRead
<LI><a href="#[f8]">&gt;&gt;</a>&nbsp;&nbsp;&nbsp;JSON_NumberValToObject
<LI><a href="#[ec]">&gt;&gt;</a>&nbsp;&nbsp;&nbsp;JSON_AddrNumberDataToObject
<LI><a href="#[eb]">&gt;&gt;</a>&nbsp;&nbsp;&nbsp;JSON_AddrStringDataToObject
<LI><a href="#[ea]">&gt;&gt;</a>&nbsp;&nbsp;&nbsp;JSON_ObjectEnd
<LI><a href="#[11f]">&gt;&gt;</a>&nbsp;&nbsp;&nbsp;JSON_ObjectBegin
<LI><a href="#[df]">&gt;&gt;</a>&nbsp;&nbsp;&nbsp;__aeabi_memclr
<LI><a href="#[e1]">&gt;&gt;</a>&nbsp;&nbsp;&nbsp;strlen
</UL>
<BR>[Called By]<UL><LI><a href="#[b3]">&gt;&gt;</a>&nbsp;&nbsp;&nbsp;Task_ProSend
</UL>

<P><STRONG><a name="[117]"></a>Plt1SysVarRead</STRONG> (Thumb, 58 bytes, Stack size 0 bytes, app_plt.o(.text))
<BR><BR>[Called By]<UL><LI><a href="#[114]">&gt;&gt;</a>&nbsp;&nbsp;&nbsp;SysVarRead
</UL>

<P><STRONG><a name="[118]"></a>Plt3SysVarRead</STRONG> (Thumb, 1056 bytes, Stack size 0 bytes, app_plt.o(.text))
<BR><BR>[Called By]<UL><LI><a href="#[114]">&gt;&gt;</a>&nbsp;&nbsp;&nbsp;SysVarRead
</UL>

<P><STRONG><a name="[119]"></a>PltMam6080OtherVarRead</STRONG> (Thumb, 1280 bytes, Stack size 0 bytes, app_plt.o(.text))
<BR><BR>[Called By]<UL><LI><a href="#[114]">&gt;&gt;</a>&nbsp;&nbsp;&nbsp;SysVarRead
</UL>

<P><STRONG><a name="[123]"></a>PltMam6080OtherDataPrase</STRONG> (Thumb, 846 bytes, Stack size 0 bytes, app_plt.o(.text))
<BR><BR>[Called By]<UL><LI><a href="#[122]">&gt;&gt;</a>&nbsp;&nbsp;&nbsp;PltDevDataPrase
</UL>

<P><STRONG><a name="[126]"></a>Plt_Fault_Deal</STRONG> (Thumb, 122 bytes, Stack size 0 bytes, app_plt.o(.text))
<BR><BR>[Called By]<UL><LI><a href="#[122]">&gt;&gt;</a>&nbsp;&nbsp;&nbsp;PltDevDataPrase
</UL>

<P><STRONG><a name="[125]"></a>Plt_RunStata_Deal</STRONG> (Thumb, 94 bytes, Stack size 0 bytes, app_plt.o(.text))
<BR><BR>[Called By]<UL><LI><a href="#[122]">&gt;&gt;</a>&nbsp;&nbsp;&nbsp;PltDevDataPrase
</UL>

<P><STRONG><a name="[122]"></a>PltDevDataPrase</STRONG> (Thumb, 1780 bytes, Stack size 0 bytes, app_plt.o(.text))
<BR><BR>[Calls]<UL><LI><a href="#[124]">&gt;&gt;</a>&nbsp;&nbsp;&nbsp;my_itoa
<LI><a href="#[125]">&gt;&gt;</a>&nbsp;&nbsp;&nbsp;Plt_RunStata_Deal
<LI><a href="#[126]">&gt;&gt;</a>&nbsp;&nbsp;&nbsp;Plt_Fault_Deal
<LI><a href="#[123]">&gt;&gt;</a>&nbsp;&nbsp;&nbsp;PltMam6080OtherDataPrase
</UL>
<BR>[Called By]<UL><LI><a href="#[127]">&gt;&gt;</a>&nbsp;&nbsp;&nbsp;PltSysVarWriter
<LI><a href="#[a0]">&gt;&gt;</a>&nbsp;&nbsp;&nbsp;Task_VfdDeal
</UL>

<P><STRONG><a name="[12b]"></a>Server_Writer_Data_Buf</STRONG> (Thumb, 78 bytes, Stack size 0 bytes, app_plt.o(.text))
<BR><BR>[Called By]<UL><LI><a href="#[127]">&gt;&gt;</a>&nbsp;&nbsp;&nbsp;PltSysVarWriter
</UL>

<P><STRONG><a name="[127]"></a>PltSysVarWriter</STRONG> (Thumb, 228 bytes, Stack size 0 bytes, app_plt.o(.text))
<BR><BR>[Calls]<UL><LI><a href="#[128]">&gt;&gt;</a>&nbsp;&nbsp;&nbsp;my_atof
<LI><a href="#[12b]">&gt;&gt;</a>&nbsp;&nbsp;&nbsp;Server_Writer_Data_Buf
<LI><a href="#[122]">&gt;&gt;</a>&nbsp;&nbsp;&nbsp;PltDevDataPrase
<LI><a href="#[ff]">&gt;&gt;</a>&nbsp;&nbsp;&nbsp;my_atoi
<LI><a href="#[f5]">&gt;&gt;</a>&nbsp;&nbsp;&nbsp;__aeabi_dmul
<LI><a href="#[12a]">&gt;&gt;</a>&nbsp;&nbsp;&nbsp;__aeabi_d2uiz
<LI><a href="#[129]">&gt;&gt;</a>&nbsp;&nbsp;&nbsp;__aeabi_dadd
</UL>
<BR>[Called By]<UL><LI><a href="#[1e4]">&gt;&gt;</a>&nbsp;&nbsp;&nbsp;ServerParaSet
</UL>

<P><STRONG><a name="[116]"></a>XYMeterVarRead</STRONG> (Thumb, 402 bytes, Stack size 0 bytes, app_plt.o(.text))
<BR><BR>[Called By]<UL><LI><a href="#[114]">&gt;&gt;</a>&nbsp;&nbsp;&nbsp;SysVarRead
</UL>

<P><STRONG><a name="[152]"></a>PltDevMan860DataPrase</STRONG> (Thumb, 590 bytes, Stack size 0 bytes, app_plt.o(.text))
<BR><BR>[Called By]<UL><LI><a href="#[a0]">&gt;&gt;</a>&nbsp;&nbsp;&nbsp;Task_VfdDeal
</UL>

<P><STRONG><a name="[12c]"></a>XYDevDataDeal</STRONG> (Thumb, 272 bytes, Stack size 0 bytes, app_plt.o(.text))
<BR><BR>[Calls]<UL><LI><a href="#[e8]">&gt;&gt;</a>&nbsp;&nbsp;&nbsp;__aeabi_memcpy
</UL>
<BR>[Called By]<UL><LI><a href="#[a1]">&gt;&gt;</a>&nbsp;&nbsp;&nbsp;Task_MeterDeal
<LI><a href="#[a2]">&gt;&gt;</a>&nbsp;&nbsp;&nbsp;Task_Meter2Deal
</UL>

<P><STRONG><a name="[145]"></a>Server_Writer_Data_SendBuf</STRONG> (Thumb, 66 bytes, Stack size 0 bytes, app_plt.o(.text))
<BR><BR>[Called By]<UL><LI><a href="#[142]">&gt;&gt;</a>&nbsp;&nbsp;&nbsp;PltParaWrite
</UL>

<P><STRONG><a name="[12d]"></a>UsrCmdSet</STRONG> (Thumb, 82 bytes, Stack size 0 bytes, app_usrcmd.o(.text))
<BR><BR>[Calls]<UL><LI><a href="#[ff]">&gt;&gt;</a>&nbsp;&nbsp;&nbsp;my_atoi
<LI><a href="#[e1]">&gt;&gt;</a>&nbsp;&nbsp;&nbsp;strlen
<LI><a href="#[fe]">&gt;&gt;</a>&nbsp;&nbsp;&nbsp;strcpy
</UL>
<BR>[Called By]<UL><LI><a href="#[a7]">&gt;&gt;</a>&nbsp;&nbsp;&nbsp;UsrCmdParse
</UL>

<P><STRONG><a name="[12e]"></a>UsrCmdQuery</STRONG> (Thumb, 182 bytes, Stack size 0 bytes, app_usrcmd.o(.text))
<BR><BR>[Calls]<UL><LI><a href="#[102]">&gt;&gt;</a>&nbsp;&nbsp;&nbsp;isGprsCon
<LI><a href="#[ff]">&gt;&gt;</a>&nbsp;&nbsp;&nbsp;my_atoi
<LI><a href="#[93]">&gt;&gt;</a>&nbsp;&nbsp;&nbsp;DebugMsg
</UL>
<BR>[Called By]<UL><LI><a href="#[a7]">&gt;&gt;</a>&nbsp;&nbsp;&nbsp;UsrCmdParse
</UL>

<P><STRONG><a name="[12f]"></a>DebugFtpTest</STRONG> (Thumb, 10 bytes, Stack size 0 bytes, app_usrcmd.o(.text))
<BR><BR>[Calls]<UL><LI><a href="#[130]">&gt;&gt;</a>&nbsp;&nbsp;&nbsp;FtpInfoInit
</UL>
<BR>[Called By]<UL><LI><a href="#[131]">&gt;&gt;</a>&nbsp;&nbsp;&nbsp;UsrCmdCtrl
</UL>

<P><STRONG><a name="[131]"></a>UsrCmdCtrl</STRONG> (Thumb, 48 bytes, Stack size 0 bytes, app_usrcmd.o(.text))
<BR><BR>[Calls]<UL><LI><a href="#[132]">&gt;&gt;</a>&nbsp;&nbsp;&nbsp;RebootDelay
<LI><a href="#[12f]">&gt;&gt;</a>&nbsp;&nbsp;&nbsp;DebugFtpTest
<LI><a href="#[ff]">&gt;&gt;</a>&nbsp;&nbsp;&nbsp;my_atoi
</UL>
<BR>[Called By]<UL><LI><a href="#[a7]">&gt;&gt;</a>&nbsp;&nbsp;&nbsp;UsrCmdParse
</UL>

<P><STRONG><a name="[133]"></a>UsrCmdTest</STRONG> (Thumb, 26 bytes, Stack size 0 bytes, app_usrcmd.o(.text))
<BR><BR>[Calls]<UL><LI><a href="#[ff]">&gt;&gt;</a>&nbsp;&nbsp;&nbsp;my_atoi
</UL>
<BR>[Called By]<UL><LI><a href="#[a7]">&gt;&gt;</a>&nbsp;&nbsp;&nbsp;UsrCmdParse
</UL>

<P><STRONG><a name="[134]"></a>UsrCmdDebug</STRONG> (Thumb, 114 bytes, Stack size 0 bytes, app_usrcmd.o(.text))
<BR><BR>[Calls]<UL><LI><a href="#[ff]">&gt;&gt;</a>&nbsp;&nbsp;&nbsp;my_atoi
<LI><a href="#[a6]">&gt;&gt;</a>&nbsp;&nbsp;&nbsp;Task_VfdInit
</UL>
<BR>[Called By]<UL><LI><a href="#[a7]">&gt;&gt;</a>&nbsp;&nbsp;&nbsp;UsrCmdParse
</UL>

<P><STRONG><a name="[a7]"></a>UsrCmdParse</STRONG> (Thumb, 284 bytes, Stack size 0 bytes, app_usrcmd.o(.text))
<BR><BR>[Calls]<UL><LI><a href="#[136]">&gt;&gt;</a>&nbsp;&nbsp;&nbsp;stricmp
<LI><a href="#[134]">&gt;&gt;</a>&nbsp;&nbsp;&nbsp;UsrCmdDebug
<LI><a href="#[133]">&gt;&gt;</a>&nbsp;&nbsp;&nbsp;UsrCmdTest
<LI><a href="#[131]">&gt;&gt;</a>&nbsp;&nbsp;&nbsp;UsrCmdCtrl
<LI><a href="#[12e]">&gt;&gt;</a>&nbsp;&nbsp;&nbsp;UsrCmdQuery
<LI><a href="#[12d]">&gt;&gt;</a>&nbsp;&nbsp;&nbsp;UsrCmdSet
<LI><a href="#[135]">&gt;&gt;</a>&nbsp;&nbsp;&nbsp;strtok
<LI><a href="#[e5]">&gt;&gt;</a>&nbsp;&nbsp;&nbsp;__2sprintf
</UL>
<BR>[Called By]<UL><LI><a href="#[8b]">&gt;&gt;</a>&nbsp;&nbsp;&nbsp;main
</UL>

<P><STRONG><a name="[9]"></a>RS4850_ChgToSnd</STRONG> (Thumb, 58 bytes, Stack size 0 bytes, app_vfd.o(.text))
<BR><BR>[Calls]<UL><LI><a href="#[137]">&gt;&gt;</a>&nbsp;&nbsp;&nbsp;USART_ClearFlag
<LI><a href="#[c2]">&gt;&gt;</a>&nbsp;&nbsp;&nbsp;USART_ITConfig
<LI><a href="#[b7]">&gt;&gt;</a>&nbsp;&nbsp;&nbsp;GPIO_ResetBits
</UL>
<BR>[Address Reference Count : 1]<UL><LI> app_vfd.o(.data)
</UL>
<P><STRONG><a name="[a]"></a>RS4850_ChgToRcv</STRONG> (Thumb, 26 bytes, Stack size 0 bytes, app_vfd.o(.text))
<BR><BR>[Calls]<UL><LI><a href="#[b6]">&gt;&gt;</a>&nbsp;&nbsp;&nbsp;GPIO_SetBits
</UL>
<BR>[Address Reference Count : 1]<UL><LI> app_vfd.o(.data)
</UL>
<P><STRONG><a name="[b]"></a>RS4851_ChgToSnd</STRONG> (Thumb, 56 bytes, Stack size 0 bytes, app_vfd.o(.text))
<BR><BR>[Calls]<UL><LI><a href="#[137]">&gt;&gt;</a>&nbsp;&nbsp;&nbsp;USART_ClearFlag
<LI><a href="#[c2]">&gt;&gt;</a>&nbsp;&nbsp;&nbsp;USART_ITConfig
<LI><a href="#[b7]">&gt;&gt;</a>&nbsp;&nbsp;&nbsp;GPIO_ResetBits
</UL>
<BR>[Address Reference Count : 1]<UL><LI> app_vfd.o(.data)
</UL>
<P><STRONG><a name="[c]"></a>RS4851_ChgToRcv</STRONG> (Thumb, 26 bytes, Stack size 0 bytes, app_vfd.o(.text))
<BR><BR>[Calls]<UL><LI><a href="#[b6]">&gt;&gt;</a>&nbsp;&nbsp;&nbsp;GPIO_SetBits
</UL>
<BR>[Address Reference Count : 1]<UL><LI> app_vfd.o(.data)
</UL>
<P><STRONG><a name="[d]"></a>RS4852_ChgToSnd</STRONG> (Thumb, 58 bytes, Stack size 0 bytes, app_vfd.o(.text))
<BR><BR>[Calls]<UL><LI><a href="#[137]">&gt;&gt;</a>&nbsp;&nbsp;&nbsp;USART_ClearFlag
<LI><a href="#[c2]">&gt;&gt;</a>&nbsp;&nbsp;&nbsp;USART_ITConfig
<LI><a href="#[b7]">&gt;&gt;</a>&nbsp;&nbsp;&nbsp;GPIO_ResetBits
</UL>
<BR>[Address Reference Count : 1]<UL><LI> app_vfd.o(.data)
</UL>
<P><STRONG><a name="[e]"></a>RS4852_ChgToRcv</STRONG> (Thumb, 26 bytes, Stack size 0 bytes, app_vfd.o(.text))
<BR><BR>[Calls]<UL><LI><a href="#[b6]">&gt;&gt;</a>&nbsp;&nbsp;&nbsp;GPIO_SetBits
</UL>
<BR>[Address Reference Count : 1]<UL><LI> app_vfd.o(.data)
</UL>
<P><STRONG><a name="[138]"></a>ModbusAddrInit</STRONG> (Thumb, 34 bytes, Stack size 0 bytes, app_vfd.o(.text))
<BR><BR>[Calls]<UL><LI><a href="#[139]">&gt;&gt;</a>&nbsp;&nbsp;&nbsp;__aeabi_memclr4
</UL>
<BR>[Called By]<UL><LI><a href="#[a6]">&gt;&gt;</a>&nbsp;&nbsp;&nbsp;Task_VfdInit
<LI><a href="#[9d]">&gt;&gt;</a>&nbsp;&nbsp;&nbsp;Task_MeterInit
<LI><a href="#[9e]">&gt;&gt;</a>&nbsp;&nbsp;&nbsp;Task_Meter2Init
<LI><a href="#[9c]">&gt;&gt;</a>&nbsp;&nbsp;&nbsp;RS485ComInit
</UL>

<P><STRONG><a name="[156]"></a>ModbusFunInit</STRONG> (Thumb, 6 bytes, Stack size 0 bytes, app_vfd.o(.text))
<BR><BR>[Called By]<UL><LI><a href="#[a6]">&gt;&gt;</a>&nbsp;&nbsp;&nbsp;Task_VfdInit
<LI><a href="#[9d]">&gt;&gt;</a>&nbsp;&nbsp;&nbsp;Task_MeterInit
<LI><a href="#[9e]">&gt;&gt;</a>&nbsp;&nbsp;&nbsp;Task_Meter2Init
<LI><a href="#[9c]">&gt;&gt;</a>&nbsp;&nbsp;&nbsp;RS485ComInit
</UL>

<P><STRONG><a name="[153]"></a>ModbusRcvTimeOut</STRONG> (Thumb, 46 bytes, Stack size 0 bytes, app_vfd.o(.text))
<BR><BR>[Called By]<UL><LI><a href="#[a0]">&gt;&gt;</a>&nbsp;&nbsp;&nbsp;Task_VfdDeal
<LI><a href="#[a1]">&gt;&gt;</a>&nbsp;&nbsp;&nbsp;Task_MeterDeal
<LI><a href="#[a2]">&gt;&gt;</a>&nbsp;&nbsp;&nbsp;Task_Meter2Deal
</UL>

<P><STRONG><a name="[151]"></a>ModbusRcvFinish</STRONG> (Thumb, 46 bytes, Stack size 0 bytes, app_vfd.o(.text))
<BR><BR>[Called By]<UL><LI><a href="#[a0]">&gt;&gt;</a>&nbsp;&nbsp;&nbsp;Task_VfdDeal
<LI><a href="#[a1]">&gt;&gt;</a>&nbsp;&nbsp;&nbsp;Task_MeterDeal
<LI><a href="#[a2]">&gt;&gt;</a>&nbsp;&nbsp;&nbsp;Task_Meter2Deal
</UL>

<P><STRONG><a name="[16a]"></a>ModbusUartIsr</STRONG> (Thumb, 66 bytes, Stack size 0 bytes, app_vfd.o(.text))
<BR><BR>[Called By]<UL><LI><a href="#[4d]">&gt;&gt;</a>&nbsp;&nbsp;&nbsp;UART4_IRQHandler
<LI><a href="#[40]">&gt;&gt;</a>&nbsp;&nbsp;&nbsp;USART3_IRQHandler
<LI><a href="#[3e]">&gt;&gt;</a>&nbsp;&nbsp;&nbsp;USART1_IRQHandler
</UL>

<P><STRONG><a name="[13a]"></a>ModbusSendNextChar</STRONG> (Thumb, 68 bytes, Stack size 0 bytes, app_vfd.o(.text))
<BR><BR>[Calls]<UL><LI><a href="#[e2]">&gt;&gt;</a>&nbsp;&nbsp;&nbsp;UartSendData
</UL>
<BR>[Called By]<UL><LI><a href="#[4d]">&gt;&gt;</a>&nbsp;&nbsp;&nbsp;UART4_IRQHandler
<LI><a href="#[40]">&gt;&gt;</a>&nbsp;&nbsp;&nbsp;USART3_IRQHandler
<LI><a href="#[3e]">&gt;&gt;</a>&nbsp;&nbsp;&nbsp;USART1_IRQHandler
</UL>

<P><STRONG><a name="[13b]"></a>ModbusRcvCrcChk</STRONG> (Thumb, 42 bytes, Stack size 0 bytes, app_vfd.o(.text))
<BR><BR>[Calls]<UL><LI><a href="#[10c]">&gt;&gt;</a>&nbsp;&nbsp;&nbsp;CRC16_1
</UL>
<BR>[Called By]<UL><LI><a href="#[a0]">&gt;&gt;</a>&nbsp;&nbsp;&nbsp;Task_VfdDeal
<LI><a href="#[a1]">&gt;&gt;</a>&nbsp;&nbsp;&nbsp;Task_MeterDeal
<LI><a href="#[a2]">&gt;&gt;</a>&nbsp;&nbsp;&nbsp;Task_Meter2Deal
</UL>

<P><STRONG><a name="[13c]"></a>VfdWriteRegPacket</STRONG> (Thumb, 46 bytes, Stack size 0 bytes, app_vfd.o(.text))
<BR><BR>[Calls]<UL><LI><a href="#[10c]">&gt;&gt;</a>&nbsp;&nbsp;&nbsp;CRC16_1
</UL>
<BR>[Called By]<UL><LI><a href="#[142]">&gt;&gt;</a>&nbsp;&nbsp;&nbsp;PltParaWrite
<LI><a href="#[a8]">&gt;&gt;</a>&nbsp;&nbsp;&nbsp;Task_VfdComm
</UL>

<P><STRONG><a name="[13d]"></a>VfdReadRegPacket</STRONG> (Thumb, 46 bytes, Stack size 0 bytes, app_vfd.o(.text))
<BR><BR>[Calls]<UL><LI><a href="#[10c]">&gt;&gt;</a>&nbsp;&nbsp;&nbsp;CRC16_1
</UL>
<BR>[Called By]<UL><LI><a href="#[142]">&gt;&gt;</a>&nbsp;&nbsp;&nbsp;PltParaWrite
<LI><a href="#[a8]">&gt;&gt;</a>&nbsp;&nbsp;&nbsp;Task_VfdComm
<LI><a href="#[a9]">&gt;&gt;</a>&nbsp;&nbsp;&nbsp;Task_MeterComm
<LI><a href="#[aa]">&gt;&gt;</a>&nbsp;&nbsp;&nbsp;Task_Meter2Comm
</UL>

<P><STRONG><a name="[13e]"></a>VfdWriteMoreRegPacket</STRONG> (Thumb, 94 bytes, Stack size 0 bytes, app_vfd.o(.text))
<BR><BR>[Calls]<UL><LI><a href="#[10c]">&gt;&gt;</a>&nbsp;&nbsp;&nbsp;CRC16_1
</UL>
<BR>[Called By]<UL><LI><a href="#[a8]">&gt;&gt;</a>&nbsp;&nbsp;&nbsp;Task_VfdComm
<LI><a href="#[a9]">&gt;&gt;</a>&nbsp;&nbsp;&nbsp;Task_MeterComm
</UL>

<P><STRONG><a name="[13f]"></a>VfdCtrlInit</STRONG> (Thumb, 26 bytes, Stack size 0 bytes, app_vfd.o(.text))
<BR><BR>[Calls]<UL><LI><a href="#[139]">&gt;&gt;</a>&nbsp;&nbsp;&nbsp;__aeabi_memclr4
</UL>
<BR>[Called By]<UL><LI><a href="#[a6]">&gt;&gt;</a>&nbsp;&nbsp;&nbsp;Task_VfdInit
</UL>

<P><STRONG><a name="[144]"></a>VfdWaitResp</STRONG> (Thumb, 8 bytes, Stack size 0 bytes, app_vfd.o(.text))
<BR><BR>[Called By]<UL><LI><a href="#[142]">&gt;&gt;</a>&nbsp;&nbsp;&nbsp;PltParaWrite
<LI><a href="#[a8]">&gt;&gt;</a>&nbsp;&nbsp;&nbsp;Task_VfdComm
</UL>

<P><STRONG><a name="[14b]"></a>MeterWaitResp</STRONG> (Thumb, 10 bytes, Stack size 0 bytes, app_vfd.o(.text))
<BR><BR>[Called By]<UL><LI><a href="#[a9]">&gt;&gt;</a>&nbsp;&nbsp;&nbsp;Task_MeterComm
<LI><a href="#[aa]">&gt;&gt;</a>&nbsp;&nbsp;&nbsp;Task_Meter2Comm
</UL>

<P><STRONG><a name="[147]"></a>VfdClrTimeOut</STRONG> (Thumb, 14 bytes, Stack size 0 bytes, app_vfd.o(.text))
<BR><BR>[Called By]<UL><LI><a href="#[142]">&gt;&gt;</a>&nbsp;&nbsp;&nbsp;PltParaWrite
<LI><a href="#[a8]">&gt;&gt;</a>&nbsp;&nbsp;&nbsp;Task_VfdComm
</UL>

<P><STRONG><a name="[14c]"></a>MeterClrTimeOut</STRONG> (Thumb, 14 bytes, Stack size 0 bytes, app_vfd.o(.text))
<BR><BR>[Called By]<UL><LI><a href="#[a9]">&gt;&gt;</a>&nbsp;&nbsp;&nbsp;Task_MeterComm
</UL>

<P><STRONG><a name="[14f]"></a>Meter2ClrTimeOut</STRONG> (Thumb, 14 bytes, Stack size 0 bytes, app_vfd.o(.text))
<BR><BR>[Called By]<UL><LI><a href="#[aa]">&gt;&gt;</a>&nbsp;&nbsp;&nbsp;Task_Meter2Comm
</UL>

<P><STRONG><a name="[157]"></a>SetMeterReadIndex</STRONG> (Thumb, 30 bytes, Stack size 0 bytes, app_vfd.o(.text))
<BR><BR>[Called By]<UL><LI><a href="#[1e9]">&gt;&gt;</a>&nbsp;&nbsp;&nbsp;ServerCmdDeal
<LI><a href="#[9d]">&gt;&gt;</a>&nbsp;&nbsp;&nbsp;Task_MeterInit
</UL>

<P><STRONG><a name="[14a]"></a>ReadIndexChg</STRONG> (Thumb, 148 bytes, Stack size 0 bytes, app_vfd.o(.text))
<BR><BR>[Called By]<UL><LI><a href="#[a8]">&gt;&gt;</a>&nbsp;&nbsp;&nbsp;Task_VfdComm
</UL>

<P><STRONG><a name="[140]"></a>ModbusDelay</STRONG> (Thumb, 14 bytes, Stack size 0 bytes, app_vfd.o(.text))
<BR><BR>[Called By]<UL><LI><a href="#[e9]">&gt;&gt;</a>&nbsp;&nbsp;&nbsp;ModbusStartSend
</UL>

<P><STRONG><a name="[e9]"></a>ModbusStartSend</STRONG> (Thumb, 52 bytes, Stack size 0 bytes, app_vfd.o(.text))
<BR><BR>[Calls]<UL><LI><a href="#[141]">&gt;&gt;</a>&nbsp;&nbsp;&nbsp;UartIntSendData
<LI><a href="#[140]">&gt;&gt;</a>&nbsp;&nbsp;&nbsp;ModbusDelay
</UL>
<BR>[Called By]<UL><LI><a href="#[142]">&gt;&gt;</a>&nbsp;&nbsp;&nbsp;PltParaWrite
<LI><a href="#[e7]">&gt;&gt;</a>&nbsp;&nbsp;&nbsp;RS485CfgResp
<LI><a href="#[a8]">&gt;&gt;</a>&nbsp;&nbsp;&nbsp;Task_VfdComm
<LI><a href="#[a9]">&gt;&gt;</a>&nbsp;&nbsp;&nbsp;Task_MeterComm
<LI><a href="#[aa]">&gt;&gt;</a>&nbsp;&nbsp;&nbsp;Task_Meter2Comm
</UL>

<P><STRONG><a name="[148]"></a>Rs485ComOptResultAlarm</STRONG> (Thumb, 152 bytes, Stack size 0 bytes, app_vfd.o(.text))
<BR><BR>[Called By]<UL><LI><a href="#[142]">&gt;&gt;</a>&nbsp;&nbsp;&nbsp;PltParaWrite
<LI><a href="#[a8]">&gt;&gt;</a>&nbsp;&nbsp;&nbsp;Task_VfdComm
<LI><a href="#[a9]">&gt;&gt;</a>&nbsp;&nbsp;&nbsp;Task_MeterComm
</UL>

<P><STRONG><a name="[149]"></a>SetRemoteOptResult</STRONG> (Thumb, 30 bytes, Stack size 0 bytes, app_vfd.o(.text))
<BR><BR>[Called By]<UL><LI><a href="#[142]">&gt;&gt;</a>&nbsp;&nbsp;&nbsp;PltParaWrite
<LI><a href="#[a8]">&gt;&gt;</a>&nbsp;&nbsp;&nbsp;Task_VfdComm
</UL>

<P><STRONG><a name="[146]"></a>VfdSetWhoUse</STRONG> (Thumb, 48 bytes, Stack size 0 bytes, app_vfd.o(.text))
<BR><BR>[Called By]<UL><LI><a href="#[142]">&gt;&gt;</a>&nbsp;&nbsp;&nbsp;PltParaWrite
<LI><a href="#[a8]">&gt;&gt;</a>&nbsp;&nbsp;&nbsp;Task_VfdComm
</UL>

<P><STRONG><a name="[142]"></a>PltParaWrite</STRONG> (Thumb, 454 bytes, Stack size 0 bytes, app_vfd.o(.text))
<BR><BR>[Calls]<UL><LI><a href="#[146]">&gt;&gt;</a>&nbsp;&nbsp;&nbsp;VfdSetWhoUse
<LI><a href="#[149]">&gt;&gt;</a>&nbsp;&nbsp;&nbsp;SetRemoteOptResult
<LI><a href="#[148]">&gt;&gt;</a>&nbsp;&nbsp;&nbsp;Rs485ComOptResultAlarm
<LI><a href="#[147]">&gt;&gt;</a>&nbsp;&nbsp;&nbsp;VfdClrTimeOut
<LI><a href="#[144]">&gt;&gt;</a>&nbsp;&nbsp;&nbsp;VfdWaitResp
<LI><a href="#[13d]">&gt;&gt;</a>&nbsp;&nbsp;&nbsp;VfdReadRegPacket
<LI><a href="#[13c]">&gt;&gt;</a>&nbsp;&nbsp;&nbsp;VfdWriteRegPacket
<LI><a href="#[145]">&gt;&gt;</a>&nbsp;&nbsp;&nbsp;Server_Writer_Data_SendBuf
<LI><a href="#[143]">&gt;&gt;</a>&nbsp;&nbsp;&nbsp;GetPltReadAddr
<LI><a href="#[e9]">&gt;&gt;</a>&nbsp;&nbsp;&nbsp;ModbusStartSend
</UL>
<BR>[Called By]<UL><LI><a href="#[a8]">&gt;&gt;</a>&nbsp;&nbsp;&nbsp;Task_VfdComm
</UL>

<P><STRONG><a name="[a8]"></a>Task_VfdComm</STRONG> (Thumb, 636 bytes, Stack size 0 bytes, app_vfd.o(.text))
<BR><BR>[Calls]<UL><LI><a href="#[142]">&gt;&gt;</a>&nbsp;&nbsp;&nbsp;PltParaWrite
<LI><a href="#[146]">&gt;&gt;</a>&nbsp;&nbsp;&nbsp;VfdSetWhoUse
<LI><a href="#[149]">&gt;&gt;</a>&nbsp;&nbsp;&nbsp;SetRemoteOptResult
<LI><a href="#[148]">&gt;&gt;</a>&nbsp;&nbsp;&nbsp;Rs485ComOptResultAlarm
<LI><a href="#[14a]">&gt;&gt;</a>&nbsp;&nbsp;&nbsp;ReadIndexChg
<LI><a href="#[147]">&gt;&gt;</a>&nbsp;&nbsp;&nbsp;VfdClrTimeOut
<LI><a href="#[144]">&gt;&gt;</a>&nbsp;&nbsp;&nbsp;VfdWaitResp
<LI><a href="#[13e]">&gt;&gt;</a>&nbsp;&nbsp;&nbsp;VfdWriteMoreRegPacket
<LI><a href="#[13d]">&gt;&gt;</a>&nbsp;&nbsp;&nbsp;VfdReadRegPacket
<LI><a href="#[13c]">&gt;&gt;</a>&nbsp;&nbsp;&nbsp;VfdWriteRegPacket
<LI><a href="#[143]">&gt;&gt;</a>&nbsp;&nbsp;&nbsp;GetPltReadAddr
<LI><a href="#[e9]">&gt;&gt;</a>&nbsp;&nbsp;&nbsp;ModbusStartSend
</UL>
<BR>[Called By]<UL><LI><a href="#[8b]">&gt;&gt;</a>&nbsp;&nbsp;&nbsp;main
</UL>

<P><STRONG><a name="[a9]"></a>Task_MeterComm</STRONG> (Thumb, 374 bytes, Stack size 0 bytes, app_vfd.o(.text))
<BR><BR>[Calls]<UL><LI><a href="#[148]">&gt;&gt;</a>&nbsp;&nbsp;&nbsp;Rs485ComOptResultAlarm
<LI><a href="#[14c]">&gt;&gt;</a>&nbsp;&nbsp;&nbsp;MeterClrTimeOut
<LI><a href="#[14b]">&gt;&gt;</a>&nbsp;&nbsp;&nbsp;MeterWaitResp
<LI><a href="#[13e]">&gt;&gt;</a>&nbsp;&nbsp;&nbsp;VfdWriteMoreRegPacket
<LI><a href="#[13d]">&gt;&gt;</a>&nbsp;&nbsp;&nbsp;VfdReadRegPacket
<LI><a href="#[14e]">&gt;&gt;</a>&nbsp;&nbsp;&nbsp;MeterReadIndexChg
<LI><a href="#[14d]">&gt;&gt;</a>&nbsp;&nbsp;&nbsp;GetMeterReadAddr
<LI><a href="#[e9]">&gt;&gt;</a>&nbsp;&nbsp;&nbsp;ModbusStartSend
</UL>
<BR>[Called By]<UL><LI><a href="#[8b]">&gt;&gt;</a>&nbsp;&nbsp;&nbsp;main
</UL>

<P><STRONG><a name="[aa]"></a>Task_Meter2Comm</STRONG> (Thumb, 298 bytes, Stack size 0 bytes, app_vfd.o(.text))
<BR><BR>[Calls]<UL><LI><a href="#[14f]">&gt;&gt;</a>&nbsp;&nbsp;&nbsp;Meter2ClrTimeOut
<LI><a href="#[14b]">&gt;&gt;</a>&nbsp;&nbsp;&nbsp;MeterWaitResp
<LI><a href="#[13d]">&gt;&gt;</a>&nbsp;&nbsp;&nbsp;VfdReadRegPacket
<LI><a href="#[150]">&gt;&gt;</a>&nbsp;&nbsp;&nbsp;GetMeter2ReadAddr
<LI><a href="#[e9]">&gt;&gt;</a>&nbsp;&nbsp;&nbsp;ModbusStartSend
</UL>
<BR>[Called By]<UL><LI><a href="#[8b]">&gt;&gt;</a>&nbsp;&nbsp;&nbsp;main
</UL>

<P><STRONG><a name="[a0]"></a>Task_VfdDeal</STRONG> (Thumb, 404 bytes, Stack size 0 bytes, app_vfd.o(.text))
<BR><BR>[Calls]<UL><LI><a href="#[13b]">&gt;&gt;</a>&nbsp;&nbsp;&nbsp;ModbusRcvCrcChk
<LI><a href="#[151]">&gt;&gt;</a>&nbsp;&nbsp;&nbsp;ModbusRcvFinish
<LI><a href="#[153]">&gt;&gt;</a>&nbsp;&nbsp;&nbsp;ModbusRcvTimeOut
<LI><a href="#[152]">&gt;&gt;</a>&nbsp;&nbsp;&nbsp;PltDevMan860DataPrase
<LI><a href="#[122]">&gt;&gt;</a>&nbsp;&nbsp;&nbsp;PltDevDataPrase
</UL>
<BR>[Called By]<UL><LI><a href="#[8b]">&gt;&gt;</a>&nbsp;&nbsp;&nbsp;main
</UL>

<P><STRONG><a name="[a1]"></a>Task_MeterDeal</STRONG> (Thumb, 238 bytes, Stack size 0 bytes, app_vfd.o(.text))
<BR><BR>[Calls]<UL><LI><a href="#[13b]">&gt;&gt;</a>&nbsp;&nbsp;&nbsp;ModbusRcvCrcChk
<LI><a href="#[151]">&gt;&gt;</a>&nbsp;&nbsp;&nbsp;ModbusRcvFinish
<LI><a href="#[153]">&gt;&gt;</a>&nbsp;&nbsp;&nbsp;ModbusRcvTimeOut
<LI><a href="#[12c]">&gt;&gt;</a>&nbsp;&nbsp;&nbsp;XYDevDataDeal
<LI><a href="#[e8]">&gt;&gt;</a>&nbsp;&nbsp;&nbsp;__aeabi_memcpy
</UL>
<BR>[Called By]<UL><LI><a href="#[8b]">&gt;&gt;</a>&nbsp;&nbsp;&nbsp;main
</UL>

<P><STRONG><a name="[154]"></a>DriveCan_sendData</STRONG> (Thumb, 64 bytes, Stack size 0 bytes, app_vfd.o(.text))
<BR><BR>[Calls]<UL><LI><a href="#[155]">&gt;&gt;</a>&nbsp;&nbsp;&nbsp;CAN_Transmit
</UL>
<BR>[Called By]<UL><LI><a href="#[a2]">&gt;&gt;</a>&nbsp;&nbsp;&nbsp;Task_Meter2Deal
</UL>

<P><STRONG><a name="[a2]"></a>Task_Meter2Deal</STRONG> (Thumb, 266 bytes, Stack size 0 bytes, app_vfd.o(.text))
<BR><BR>[Calls]<UL><LI><a href="#[154]">&gt;&gt;</a>&nbsp;&nbsp;&nbsp;DriveCan_sendData
<LI><a href="#[13b]">&gt;&gt;</a>&nbsp;&nbsp;&nbsp;ModbusRcvCrcChk
<LI><a href="#[151]">&gt;&gt;</a>&nbsp;&nbsp;&nbsp;ModbusRcvFinish
<LI><a href="#[153]">&gt;&gt;</a>&nbsp;&nbsp;&nbsp;ModbusRcvTimeOut
<LI><a href="#[12c]">&gt;&gt;</a>&nbsp;&nbsp;&nbsp;XYDevDataDeal
<LI><a href="#[e8]">&gt;&gt;</a>&nbsp;&nbsp;&nbsp;__aeabi_memcpy
</UL>
<BR>[Called By]<UL><LI><a href="#[8b]">&gt;&gt;</a>&nbsp;&nbsp;&nbsp;main
</UL>

<P><STRONG><a name="[9c]"></a>RS485ComInit</STRONG> (Thumb, 44 bytes, Stack size 0 bytes, app_vfd.o(.text))
<BR><BR>[Calls]<UL><LI><a href="#[156]">&gt;&gt;</a>&nbsp;&nbsp;&nbsp;ModbusFunInit
<LI><a href="#[138]">&gt;&gt;</a>&nbsp;&nbsp;&nbsp;ModbusAddrInit
</UL>
<BR>[Called By]<UL><LI><a href="#[8b]">&gt;&gt;</a>&nbsp;&nbsp;&nbsp;main
</UL>

<P><STRONG><a name="[a6]"></a>Task_VfdInit</STRONG> (Thumb, 64 bytes, Stack size 0 bytes, app_vfd.o(.text))
<BR><BR>[Calls]<UL><LI><a href="#[13f]">&gt;&gt;</a>&nbsp;&nbsp;&nbsp;VfdCtrlInit
<LI><a href="#[156]">&gt;&gt;</a>&nbsp;&nbsp;&nbsp;ModbusFunInit
<LI><a href="#[138]">&gt;&gt;</a>&nbsp;&nbsp;&nbsp;ModbusAddrInit
<LI><a href="#[d5]">&gt;&gt;</a>&nbsp;&nbsp;&nbsp;Init485Uart
</UL>
<BR>[Called By]<UL><LI><a href="#[134]">&gt;&gt;</a>&nbsp;&nbsp;&nbsp;UsrCmdDebug
<LI><a href="#[ad]">&gt;&gt;</a>&nbsp;&nbsp;&nbsp;Task_MultFun_1s
<LI><a href="#[8b]">&gt;&gt;</a>&nbsp;&nbsp;&nbsp;main
</UL>

<P><STRONG><a name="[9d]"></a>Task_MeterInit</STRONG> (Thumb, 58 bytes, Stack size 0 bytes, app_vfd.o(.text))
<BR><BR>[Calls]<UL><LI><a href="#[157]">&gt;&gt;</a>&nbsp;&nbsp;&nbsp;SetMeterReadIndex
<LI><a href="#[156]">&gt;&gt;</a>&nbsp;&nbsp;&nbsp;ModbusFunInit
<LI><a href="#[138]">&gt;&gt;</a>&nbsp;&nbsp;&nbsp;ModbusAddrInit
<LI><a href="#[c1]">&gt;&gt;</a>&nbsp;&nbsp;&nbsp;InitUart
</UL>
<BR>[Called By]<UL><LI><a href="#[8b]">&gt;&gt;</a>&nbsp;&nbsp;&nbsp;main
</UL>

<P><STRONG><a name="[9e]"></a>Task_Meter2Init</STRONG> (Thumb, 54 bytes, Stack size 0 bytes, app_vfd.o(.text))
<BR><BR>[Calls]<UL><LI><a href="#[156]">&gt;&gt;</a>&nbsp;&nbsp;&nbsp;ModbusFunInit
<LI><a href="#[138]">&gt;&gt;</a>&nbsp;&nbsp;&nbsp;ModbusAddrInit
<LI><a href="#[c1]">&gt;&gt;</a>&nbsp;&nbsp;&nbsp;InitUart
</UL>
<BR>[Called By]<UL><LI><a href="#[8b]">&gt;&gt;</a>&nbsp;&nbsp;&nbsp;main
</UL>

<P><STRONG><a name="[1e7]"></a>Vfd_Meter_Write_Data</STRONG> (Thumb, 32 bytes, Stack size 0 bytes, app_vfd.o(.text))
<BR><BR>[Called By]<UL><LI><a href="#[1e4]">&gt;&gt;</a>&nbsp;&nbsp;&nbsp;ServerParaSet
</UL>

<P><STRONG><a name="[170]"></a>CanBus_ISR_Rx</STRONG> (Thumb, 34 bytes, Stack size 0 bytes, app_vfd.o(.text))
<BR><BR>[Called By]<UL><LI><a href="#[2d]">&gt;&gt;</a>&nbsp;&nbsp;&nbsp;USB_LP_CAN1_RX0_IRQHandler
</UL>

<P><STRONG><a name="[158]"></a>CharConvert</STRONG> (Thumb, 14 bytes, Stack size 0 bytes, comm.o(.text))
<BR><BR>[Called By]<UL><LI><a href="#[159]">&gt;&gt;</a>&nbsp;&nbsp;&nbsp;memicmp
<LI><a href="#[136]">&gt;&gt;</a>&nbsp;&nbsp;&nbsp;stricmp
</UL>

<P><STRONG><a name="[136]"></a>stricmp</STRONG> (Thumb, 52 bytes, Stack size 0 bytes, comm.o(.text))
<BR><BR>[Calls]<UL><LI><a href="#[158]">&gt;&gt;</a>&nbsp;&nbsp;&nbsp;CharConvert
</UL>
<BR>[Called By]<UL><LI><a href="#[1e4]">&gt;&gt;</a>&nbsp;&nbsp;&nbsp;ServerParaSet
<LI><a href="#[a7]">&gt;&gt;</a>&nbsp;&nbsp;&nbsp;UsrCmdParse
</UL>

<P><STRONG><a name="[159]"></a>memicmp</STRONG> (Thumb, 66 bytes, Stack size 0 bytes, comm.o(.text), UNUSED)
<BR><BR>[Calls]<UL><LI><a href="#[158]">&gt;&gt;</a>&nbsp;&nbsp;&nbsp;CharConvert
</UL>
<BR>[Called By]<UL><LI><a href="#[15a]">&gt;&gt;</a>&nbsp;&nbsp;&nbsp;StringiCmp
</UL>

<P><STRONG><a name="[15a]"></a>StringiCmp</STRONG> (Thumb, 44 bytes, Stack size 0 bytes, comm.o(.text), UNUSED)
<BR><BR>[Calls]<UL><LI><a href="#[159]">&gt;&gt;</a>&nbsp;&nbsp;&nbsp;memicmp
<LI><a href="#[e1]">&gt;&gt;</a>&nbsp;&nbsp;&nbsp;strlen
</UL>

<P><STRONG><a name="[1e5]"></a>IsNumber</STRONG> (Thumb, 28 bytes, Stack size 0 bytes, comm.o(.text))
<BR><BR>[Called By]<UL><LI><a href="#[1e4]">&gt;&gt;</a>&nbsp;&nbsp;&nbsp;ServerParaSet
</UL>

<P><STRONG><a name="[15b]"></a>IsIp</STRONG> (Thumb, 80 bytes, Stack size 0 bytes, comm.o(.text))
<BR><BR>[Calls]<UL><LI><a href="#[e1]">&gt;&gt;</a>&nbsp;&nbsp;&nbsp;strlen
</UL>
<BR>[Called By]<UL><LI><a href="#[1a8]">&gt;&gt;</a>&nbsp;&nbsp;&nbsp;ATCmdParse
<LI><a href="#[ae]">&gt;&gt;</a>&nbsp;&nbsp;&nbsp;TaskGC65
</UL>

<P><STRONG><a name="[15d]"></a>ASCIIToHex</STRONG> (Thumb, 42 bytes, Stack size 0 bytes, comm.o(.text))
<BR><BR>[Called By]<UL><LI><a href="#[15c]">&gt;&gt;</a>&nbsp;&nbsp;&nbsp;StringToHex
</UL>

<P><STRONG><a name="[15c]"></a>StringToHex</STRONG> (Thumb, 148 bytes, Stack size 0 bytes, comm.o(.text))
<BR><BR>[Calls]<UL><LI><a href="#[15d]">&gt;&gt;</a>&nbsp;&nbsp;&nbsp;ASCIIToHex
</UL>
<BR>[Called By]<UL><LI><a href="#[193]">&gt;&gt;</a>&nbsp;&nbsp;&nbsp;UpgradeVersionInit
<LI><a href="#[130]">&gt;&gt;</a>&nbsp;&nbsp;&nbsp;FtpInfoInit
<LI><a href="#[113]">&gt;&gt;</a>&nbsp;&nbsp;&nbsp;GetMultLoc
<LI><a href="#[ab]">&gt;&gt;</a>&nbsp;&nbsp;&nbsp;DevStatToSystem
</UL>

<P><STRONG><a name="[15e]"></a>StrtokAfter</STRONG> (Thumb, 60 bytes, Stack size 0 bytes, comm.o(.text), UNUSED)
<BR><BR>[Calls]<UL><LI><a href="#[e1]">&gt;&gt;</a>&nbsp;&nbsp;&nbsp;strlen
<LI><a href="#[110]">&gt;&gt;</a>&nbsp;&nbsp;&nbsp;memcmp
</UL>

<P><STRONG><a name="[15f]"></a>StrtokBefore</STRONG> (Thumb, 56 bytes, Stack size 0 bytes, comm.o(.text), UNUSED)
<BR><BR>[Calls]<UL><LI><a href="#[e1]">&gt;&gt;</a>&nbsp;&nbsp;&nbsp;strlen
<LI><a href="#[110]">&gt;&gt;</a>&nbsp;&nbsp;&nbsp;memcmp
</UL>

<P><STRONG><a name="[10c]"></a>CRC16_1</STRONG> (Thumb, 38 bytes, Stack size 0 bytes, comm.o(.text))
<BR><BR>[Called By]<UL><LI><a href="#[13e]">&gt;&gt;</a>&nbsp;&nbsp;&nbsp;VfdWriteMoreRegPacket
<LI><a href="#[13d]">&gt;&gt;</a>&nbsp;&nbsp;&nbsp;VfdReadRegPacket
<LI><a href="#[13c]">&gt;&gt;</a>&nbsp;&nbsp;&nbsp;VfdWriteRegPacket
<LI><a href="#[13b]">&gt;&gt;</a>&nbsp;&nbsp;&nbsp;ModbusRcvCrcChk
<LI><a href="#[10d]">&gt;&gt;</a>&nbsp;&nbsp;&nbsp;DevParaWrite
<LI><a href="#[10a]">&gt;&gt;</a>&nbsp;&nbsp;&nbsp;DevParaRead
</UL>

<P><STRONG><a name="[1da]"></a>WordToBuf</STRONG> (Thumb, 10 bytes, Stack size 0 bytes, comm.o(.text))
<BR><BR>[Called By]<UL><LI><a href="#[1f5]">&gt;&gt;</a>&nbsp;&nbsp;&nbsp;GetUpdateData
<LI><a href="#[1dc]">&gt;&gt;</a>&nbsp;&nbsp;&nbsp;AckPacket
<LI><a href="#[1d9]">&gt;&gt;</a>&nbsp;&nbsp;&nbsp;Packet
</UL>

<P><STRONG><a name="[1ed]"></a>NetTwoByteToWord</STRONG> (Thumb, 6 bytes, Stack size 0 bytes, comm.o(.text))
<BR><BR>[Called By]<UL><LI><a href="#[1ec]">&gt;&gt;</a>&nbsp;&nbsp;&nbsp;GPRSDataDeal
</UL>

<P><STRONG><a name="[121]"></a>DevTwoByteToWord</STRONG> (Thumb, 4 bytes, Stack size 0 bytes, comm.o(.text))
<BR><BR>[Called By]<UL><LI><a href="#[1df]">&gt;&gt;</a>&nbsp;&nbsp;&nbsp;ServerDataGetRespond
<LI><a href="#[11e]">&gt;&gt;</a>&nbsp;&nbsp;&nbsp;GetPltAllPara
</UL>

<P><STRONG><a name="[1ee]"></a>NetFourByteToDWord</STRONG> (Thumb, 14 bytes, Stack size 0 bytes, comm.o(.text))
<BR><BR>[Called By]<UL><LI><a href="#[1ec]">&gt;&gt;</a>&nbsp;&nbsp;&nbsp;GPRSDataDeal
</UL>

<P><STRONG><a name="[1e0]"></a>DevFourByteToDWord</STRONG> (Thumb, 12 bytes, Stack size 0 bytes, comm.o(.text))
<BR><BR>[Called By]<UL><LI><a href="#[1df]">&gt;&gt;</a>&nbsp;&nbsp;&nbsp;ServerDataGetRespond
</UL>

<P><STRONG><a name="[1e3]"></a>BufExchange</STRONG> (Thumb, 22 bytes, Stack size 0 bytes, comm.o(.text))
[...]
</UL>
<BR>[Called By]<UL><LI><a href="#[182]">&gt;&gt;</a>&nbsp;&nbsp;&nbsp;UpdateFileCrcCheck
</UL>

<P><STRONG><a name="[187]"></a>SPIFlashWrite</STRONG> (Thumb, 30 bytes, Stack size 0 bytes, spiflash.o(i.SPIFlashWrite))
<BR><BR>[Calls]<UL><LI><a href="#[238]">&gt;&gt;</a>&nbsp;&nbsp;&nbsp;FlashBufferWrite
<LI><a href="#[240]">&gt;&gt;</a>&nbsp;&nbsp;&nbsp;FlashLockPost
<LI><a href="#[23e]">&gt;&gt;</a>&nbsp;&nbsp;&nbsp;FlashLockPend
</UL>
<BR>[Called By]<UL><LI><a href="#[18d]">&gt;&gt;</a>&nbsp;&nbsp;&nbsp;UpdateFileWrite
<LI><a href="#[186]">&gt;&gt;</a>&nbsp;&nbsp;&nbsp;SysAppInfUpdate
</UL>

<P><STRONG><a name="[246]"></a>SST25V_DBSY</STRONG> (Thumb, 24 bytes, Stack size 0 bytes, spiflashdev.o(i.SST25V_DBSY))
<BR><BR>[Calls]<UL><LI><a href="#[1d3]">&gt;&gt;</a>&nbsp;&nbsp;&nbsp;FlashSPISend
<LI><a href="#[1cf]">&gt;&gt;</a>&nbsp;&nbsp;&nbsp;FlashSelect
</UL>
<BR>[Called By]<UL><LI><a href="#[dc]">&gt;&gt;</a>&nbsp;&nbsp;&nbsp;SPIFlashInit
</UL>

<P><STRONG><a name="[244]"></a>SST25V_EnableWriteStatusRegister</STRONG> (Thumb, 24 bytes, Stack size 0 bytes, spiflashdev.o(i.SST25V_EnableWriteStatusRegister))
<BR><BR>[Calls]<UL><LI><a href="#[1d3]">&gt;&gt;</a>&nbsp;&nbsp;&nbsp;FlashSPISend
<LI><a href="#[1cf]">&gt;&gt;</a>&nbsp;&nbsp;&nbsp;FlashSelect
</UL>
<BR>[Called By]<UL><LI><a href="#[245]">&gt;&gt;</a>&nbsp;&nbsp;&nbsp;SST25V_WriteStatusRegister
<LI><a href="#[dc]">&gt;&gt;</a>&nbsp;&nbsp;&nbsp;SPIFlashInit
</UL>

<P><STRONG><a name="[245]"></a>SST25V_WriteStatusRegister</STRONG> (Thumb, 36 bytes, Stack size 0 bytes, spiflashdev.o(i.SST25V_WriteStatusRegister))
<BR><BR>[Calls]<UL><LI><a href="#[244]">&gt;&gt;</a>&nbsp;&nbsp;&nbsp;SST25V_EnableWriteStatusRegister
<LI><a href="#[1d3]">&gt;&gt;</a>&nbsp;&nbsp;&nbsp;FlashSPISend
<LI><a href="#[1cf]">&gt;&gt;</a>&nbsp;&nbsp;&nbsp;FlashSelect
</UL>
<BR>[Called By]<UL><LI><a href="#[dc]">&gt;&gt;</a>&nbsp;&nbsp;&nbsp;SPIFlashInit
</UL>

<P><STRONG><a name="[21f]"></a>__ARM_fpclassify</STRONG> (Thumb, 40 bytes, Stack size 0 bytes, fpclassify.o(i.__ARM_fpclassify))
<BR><BR>[Called By]<UL><LI><a href="#[21e]">&gt;&gt;</a>&nbsp;&nbsp;&nbsp;_printf_fp_dec_real
</UL>

<P><STRONG><a name="[209]"></a>_is_digit</STRONG> (Thumb, 14 bytes, Stack size 0 bytes, __printf_wp.o(i._is_digit))
<BR><BR>[Called By]<UL><LI><a href="#[208]">&gt;&gt;</a>&nbsp;&nbsp;&nbsp;__printf
</UL>

<P><STRONG><a name="[85]"></a>_get_lc_numeric</STRONG> (Thumb, 44 bytes, Stack size 0 bytes, lc_numeric_c.o(locale$$code))
<BR><BR>[Calls]<UL><LI><a href="#[194]">&gt;&gt;</a>&nbsp;&nbsp;&nbsp;strcmp
</UL>
<BR>[Called By]<UL><LI><a href="#[84]">&gt;&gt;</a>&nbsp;&nbsp;&nbsp;__rt_lib_init_lc_numeric_2
</UL>

<P><STRONG><a name="[5a]"></a>_get_lc_ctype</STRONG> (Thumb, 44 bytes, Stack size 0 bytes, lc_ctype_c.o(locale$$code))
<BR><BR>[Calls]<UL><LI><a href="#[194]">&gt;&gt;</a>&nbsp;&nbsp;&nbsp;strcmp
</UL>
<BR>[Called By]<UL><LI><a href="#[83]">&gt;&gt;</a>&nbsp;&nbsp;&nbsp;__rt_lib_init_lc_ctype_2
</UL>
<BR>[Address Reference Count : 1]<UL><LI> rt_ctype_table.o(.text)
</UL>
<P><STRONG><a name="[129]"></a>__aeabi_dadd</STRONG> (Thumb, 0 bytes, Stack size 0 bytes, daddsub_clz.o(x$fpl$dadd))
<BR><BR>[Called By]<UL><LI><a href="#[128]">&gt;&gt;</a>&nbsp;&nbsp;&nbsp;my_atof
<LI><a href="#[127]">&gt;&gt;</a>&nbsp;&nbsp;&nbsp;PltSysVarWriter
</UL>

<P><STRONG><a name="[247]"></a>_dadd</STRONG> (Thumb, 332 bytes, Stack size 0 bytes, daddsub_clz.o(x$fpl$dadd), UNUSED)
<BR><BR>[Calls]<UL><LI><a href="#[249]">&gt;&gt;</a>&nbsp;&nbsp;&nbsp;__fpl_dretinf
<LI><a href="#[24a]">&gt;&gt;</a>&nbsp;&nbsp;&nbsp;__fpl_dnaninf
<LI><a href="#[248]">&gt;&gt;</a>&nbsp;&nbsp;&nbsp;_dsub1
</UL>

<P><STRONG><a name="[f0]"></a>__aeabi_ddiv</STRONG> (Thumb, 0 bytes, Stack size 0 bytes, ddiv.o(x$fpl$ddiv))
<BR><BR>[Called By]<UL><LI><a href="#[1f0]">&gt;&gt;</a>&nbsp;&nbsp;&nbsp;GetEventInfo
<LI><a href="#[1df]">&gt;&gt;</a>&nbsp;&nbsp;&nbsp;ServerDataGetRespond
<LI><a href="#[f3]">&gt;&gt;</a>&nbsp;&nbsp;&nbsp;JSON_MeterDataToObject
<LI><a href="#[ed]">&gt;&gt;</a>&nbsp;&nbsp;&nbsp;JSON_AddrAndDataToObject
</UL>

<P><STRONG><a name="[24b]"></a>_ddiv</STRONG> (Thumb, 552 bytes, Stack size 0 bytes, ddiv.o(x$fpl$ddiv), UNUSED)
<BR><BR>[Calls]<UL><LI><a href="#[249]">&gt;&gt;</a>&nbsp;&nbsp;&nbsp;__fpl_dretinf
<LI><a href="#[24a]">&gt;&gt;</a>&nbsp;&nbsp;&nbsp;__fpl_dnaninf
</UL>

<P><STRONG><a name="[12a]"></a>__aeabi_d2uiz</STRONG> (Thumb, 0 bytes, Stack size 0 bytes, dfixu.o(x$fpl$dfixu))
<BR><BR>[Called By]<UL><LI><a href="#[127]">&gt;&gt;</a>&nbsp;&nbsp;&nbsp;PltSysVarWriter
</UL>

<P><STRONG><a name="[24c]"></a>_dfixu</STRONG> (Thumb, 90 bytes, Stack size 0 bytes, dfixu.o(x$fpl$dfixu), UNUSED)
<BR><BR>[Calls]<UL><LI><a href="#[24a]">&gt;&gt;</a>&nbsp;&nbsp;&nbsp;__fpl_dnaninf
</UL>

<P><STRONG><a name="[1f1]"></a>__aeabi_i2d</STRONG> (Thumb, 0 bytes, Stack size 0 bytes, dflt_clz.o(x$fpl$dflt))
<BR><BR>[Called By]<UL><LI><a href="#[1f0]">&gt;&gt;</a>&nbsp;&nbsp;&nbsp;GetEventInfo
</UL>

<P><STRONG><a name="[f4]"></a>__aeabi_ui2d</STRONG> (Thumb, 0 bytes, Stack size 0 bytes, dflt_clz.o(x$fpl$dfltu))
<BR><BR>[Called By]<UL><LI><a href="#[1f0]">&gt;&gt;</a>&nbsp;&nbsp;&nbsp;GetEventInfo
<LI><a href="#[128]">&gt;&gt;</a>&nbsp;&nbsp;&nbsp;my_atof
<LI><a href="#[f3]">&gt;&gt;</a>&nbsp;&nbsp;&nbsp;JSON_MeterDataToObject
</UL>

<P><STRONG><a name="[1e2]"></a>__aeabi_ul2d</STRONG> (Thumb, 0 bytes, Stack size 0 bytes, dfltll_clz.o(x$fpl$dfltull))
<BR><BR>[Called By]<UL><LI><a href="#[1df]">&gt;&gt;</a>&nbsp;&nbsp;&nbsp;ServerDataGetRespond
</UL>

<P><STRONG><a name="[f5]"></a>__aeabi_dmul</STRONG> (Thumb, 0 bytes, Stack size 0 bytes, dmul.o(x$fpl$dmul))
<BR><BR>[Called By]<UL><LI><a href="#[128]">&gt;&gt;</a>&nbsp;&nbsp;&nbsp;my_atof
<LI><a href="#[127]">&gt;&gt;</a>&nbsp;&nbsp;&nbsp;PltSysVarWriter
<LI><a href="#[f3]">&gt;&gt;</a>&nbsp;&nbsp;&nbsp;JSON_MeterDataToObject
</UL>

<P><STRONG><a name="[24d]"></a>_dmul</STRONG> (Thumb, 332 bytes, Stack size 0 bytes, dmul.o(x$fpl$dmul), UNUSED)
<BR><BR>[Calls]<UL><LI><a href="#[249]">&gt;&gt;</a>&nbsp;&nbsp;&nbsp;__fpl_dretinf
<LI><a href="#[24a]">&gt;&gt;</a>&nbsp;&nbsp;&nbsp;__fpl_dnaninf
</UL>

<P><STRONG><a name="[24a]"></a>__fpl_dnaninf</STRONG> (Thumb, 156 bytes, Stack size 0 bytes, dnaninf.o(x$fpl$dnaninf), UNUSED)
<BR><BR>[Called By]<UL><LI><a href="#[24d]">&gt;&gt;</a>&nbsp;&nbsp;&nbsp;_dmul
<LI><a href="#[24c]">&gt;&gt;</a>&nbsp;&nbsp;&nbsp;_dfixu
<LI><a href="#[24b]">&gt;&gt;</a>&nbsp;&nbsp;&nbsp;_ddiv
<LI><a href="#[24e]">&gt;&gt;</a>&nbsp;&nbsp;&nbsp;_dsub
<LI><a href="#[247]">&gt;&gt;</a>&nbsp;&nbsp;&nbsp;_dadd
</UL>

<P><STRONG><a name="[249]"></a>__fpl_dretinf</STRONG> (Thumb, 12 bytes, Stack size 0 bytes, dretinf.o(x$fpl$dretinf), UNUSED)
<BR><BR>[Called By]<UL><LI><a href="#[250]">&gt;&gt;</a>&nbsp;&nbsp;&nbsp;_f2d
<LI><a href="#[24d]">&gt;&gt;</a>&nbsp;&nbsp;&nbsp;_dmul
<LI><a href="#[24b]">&gt;&gt;</a>&nbsp;&nbsp;&nbsp;_ddiv
<LI><a href="#[247]">&gt;&gt;</a>&nbsp;&nbsp;&nbsp;_dadd
</UL>

<P><STRONG><a name="[163]"></a>__aeabi_dsub</STRONG> (Thumb, 0 bytes, Stack size 0 bytes, daddsub_clz.o(x$fpl$dsub))
<BR><BR>[Called By]<UL><LI><a href="#[128]">&gt;&gt;</a>&nbsp;&nbsp;&nbsp;my_atof
</UL>

<P><STRONG><a name="[24e]"></a>_dsub</STRONG> (Thumb, 464 bytes, Stack size 0 bytes, daddsub_clz.o(x$fpl$dsub), UNUSED)
<BR><BR>[Calls]<UL><LI><a href="#[24a]">&gt;&gt;</a>&nbsp;&nbsp;&nbsp;__fpl_dnaninf
<LI><a href="#[24f]">&gt;&gt;</a>&nbsp;&nbsp;&nbsp;_dadd1
</UL>

<P><STRONG><a name="[ef]"></a>__aeabi_f2d</STRONG> (Thumb, 0 bytes, Stack size 0 bytes, f2d.o(x$fpl$f2d))
<BR><BR>[Called By]<UL><LI><a href="#[128]">&gt;&gt;</a>&nbsp;&nbsp;&nbsp;my_atof
<LI><a href="#[f3]">&gt;&gt;</a>&nbsp;&nbsp;&nbsp;JSON_MeterDataToObject
<LI><a href="#[f1]">&gt;&gt;</a>&nbsp;&nbsp;&nbsp;JSON_FlowDataToObject
<LI><a href="#[ed]">&gt;&gt;</a>&nbsp;&nbsp;&nbsp;JSON_AddrAndDataToObject
</UL>

<P><STRONG><a name="[250]"></a>_f2d</STRONG> (Thumb, 86 bytes, Stack size 0 bytes, f2d.o(x$fpl$f2d), UNUSED)
<BR><BR>[Calls]<UL><LI><a href="#[251]">&gt;&gt;</a>&nbsp;&nbsp;&nbsp;__fpl_fnaninf
<LI><a href="#[249]">&gt;&gt;</a>&nbsp;&nbsp;&nbsp;__fpl_dretinf
</UL>

<P><STRONG><a name="[161]"></a>__aeabi_fdiv</STRONG> (Thumb, 0 bytes, Stack size 0 bytes, fdiv.o(x$fpl$fdiv))
<BR><BR>[Called By]<UL><LI><a href="#[128]">&gt;&gt;</a>&nbsp;&nbsp;&nbsp;my_atof
</UL>

<P><STRONG><a name="[252]"></a>_fdiv</STRONG> (Thumb, 384 bytes, Stack size 0 bytes, fdiv.o(x$fpl$fdiv), UNUSED)
<BR><BR>[Calls]<UL><LI><a href="#[253]">&gt;&gt;</a>&nbsp;&nbsp;&nbsp;__fpl_fretinf
<LI><a href="#[251]">&gt;&gt;</a>&nbsp;&nbsp;&nbsp;__fpl_fnaninf
</UL>

<P><STRONG><a name="[160]"></a>__aeabi_i2f</STRONG> (Thumb, 0 bytes, Stack size 0 bytes, fflt_clz.o(x$fpl$fflt))
<BR><BR>[Called By]<UL><LI><a href="#[128]">&gt;&gt;</a>&nbsp;&nbsp;&nbsp;my_atof
</UL>

<P><STRONG><a name="[ee]"></a>__aeabi_ui2f</STRONG> (Thumb, 0 bytes, Stack size 0 bytes, fflt_clz.o(x$fpl$ffltu))
<BR><BR>[Called By]<UL><LI><a href="#[f3]">&gt;&gt;</a>&nbsp;&nbsp;&nbsp;JSON_MeterDataToObject
<LI><a href="#[ed]">&gt;&gt;</a>&nbsp;&nbsp;&nbsp;JSON_AddrAndDataToObject
</UL>

<P><STRONG><a name="[162]"></a>__aeabi_fmul</STRONG> (Thumb, 0 bytes, Stack size 0 bytes, fmul.o(x$fpl$fmul))
<BR><BR>[Called By]<UL><LI><a href="#[128]">&gt;&gt;</a>&nbsp;&nbsp;&nbsp;my_atof
</UL>

<P><STRONG><a name="[254]"></a>_fmul</STRONG> (Thumb, 258 bytes, Stack size 0 bytes, fmul.o(x$fpl$fmul), UNUSED)
<BR><BR>[Calls]<UL><LI><a href="#[253]">&gt;&gt;</a>&nbsp;&nbsp;&nbsp;__fpl_fretinf
<LI><a href="#[251]">&gt;&gt;</a>&nbsp;&nbsp;&nbsp;__fpl_fnaninf
</UL>

<P><STRONG><a name="[251]"></a>__fpl_fnaninf</STRONG> (Thumb, 140 bytes, Stack size 0 bytes, fnaninf.o(x$fpl$fnaninf), UNUSED)
<BR><BR>[Called By]<UL><LI><a href="#[254]">&gt;&gt;</a>&nbsp;&nbsp;&nbsp;_fmul
<LI><a href="#[252]">&gt;&gt;</a>&nbsp;&nbsp;&nbsp;_fdiv
<LI><a href="#[250]">&gt;&gt;</a>&nbsp;&nbsp;&nbsp;_f2d
</UL>

<P><STRONG><a name="[253]"></a>__fpl_fretinf</STRONG> (Thumb, 10 bytes, Stack size 0 bytes, fretinf.o(x$fpl$fretinf), UNUSED)
<BR><BR>[Called By]<UL><LI><a href="#[254]">&gt;&gt;</a>&nbsp;&nbsp;&nbsp;_fmul
<LI><a href="#[252]">&gt;&gt;</a>&nbsp;&nbsp;&nbsp;_fdiv
</UL>

<P><STRONG><a name="[64]"></a>_printf_fp_dec</STRONG> (Thumb, 4 bytes, Stack size 0 bytes, printf1.o(x$fpl$printf1))
<BR><BR>[Calls]<UL><LI><a href="#[21e]">&gt;&gt;</a>&nbsp;&nbsp;&nbsp;_printf_fp_dec_real
</UL>
<BR>[Called By]<UL><LI><a href="#[66]">&gt;&gt;</a>&nbsp;&nbsp;&nbsp;_printf_g
<LI><a href="#[65]">&gt;&gt;</a>&nbsp;&nbsp;&nbsp;_printf_e
<LI><a href="#[63]">&gt;&gt;</a>&nbsp;&nbsp;&nbsp;_printf_f
</UL>
<P>
<H3>
Local Symbols
</H3>
<P><STRONG><a name="[d8]"></a>NVIC_SetPriority</STRONG> (Thumb, 32 bytes, Stack size 0 bytes, bsp.o(.text))
<BR><BR>[Called By]<UL><LI><a href="#[d6]">&gt;&gt;</a>&nbsp;&nbsp;&nbsp;InterruptConfig
<LI><a href="#[97]">&gt;&gt;</a>&nbsp;&nbsp;&nbsp;HardWareInit
</UL>

<P><STRONG><a name="[dd]"></a>AlarmFilterTimeOver</STRONG> (Thumb, 108 bytes, Stack size 0 bytes, app_alarmevent.o(.text))
<BR><BR>[Called By]<UL><LI><a href="#[af]">&gt;&gt;</a>&nbsp;&nbsp;&nbsp;AlarmFilterTimer
</UL>

<P><STRONG><a name="[e0]"></a>Debug</STRONG> (Thumb, 68 bytes, Stack size 0 bytes, app_debug.o(.text))
<BR><BR>[Calls]<UL><LI><a href="#[e2]">&gt;&gt;</a>&nbsp;&nbsp;&nbsp;UartSendData
<LI><a href="#[b6]">&gt;&gt;</a>&nbsp;&nbsp;&nbsp;GPIO_SetBits
<LI><a href="#[b7]">&gt;&gt;</a>&nbsp;&nbsp;&nbsp;GPIO_ResetBits
<LI><a href="#[a5]">&gt;&gt;</a>&nbsp;&nbsp;&nbsp;RS485SndDly
<LI><a href="#[94]">&gt;&gt;</a>&nbsp;&nbsp;&nbsp;FeedDog
<LI><a href="#[e1]">&gt;&gt;</a>&nbsp;&nbsp;&nbsp;strlen
</UL>
<BR>[Called By]<UL><LI><a href="#[e4]">&gt;&gt;</a>&nbsp;&nbsp;&nbsp;DebugHexMsg
<LI><a href="#[e3]">&gt;&gt;</a>&nbsp;&nbsp;&nbsp;DebugStrMsg
<LI><a href="#[93]">&gt;&gt;</a>&nbsp;&nbsp;&nbsp;DebugMsg
</UL>

<P><STRONG><a name="[103]"></a>Led_Indicate</STRONG> (Thumb, 146 bytes, Stack size 0 bytes, app_led.o(.text))
<BR><BR>[Calls]<UL><LI><a href="#[b6]">&gt;&gt;</a>&nbsp;&nbsp;&nbsp;GPIO_SetBits
<LI><a href="#[b7]">&gt;&gt;</a>&nbsp;&nbsp;&nbsp;GPIO_ResetBits
</UL>
<BR>[Called By]<UL><LI><a href="#[b1]">&gt;&gt;</a>&nbsp;&nbsp;&nbsp;Rs485ComLed
</UL>

<P><STRONG><a name="[10a]"></a>DevParaRead</STRONG> (Thumb, 268 bytes, Stack size 0 bytes, app_para.o(.text))
<BR><BR>[Calls]<UL><LI><a href="#[10c]">&gt;&gt;</a>&nbsp;&nbsp;&nbsp;CRC16_1
<LI><a href="#[10b]">&gt;&gt;</a>&nbsp;&nbsp;&nbsp;_flashRead
<LI><a href="#[e8]">&gt;&gt;</a>&nbsp;&nbsp;&nbsp;__aeabi_memcpy
</UL>
<BR>[Called By]<UL><LI><a href="#[96]">&gt;&gt;</a>&nbsp;&nbsp;&nbsp;SysParaRead
</UL>

<P><STRONG><a name="[10e]"></a>_flashErase</STRONG> (Thumb, 36 bytes, Stack size 0 bytes, app_para.o(.text))
<BR><BR>[Calls]<UL><LI><a href="#[105]">&gt;&gt;</a>&nbsp;&nbsp;&nbsp;FLASH_Unlock
<LI><a href="#[108]">&gt;&gt;</a>&nbsp;&nbsp;&nbsp;FLASH_Lock
<LI><a href="#[11a]">&gt;&gt;</a>&nbsp;&nbsp;&nbsp;FLASH_ErasePage
<LI><a href="#[106]">&gt;&gt;</a>&nbsp;&nbsp;&nbsp;FLASH_ClearFlag
</UL>
<BR>[Called By]<UL><LI><a href="#[10d]">&gt;&gt;</a>&nbsp;&nbsp;&nbsp;DevParaWrite
</UL>

<P><STRONG><a name="[14e]"></a>MeterReadIndexChg</STRONG> (Thumb, 66 bytes, Stack size 0 bytes, app_vfd.o(.text))
<BR><BR>[Called By]<UL><LI><a href="#[a9]">&gt;&gt;</a>&nbsp;&nbsp;&nbsp;Task_MeterComm
</UL>

<P><STRONG><a name="[199]"></a>ATCmdSend</STRONG> (Thumb, 48 bytes, Stack size 0 bytes, gc65.o(.text))
<BR><BR>[Calls]<UL><LI><a href="#[19a]">&gt;&gt;</a>&nbsp;&nbsp;&nbsp;GprsUartCmd
<LI><a href="#[93]">&gt;&gt;</a>&nbsp;&nbsp;&nbsp;DebugMsg
<LI><a href="#[e1]">&gt;&gt;</a>&nbsp;&nbsp;&nbsp;strlen
</UL>
<BR>[Called By]<UL><LI><a href="#[1ab]">&gt;&gt;</a>&nbsp;&nbsp;&nbsp;ATCmdSetAPN
<LI><a href="#[ae]">&gt;&gt;</a>&nbsp;&nbsp;&nbsp;TaskGC65
</UL>

<P><STRONG><a name="[1ce]"></a>CheckITStatus</STRONG> (Thumb, 12 bytes, Stack size 0 bytes, stm32f10x_can.o(.text), UNUSED)
<BR><BR>[Called By]<UL><LI><a href="#[1cd]">&gt;&gt;</a>&nbsp;&nbsp;&nbsp;CAN_GetITStatus
</UL>

<P><STRONG><a name="[1de]"></a>ObjRespondToServer</STRONG> (Thumb, 142 bytes, Stack size 0 bytes, app_protocol.o(.text))
<BR><BR>[Calls]<UL><LI><a href="#[1dc]">&gt;&gt;</a>&nbsp;&nbsp;&nbsp;AckPacket
<LI><a href="#[19b]">&gt;&gt;</a>&nbsp;&nbsp;&nbsp;GprsSndDataPost
<LI><a href="#[120]">&gt;&gt;</a>&nbsp;&nbsp;&nbsp;JSON_RtcTimeGet
<LI><a href="#[f8]">&gt;&gt;</a>&nbsp;&nbsp;&nbsp;JSON_NumberValToObject
<LI><a href="#[ea]">&gt;&gt;</a>&nbsp;&nbsp;&nbsp;JSON_ObjectEnd
<LI><a href="#[11f]">&gt;&gt;</a>&nbsp;&nbsp;&nbsp;JSON_ObjectBegin
<LI><a href="#[e3]">&gt;&gt;</a>&nbsp;&nbsp;&nbsp;DebugStrMsg
<LI><a href="#[e1]">&gt;&gt;</a>&nbsp;&nbsp;&nbsp;strlen
<LI><a href="#[e5]">&gt;&gt;</a>&nbsp;&nbsp;&nbsp;__2sprintf
</UL>
<BR>[Called By]<UL><LI><a href="#[1e9]">&gt;&gt;</a>&nbsp;&nbsp;&nbsp;ServerCmdDeal
</UL>

<P><STRONG><a name="[1f4]"></a>GetStatusUpData</STRONG> (Thumb, 666 bytes, Stack size 0 bytes, app_protocol.o(.text))
<BR><BR>[Calls]<UL><LI><a href="#[120]">&gt;&gt;</a>&nbsp;&nbsp;&nbsp;JSON_RtcTimeGet
<LI><a href="#[11d]">&gt;&gt;</a>&nbsp;&nbsp;&nbsp;GetPlt1SpecPara
<LI><a href="#[11c]">&gt;&gt;</a>&nbsp;&nbsp;&nbsp;GetPlt2SpecPara
<LI><a href="#[11b]">&gt;&gt;</a>&nbsp;&nbsp;&nbsp;GetPlt3SpecPara
<LI><a href="#[f8]">&gt;&gt;</a>&nbsp;&nbsp;&nbsp;JSON_NumberValToObject
<LI><a href="#[ec]">&gt;&gt;</a>&nbsp;&nbsp;&nbsp;JSON_AddrNumberDataToObject
<LI><a href="#[ea]">&gt;&gt;</a>&nbsp;&nbsp;&nbsp;JSON_ObjectEnd
<LI><a href="#[11f]">&gt;&gt;</a>&nbsp;&nbsp;&nbsp;JSON_ObjectBegin
<LI><a href="#[e1]">&gt;&gt;</a>&nbsp;&nbsp;&nbsp;strlen
<LI><a href="#[e5]">&gt;&gt;</a>&nbsp;&nbsp;&nbsp;__2sprintf
</UL>
<BR>[Called By]<UL><LI><a href="#[b3]">&gt;&gt;</a>&nbsp;&nbsp;&nbsp;Task_ProSend
</UL>

<P><STRONG><a name="[1fd]"></a>SetSysClockTo72</STRONG> (Thumb, 160 bytes, Stack size 0 bytes, system_stm32f10x.o(.text))
<BR><BR>[Called By]<UL><LI><a href="#[55]">&gt;&gt;</a>&nbsp;&nbsp;&nbsp;SystemInit
</UL>

<P><STRONG><a name="[23d]"></a>FlashModelRead</STRONG> (Thumb, 82 bytes, Stack size 0 bytes, spiflash.o(i.FlashModelRead))
<BR><BR>[Calls]<UL><LI><a href="#[23f]">&gt;&gt;</a>&nbsp;&nbsp;&nbsp;FlashReadID
<LI><a href="#[240]">&gt;&gt;</a>&nbsp;&nbsp;&nbsp;FlashLockPost
<LI><a href="#[23e]">&gt;&gt;</a>&nbsp;&nbsp;&nbsp;FlashLockPend
</UL>
<BR>[Called By]<UL><LI><a href="#[dc]">&gt;&gt;</a>&nbsp;&nbsp;&nbsp;SPIFlashInit
</UL>

<P><STRONG><a name="[241]"></a>FlashReadStatusRegister</STRONG> (Thumb, 32 bytes, Stack size 0 bytes, spiflashdev.o(i.FlashReadStatusRegister))
<BR><BR>[Calls]<UL><LI><a href="#[1d3]">&gt;&gt;</a>&nbsp;&nbsp;&nbsp;FlashSPISend
<LI><a href="#[1cf]">&gt;&gt;</a>&nbsp;&nbsp;&nbsp;FlashSelect
</UL>
<BR>[Called By]<UL><LI><a href="#[23a]">&gt;&gt;</a>&nbsp;&nbsp;&nbsp;FlashWait_Busy_AAI
</UL>

<P><STRONG><a name="[23b]"></a>FlashWaitForWriteEnd</STRONG> (Thumb, 32 bytes, Stack size 0 bytes, spiflashdev.o(i.FlashWaitForWriteEnd))
<BR><BR>[Calls]<UL><LI><a href="#[1d3]">&gt;&gt;</a>&nbsp;&nbsp;&nbsp;FlashSPISend
<LI><a href="#[1cf]">&gt;&gt;</a>&nbsp;&nbsp;&nbsp;FlashSelect
</UL>
<BR>[Called By]<UL><LI><a href="#[242]">&gt;&gt;</a>&nbsp;&nbsp;&nbsp;FlashSectorErase_4KByte
<LI><a href="#[238]">&gt;&gt;</a>&nbsp;&nbsp;&nbsp;FlashBufferWrite
</UL>

<P><STRONG><a name="[23a]"></a>FlashWait_Busy_AAI</STRONG> (Thumb, 18 bytes, Stack size 0 bytes, spiflashdev.o(i.FlashWait_Busy_AAI))
<BR><BR>[Calls]<UL><LI><a href="#[241]">&gt;&gt;</a>&nbsp;&nbsp;&nbsp;FlashReadStatusRegister
</UL>
<BR>[Called By]<UL><LI><a href="#[238]">&gt;&gt;</a>&nbsp;&nbsp;&nbsp;FlashBufferWrite
</UL>

<P><STRONG><a name="[23c]"></a>FlashWriteDisable</STRONG> (Thumb, 24 bytes, Stack size 0 bytes, spiflashdev.o(i.FlashWriteDisable))
<BR><BR>[Calls]<UL><LI><a href="#[1d3]">&gt;&gt;</a>&nbsp;&nbsp;&nbsp;FlashSPISend
<LI><a href="#[1cf]">&gt;&gt;</a>&nbsp;&nbsp;&nbsp;FlashSelect
</UL>
<BR>[Called By]<UL><LI><a href="#[242]">&gt;&gt;</a>&nbsp;&nbsp;&nbsp;FlashSectorErase_4KByte
<LI><a href="#[238]">&gt;&gt;</a>&nbsp;&nbsp;&nbsp;FlashBufferWrite
</UL>

<P><STRONG><a name="[239]"></a>FlashWriteEnable</STRONG> (Thumb, 24 bytes, Stack size 0 bytes, spiflashdev.o(i.FlashWriteEnable))
<BR><BR>[Calls]<UL><LI><a href="#[1d3]">&gt;&gt;</a>&nbsp;&nbsp;&nbsp;FlashSPISend
<LI><a href="#[1cf]">&gt;&gt;</a>&nbsp;&nbsp;&nbsp;FlashSelect
</UL>
<BR>[Called By]<UL><LI><a href="#[242]">&gt;&gt;</a>&nbsp;&nbsp;&nbsp;FlashSectorErase_4KByte
<LI><a href="#[238]">&gt;&gt;</a>&nbsp;&nbsp;&nbsp;FlashBufferWrite
</UL>

<P><STRONG><a name="[24f]"></a>_dadd1</STRONG> (Thumb, 0 bytes, Stack size 0 bytes, daddsub_clz.o(x$fpl$dadd), UNUSED)
<BR><BR>[Called By]<UL><LI><a href="#[24e]">&gt;&gt;</a>&nbsp;&nbsp;&nbsp;_dsub
</UL>

<P><STRONG><a name="[248]"></a>_dsub1</STRONG> (Thumb, 0 bytes, Stack size 0 bytes, daddsub_clz.o(x$fpl$dsub), UNUSED)
<BR><BR>[Called By]<UL><LI><a href="#[247]">&gt;&gt;</a>&nbsp;&nbsp;&nbsp;_dadd
</UL>

<P><STRONG><a name="[218]"></a>_fp_digits</STRONG> (Thumb, 428 bytes, Stack size 0 bytes, _printf_fp_dec.o(.text))
<BR><BR>[Calls]<UL><LI><a href="#[21c]">&gt;&gt;</a>&nbsp;&nbsp;&nbsp;_btod_emul
<LI><a href="#[21b]">&gt;&gt;</a>&nbsp;&nbsp;&nbsp;_btod_ediv
<LI><a href="#[21a]">&gt;&gt;</a>&nbsp;&nbsp;&nbsp;_btod_d2e
<LI><a href="#[219]">&gt;&gt;</a>&nbsp;&nbsp;&nbsp;_btod_etento
<LI><a href="#[21d]">&gt;&gt;</a>&nbsp;&nbsp;&nbsp;_ll_udiv10
</UL>
<BR>[Called By]<UL><LI><a href="#[21e]">&gt;&gt;</a>&nbsp;&nbsp;&nbsp;_printf_fp_dec_real
</UL>

<P><STRONG><a name="[59]"></a>_printf_input_char</STRONG> (Thumb, 10 bytes, Stack size 0 bytes, _printf_char_common.o(.text))
<BR>[Address Reference Count : 1]<UL><LI> _printf_char_common.o(.text)
</UL><P>
<H3>
Undefined Global Symbols
</H3><HR></body></html>
